0.537: [GC 95424K->59877K(365760K), 0.0922550 secs]
0.719: [GC 155301K->119821K(461184K), 0.1258790 secs]
1.286: [GC 310517K->167716K(461184K), 0.0974610 secs]
1.764: [GC 358132K->174579K(652032K), 0.0304140 secs]
2.635: [GC 555086K->179101K(652032K), 0.0209030 secs]
3.414: [GC 560701K->182626K(1109248K), 0.0244060 secs]
5.331: [GC 944146K->190164K(1109440K), 0.0232180 secs]
7.123: [GC 952857K->196838K(1865280K), 0.0122950 secs]
10.769: [GC 1723097K->211196K(1867840K), 0.0512400 secs]
14.178: [GC 1736793K->222399K(2197632K), 0.0212060 secs]
18.320: [GC 2088501K->232665K(2199296K), 0.0270150 secs]
18.353: [Full GC 232665K->179522K(2316864K), 0.4924290 secs]
22.807: [GC 2044845K->202395K(2325696K), 0.0164450 secs]
26.817: [GC 2081316K->214673K(2327808K), 0.0190180 secs]
31.151: [GC 2093458K->230986K(2327936K), 0.0180270 secs]
35.917: [GC 2117713K->242112K(2330240K), 0.0437860 secs]
40.704: [GC 2128905K->255034K(2333632K), 0.0232010 secs]
45.034: [GC 2147992K->264074K(2322368K), 0.0866230 secs]
49.454: [GC 2155963K->273886K(2318656K), 0.0275720 secs]
53.929: [GC 2145886K->285458K(2322304K), 0.0488500 secs]
58.464: [GC 2157262K->299828K(2283008K), 0.0412410 secs]
