0.543: [GC 95424K->59882K(365760K), 0.0823520 secs]
0.713: [GC 155306K->119822K(461184K), 0.1508390 secs]
1.239: [GC 310493K->169175K(461184K), 0.0862060 secs]
1.646: [GC 359819K->173729K(652032K), 0.0336970 secs]
2.370: [GC 555425K->181153K(652032K), 0.0131900 secs]
2.946: [GC 561491K->186808K(1108864K), 0.0502200 secs]
4.308: [GC 949030K->196959K(1108928K), 0.0488810 secs]
5.641: [GC 959219K->205217K(1862592K), 0.0435780 secs]
8.143: [GC 1731718K->213253K(1866048K), 0.0128920 secs]
10.418: [GC 1738783K->225235K(2200384K), 0.0199880 secs]
10.438: [Full GC 225235K->179800K(2323008K), 0.5039040 secs]
13.741: [GC 2048526K->201006K(2325184K), 0.0140640 secs]
16.540: [GC 2070928K->209021K(2333888K), 0.0159520 secs]
19.320: [GC 2087711K->227488K(2292032K), 0.0175340 secs]
22.328: [GC 2107586K->236395K(2333568K), 0.0353970 secs]
25.333: [GC 2118234K->251213K(2332672K), 0.0198540 secs]
28.339: [GC 2133370K->264229K(2319616K), 0.0284370 secs]
31.213: [GC 2129537K->275450K(2325248K), 0.0239270 secs]
34.133: [GC 2139481K->286296K(2284032K), 0.0268450 secs]
36.970: [GC 2104331K->297920K(2282880K), 0.0283150 secs]
39.841: [GC 2115844K->308372K(2277952K), 0.0275210 secs]
42.599: [GC 2092784K->317487K(2268224K), 0.0302790 secs]
45.351: [GC 2101761K->324219K(2254528K), 0.0314180 secs]
48.024: [GC 2064680K->334768K(2241600K), 0.0336600 secs]
50.746: [GC 2074849K->336899K(2232128K), 0.0330300 secs]
53.348: [GC 2031594K->345675K(2206592K), 0.0356330 secs]
56.002: [GC 2039718K->349385K(2211072K), 0.0360380 secs]
58.521: [GC 2000568K->351446K(2169472K), 0.0365720 secs]
