1.159: [GC 94827K->30501K(365760K), 0.0590090 secs]
1.377: [GC 125925K->63154K(461184K), 0.0610230 secs]
1.735: [GC 254002K->133721K(461184K), 0.1427090 secs]
2.159: [GC 324569K->196292K(652032K), 0.1357270 secs]
2.294: [Full GC 196292K->196276K(820032K), 0.5537730 secs]
3.425: [GC 576761K->237710K(820032K), 0.0486600 secs]
3.658: [GC 618215K->245121K(1065856K), 0.0150580 secs]
4.027: [GC 800731K->258009K(1080448K), 0.0293270 secs]
4.300: [GC 813849K->269462K(1261952K), 0.0176550 secs]
4.660: [GC 1040394K->267059K(1286336K), 0.0177930 secs]
5.032: [GC 1038003K->268643K(1437504K), 0.0422740 secs]
5.486: [GC 1200361K->277421K(1440640K), 0.0175380 secs]
5.912: [GC 1209873K->282245K(1586496K), 0.0200030 secs]
6.421: [GC 1374737K->288368K(1600704K), 0.0218210 secs]
6.912: [GC 1380437K->297111K(1766144K), 0.0243520 secs]
7.450: [GC 1552135K->305123K(1771200K), 0.0257280 secs]
7.981: [GC 1560651K->305750K(1950144K), 0.0272630 secs]
8.596: [GC 1733456K->318205K(1955840K), 0.0299930 secs]
9.204: [GC 1745413K->324895K(2081856K), 0.0307920 secs]
9.896: [GC 1870367K->330366K(2091456K), 0.0299400 secs]
10.599: [GC 1874208K->332002K(2226176K), 0.0349800 secs]
11.348: [GC 2001740K->338400K(2230272K), 0.0281880 secs]
12.092: [GC 2008592K->347911K(2306624K), 0.0303320 secs]
12.950: [GC 2089339K->347096K(2269760K), 0.0309800 secs]
13.868: [GC 2089071K->357470K(2300352K), 0.0297550 secs]
14.716: [GC 2086494K->362937K(2267392K), 0.0306430 secs]
15.575: [GC 2091961K->369190K(2292160K), 0.0315620 secs]
16.433: [GC 2079600K->370501K(2249152K), 0.0329600 secs]
17.279: [GC 2082501K->375926K(2291776K), 0.0337160 secs]
18.127: [GC 2080042K->395519K(2260544K), 0.0344290 secs]
19.030: [GC 2100809K->392128K(2282688K), 0.0353680 secs]
19.880: [GC 2079367K->397391K(2238144K), 0.0354260 secs]
20.734: [GC 2085128K->398046K(2282368K), 0.0353430 secs]
21.581: [GC 2081792K->406692K(2235584K), 0.0358820 secs]
22.461: [GC 2091128K->416689K(2276224K), 0.0370150 secs]
23.344: [GC 2092147K->418774K(2232576K), 0.0388590 secs]
24.200: [GC 2095689K->425219K(2275584K), 0.0382600 secs]
25.044: [GC 2095997K->430142K(2229888K), 0.0374640 secs]
25.895: [GC 2102659K->432863K(2276736K), 0.0384950 secs]
26.737: [GC 2105119K->436989K(2227520K), 0.0376860 secs]
27.582: [GC 2109245K->438417K(2277184K), 0.0371710 secs]
28.447: [GC 2112001K->454961K(2274944K), 0.0400530 secs]
29.299: [GC 2128712K->456479K(2277120K), 0.0396520 secs]
30.160: [GC 2130671K->457491K(2235264K), 0.0385220 secs]
31.053: [GC 2131333K->463076K(2276992K), 0.0393370 secs]
31.887: [GC 2136355K->467529K(2277184K), 0.0398010 secs]
32.763: [GC 2140490K->468573K(2276672K), 0.0380020 secs]
33.651: [GC 2142513K->479030K(2247104K), 0.0410260 secs]
34.533: [GC 2154550K->474695K(2278592K), 0.0401730 secs]
35.355: [GC 2149375K->482568K(2276864K), 0.0404490 secs]
36.232: [GC 2157179K->489147K(2277568K), 0.0420610 secs]
37.117: [GC 2164142K->494219K(2276928K), 0.0425100 secs]
37.949: [GC 2169178K->500092K(2277696K), 0.0399310 secs]
38.793: [GC 2177404K->499966K(2277440K), 0.0391860 secs]
39.650: [GC 2176767K->505178K(2278976K), 0.0410090 secs]
40.525: [GC 2186077K->503599K(2278656K), 0.0393930 secs]
41.419: [GC 2184468K->513600K(2281152K), 0.0413900 secs]
42.311: [GC 2200772K->519430K(2279808K), 0.0400300 secs]
43.190: [GC 2207110K->524073K(2286848K), 0.0405920 secs]
44.057: [GC 2219785K->532679K(2286144K), 0.0395520 secs]
44.932: [GC 2228073K->528718K(2286208K), 0.0388130 secs]
45.824: [GC 2227039K->533918K(2288000K), 0.0380170 secs]
46.684: [GC 2231900K->531983K(2291392K), 0.0380880 secs]
47.532: [GC 2236418K->539091K(2291456K), 0.0388170 secs]
48.391: [GC 2244783K->542689K(2293376K), 0.0376420 secs]
49.244: [GC 2252641K->545035K(2293568K), 0.0379970 secs]
49.282: [Full GC 545035K->216782K(2331200K), 0.7119960 secs]
50.827: [GC 1927182K->238103K(2300608K), 0.0102650 secs]
51.651: [GC 1917592K->256098K(2179968K), 0.0130370 secs]
52.498: [GC 1935759K->265579K(2299072K), 0.0170630 secs]
53.323: [GC 1915547K->275801K(2170880K), 0.0218830 secs]
54.136: [GC 1926682K->282556K(2305152K), 0.0257530 secs]
54.944: [GC 1934127K->289319K(2185088K), 0.0230170 secs]
55.799: [GC 1941268K->297305K(2304896K), 0.0245560 secs]
56.661: [GC 1954832K->298876K(2299200K), 0.0261490 secs]
57.498: [GC 1955633K->309547K(2307264K), 0.0271120 secs]
58.359: [GC 1985131K->312853K(2303232K), 0.0322700 secs]
59.210: [GC 1988255K->323069K(2319744K), 0.0716680 secs]
60.157: [GC 2020174K->330672K(2317312K), 0.0325900 secs]
61.017: [GC 2028981K->332350K(2335040K), 0.0541730 secs]
61.915: [GC 2046860K->343044K(2302784K), 0.0544580 secs]
62.794: [GC 2059236K->344562K(2326272K), 0.0430040 secs]
