0.541: [GC 95424K->59873K(365760K), 0.0734680 secs]
0.701: [GC 155297K->119821K(461184K), 0.0919720 secs]
1.191: [GC 309941K->167255K(461184K), 0.0578650 secs]
2.121: [GC 358103K->175288K(652032K), 0.0128090 secs]
3.948: [GC 556984K->176947K(652032K), 0.0084430 secs]
5.499: [GC 557976K->177103K(1109248K), 0.0078440 secs]
9.277: [GC 938796K->179602K(1110016K), 0.0096760 secs]
12.572: [GC 941263K->179933K(1871744K), 0.0073930 secs]
20.884: [GC 1703369K->184498K(1871808K), 0.0048850 secs]
29.113: [GC 1709064K->188093K(2195264K), 0.0048540 secs]
38.909: [GC 2039480K->190336K(2195840K), 0.0058110 secs]
50.341: [GC 2042415K->198925K(2196160K), 0.0063680 secs]
