0.535: [GC 95424K->60484K(365760K), 0.0926290 secs]
0.715: [GC 155908K->122353K(461184K), 0.0931550 secs]
1.273: [GC 313201K->166427K(461184K), 0.0435470 secs]
1.748: [GC 355785K->174996K(652032K), 0.0168680 secs]
2.543: [GC 556692K->176415K(652032K), 0.0167970 secs]
3.272: [GC 558111K->177203K(1111552K), 0.0300780 secs]
4.969: [GC 940275K->178413K(1111872K), 0.0131360 secs]
6.415: [GC 939586K->179251K(1873856K), 0.0162160 secs]
10.146: [GC 1703771K->186431K(1874048K), 0.0083660 secs]
13.498: [GC 1712575K->190518K(2193280K), 0.0078180 secs]
17.654: [GC 2041231K->192016K(2193920K), 0.0071410 secs]
21.989: [GC 2041481K->196253K(2198080K), 0.0084570 secs]
26.297: [GC 2057501K->201967K(2199296K), 0.0145710 secs]
30.607: [GC 2063215K->204359K(2202368K), 0.0084560 secs]
34.881: [GC 2074788K->209304K(2203584K), 0.0128590 secs]
38.810: [GC 2079873K->216774K(2050304K), 0.0099920 secs]
42.748: [GC 1999033K->215816K(1959936K), 0.0083300 secs]
42.757: [Full GC 215816K->181116K(2095040K), 0.7463030 secs]
47.150: [GC 1878047K->189911K(2280576K), 0.0049120 secs]
50.987: [GC 2011658K->193370K(2277632K), 0.0099090 secs]
54.766: [GC 2016063K->195214K(2356352K), 0.0099430 secs]
58.704: [GC 2101012K->194503K(2353600K), 0.0073340 secs]
