1.179: [GC 95424K->31628K(365760K), 0.0819010 secs]
1.418: [GC 127052K->64112K(461184K), 0.0917980 secs]
1.825: [GC 254960K->134667K(461184K), 0.1227980 secs]
2.243: [GC 325515K->197286K(652032K), 0.1442350 secs]
2.387: [Full GC 197286K->197223K(814592K), 0.4619550 secs]
3.663: [GC 578919K->234054K(814592K), 0.0276270 secs]
3.901: [GC 615494K->241518K(1071104K), 0.0093880 secs]
4.167: [GC 813230K->244489K(1091328K), 0.0121540 secs]
4.373: [GC 816201K->249018K(1305088K), 0.0149090 secs]
4.695: [GC 1059642K->258812K(1325376K), 0.0146730 secs]
4.945: [GC 1069436K->263823K(1478400K), 0.0179280 secs]
5.221: [GC 1249871K->263321K(1491392K), 0.0191620 secs]
5.472: [GC 1248047K->266373K(1682432K), 0.0205440 secs]
5.786: [GC 1455173K->267629K(1687104K), 0.0223000 secs]
6.147: [GC 1456107K->265402K(1907328K), 0.0260660 secs]
6.548: [GC 1686842K->270212K(1914880K), 0.0212560 secs]
6.962: [GC 1691652K->270531K(2170944K), 0.0291880 secs]
7.443: [GC 1952323K->274516K(2173696K), 0.0223580 secs]
7.888: [GC 1955839K->276322K(2347200K), 0.0199590 secs]
8.393: [GC 2140002K->284421K(2357184K), 0.0229930 secs]
9.032: [GC 2148101K->287574K(2373184K), 0.0214420 secs]
9.618: [GC 2162510K->287840K(2348672K), 0.0154260 secs]
10.332: [GC 2162169K->298183K(2370368K), 0.0194880 secs]
11.141: [GC 2173255K->299340K(2371328K), 0.0243000 secs]
12.009: [GC 2174410K->313295K(2365952K), 0.0208160 secs]
12.945: [GC 2182815K->306441K(2369728K), 0.0206500 secs]
13.861: [GC 2176137K->311334K(2368064K), 0.0378510 secs]
14.798: [GC 2179366K->316208K(2354304K), 0.0196940 secs]
15.714: [GC 2183980K->318737K(2363840K), 0.0214490 secs]
16.697: [GC 2178901K->324344K(2351936K), 0.0239190 secs]
17.658: [GC 2185424K->333166K(2353152K), 0.0238770 secs]
18.539: [GC 2179438K->333456K(2344704K), 0.0232130 secs]
19.407: [GC 2178920K->342926K(2342464K), 0.0255040 secs]
20.318: [GC 2169743K->341923K(2331072K), 0.0268680 secs]
21.198: [GC 2168300K->350831K(2334592K), 0.0251260 secs]
22.030: [GC 2160495K->349781K(2316608K), 0.0254450 secs]
22.798: [GC 2159445K->354934K(2330432K), 0.0249940 secs]
23.542: [GC 2151706K->364178K(2312448K), 0.0287730 secs]
24.314: [GC 2161833K->363581K(2328128K), 0.0291750 secs]
25.069: [GC 2151869K->370832K(2301824K), 0.0270340 secs]
25.762: [GC 2157696K->379939K(2321216K), 0.0284690 secs]
26.495: [GC 2158499K->375286K(2324160K), 0.0483710 secs]
27.249: [GC 2153846K->381020K(2323712K), 0.0263290 secs]
28.029: [GC 2157953K->381649K(2290176K), 0.0263710 secs]
28.732: [GC 2159115K->383533K(2325824K), 0.0273440 secs]
29.420: [GC 2164182K->389953K(2323776K), 0.0262540 secs]
30.073: [GC 2171201K->388082K(2323840K), 0.0256940 secs]
30.768: [GC 2172981K->396118K(2323840K), 0.0261360 secs]
31.459: [GC 2181560K->391742K(2329856K), 0.0250230 secs]
32.129: [GC 2187006K->390407K(2328768K), 0.0230690 secs]
32.799: [GC 2185671K->396416K(2335104K), 0.0217580 secs]
33.458: [GC 2199175K->396584K(2334784K), 0.0222820 secs]
34.089: [GC 2198802K->397503K(2337216K), 0.0213680 secs]
34.744: [GC 2203519K->402298K(2336704K), 0.0225140 secs]
35.456: [GC 2208314K->403327K(2337920K), 0.0215150 secs]
36.113: [GC 2212351K->408837K(2337600K), 0.0218510 secs]
36.718: [GC 2216257K->407396K(2339904K), 0.0195410 secs]
37.350: [GC 2219587K->415338K(2339328K), 0.0195960 secs]
37.996: [GC 2227205K->415883K(2341568K), 0.0209840 secs]
38.599: [GC 2233638K->421459K(2340672K), 0.0208090 secs]
39.178: [GC 2239443K->421340K(2345600K), 0.0210770 secs]
39.779: [GC 2246300K->423639K(2344192K), 0.0203350 secs]
40.345: [GC 2248043K->429818K(2348416K), 0.0247800 secs]
40.968: [GC 2261818K->429056K(2347328K), 0.0215450 secs]
41.579: [GC 2261056K->440450K(2351360K), 0.0342810 secs]
42.168: [GC 2280898K->439559K(2351680K), 0.0202400 secs]
42.741: [GC 2280007K->441890K(2355904K), 0.0232260 secs]
43.342: [GC 2291234K->450394K(2356352K), 0.0235650 secs]
43.918: [GC 2299738K->453378K(2361280K), 0.0236050 secs]
44.488: [GC 2309186K->456792K(2362048K), 0.0233760 secs]
45.057: [GC 2312338K->464237K(2359104K), 0.0244630 secs]
45.600: [GC 2316909K->463076K(2361216K), 0.0242470 secs]
46.147: [GC 2315748K->465335K(2360896K), 0.0223340 secs]
46.730: [GC 2318199K->473139K(2351872K), 0.0250630 secs]
47.277: [GC 2325529K->473055K(2358656K), 0.0237650 secs]
47.879: [GC 2321759K->480806K(2352320K), 0.0259220 secs]
48.488: [GC 2328887K->487352K(2348352K), 0.0247630 secs]
49.138: [GC 2321773K->484866K(2337280K), 0.0260960 secs]
49.702: [GC 2320002K->484637K(2352960K), 0.0254720 secs]
50.268: [GC 2318684K->489288K(2335424K), 0.0256900 secs]
50.841: [GC 2322522K->494190K(2351168K), 0.0250460 secs]
51.460: [GC 2327930K->497498K(2351552K), 0.0254580 secs]
51.997: [GC 2332122K->499134K(2352064K), 0.0264750 secs]
52.024: [Full GC 499134K->225675K(2386432K), 0.6261930 secs]
53.175: [GC 2061067K->241474K(2302592K), 0.0088050 secs]
53.700: [GC 2076112K->249761K(2368320K), 0.0088160 secs]
54.239: [GC 2057889K->252547K(2286400K), 0.0113650 secs]
54.742: [GC 2059489K->258963K(2370240K), 0.0117890 secs]
55.299: [GC 2061331K->264252K(2292352K), 0.0243950 secs]
55.837: [GC 2064749K->267530K(2371648K), 0.0156950 secs]
56.359: [GC 2072353K->270326K(2301248K), 0.0165360 secs]
56.881: [GC 2075510K->271232K(2372288K), 0.0186740 secs]
57.449: [GC 2082944K->281000K(2368768K), 0.0256450 secs]
57.940: [GC 2091948K->281420K(2377088K), 0.0217470 secs]
58.452: [GC 2106583K->282982K(2372928K), 0.0257250 secs]
59.038: [GC 2108198K->285493K(2385408K), 0.0328880 secs]
59.592: [GC 2126517K->292103K(2383296K), 0.0278000 secs]
60.113: [GC 2133127K->287357K(2394560K), 0.0327300 secs]
60.679: [GC 2140861K->296851K(2394496K), 0.0209070 secs]
61.228: [GC 2150355K->293386K(2396288K), 0.0244970 secs]
61.758: [GC 2146812K->297869K(2395648K), 0.0305730 secs]
62.323: [GC 2151885K->299201K(2395072K), 0.0359060 secs]
62.921: [GC 2154817K->307193K(2395456K), 0.0207340 secs]
