0.540: [GC 95424K->59885K(365760K), 0.0839040 secs]
0.712: [GC 155309K->119353K(461184K), 0.1193550 secs]
1.310: [GC 309473K->174545K(461184K), 0.0603840 secs]
1.696: [GC 363900K->174987K(652032K), 0.0462750 secs]
2.740: [GC 554874K->177788K(652032K), 0.0148410 secs]
3.519: [GC 558570K->180420K(1112832K), 0.0241510 secs]
5.173: [GC 943812K->184204K(1113152K), 0.0115480 secs]
7.058: [GC 946772K->187393K(1871808K), 0.0468750 secs]
10.406: [GC 1713056K->195562K(1873280K), 0.0384140 secs]
13.668: [GC 1721903K->199878K(2193984K), 0.0146040 secs]
18.475: [GC 2054191K->213075K(2195200K), 0.0125880 secs]
23.047: [GC 2067641K->220254K(2200960K), 0.0201250 secs]
23.067: [Full GC 220254K->183478K(2323456K), 0.4934650 secs]
27.753: [GC 2050088K->204612K(2323776K), 0.0082190 secs]
32.215: [GC 2071199K->210801K(2331328K), 0.0112230 secs]
36.749: [GC 2090486K->225707K(2331200K), 0.0265410 secs]
41.519: [GC 2104541K->233773K(2335552K), 0.0168860 secs]
46.133: [GC 2120006K->241943K(2335552K), 0.0587070 secs]
51.031: [GC 2128384K->250153K(2329344K), 0.0178850 secs]
55.482: [GC 2127943K->253503K(2316736K), 0.0193110 secs]
59.787: [GC 2131733K->257672K(2318336K), 0.0338140 secs]
