0.548: [GC 95424K->59898K(365760K), 0.0792510 secs]
0.714: [GC 155322K->119826K(461184K), 0.0774670 secs]
1.180: [GC 309942K->172309K(461184K), 0.0417160 secs]
1.523: [GC 363157K->176164K(652032K), 0.0309280 secs]
2.241: [GC 557860K->184061K(652032K), 0.0141000 secs]
2.833: [GC 565204K->189560K(1109504K), 0.0108920 secs]
4.102: [GC 952715K->191572K(1109568K), 0.0222560 secs]
5.226: [GC 954900K->193907K(1870400K), 0.0124420 secs]
7.590: [GC 1719755K->207453K(1871232K), 0.0109850 secs]
9.977: [GC 1733179K->213714K(2195776K), 0.0216250 secs]
12.801: [GC 2072558K->224426K(2196480K), 0.0180690 secs]
12.819: [Full GC 224426K->182777K(2330240K), 0.4949070 secs]
16.032: [GC 2040511K->206144K(2337600K), 0.0103490 secs]
18.796: [GC 2078052K->218424K(2338560K), 0.0134100 secs]
21.623: [GC 2089400K->225406K(2344064K), 0.0127420 secs]
24.360: [GC 2105728K->237187K(2343232K), 0.0160430 secs]
27.178: [GC 2118302K->245070K(2336256K), 0.0181220 secs]
29.971: [GC 2115870K->247848K(2324544K), 0.0182340 secs]
32.810: [GC 2117942K->255790K(2322496K), 0.0195570 secs]
35.762: [GC 2100637K->264139K(2316416K), 0.0219280 secs]
38.626: [GC 2110535K->269954K(2303296K), 0.0240010 secs]
41.369: [GC 2080114K->271045K(2288640K), 0.0245920 secs]
44.101: [GC 2082328K->279679K(2287168K), 0.0259170 secs]
46.950: [GC 2058398K->283272K(2268608K), 0.0417100 secs]
49.866: [GC 2061572K->283893K(2274944K), 0.0267780 secs]
52.515: [GC 2032663K->289002K(2245120K), 0.0278460 secs]
55.242: [GC 2039306K->298105K(2257920K), 0.0302530 secs]
57.732: [GC 2016606K->299788K(2221568K), 0.0298420 secs]
60.276: [GC 2019175K->305090K(2251648K), 0.0309330 secs]
