1.165: [GC 94828K->30509K(365760K), 0.0591350 secs]
1.387: [GC 125933K->63426K(461184K), 0.0585600 secs]
1.763: [GC 254274K->130121K(461184K), 0.0778900 secs]
2.139: [GC 320969K->192716K(652032K), 0.1729280 secs]
2.312: [Full GC 192716K->192680K(812864K), 0.4544930 secs]
3.540: [GC 574376K->235725K(812864K), 0.0272250 secs]
3.827: [GC 616114K->250044K(1053696K), 0.0156330 secs]
4.070: [GC 808060K->253551K(1071488K), 0.0167410 secs]
4.320: [GC 809981K->260776K(1274560K), 0.0199980 secs]
4.673: [GC 1044520K->263115K(1291136K), 0.0220540 secs]
5.005: [GC 1046141K->265974K(1435712K), 0.0206970 secs]
5.450: [GC 1214539K->274945K(1449984K), 0.0264620 secs]
5.848: [GC 1224166K->278390K(1628032K), 0.0271650 secs]
6.342: [GC 1412726K->286333K(1633408K), 0.0286380 secs]
6.846: [GC 1419295K->287400K(1843520K), 0.0363790 secs]
7.524: [GC 1628987K->294599K(1846016K), 0.0397430 secs]
8.235: [GC 1634333K->303279K(2081856K), 0.0435890 secs]
8.988: [GC 1874510K->310307K(2088448K), 0.0420420 secs]
9.704: [GC 1882783K->325668K(2261056K), 0.0453440 secs]
10.512: [GC 2062026K->316866K(2272896K), 0.0995870 secs]
11.347: [GC 2054658K->323064K(2317952K), 0.0456820 secs]
12.119: [GC 2098810K->341920K(2297728K), 0.0424970 secs]
12.946: [GC 2117120K->338556K(2308352K), 0.0403980 secs]
13.751: [GC 2094763K->337402K(2269504K), 0.0404900 secs]
14.579: [GC 2093907K->344029K(2305728K), 0.0477990 secs]
15.451: [GC 2092921K->352371K(2273728K), 0.0934720 secs]
16.364: [GC 2101081K->353234K(2300096K), 0.0554370 secs]
17.183: [GC 2090579K->363393K(2264448K), 0.0494420 secs]
18.019: [GC 2099185K->362624K(2298688K), 0.0810350 secs]
18.903: [GC 2093750K->373807K(2261184K), 0.0781370 secs]
19.819: [GC 2104485K->376242K(2294592K), 0.0524780 secs]
20.679: [GC 2100218K->381873K(2255936K), 0.0522350 secs]
21.537: [GC 2105923K->387009K(2290368K), 0.0699210 secs]
22.358: [GC 2102850K->393343K(2252992K), 0.0784810 secs]
23.244: [GC 2109751K->387881K(2293568K), 0.0528310 secs]
24.128: [GC 2105513K->390959K(2240192K), 0.0516750 secs]
25.035: [GC 2107762K->398115K(2289536K), 0.0490410 secs]
25.883: [GC 2117969K->401482K(2286784K), 0.0579850 secs]
26.757: [GC 2121266K->410761K(2295360K), 0.0503960 secs]
27.579: [GC 2141403K->409378K(2293952K), 0.0528360 secs]
28.439: [GC 2141093K->418410K(2300352K), 0.0515000 secs]
29.320: [GC 2159690K->418390K(2299264K), 0.0508290 secs]
30.277: [GC 2158906K->424483K(2307456K), 0.0521730 secs]
31.089: [GC 2177017K->426017K(2306304K), 0.0539270 secs]
31.975: [GC 2178968K->430952K(2311104K), 0.0514110 secs]
32.867: [GC 2192765K->441799K(2310080K), 0.0532510 secs]
33.730: [GC 2202331K->438857K(2314752K), 0.0484780 secs]
34.650: [GC 2207307K->438511K(2315904K), 0.0534360 secs]
35.587: [GC 2207769K->439981K(2317952K), 0.0619250 secs]
36.490: [GC 2214920K->450829K(2318976K), 0.0534870 secs]
37.419: [GC 2226119K->462478K(2319616K), 0.0545390 secs]
38.371: [GC 2239928K->457051K(2321984K), 0.0503470 secs]
39.244: [GC 2234128K->470282K(2318976K), 0.0876140 secs]
40.159: [GC 2246666K->468458K(2321344K), 0.0680240 secs]
41.054: [GC 2244301K->481003K(2317632K), 0.0709260 secs]
41.888: [GC 2254443K->485335K(2309696K), 0.0702030 secs]
42.769: [GC 2257168K->490712K(2313216K), 0.0718760 secs]
43.669: [GC 2255489K->494168K(2304384K), 0.0727300 secs]
44.538: [GC 2258554K->497374K(2313920K), 0.0697650 secs]
45.423: [GC 2258192K->503306K(2298368K), 0.0688690 secs]
46.281: [GC 2263959K->507054K(2313088K), 0.0688770 secs]
47.079: [GC 2267182K->503372K(2290496K), 0.0654980 secs]
47.901: [GC 2262078K->506547K(2312832K), 0.0654450 secs]
48.769: [GC 2268467K->512633K(2311168K), 0.0658150 secs]
49.584: [GC 2274553K->520394K(2313536K), 0.0685410 secs]
50.362: [GC 2284543K->523411K(2314880K), 0.0665390 secs]
51.220: [GC 2288145K->522438K(2315200K), 0.0650750 secs]
52.050: [GC 2287430K->528595K(2315136K), 0.0685880 secs]
52.858: [GC 2293587K->525561K(2314432K), 0.0649740 secs]
52.923: [Full GC 525561K->219079K(2333184K), 0.7075740 secs]
54.363: [GC 1983548K->241078K(2222208K), 0.0146490 secs]
55.160: [GC 2007222K->255761K(2305088K), 0.0219730 secs]
55.928: [GC 1977729K->272647K(2210304K), 0.0267790 secs]
56.760: [GC 1993943K->280055K(2310976K), 0.0346580 secs]
57.559: [GC 1997247K->283929K(2216832K), 0.0364930 secs]
58.361: [GC 2000359K->293726K(2312960K), 0.0365950 secs]
59.182: [GC 2014128K->296439K(2233408K), 0.0448350 secs]
59.990: [GC 2016605K->305767K(2314304K), 0.0488070 secs]
60.821: [GC 2037735K->316980K(2308288K), 0.0519770 secs]
61.710: [GC 2047741K->324598K(2318848K), 0.0553750 secs]
62.540: [GC 2066950K->333049K(2319936K), 0.0607190 secs]
