0.538: [GC 95424K->59869K(365760K), 0.0917600 secs]
0.717: [GC 155293K->119813K(461184K), 0.1457460 secs]
1.234: [GC 308933K->164754K(461184K), 0.0577230 secs]
1.639: [GC 354672K->172543K(652032K), 0.0121090 secs]
2.364: [GC 552908K->188765K(652032K), 0.0181100 secs]
3.038: [GC 570155K->202626K(1104000K), 0.0146410 secs]
4.449: [GC 966018K->227045K(1104896K), 0.0222300 secs]
5.748: [GC 989200K->239176K(1863360K), 0.0214740 secs]
8.421: [GC 1764168K->269147K(1865152K), 0.0419130 secs]
10.947: [GC 1793838K->284173K(2195648K), 0.0368120 secs]
10.984: [Full GC 284173K->172663K(2316160K), 0.5744280 secs]
14.527: [GC 2020471K->214085K(2264256K), 0.0161030 secs]
17.519: [GC 2061893K->246675K(2310656K), 0.0246130 secs]
20.559: [GC 2090259K->272103K(2314624K), 0.0310650 secs]
23.625: [GC 2115687K->291458K(2283008K), 0.0400540 secs]
26.617: [GC 2103426K->306677K(2284096K), 0.0290470 secs]
29.574: [GC 2116845K->328187K(2262016K), 0.0341230 secs]
32.454: [GC 2095227K->335717K(2268224K), 0.0361590 secs]
35.447: [GC 2102757K->338262K(2231488K), 0.0357320 secs]
38.204: [GC 2052310K->350441K(2229952K), 0.0400570 secs]
41.021: [GC 2064489K->358296K(2207744K), 0.0415980 secs]
43.691: [GC 2014924K->367591K(2190912K), 0.0438200 secs]
46.393: [GC 2025447K->368455K(2184384K), 0.0436510 secs]
48.952: [GC 1974599K->360716K(2132288K), 0.0410840 secs]
51.557: [GC 1966860K->367146K(2177088K), 0.0428500 secs]
54.070: [GC 1948251K->370851K(2117760K), 0.0431250 secs]
56.650: [GC 1951534K->373896K(2167168K), 0.0446410 secs]
59.153: [GC 1932164K->375989K(2100608K), 0.0442610 secs]
