0.530: [GC 95424K->59890K(365760K), 0.0799650 secs]
0.692: [GC 155314K->119806K(461184K), 0.1014340 secs]
1.163: [GC 308770K->164771K(461184K), 0.0732980 secs]
1.585: [GC 354771K->172514K(652032K), 0.0177710 secs]
2.312: [GC 552884K->188556K(652032K), 0.0228040 secs]
2.991: [GC 569991K->201919K(1104192K), 0.0178980 secs]
4.408: [GC 965311K->226680K(1105024K), 0.0294820 secs]
5.722: [GC 988995K->239293K(1863616K), 0.0358050 secs]
8.424: [GC 1764349K->269112K(1865344K), 0.0560540 secs]
10.974: [GC 1792695K->284099K(2195520K), 0.0490430 secs]
11.023: [Full GC 284099K->172673K(2314688K), 0.5741730 secs]
14.580: [GC 2020225K->213832K(2262400K), 0.0277370 secs]
17.604: [GC 2061384K->246749K(2317120K), 0.0430650 secs]
20.701: [GC 2096396K->281664K(2307584K), 0.0505920 secs]
23.834: [GC 2132928K->301685K(2285760K), 0.0610710 secs]
26.863: [GC 2117109K->317870K(2299200K), 0.0624360 secs]
29.898: [GC 2133294K->342034K(2283456K), 0.0568220 secs]
32.900: [GC 2142226K->358348K(2286400K), 0.0654750 secs]
36.019: [GC 2157940K->365058K(2247232K), 0.0695310 secs]
38.928: [GC 2114952K->382854K(2261376K), 0.0794530 secs]
41.885: [GC 2133510K->393031K(2205952K), 0.0848960 secs]
44.660: [GC 2075705K->402944K(2215168K), 0.0898800 secs]
47.488: [GC 2087296K->405314K(2188096K), 0.0919440 secs]
50.157: [GC 2025638K->395908K(2145536K), 0.0854080 secs]
52.853: [GC 2017668K->408749K(2174144K), 0.0916930 secs]
55.456: [GC 1994669K->406435K(2120192K), 0.0884960 secs]
58.138: [GC 1992355K->408530K(2166464K), 0.0927540 secs]
60.707: [GC 1969607K->413972K(2102912K), 0.0952620 secs]
