1.162: [GC 94828K->30501K(365760K), 0.0506390 secs]
1.370: [GC 125925K->63162K(461184K), 0.0533560 secs]
1.718: [GC 254010K->130861K(461184K), 0.0804200 secs]
2.077: [GC 321709K->193480K(652032K), 0.1823920 secs]
2.260: [Full GC 193480K->193446K(817728K), 0.5559340 secs]
3.807: [GC 574674K->228567K(817728K), 0.0276610 secs]
4.556: [GC 610263K->240244K(1033216K), 0.0145030 secs]
5.544: [GC 776717K->250536K(1057408K), 0.0175720 secs]
6.481: [GC 787304K->261712K(1177536K), 0.0209360 secs]
7.753: [GC 958873K->277497K(1209024K), 0.0285820 secs]
9.055: [GC 975609K->291310K(1301568K), 0.0256720 secs]
10.475: [GC 1082990K->301096K(1310528K), 0.0285020 secs]
11.886: [GC 1092776K->319253K(1397824K), 0.0336650 secs]
13.440: [GC 1189845K->324859K(1411200K), 0.0333630 secs]
14.857: [GC 1195451K->333841K(1492096K), 0.0372980 secs]
16.376: [GC 1272593K->342600K(1505536K), 0.0369410 secs]
17.918: [GC 1281352K->348288K(1583872K), 0.0404240 secs]
19.541: [GC 1351552K->356527K(1596928K), 0.0403650 secs]
21.274: [GC 1359791K->366882K(1647232K), 0.0451710 secs]
23.074: [GC 1407202K->370665K(1661312K), 0.0434430 secs]
24.888: [GC 1410985K->376105K(1715072K), 0.0479630 secs]
26.804: [GC 1457833K->380429K(1723904K), 0.0454660 secs]
28.626: [GC 1462157K->394159K(1772672K), 0.0470660 secs]
30.574: [GC 1517487K->396626K(1781568K), 0.0462040 secs]
32.494: [GC 1519954K->401030K(1834624K), 0.0482560 secs]
34.613: [GC 1571206K->402433K(1839040K), 0.0454280 secs]
36.671: [GC 1572609K->409165K(1876992K), 0.0474960 secs]
38.919: [GC 1615309K->412700K(1879616K), 0.0474380 secs]
41.128: [GC 1618844K->416002K(1917184K), 0.0475200 secs]
43.471: [GC 1659650K->422121K(1918016K), 0.0491510 secs]
45.931: [GC 1665769K->424347K(1952128K), 0.0479080 secs]
48.452: [GC 1704859K->426246K(1954112K), 0.0485720 secs]
50.920: [GC 1706758K->430511K(1984192K), 0.0478750 secs]
53.415: [GC 1747375K->432228K(1986496K), 0.0470970 secs]
56.000: [GC 1749092K->436375K(2009280K), 0.0486280 secs]
58.553: [GC 1783255K->434365K(2012224K), 0.0464550 secs]
61.182: [GC 1781245K->438914K(2031232K), 0.0489870 secs]
