0.532: [GC 95424K->60488K(365760K), 0.1182900 secs]
0.740: [GC 155912K->122685K(461184K), 0.0743620 secs]
1.218: [GC 311672K->167940K(461184K), 0.0399560 secs]
1.507: [GC 357296K->169335K(652032K), 0.0267480 secs]
2.088: [GC 550079K->175546K(652032K), 0.0169830 secs]
2.609: [GC 556571K->177258K(1111872K), 0.0128150 secs]
3.814: [GC 940650K->184282K(1111872K), 0.0201910 secs]
4.854: [GC 946650K->191035K(1867648K), 0.0134890 secs]
7.096: [GC 1717607K->208551K(1870400K), 0.0169910 secs]
9.102: [GC 1733859K->226781K(2199424K), 0.0247430 secs]
11.788: [GC 2087054K->244983K(2198144K), 0.0333620 secs]
11.822: [Full GC 244983K->179880K(2340736K), 0.7292660 secs]
14.934: [GC 2041063K->204524K(2348096K), 0.0147220 secs]
17.385: [GC 2075410K->220955K(2346240K), 0.0292060 secs]
19.878: [GC 2092905K->237020K(2348160K), 0.0364750 secs]
22.400: [GC 2112954K->250661K(2344512K), 0.0363600 secs]
24.953: [GC 2125464K->260402K(2327168K), 0.0429550 secs]
27.397: [GC 2104123K->273601K(2334912K), 0.0435840 secs]
29.804: [GC 2116123K->280579K(2288192K), 0.0520590 secs]
32.225: [GC 2073205K->287929K(2277888K), 0.0498770 secs]
34.589: [GC 2080632K->293193K(2294720K), 0.0449750 secs]
36.970: [GC 2064278K->302728K(2270720K), 0.0509650 secs]
39.450: [GC 2072622K->304832K(2279296K), 0.0516900 secs]
41.903: [GC 2045437K->317059K(2256000K), 0.0570800 secs]
44.287: [GC 2059065K->321957K(2258112K), 0.0589240 secs]
46.649: [GC 2024767K->328124K(2229568K), 0.0632600 secs]
48.971: [GC 2032828K->334214K(2239360K), 0.0643700 secs]
51.338: [GC 2001321K->335901K(2200192K), 0.0664450 secs]
53.595: [GC 2003156K->343848K(2223936K), 0.0692990 secs]
55.788: [GC 1978346K->349627K(2177984K), 0.0715560 secs]
57.993: [GC 1984680K->351689K(2215296K), 0.0708120 secs]
60.240: [GC 1961762K->354684K(2154304K), 0.0699020 secs]
