0.536: [GC 95424K->59874K(365760K), 0.0893650 secs]
0.706: [GC 155298K->119818K(461184K), 0.0840170 secs]
1.106: [GC 310489K->169005K(461184K), 0.0672750 secs]
1.422: [GC 359835K->173048K(652032K), 0.0116670 secs]
1.920: [GC 552800K->178105K(652032K), 0.0124950 secs]
2.391: [GC 558756K->183483K(1108928K), 0.0172390 secs]
3.371: [GC 946366K->191250K(1109312K), 0.0174880 secs]
4.280: [GC 952812K->198993K(1864128K), 0.0288480 secs]
6.230: [GC 1723947K->220730K(1867264K), 0.0442000 secs]
8.023: [GC 1746886K->231320K(2197312K), 0.0371460 secs]
10.268: [GC 2097176K->248089K(2201216K), 0.0323770 secs]
10.300: [Full GC 248089K->179281K(2331648K), 0.4882780 secs]
12.862: [GC 2043527K->213416K(2331840K), 0.0240470 secs]
15.005: [GC 2087700K->230561K(2336704K), 0.0587780 secs]
17.223: [GC 2104948K->254814K(2324928K), 0.0248230 secs]
19.371: [GC 2116943K->267483K(2334336K), 0.0266370 secs]
21.499: [GC 2129857K->279349K(2297600K), 0.0517280 secs]
23.625: [GC 2104198K->287895K(2298496K), 0.0275910 secs]
25.754: [GC 2114134K->295182K(2290240K), 0.0280600 secs]
27.771: [GC 2087478K->307081K(2283968K), 0.0309560 secs]
29.784: [GC 2098573K->314165K(2264832K), 0.0326710 secs]
31.785: [GC 2059777K->323091K(2254464K), 0.0341270 secs]
33.770: [GC 2070291K->329686K(2239808K), 0.0361740 secs]
35.711: [GC 2027990K->329284K(2211712K), 0.0384040 secs]
37.646: [GC 2027588K->336812K(2223104K), 0.0373800 secs]
39.497: [GC 1995612K->339734K(2184192K), 0.0379280 secs]
41.393: [GC 1999588K->347584K(2206080K), 0.0392770 secs]
43.211: [GC 1970753K->350057K(2159168K), 0.0396950 secs]
45.086: [GC 1974666K->356284K(2191552K), 0.0600690 secs]
46.922: [GC 1948783K->360190K(2132864K), 0.0448770 secs]
48.735: [GC 1952890K->357868K(2192128K), 0.0424690 secs]
50.519: [GC 1938113K->364450K(2116992K), 0.0465190 secs]
52.355: [GC 1943664K->366624K(2190784K), 0.0406050 secs]
54.155: [GC 1941676K->365467K(2109440K), 0.0396370 secs]
55.949: [GC 1942152K->372024K(2191360K), 0.0408110 secs]
57.747: [GC 1950776K->373878K(2189824K), 0.0403250 secs]
59.556: [GC 1952300K->376055K(2192128K), 0.0401210 secs]
