1.146: [GC 94828K->30489K(365760K), 0.0588860 secs]
1.363: [GC 125913K->63406K(461184K), 0.0839150 secs]
1.747: [GC 254254K->134549K(461184K), 0.1097530 secs]
2.142: [GC 325397K->197116K(652032K), 0.1228120 secs]
2.265: [Full GC 197116K->197083K(822528K), 0.5763880 secs]
3.429: [GC 578234K->232650K(822528K), 0.0230300 secs]
3.643: [GC 613200K->241841K(1052864K), 0.0095060 secs]
3.962: [GC 785567K->245768K(1072320K), 0.0128880 secs]
4.236: [GC 788559K->248765K(1238272K), 0.0187650 secs]
4.625: [GC 981215K->261100K(1256768K), 0.0165290 secs]
5.003: [GC 994784K->267257K(1357888K), 0.0170930 secs]
5.450: [GC 1125353K->276060K(1373504K), 0.0176310 secs]
5.875: [GC 1135452K->278875K(1491392K), 0.0197040 secs]
6.362: [GC 1261780K->288126K(1498880K), 0.0328700 secs]
6.915: [GC 1271135K->294563K(1639552K), 0.0340630 secs]
7.483: [GC 1413812K->295426K(1644992K), 0.0243820 secs]
8.040: [GC 1414547K->304642K(1793088K), 0.0326000 secs]
8.673: [GC 1567501K->313870K(1799936K), 0.0262420 secs]
9.285: [GC 1575226K->313181K(1908480K), 0.0296390 secs]
9.967: [GC 1676080K->320511K(1915008K), 0.0282490 secs]
10.651: [GC 1683017K->322800K(2027008K), 0.0307280 secs]
11.416: [GC 1788727K->339428K(2030144K), 0.0289420 secs]
12.151: [GC 1805997K->344586K(2139264K), 0.0346660 secs]
12.909: [GC 1913090K->344484K(2145856K), 0.0505080 secs]
13.720: [GC 1912161K->356751K(2269952K), 0.0388860 secs]
14.599: [GC 2044975K->354768K(2275456K), 0.0311300 secs]
15.447: [GC 2043744K->364524K(2291200K), 0.0323430 secs]
16.249: [GC 2066144K->370117K(2249216K), 0.0349710 secs]
17.150: [GC 2071350K->379023K(2282496K), 0.0333230 secs]
18.015: [GC 2065468K->375118K(2286720K), 0.0334660 secs]
18.869: [GC 2061206K->387767K(2280320K), 0.0343520 secs]
19.686: [GC 2067624K->397523K(2240640K), 0.0356730 secs]
20.557: [GC 2078412K->394171K(2278592K), 0.0356150 secs]
21.417: [GC 2065102K->397761K(2224000K), 0.0354350 secs]
22.311: [GC 2068959K->404103K(2278528K), 0.0357880 secs]
23.158: [GC 2075773K->415170K(2235520K), 0.0366950 secs]
24.001: [GC 2086906K->406538K(2278720K), 0.0358260 secs]
24.824: [GC 2075251K->415853K(2226752K), 0.0498280 secs]
25.671: [GC 2084126K->419099K(2276864K), 0.0359680 secs]
26.474: [GC 2087919K->422818K(2275840K), 0.0341350 secs]
27.320: [GC 2093410K->417939K(2272384K), 0.0326270 secs]
28.169: [GC 2094861K->419505K(2274880K), 0.0343020 secs]
29.002: [GC 2094924K->420008K(2282752K), 0.0349800 secs]
29.814: [GC 2113457K->432073K(2284416K), 0.0332970 secs]
30.650: [GC 2125273K->443097K(2293568K), 0.0352100 secs]
31.497: [GC 2152409K->456193K(2292736K), 0.0367040 secs]
32.397: [GC 2165063K->449674K(2296128K), 0.0349400 secs]
33.275: [GC 2168055K->458300K(2298752K), 0.0343410 secs]
34.128: [GC 2176469K->460730K(2299392K), 0.0347520 secs]
35.017: [GC 2187200K->467992K(2302720K), 0.0333760 secs]
35.832: [GC 2195693K->465963K(2304704K), 0.0350920 secs]
36.736: [GC 2201412K->484199K(2308160K), 0.0352690 secs]
37.615: [GC 2219085K->477543K(2312768K), 0.0338330 secs]
38.455: [GC 2215695K->479724K(2287360K), 0.0355760 secs]
39.320: [GC 2218476K->484336K(2310208K), 0.0360510 secs]
40.175: [GC 2223621K->492903K(2309376K), 0.0371700 secs]
41.029: [GC 2231311K->494817K(2312832K), 0.0365790 secs]
41.915: [GC 2234844K->501151K(2301888K), 0.0374780 secs]
42.767: [GC 2242421K->500789K(2312256K), 0.0352060 secs]
43.604: [GC 2237803K->504731K(2293760K), 0.0474580 secs]
44.524: [GC 2242997K->514663K(2309824K), 0.0368660 secs]
45.391: [GC 2250815K->515619K(2311104K), 0.0423520 secs]
46.243: [GC 2253027K->509382K(2309568K), 0.0336530 secs]
47.108: [GC 2248281K->517691K(2310976K), 0.0349580 secs]
47.987: [GC 2256046K->527610K(2313536K), 0.0367900 secs]
48.841: [GC 2270117K->525914K(2313664K), 0.0359310 secs]
49.752: [GC 2267319K->534831K(2314112K), 0.0376370 secs]
50.631: [GC 2279607K->541060K(2313920K), 0.0361990 secs]
51.512: [GC 2285740K->549376K(2313536K), 0.0368920 secs]
52.398: [GC 2294151K->546420K(2315520K), 0.0363570 secs]
53.257: [GC 2290914K->555042K(2313408K), 0.0364510 secs]
53.294: [Full GC 555042K->215842K(2352256K), 0.7144570 secs]
54.836: [GC 1962786K->237282K(2232192K), 0.0092010 secs]
55.690: [GC 1982642K->252633K(2320000K), 0.0135540 secs]
56.525: [GC 1949017K->266581K(2210944K), 0.0159120 secs]
57.366: [GC 1962230K->274739K(2323968K), 0.0175900 secs]
58.198: [GC 1960191K->287084K(2221376K), 0.0213180 secs]
59.054: [GC 1971456K->292720K(2327040K), 0.0280240 secs]
59.912: [GC 1982345K->303306K(2242432K), 0.0288190 secs]
60.743: [GC 1994000K->311310K(2327744K), 0.0275560 secs]
61.574: [GC 2012769K->318905K(2321408K), 0.0336010 secs]
62.456: [GC 2020722K->327638K(2334144K), 0.0314810 secs]
