0.537: [GC 95424K->59877K(365760K), 0.0813630 secs]
0.704: [GC 155301K->119805K(461184K), 0.0720520 secs]
1.405: [GC 309877K->167629K(461184K), 0.0946360 secs]
2.299: [GC 357386K->171355K(652032K), 0.0167020 secs]
4.007: [GC 553051K->173599K(652032K), 0.0096210 secs]
5.607: [GC 554437K->174422K(1110208K), 0.0103950 secs]
9.355: [GC 937105K->176417K(1110464K), 0.0550100 secs]
13.015: [GC 938981K->179341K(1871040K), 0.0164230 secs]
20.659: [GC 1704820K->187445K(1871808K), 0.0073270 secs]
28.364: [GC 1712669K->194566K(2194624K), 0.0082620 secs]
38.139: [GC 2050251K->201141K(2195904K), 0.0097300 secs]
48.628: [GC 2057397K->208548K(2201088K), 0.0082960 secs]
59.223: [GC 2075474K->213727K(2202368K), 0.0092410 secs]
59.232: [Full GC 213727K->178590K(2309824K), 0.4958830 secs]
