0.532: [GC 95424K->59906K(365760K), 0.1087750 secs]
0.725: [GC 155330K->119830K(461184K), 0.0742270 secs]
1.233: [GC 310678K->167805K(461184K), 0.0385760 secs]
1.665: [GC 357088K->171857K(652032K), 0.0104990 secs]
2.655: [GC 552114K->174397K(652032K), 0.0108170 secs]
3.435: [GC 555219K->176034K(1110208K), 0.0128880 secs]
5.238: [GC 937873K->179144K(1110336K), 0.0160380 secs]
6.869: [GC 941748K->180527K(1871296K), 0.0090450 secs]
10.509: [GC 1705969K->194010K(1871936K), 0.0091330 secs]
13.943: [GC 1720538K->197826K(2195840K), 0.0133880 secs]
17.968: [GC 2053942K->208196K(2196032K), 0.0156450 secs]
21.677: [GC 2064375K->211427K(2204416K), 0.0232490 secs]
21.700: [Full GC 211427K->176578K(2329664K), 0.5938630 secs]
26.161: [GC 2045954K->192668K(2328960K), 0.0097030 secs]
30.182: [GC 2060720K->200786K(2330624K), 0.0166280 secs]
33.947: [GC 2077831K->210610K(2331328K), 0.0207480 secs]
37.906: [GC 2088661K->217051K(2340864K), 0.0206810 secs]
42.109: [GC 2107357K->221878K(2341120K), 0.0245720 secs]
46.312: [GC 2111491K->230252K(2334464K), 0.0328020 secs]
50.486: [GC 2112119K->233546K(2318848K), 0.0336930 secs]
54.607: [GC 2113767K->238981K(2323584K), 0.0276370 secs]
58.745: [GC 2099870K->244382K(2310208K), 0.0374110 secs]
