1.160: [GC 94828K->30501K(365760K), 0.0443720 secs]
1.364: [GC 125925K->63418K(461184K), 0.0695950 secs]
1.730: [GC 254266K->133993K(461184K), 0.1131960 secs]
2.124: [GC 324841K->196548K(652032K), 0.1296010 secs]
2.254: [Full GC 196548K->196521K(818368K), 0.4644530 secs]
3.302: [GC 578217K->230730K(818368K), 0.0214760 secs]
3.540: [GC 612426K->241610K(1101504K), 0.0723660 secs]
3.882: [GC 819274K->245264K(1100928K), 0.0231350 secs]
4.105: [GC 822928K->250227K(1331392K), 0.0152690 secs]
4.410: [GC 1091059K->256100K(1357696K), 0.0163500 secs]
4.651: [GC 1096932K->253529K(1527808K), 0.0166570 secs]
4.920: [GC 1289241K->260449K(1544832K), 0.0163490 secs]
5.193: [GC 1296161K->264891K(1744704K), 0.0214410 secs]
5.560: [GC 1516283K->267539K(1754176K), 0.0567990 secs]
6.000: [GC 1518931K->274114K(2017408K), 0.0330460 secs]
6.525: [GC 1797149K->276105K(2026688K), 0.0245430 secs]
7.077: [GC 1799528K->277196K(2281664K), 0.0219840 secs]
7.709: [GC 2075422K->281232K(2308224K), 0.0226320 secs]
8.370: [GC 2082586K->286705K(2361280K), 0.0320490 secs]
9.220: [GC 2139505K->289579K(2348352K), 0.0228070 secs]
10.055: [GC 2141892K->297133K(2357824K), 0.0260950 secs]
10.908: [GC 2138797K->299762K(2331648K), 0.0212680 secs]
11.710: [GC 2140190K->311251K(2353472K), 0.0227920 secs]
12.541: [GC 2146515K->316538K(2337152K), 0.0213310 secs]
13.370: [GC 2151802K->319544K(2346048K), 0.0231810 secs]
14.209: [GC 2140984K->324712K(2327872K), 0.0258400 secs]
14.980: [GC 2146152K->332531K(2335616K), 0.0258590 secs]
15.801: [GC 2136691K->336574K(2318976K), 0.0421650 secs]
16.653: [GC 2140270K->343863K(2326080K), 0.0267070 secs]
17.440: [GC 2128157K->351048K(2309632K), 0.0272590 secs]
18.206: [GC 2136008K->348932K(2320576K), 0.0278800 secs]
18.937: [GC 2117508K->354650K(2291968K), 0.0285200 secs]
19.699: [GC 2123226K->359140K(2315200K), 0.0292760 secs]
20.413: [GC 2116836K->359774K(2317504K), 0.0281680 secs]
21.159: [GC 2115753K->368172K(2314496K), 0.0296870 secs]
21.864: [GC 2123052K->369471K(2277952K), 0.0296150 secs]
22.551: [GC 2123618K->375366K(2314944K), 0.0300920 secs]
23.280: [GC 2128838K->380120K(2315392K), 0.0297870 secs]
23.918: [GC 2133592K->383688K(2313856K), 0.0304770 secs]
24.541: [GC 2136404K->387748K(2314624K), 0.0294280 secs]
25.267: [GC 2141220K->391998K(2311872K), 0.0298560 secs]
25.970: [GC 2148990K->395725K(2313408K), 0.0296910 secs]
26.691: [GC 2152489K->405436K(2320192K), 0.0302280 secs]
27.392: [GC 2172156K->401204K(2319488K), 0.0279200 secs]
28.031: [GC 2167924K->402335K(2321664K), 0.0276760 secs]
28.664: [GC 2176287K->410156K(2320384K), 0.0292730 secs]
29.330: [GC 2182431K->412141K(2328192K), 0.0267550 secs]
30.030: [GC 2197997K->419074K(2327360K), 0.0298700 secs]
30.761: [GC 2203933K->425788K(2333824K), 0.0299110 secs]
31.490: [GC 2218645K->435702K(2333312K), 0.0306210 secs]
32.233: [GC 2229686K->433145K(2336064K), 0.0304330 secs]
32.980: [GC 2230365K->439382K(2336320K), 0.0288240 secs]
33.776: [GC 2235937K->451151K(2334592K), 0.0309370 secs]
34.503: [GC 2247375K->457509K(2328256K), 0.0300880 secs]
35.250: [GC 2253465K->453156K(2334976K), 0.0298890 secs]
35.850: [GC 2245028K->457780K(2317632K), 0.0310730 secs]
36.380: [GC 2249652K->464150K(2334400K), 0.0318980 secs]
36.891: [GC 2256662K->466480K(2333760K), 0.0308320 secs]
37.433: [GC 2258992K->464749K(2334976K), 0.0277270 secs]
38.050: [GC 2260013K->472044K(2333888K), 0.0300440 secs]
38.620: [GC 2267308K->476093K(2337280K), 0.0293080 secs]
39.194: [GC 2275782K->475912K(2336384K), 0.0349260 secs]
39.732: [GC 2276296K->480219K(2340352K), 0.0294170 secs]
40.384: [GC 2285354K->485858K(2339456K), 0.0291720 secs]
41.154: [GC 2291234K->487205K(2341568K), 0.0291730 secs]
42.040: [GC 2295845K->502624K(2341184K), 0.0311710 secs]
42.860: [GC 2311264K->503418K(2344000K), 0.0312050 secs]
43.719: [GC 2313530K->504975K(2331200K), 0.0311130 secs]
44.580: [GC 2314883K->508908K(2343360K), 0.0308100 secs]
45.480: [GC 2320044K->514795K(2342336K), 0.0334970 secs]
46.382: [GC 2325931K->517261K(2345216K), 0.0306850 secs]
46.412: [Full GC 517261K->218670K(2382656K), 0.7259180 secs]
47.992: [GC 2033454K->236833K(2291200K), 0.0094420 secs]
48.796: [GC 2051545K->252443K(2357120K), 0.0138070 secs]
49.614: [GC 2026766K->260628K(2276224K), 0.0151770 secs]
50.483: [GC 2036628K->270910K(2360640K), 0.0182120 secs]
51.290: [GC 2040126K->276853K(2285696K), 0.0387830 secs]
52.146: [GC 2046069K->283762K(2362240K), 0.0200380 secs]
52.938: [GC 2056370K->288413K(2300608K), 0.0228400 secs]
53.603: [GC 2060763K->296788K(2362240K), 0.0234140 secs]
54.144: [GC 2076841K->296518K(2358400K), 0.0419490 secs]
54.852: [GC 2076614K->304031K(2367040K), 0.0265070 secs]
55.613: [GC 2094441K->315584K(2366464K), 0.0285900 secs]
56.261: [GC 2106957K->310120K(2373248K), 0.0425540 secs]
56.950: [GC 2105704K->318049K(2353216K), 0.0268980 secs]
57.558: [GC 2113633K->320107K(2364608K), 0.0275430 secs]
58.098: [GC 2103275K->325053K(2347840K), 0.0282600 secs]
58.632: [GC 2108221K->326068K(2361152K), 0.0283890 secs]
59.132: [GC 2098612K->327725K(2325504K), 0.0273690 secs]
59.671: [GC 2100269K->335643K(2362944K), 0.0268250 secs]
60.191: [GC 2110619K->331099K(2318720K), 0.0243550 secs]
60.691: [GC 2104804K->333109K(2363584K), 0.0237950 secs]
61.221: [GC 2113269K->337760K(2360896K), 0.0239340 secs]
61.724: [GC 2117920K->340320K(2368448K), 0.0232640 secs]
62.260: [GC 2130284K->344442K(2366272K), 0.0225450 secs]
62.781: [GC 2134650K->347055K(2373760K), 0.0231550 secs]
