0.532: [GC 95424K->59913K(365760K), 0.1124780 secs]
0.727: [GC 155337K->119865K(461184K), 0.0523840 secs]
1.303: [GC 310713K->166588K(461184K), 0.0502710 secs]
2.137: [GC 357436K->170888K(652032K), 0.0123960 secs]
3.811: [GC 551649K->173669K(652032K), 0.0834440 secs]
5.564: [GC 555365K->174815K(1109888K), 0.0084640 secs]
9.438: [GC 937901K->178725K(1110144K), 0.0220990 secs]
12.880: [GC 941194K->181222K(1870208K), 0.0077860 secs]
20.645: [GC 1707152K->191613K(1871104K), 0.0112030 secs]
28.575: [GC 1717885K->198165K(2195712K), 0.0144890 secs]
38.086: [GC 2056469K->203318K(2196544K), 0.0115870 secs]
47.728: [GC 2061347K->208323K(2204544K), 0.0079010 secs]
47.736: [Full GC 208323K->177140K(2316224K), 0.5906410 secs]
57.890: [GC 2046349K->190972K(2316672K), 0.0058800 secs]
