0.531: [GC 95424K->59890K(365760K), 0.0821810 secs]
0.695: [GC 155314K->119826K(461184K), 0.0632810 secs]
1.216: [GC 310205K->167648K(461184K), 0.0562450 secs]
1.726: [GC 358243K->171407K(652032K), 0.0300190 secs]
2.692: [GC 551815K->175324K(652032K), 0.0115790 secs]
3.571: [GC 557020K->176499K(1109568K), 0.0411060 secs]
5.466: [GC 939507K->180689K(1109952K), 0.0367340 secs]
7.269: [GC 942032K->182996K(1869760K), 0.0332380 secs]
10.918: [GC 1708028K->192410K(1870656K), 0.0071050 secs]
14.271: [GC 1717513K->198127K(2196224K), 0.0175300 secs]
17.973: [GC 2055015K->208036K(2197056K), 0.0284450 secs]
21.564: [GC 2065196K->214318K(2203456K), 0.0104440 secs]
21.575: [Full GC 214318K->175020K(2324608K), 0.5925400 secs]
25.766: [GC 2043044K->189407K(2324992K), 0.0167990 secs]
29.373: [GC 2057478K->199847K(2325184K), 0.0110990 secs]
33.052: [GC 2078087K->207656K(2327488K), 0.0114110 secs]
36.591: [GC 2084807K->210885K(2336064K), 0.0291440 secs]
40.433: [GC 2103536K->221906K(2337024K), 0.0160610 secs]
44.045: [GC 2114578K->224239K(2334464K), 0.0172910 secs]
47.500: [GC 2111727K->227160K(2315264K), 0.0222740 secs]
51.466: [GC 2113730K->237730K(2321984K), 0.0180480 secs]
55.334: [GC 2106237K->239718K(2309504K), 0.0277170 secs]
59.024: [GC 2108173K->248001K(2307968K), 0.0738890 secs]
