1.149: [GC 94828K->30493K(365760K), 0.0562020 secs]
1.364: [GC 125917K->63130K(461184K), 0.0549840 secs]
1.717: [GC 253978K->130873K(461184K), 0.0835270 secs]
2.081: [GC 321721K->193460K(652032K), 0.1618930 secs]
2.243: [Full GC 193460K->193423K(818880K), 0.5724700 secs]
3.389: [GC 575119K->226449K(818880K), 0.0247320 secs]
3.629: [GC 606438K->238253K(1068672K), 0.0353200 secs]
3.917: [GC 788695K->240963K(1073984K), 0.0250560 secs]
4.103: [GC 792835K->242539K(1278208K), 0.0199800 secs]
4.372: [GC 1015723K->247122K(1289664K), 0.0238470 secs]
4.624: [GC 1020306K->248845K(1438080K), 0.0221830 secs]
4.897: [GC 1189453K->251423K(1449792K), 0.0216670 secs]
5.156: [GC 1192031K->255055K(1622976K), 0.0240810 secs]
5.532: [GC 1384591K->259253K(1631104K), 0.0254000 secs]
5.909: [GC 1388789K->260110K(1823552K), 0.0278200 secs]
6.373: [GC 1594958K->263120K(1833088K), 0.0295340 secs]
6.815: [GC 1597968K->270139K(2053184K), 0.0303810 secs]
7.377: [GC 1828219K->274558K(2058048K), 0.0345100 secs]
7.931: [GC 1832638K->277581K(2222720K), 0.0345980 secs]
8.596: [GC 1996524K->281097K(2226176K), 0.0372140 secs]
9.300: [GC 2000302K->289430K(2363776K), 0.0387570 secs]
10.116: [GC 2141798K->296394K(2344704K), 0.0366740 secs]
10.952: [GC 2149451K->302536K(2358080K), 0.0358240 secs]
11.784: [GC 2144291K->317111K(2350912K), 0.0379220 secs]
12.584: [GC 2159297K->310648K(2349952K), 0.0395200 secs]
13.409: [GC 2136312K->324108K(2336960K), 0.0442480 secs]
14.264: [GC 2149772K->325252K(2335936K), 0.0442680 secs]
15.067: [GC 2128055K->332214K(2320256K), 0.0453710 secs]
15.883: [GC 2135734K->338583K(2323776K), 0.0488500 secs]
16.683: [GC 2119447K->344446K(2305984K), 0.0527010 secs]
17.521: [GC 2125310K->346865K(2313984K), 0.0541310 secs]
18.358: [GC 2106225K->356004K(2292672K), 0.0552180 secs]
19.153: [GC 2114573K->362603K(2301952K), 0.0587560 secs]
19.975: [GC 2098795K->360149K(2265088K), 0.0567780 secs]
20.709: [GC 2095433K->364703K(2302720K), 0.0561970 secs]
21.466: [GC 2094623K->365452K(2304128K), 0.0549260 secs]
22.247: [GC 2095372K->373955K(2301440K), 0.0535310 secs]
22.913: [GC 2104899K->376494K(2302976K), 0.0551900 secs]
23.621: [GC 2107058K->386892K(2305536K), 0.0572500 secs]
24.308: [GC 2120672K->384575K(2306048K), 0.0552500 secs]
25.032: [GC 2119292K->394544K(2305856K), 0.0595530 secs]
25.844: [GC 2131632K->397148K(2306112K), 0.0602000 secs]
26.695: [GC 2134236K->400388K(2307840K), 0.0588350 secs]
27.526: [GC 2140010K->409026K(2308096K), 0.0592980 secs]
28.342: [GC 2150530K->416660K(2310848K), 0.0602050 secs]
29.236: [GC 2161684K->422086K(2311232K), 0.0634940 secs]
30.093: [GC 2167110K->422430K(2306880K), 0.0604110 secs]
30.960: [GC 2168734K->426816K(2309504K), 0.0573840 secs]
31.831: [GC 2173120K->432120K(2312320K), 0.0554180 secs]
32.714: [GC 2186505K->440550K(2313152K), 0.0600970 secs]
33.573: [GC 2195652K->443359K(2320576K), 0.0589770 secs]
34.468: [GC 2206052K->448919K(2300096K), 0.0606470 secs]
35.364: [GC 2211735K->444208K(2322176K), 0.0568030 secs]
36.254: [GC 2207028K->457334K(2319872K), 0.0614630 secs]
37.198: [GC 2219769K->457617K(2321344K), 0.0630530 secs]
38.153: [GC 2222033K->465126K(2320640K), 0.0666930 secs]
39.038: [GC 2227960K->471156K(2321536K), 0.0616710 secs]
39.903: [GC 2236788K->470447K(2296192K), 0.0595820 secs]
40.614: [GC 2236079K->475028K(2321728K), 0.0602630 secs]
41.336: [GC 2243732K->478903K(2320000K), 0.0611380 secs]
42.026: [GC 2247607K->482433K(2325248K), 0.0589340 secs]
42.741: [GC 2258177K->484900K(2323520K), 0.0595370 secs]
43.463: [GC 2260644K->492260K(2328512K), 0.0585960 secs]
44.183: [GC 2274276K->494262K(2327552K), 0.0583480 secs]
44.855: [GC 2276278K->491711K(2330432K), 0.0570350 secs]
45.551: [GC 2277112K->506181K(2330368K), 0.0589210 secs]
46.284: [GC 2290785K->501613K(2333632K), 0.0572090 secs]
46.987: [GC 2291757K->502937K(2333888K), 0.0563600 secs]
47.729: [GC 2292928K->514074K(2331776K), 0.0592820 secs]
48.431: [GC 2305178K->514439K(2333184K), 0.0558780 secs]
49.134: [GC 2305543K->514671K(2335616K), 0.0553140 secs]
49.190: [Full GC 514671K->218100K(2363904K), 0.7178850 secs]
50.593: [GC 2012404K->233964K(2259776K), 0.0221160 secs]
51.383: [GC 2028268K->250782K(2335936K), 0.0288390 secs]
52.084: [GC 2002334K->255733K(2238848K), 0.0291730 secs]
52.788: [GC 2007285K->261185K(2336768K), 0.0228400 secs]
53.530: [GC 2000648K->272471K(2245056K), 0.0307390 secs]
54.330: [GC 2013301K->282623K(2341440K), 0.0330310 secs]
55.144: [GC 2028377K->290067K(2268096K), 0.0544270 secs]
55.917: [GC 2036563K->294137K(2340288K), 0.0445460 secs]
56.650: [GC 2049145K->297247K(2334528K), 0.0434460 secs]
57.298: [GC 2052255K->302967K(2347136K), 0.0473700 secs]
58.006: [GC 2074990K->315456K(2345216K), 0.0507020 secs]
58.742: [GC 2085996K->316604K(2354560K), 0.0525720 secs]
59.532: [GC 2095292K->317226K(2327424K), 0.0571850 secs]
60.331: [GC 2095914K->318292K(2351936K), 0.0554300 secs]
61.138: [GC 2090324K->330271K(2333824K), 0.0604330 secs]
61.899: [GC 2102020K->333660K(2339776K), 0.0613600 secs]
62.681: [GC 2086620K->332624K(2309312K), 0.0585440 secs]
