0.532: [GC 95424K->59881K(365760K), 0.1198890 secs]
0.732: [GC 155305K->119825K(461184K), 0.0721620 secs]
0.915: [GC 310673K->174467K(461184K), 0.1111930 secs]
1.319: [GC 364403K->174546K(652032K), 0.0195120 secs]
2.018: [GC 555499K->177576K(652032K), 0.0204920 secs]
2.529: [GC 557770K->180471K(1112512K), 0.0098130 secs]
3.580: [GC 942894K->188516K(1112896K), 0.0150290 secs]
4.496: [GC 950112K->190622K(1870336K), 0.0096510 secs]
6.550: [GC 1716899K->198346K(1872000K), 0.0111140 secs]
8.435: [GC 1725054K->205312K(2195648K), 0.0113030 secs]
10.831: [GC 2060515K->213742K(2196928K), 0.0179040 secs]
10.849: [Full GC 213742K->188270K(2337088K), 0.5935870 secs]
13.886: [GC 2045227K->206976K(2340224K), 0.0221400 secs]
16.298: [GC 2073213K->219637K(2342272K), 0.0102310 secs]
18.574: [GC 2086499K->225631K(2347392K), 0.0145450 secs]
20.971: [GC 2102555K->237443K(2346688K), 0.0212530 secs]
23.366: [GC 2115105K->245945K(2345088K), 0.0196180 secs]
25.684: [GC 2120202K->250115K(2331072K), 0.0195860 secs]
28.042: [GC 2123687K->255325K(2332992K), 0.0198800 secs]
30.423: [GC 2106999K->259363K(2318400K), 0.0235760 secs]
32.738: [GC 2110468K->264152K(2320128K), 0.0383430 secs]
35.143: [GC 2090666K->268318K(2302656K), 0.0268610 secs]
37.491: [GC 2094411K->274471K(2305728K), 0.0342270 secs]
39.800: [GC 2074460K->278869K(2286080K), 0.0264720 secs]
42.047: [GC 2078386K->280198K(2294016K), 0.0231370 secs]
44.345: [GC 2053376K->281002K(2262208K), 0.0242030 secs]
46.597: [GC 2054813K->287801K(2283392K), 0.0257180 secs]
48.811: [GC 2040142K->292521K(2248704K), 0.0268590 secs]
51.093: [GC 2044222K->296000K(2278848K), 0.0270600 secs]
53.328: [GC 2034331K->301632K(2234944K), 0.0275250 secs]
55.549: [GC 2039412K->309769K(2270976K), 0.0285300 secs]
57.716: [GC 2033053K->311148K(2226176K), 0.0286120 secs]
59.909: [GC 2035561K->317559K(2267840K), 0.0298640 secs]
