0.525: [GC 95424K->59890K(365760K), 0.0851290 secs]
0.691: [GC 155314K->119194K(461184K), 0.0940640 secs]
0.898: [GC 310042K->173868K(461184K), 0.0402170 secs]
1.204: [GC 364133K->176494K(652032K), 0.0562120 secs]
1.682: [GC 558190K->183908K(652032K), 0.0174290 secs]
2.064: [GC 563866K->187304K(1111040K), 0.0119240 secs]
2.920: [GC 948624K->193173K(1111360K), 0.0339420 secs]
3.736: [GC 956245K->194753K(1870656K), 0.0120290 secs]
5.512: [GC 1719732K->204411K(1871744K), 0.0096140 secs]
7.075: [GC 1730394K->212515K(2193984K), 0.0127360 secs]
9.053: [GC 2068813K->218003K(2195456K), 0.0201160 secs]
9.073: [Full GC 218003K->190910K(2342976K), 0.6062090 secs]
11.588: [GC 2047301K->221488K(2345920K), 0.0312040 secs]
13.569: [GC 2089969K->232363K(2349184K), 0.0166150 secs]
15.579: [GC 2100586K->246452K(2354304K), 0.0252460 secs]
17.573: [GC 2121638K->249484K(2336704K), 0.0275260 secs]
19.596: [GC 2125055K->257933K(2342336K), 0.0237880 secs]
21.615: [GC 2113532K->265465K(2333312K), 0.0242490 secs]
23.631: [GC 2121473K->270016K(2325952K), 0.0705120 secs]
25.708: [GC 2095793K->274422K(2312576K), 0.0302930 secs]
27.699: [GC 2100155K->279426K(2310912K), 0.0345610 secs]
29.673: [GC 2075753K->280332K(2288704K), 0.0290600 secs]
31.638: [GC 2075745K->277359K(2305152K), 0.0311820 secs]
33.589: [GC 2054963K->285485K(2274368K), 0.0504550 secs]
35.560: [GC 2063040K->292621K(2290048K), 0.0346380 secs]
37.487: [GC 2045328K->297188K(2262016K), 0.0740400 secs]
39.459: [GC 2050547K->299835K(2278080K), 0.0471900 secs]
41.350: [GC 2026950K->307111K(2240896K), 0.0372950 secs]
43.238: [GC 2033890K->308161K(2274560K), 0.0381350 secs]
45.122: [GC 2020570K->312829K(2221184K), 0.0393290 secs]
47.042: [GC 2025283K->316725K(2276224K), 0.0356510 secs]
48.938: [GC 2028770K->319746K(2217152K), 0.0442500 secs]
50.837: [GC 2031740K->327353K(2274688K), 0.0469330 secs]
52.767: [GC 2038441K->330414K(2274560K), 0.0416860 secs]
54.711: [GC 2041729K->334142K(2275200K), 0.0368820 secs]
56.705: [GC 2050127K->338571K(2276352K), 0.1081740 secs]
58.737: [GC 2054352K->338401K(2276032K), 0.0545940 secs]
60.689: [GC 2058655K->340051K(2277952K), 0.0444560 secs]
