1.160: [GC 95424K->31572K(365760K), 0.0449620 secs]
1.359: [GC 126996K->64072K(461184K), 0.0942970 secs]
1.750: [GC 254920K->132835K(461184K), 0.0785890 secs]
2.109: [GC 323683K->195414K(652032K), 0.1589160 secs]
2.268: [Full GC 195414K->195384K(818496K), 0.5849650 secs]
3.445: [GC 577080K->240765K(818496K), 0.0251410 secs]
3.916: [GC 621424K->254667K(1043392K), 0.0183990 secs]
4.242: [GC 797155K->268746K(1064000K), 0.0243210 secs]
4.496: [GC 812253K->278036K(1241280K), 0.0220600 secs]
4.852: [GC 1023789K->273925K(1257280K), 0.0251240 secs]
5.177: [GC 1020396K->276421K(1390336K), 0.0278150 secs]
5.604: [GC 1171188K->280575K(1399360K), 0.0317610 secs]
6.014: [GC 1174629K->288059K(1559296K), 0.0318280 secs]
6.498: [GC 1348179K->292563K(1563584K), 0.0327020 secs]
7.001: [GC 1351965K->297614K(1745664K), 0.0347450 secs]
7.617: [GC 1537098K->301718K(1749376K), 0.0445780 secs]
8.229: [GC 1541477K->311778K(1952128K), 0.0414600 secs]
8.909: [GC 1748744K->310548K(1959168K), 0.0415010 secs]
9.583: [GC 1748001K->318317K(2106880K), 0.0447400 secs]
10.352: [GC 1898929K->316623K(2113728K), 0.0449410 secs]
11.071: [GC 1896656K->324957K(2272192K), 0.0634930 secs]
11.922: [GC 2057886K->333602K(2274816K), 0.0491030 secs]
12.741: [GC 2066523K->338772K(2333952K), 0.0436540 secs]
13.535: [GC 2130900K->346060K(2305600K), 0.0431890 secs]
14.373: [GC 2137701K->347635K(2330560K), 0.0547890 secs]
15.207: [GC 2132078K->351785K(2301376K), 0.0477370 secs]
16.047: [GC 2136181K->356889K(2327168K), 0.0470490 secs]
16.838: [GC 2135529K->368417K(2306304K), 0.0474320 secs]
17.687: [GC 2147740K->365177K(2321664K), 0.0751980 secs]
18.576: [GC 2133625K->376072K(2298048K), 0.0521630 secs]
19.414: [GC 2144001K->372335K(2319616K), 0.0518870 secs]
20.267: [GC 2132114K->381824K(2288000K), 0.0550660 secs]
21.074: [GC 2141519K->391885K(2310656K), 0.0508790 secs]
21.871: [GC 2142400K->381109K(2314432K), 0.0513430 secs]
22.684: [GC 2132337K->389436K(2313920K), 0.0538060 secs]
23.562: [GC 2140766K->395778K(2283584K), 0.0568160 secs]
24.359: [GC 2146831K->397493K(2315520K), 0.0494310 secs]
25.182: [GC 2150069K->398746K(2276672K), 0.0588490 secs]
26.014: [GC 2149967K->399839K(2316224K), 0.0508340 secs]
26.779: [GC 2155969K->409629K(2312256K), 0.0458520 secs]
27.621: [GC 2165968K->403047K(2319040K), 0.0528350 secs]
28.438: [GC 2167531K->414920K(2316544K), 0.0480640 secs]
29.223: [GC 2177999K->413462K(2323200K), 0.0510020 secs]
30.073: [GC 2186953K->424876K(2321920K), 0.0512330 secs]
30.902: [GC 2198356K->432500K(2327680K), 0.0513770 secs]
31.733: [GC 2213688K->432566K(2328448K), 0.0485950 secs]
32.560: [GC 2212584K->434314K(2328640K), 0.0514220 secs]
33.355: [GC 2217147K->438557K(2329664K), 0.0537520 secs]
34.207: [GC 2220512K->435778K(2327552K), 0.0490460 secs]
35.050: [GC 2220207K->440834K(2329664K), 0.0502850 secs]
35.897: [GC 2224842K->451004K(2331584K), 0.0536440 secs]
36.691: [GC 2238660K->453893K(2320128K), 0.0533430 secs]
37.529: [GC 2242314K->453924K(2332800K), 0.0503150 secs]
38.362: [GC 2239991K->454344K(2313216K), 0.0527770 secs]
39.195: [GC 2241508K->459241K(2331712K), 0.0530440 secs]
40.008: [GC 2247087K->464991K(2330624K), 0.0526650 secs]
40.832: [GC 2252108K->468238K(2334592K), 0.0532340 secs]
41.649: [GC 2260067K->474035K(2334016K), 0.0515360 secs]
42.529: [GC 2267058K->471864K(2336256K), 0.0500630 secs]
43.367: [GC 2266433K->473855K(2336512K), 0.0482320 secs]
44.212: [GC 2269095K->485719K(2336576K), 0.0498170 secs]
45.049: [GC 2281748K->481130K(2336960K), 0.0491990 secs]
45.959: [GC 2277706K->492676K(2336704K), 0.0569910 secs]
46.846: [GC 2291886K->485876K(2337408K), 0.0504830 secs]
47.673: [GC 2283788K->496207K(2337408K), 0.0514080 secs]
48.520: [GC 2296629K->498862K(2338432K), 0.0493090 secs]
49.345: [GC 2298329K->499060K(2339840K), 0.0479680 secs]
50.195: [GC 2303028K->499334K(2340288K), 0.0506850 secs]
50.988: [GC 2302381K->504947K(2341120K), 0.0496180 secs]
51.833: [GC 2308323K->510304K(2320448K), 0.0525010 secs]
51.885: [Full GC 510304K->239435K(2374144K), 0.7397240 secs]
53.469: [GC 2042297K->260782K(2371520K), 0.0259670 secs]
54.289: [GC 2042660K->264663K(2281792K), 0.0168050 secs]
55.100: [GC 2046551K->275691K(2368576K), 0.0189280 secs]
55.934: [GC 2033301K->282475K(2276800K), 0.0242660 secs]
56.762: [GC 2039688K->292618K(2373568K), 0.0268480 secs]
57.596: [GC 2051774K->296700K(2291904K), 0.0266100 secs]
58.472: [GC 2056629K->300710K(2372288K), 0.0309160 secs]
59.282: [GC 2063999K->309753K(2368128K), 0.0380920 secs]
60.135: [GC 2073198K->314023K(2375424K), 0.0576720 secs]
61.029: [GC 2089776K->317380K(2371328K), 0.0437950 secs]
61.866: [GC 2092747K->325042K(2383616K), 0.0453910 secs]
62.724: [GC 2116580K->331718K(2384000K), 0.0460000 secs]
