0.540: [GC 95424K->59881K(365760K), 0.0893270 secs]
0.718: [GC 155305K->119793K(461184K), 0.1416130 secs]
1.187: [GC 309019K->163860K(461184K), 0.0417170 secs]
1.493: [GC 354427K->166874K(652032K), 0.0259780 secs]
2.052: [GC 547941K->174853K(652032K), 0.0161070 secs]
2.569: [GC 556549K->184542K(1105600K), 0.0114760 secs]
3.688: [GC 947784K->198899K(1107136K), 0.0174000 secs]
4.743: [GC 961301K->208084K(1856512K), 0.0245430 secs]
6.990: [GC 1734064K->235077K(1861120K), 0.0235960 secs]
9.035: [GC 1760226K->251114K(2206592K), 0.0244060 secs]
9.063: [Full GC 251114K->176904K(2330560K), 0.4976920 secs]
12.010: [GC 2046436K->211524K(2282624K), 0.0125770 secs]
14.417: [GC 2080179K->239608K(2326784K), 0.0200590 secs]
16.844: [GC 2104995K->256802K(2325440K), 0.0243630 secs]
19.229: [GC 2123056K->267529K(2295744K), 0.0272040 secs]
21.635: [GC 2094624K->288546K(2288320K), 0.0360390 secs]
24.007: [GC 2115997K->302174K(2287680K), 0.0276380 secs]
26.309: [GC 2101688K->314258K(2285952K), 0.0295220 secs]
28.595: [GC 2113911K->323828K(2259072K), 0.0321950 secs]
30.818: [GC 2074954K->332447K(2256064K), 0.0338010 secs]
33.037: [GC 2084123K->340407K(2232704K), 0.0359110 secs]
35.206: [GC 2037934K->350672K(2221248K), 0.0387080 secs]
37.408: [GC 2049993K->349333K(2210560K), 0.0378510 secs]
39.494: [GC 1998621K->359431K(2180352K), 0.0404890 secs]
41.616: [GC 2007833K->363024K(2188608K), 0.0413530 secs]
43.729: [GC 1967417K->363508K(2140032K), 0.0409540 secs]
45.781: [GC 1967037K->365018K(2178176K), 0.0415500 secs]
47.758: [GC 1941074K->369084K(2116800K), 0.0426170 secs]
49.747: [GC 1945584K->370909K(2171200K), 0.0806970 secs]
51.760: [GC 1926795K->371346K(2093440K), 0.0558930 secs]
53.753: [GC 1928087K->372043K(2174720K), 0.0445030 secs]
55.740: [GC 1926342K->372080K(2086656K), 0.0418810 secs]
57.732: [GC 1927018K->380195K(2171968K), 0.0415270 secs]
59.706: [GC 1934978K->382848K(2171200K), 0.0426920 secs]
