0.529: [GC 95424K->59898K(365760K), 0.0770660 secs]
0.687: [GC 155322K->119830K(461184K), 0.0784390 secs]
1.046: [GC 309017K->164697K(461184K), 0.0419070 secs]
1.286: [GC 353666K->167168K(652032K), 0.0456150 secs]
1.778: [GC 547607K->176424K(652032K), 0.0177420 secs]
2.207: [GC 558007K->184871K(1106304K), 0.0308630 secs]
3.147: [GC 947065K->199671K(1107392K), 0.0138860 secs]
3.961: [GC 961185K->208789K(1857152K), 0.0144820 secs]
5.800: [GC 1734727K->231525K(1861568K), 0.0194860 secs]
7.426: [GC 1756864K->252055K(2204800K), 0.0239590 secs]
9.524: [GC 2120903K->279542K(2164864K), 0.0354430 secs]
9.560: [Full GC 279542K->175423K(2299072K), 0.5699080 secs]
12.128: [GC 2042973K->220511K(2343616K), 0.0159370 secs]
14.163: [GC 2094614K->246412K(2340160K), 0.0230120 secs]
16.192: [GC 2119323K->262101K(2319488K), 0.0260350 secs]
18.195: [GC 2109115K->284995K(2302464K), 0.0379350 secs]
20.237: [GC 2132240K->310014K(2309504K), 0.0274540 secs]
22.228: [GC 2135124K->329052K(2319360K), 0.0314690 secs]
24.201: [GC 2154628K->346091K(2278016K), 0.0392080 secs]
26.189: [GC 2130199K->357711K(2278208K), 0.0303600 secs]
28.106: [GC 2140972K->369675K(2267712K), 0.0329060 secs]
30.003: [GC 2113857K->377264K(2258048K), 0.0341930 secs]
31.898: [GC 2120118K->381902K(2245760K), 0.0360780 secs]
33.733: [GC 2081148K->388807K(2224896K), 0.0373510 secs]
35.576: [GC 2088775K->394124K(2224896K), 0.0393930 secs]
37.317: [GC 2051233K->403835K(2197440K), 0.0396670 secs]
39.134: [GC 2061119K->402594K(2207040K), 0.0401280 secs]
40.884: [GC 2018669K->410478K(2164416K), 0.0424550 secs]
42.658: [GC 2027507K->412070K(2191616K), 0.0426830 secs]
44.395: [GC 1995561K->415671K(2136704K), 0.0435480 secs]
46.145: [GC 2000452K->417533K(2181568K), 0.0443550 secs]
47.835: [GC 1978158K->420883K(2112704K), 0.0453310 secs]
49.549: [GC 1981516K->421198K(2184192K), 0.0437050 secs]
51.237: [GC 1975132K->423750K(2101888K), 0.0428700 secs]
52.919: [GC 1977738K->423111K(2185600K), 0.0418660 secs]
54.627: [GC 1980527K->426395K(2182912K), 0.0439040 secs]
56.320: [GC 1983703K->428769K(2185280K), 0.0428650 secs]
58.011: [GC 1990477K->428709K(2183040K), 0.0419740 secs]
59.696: [GC 1989288K->431078K(2189184K), 0.0428270 secs]
