1.156: [GC 94827K->30513K(365760K), 0.0676860 secs]
1.392: [GC 125937K->63422K(461184K), 0.0659260 secs]
1.778: [GC 254270K->131645K(461184K), 0.1315410 secs]
2.211: [GC 322493K->194208K(652032K), 0.2038290 secs]
2.415: [Full GC 194208K->194201K(814144K), 0.5465390 secs]
3.638: [GC 574021K->229552K(814144K), 0.0438200 secs]
3.966: [GC 611248K->241857K(1055616K), 0.0128700 secs]
4.360: [GC 800982K->249350K(1077312K), 0.0165820 secs]
4.711: [GC 809414K->255894K(1250880K), 0.0164610 secs]
5.195: [GC 1024809K->271789K(1278912K), 0.0229530 secs]
5.638: [GC 1040230K->273948K(1408000K), 0.0216010 secs]
6.170: [GC 1186366K->286112K(1421184K), 0.0238580 secs]
6.709: [GC 1199072K->299434K(1571328K), 0.0264530 secs]
7.327: [GC 1356979K->302240K(1579328K), 0.0276860 secs]
7.937: [GC 1361275K->312865K(1735680K), 0.0311800 secs]
8.647: [GC 1519571K->323401K(1745344K), 0.0334770 secs]
9.377: [GC 1530815K->331209K(1913024K), 0.0348130 secs]
10.170: [GC 1694793K->338691K(1924992K), 0.0366400 secs]
10.947: [GC 1701664K->345193K(2044736K), 0.0403080 secs]
11.814: [GC 1815922K->352413K(2056704K), 0.0394230 secs]
12.667: [GC 1822378K->357629K(2185792K), 0.0443120 secs]
13.619: [GC 1945887K->368435K(2194304K), 0.0379540 secs]
14.547: [GC 1956508K->372977K(2239424K), 0.0406720 secs]
15.472: [GC 1996073K->380181K(2192448K), 0.0397710 secs]
16.430: [GC 2005002K->384505K(2228544K), 0.0407110 secs]
17.351: [GC 1982989K->391406K(2170176K), 0.0407640 secs]
18.287: [GC 1989744K->396677K(2222720K), 0.0408500 secs]
19.177: [GC 1978538K->396511K(2150016K), 0.0404000 secs]
20.117: [GC 1978518K->404743K(2222336K), 0.0413040 secs]
21.062: [GC 1981910K->403749K(2144320K), 0.0420590 secs]
21.978: [GC 1980657K->410270K(2225216K), 0.0412770 secs]
22.875: [GC 1990431K->418831K(2223360K), 0.0423510 secs]
23.805: [GC 2000481K->419677K(2225856K), 0.0421010 secs]
24.739: [GC 2005656K->426178K(2225664K), 0.0428040 secs]
25.644: [GC 2012173K->428890K(2227712K), 0.0416390 secs]
26.565: [GC 2019210K->437967K(2227904K), 0.0431980 secs]
27.521: [GC 2027358K->434572K(2225792K), 0.0416000 secs]
28.441: [GC 2029252K->439638K(2228864K), 0.0420240 secs]
29.342: [GC 2033351K->446883K(2232128K), 0.0435050 secs]
30.276: [GC 2050406K->448182K(2233856K), 0.0435290 secs]
31.193: [GC 2050467K->452203K(2234368K), 0.0430130 secs]
32.167: [GC 2063211K->449396K(2236096K), 0.0413380 secs]
33.075: [GC 2059583K->462842K(2240768K), 0.0434230 secs]
34.024: [GC 2082168K->457993K(2240704K), 0.0434370 secs]
34.940: [GC 2078263K->465843K(2246656K), 0.0437110 secs]
35.923: [GC 2095142K->465460K(2244864K), 0.0429060 secs]
36.884: [GC 2095044K->469760K(2250368K), 0.0419270 secs]
37.840: [GC 2111570K->470924K(2248000K), 0.0416770 secs]
38.814: [GC 2112266K->478059K(2259648K), 0.0408510 secs]
39.765: [GC 2135083K->484222K(2257088K), 0.0438280 secs]
40.770: [GC 2141059K->488028K(2266560K), 0.0431460 secs]
41.742: [GC 2155700K->487307K(2264640K), 0.0422670 secs]
42.693: [GC 2153984K->492464K(2269504K), 0.0416130 secs]
43.679: [GC 2168176K->503822K(2267648K), 0.0441580 secs]
44.669: [GC 2177935K->498031K(2273600K), 0.0423230 secs]
45.643: [GC 2181743K->504833K(2274624K), 0.0423770 secs]
46.658: [GC 2188332K->504158K(2274624K), 0.0625760 secs]
47.618: [GC 2191627K->511774K(2276160K), 0.0532270 secs]
48.597: [GC 2198406K->514703K(2278336K), 0.0505520 secs]
49.587: [GC 2207666K->528541K(2280000K), 0.0456560 secs]
50.588: [GC 2221530K->525686K(2280768K), 0.0429790 secs]
51.608: [GC 2216451K->535762K(2272768K), 0.0454310 secs]
52.618: [GC 2226329K->538747K(2276288K), 0.0453940 secs]
53.635: [GC 2225147K->543160K(2268736K), 0.0455500 secs]
54.659: [GC 2228666K->548538K(2272704K), 0.0465930 secs]
55.665: [GC 2227285K->552126K(2265600K), 0.0452080 secs]
56.678: [GC 2230876K->546857K(2273664K), 0.0448420 secs]
57.702: [GC 2222704K->556325K(2263424K), 0.0456520 secs]
58.679: [GC 2233339K->550974K(2273792K), 0.0451590 secs]
59.680: [GC 2226957K->559938K(2258880K), 0.0456920 secs]
60.684: [GC 2236471K->563280K(2272768K), 0.0457530 secs]
61.691: [GC 2240548K->568529K(2271872K), 0.0451830 secs]
62.690: [GC 2244927K->570053K(2273344K), 0.0445750 secs]
