0.539: [GC 95424K->59881K(365760K), 0.0871240 secs]
0.713: [GC 155305K->119805K(461184K), 0.0754440 secs]
0.907: [GC 310653K->174311K(461184K), 0.0565280 secs]
1.663: [GC 364638K->182156K(652032K), 0.0190850 secs]
2.535: [GC 562895K->182418K(652032K), 0.0312140 secs]
3.099: [GC 562953K->183907K(1112448K), 0.0160330 secs]
4.702: [GC 945533K->185189K(1112896K), 0.0490330 secs]
6.092: [GC 946407K->187813K(1874304K), 0.0359190 secs]
9.516: [GC 1713701K->191554K(1874752K), 0.0371620 secs]
13.035: [GC 1716529K->196510K(2192000K), 0.0421780 secs]
17.334: [GC 2044180K->199126K(2193152K), 0.0148410 secs]
21.571: [GC 2046706K->209265K(2193664K), 0.0287980 secs]
25.927: [GC 2067426K->213367K(2196224K), 0.0083630 secs]
25.935: [Full GC 213367K->189753K(2324736K), 0.4881010 secs]
31.023: [GC 2046876K->209246K(2328640K), 0.0089390 secs]
35.972: [GC 2080920K->217701K(2331776K), 0.0107210 secs]
41.252: [GC 2089563K->222977K(2335104K), 0.0094680 secs]
46.214: [GC 2109496K->228803K(2338432K), 0.0132060 secs]
50.885: [GC 2115984K->233630K(2349696K), 0.0115250 secs]
55.748: [GC 2135245K->239502K(2328704K), 0.0205620 secs]
60.395: [GC 2141837K->244280K(2344768K), 0.0335090 secs]
