0.534: [GC 95424K->59890K(365760K), 0.0896720 secs]
0.710: [GC 155314K->119802K(461184K), 0.0750010 secs]
0.918: [GC 310650K->174484K(461184K), 0.0645280 secs]
1.425: [GC 364074K->183110K(652032K), 0.0268900 secs]
2.093: [GC 564201K->185264K(652032K), 0.0105330 secs]
2.685: [GC 566189K->187840K(1112000K), 0.0159020 secs]
3.832: [GC 948932K->191220K(1112448K), 0.0181780 secs]
4.927: [GC 953237K->196672K(1871168K), 0.0247260 secs]
7.224: [GC 1721159K->204547K(1872832K), 0.0171470 secs]
9.386: [GC 1729298K->208344K(2193792K), 0.0132630 secs]
12.146: [GC 2060773K->217767K(2194880K), 0.0132860 secs]
12.159: [Full GC 217767K->190022K(2339328K), 0.5906580 secs]
15.602: [GC 2043179K->205829K(2346048K), 0.0096640 secs]
18.448: [GC 2070603K->220085K(2346368K), 0.0185790 secs]
21.459: [GC 2084512K->225859K(2350080K), 0.0174120 secs]
24.413: [GC 2101280K->230028K(2348736K), 0.0199300 secs]
27.278: [GC 2105324K->236081K(2357248K), 0.0199980 secs]
30.013: [GC 2120277K->238633K(2358208K), 0.0792370 secs]
32.890: [GC 2122833K->245421K(2352832K), 0.0324300 secs]
35.659: [GC 2124034K->249557K(2337408K), 0.0264520 secs]
38.414: [GC 2127675K->255096K(2341952K), 0.0400240 secs]
41.284: [GC 2114465K->253205K(2322752K), 0.0277220 secs]
44.109: [GC 2112435K->258832K(2335168K), 0.0296070 secs]
46.804: [GC 2103672K->265863K(2320320K), 0.0316170 secs]
49.511: [GC 2110314K->268834K(2322304K), 0.0338380 secs]
52.125: [GC 2089287K->269925K(2301184K), 0.0336950 secs]
54.921: [GC 2091305K->274781K(2312768K), 0.0351580 secs]
57.718: [GC 2076498K->277994K(2286016K), 0.0367980 secs]
60.498: [GC 2079359K->281104K(2309888K), 0.0368570 secs]
