1.164: [GC 95424K->31576K(365760K), 0.0655160 secs]
1.386: [GC 127000K->65280K(461184K), 0.0973950 secs]
1.786: [GC 256128K->133535K(461184K), 0.0581620 secs]
2.126: [GC 324383K->196138K(652032K), 0.0971390 secs]
2.223: [Full GC 196138K->196129K(822400K), 0.5664320 secs]
3.290: [GC 577825K->242210K(822400K), 0.0599750 secs]
3.582: [GC 623906K->253155K(1069504K), 0.0338280 secs]
3.949: [GC 803939K->266882K(1075008K), 0.0156020 secs]
4.270: [GC 817666K->266962K(1240960K), 0.0177650 secs]
4.616: [GC 1014418K->274876K(1264640K), 0.0177420 secs]
4.876: [GC 1022332K->284621K(1406144K), 0.0391870 secs]
5.260: [GC 1177997K->290468K(1405504K), 0.0208480 secs]
5.643: [GC 1182976K->296588K(1563776K), 0.0246330 secs]
6.065: [GC 1350214K->299385K(1570688K), 0.0260590 secs]
6.522: [GC 1352509K->305944K(1745984K), 0.0284620 secs]
7.098: [GC 1531744K->305535K(1750912K), 0.0279950 secs]
7.590: [GC 1531536K->308617K(1937152K), 0.0304700 secs]
8.198: [GC 1717321K->320048K(1940928K), 0.0304230 secs]
8.857: [GC 1727763K->315830K(2073728K), 0.0297380 secs]
9.520: [GC 1849609K->313828K(2077696K), 0.0261350 secs]
10.188: [GC 1847544K->319719K(2208448K), 0.0407920 secs]
10.938: [GC 1981267K->327856K(2207936K), 0.0342920 secs]
11.678: [GC 1990832K->331043K(2330624K), 0.0284820 secs]
12.443: [GC 2123847K->334202K(2335104K), 0.0274470 secs]
13.209: [GC 2127034K->340093K(2339008K), 0.0266600 secs]
14.010: [GC 2141463K->342864K(2342080K), 0.0284720 secs]
14.838: [GC 2145744K->350988K(2345920K), 0.0330090 secs]
15.667: [GC 2160137K->360608K(2327232K), 0.0360090 secs]
16.499: [GC 2168470K->354525K(2347200K), 0.0390120 secs]
17.367: [GC 2159900K->359457K(2315328K), 0.0346810 secs]
18.162: [GC 2164731K->357581K(2346688K), 0.0304970 secs]
19.017: [GC 2167757K->365122K(2343680K), 0.0340470 secs]
19.908: [GC 2174468K->374254K(2346112K), 0.0427560 secs]
20.726: [GC 2185760K->375708K(2331392K), 0.0298150 secs]
21.538: [GC 2188066K->382789K(2342080K), 0.0416250 secs]
22.389: [GC 2185736K->391735K(2332992K), 0.0315270 secs]
23.242: [GC 2195146K->379474K(2343936K), 0.0369430 secs]
24.066: [GC 2177811K->386724K(2313856K), 0.0299920 secs]
24.837: [GC 2185911K->389476K(2341568K), 0.0336970 secs]
25.596: [GC 2190690K->394157K(2339200K), 0.0371140 secs]
26.403: [GC 2196013K->398105K(2344832K), 0.0358360 secs]
27.223: [GC 2207202K->399164K(2343552K), 0.0443760 secs]
28.013: [GC 2208764K->402879K(2349696K), 0.0525870 secs]
28.827: [GC 2220607K->406731K(2348160K), 0.0484370 secs]
29.676: [GC 2224459K->409098K(2353408K), 0.0365190 secs]
30.482: [GC 2231807K->417904K(2352320K), 0.0548070 secs]
31.297: [GC 2241683K->421070K(2354752K), 0.0398440 secs]
32.186: [GC 2246350K->423671K(2355328K), 0.0378660 secs]
33.050: [GC 2248951K->425922K(2352512K), 0.0511790 secs]
33.878: [GC 2250000K->427736K(2354048K), 0.0471170 secs]
34.639: [GC 2253218K->434698K(2355712K), 0.0419730 secs]
35.456: [GC 2264394K->438798K(2356480K), 0.0539270 secs]
36.305: [GC 2268494K->441111K(2357952K), 0.0346250 secs]
37.144: [GC 2272151K->444261K(2350848K), 0.0370730 secs]
37.976: [GC 2275301K->449063K(2355584K), 0.0828450 secs]
38.934: [GC 2276903K->454663K(2352384K), 0.0366050 secs]
39.818: [GC 2281381K->461138K(2348224K), 0.0396380 secs]
40.696: [GC 2277090K->457497K(2351488K), 0.0362300 secs]
41.510: [GC 2273556K->468181K(2347520K), 0.0643940 secs]
42.324: [GC 2280510K->472855K(2344256K), 0.0452860 secs]
43.158: [GC 2285289K->475758K(2343552K), 0.0805510 secs]
44.041: [GC 2279643K->479308K(2333568K), 0.0547030 secs]
44.897: [GC 2282810K->477195K(2345920K), 0.0505620 secs]
45.731: [GC 2281753K->487840K(2344640K), 0.0799970 secs]
46.601: [GC 2291706K->482060K(2344128K), 0.0373110 secs]
47.425: [GC 2287061K->488615K(2344384K), 0.0878910 secs]
48.326: [GC 2292623K->490750K(2344256K), 0.0496460 secs]
49.139: [GC 2297276K->492386K(2344832K), 0.0346870 secs]
49.951: [GC 2300367K->491453K(2348416K), 0.0487340 secs]
50.818: [GC 2302121K->496733K(2348288K), 0.0453260 secs]
51.721: [GC 2307592K->501731K(2349056K), 0.0384720 secs]
52.556: [GC 2314217K->508488K(2348928K), 0.0400580 secs]
53.351: [GC 2322440K->504040K(2348608K), 0.0964960 secs]
54.268: [GC 2317877K->509813K(2349056K), 0.0406520 secs]
54.309: [Full GC 509813K->235345K(2397952K), 0.7291560 secs]
55.808: [GC 2048761K->252891K(2376960K), 0.0550850 secs]
56.653: [GC 2045727K->258992K(2291456K), 0.0124900 secs]
57.423: [GC 2051766K->268801K(2374720K), 0.0147240 secs]
58.220: [GC 2039888K->272565K(2283776K), 0.0318060 secs]
59.004: [GC 2043495K->278514K(2378112K), 0.0239280 secs]
59.796: [GC 2048872K->286642K(2297024K), 0.0184650 secs]
60.615: [GC 2057287K->292840K(2378240K), 0.0331410 secs]
61.461: [GC 2068493K->294299K(2373824K), 0.0296490 secs]
62.283: [GC 2070537K->297609K(2380928K), 0.0244110 secs]
63.078: [GC 2084539K->313426K(2376832K), 0.0461240 secs]
