0.537: [GC 95424K->59861K(365760K), 0.1001390 secs]
0.725: [GC 155285K->119777K(461184K), 0.0995760 secs]
1.341: [GC 310310K->164314K(461184K), 0.0790960 secs]
2.068: [GC 355162K->167772K(652032K), 0.0151640 secs]
3.100: [GC 548297K->174255K(652032K), 0.0159500 secs]
4.294: [GC 555951K->177476K(1108928K), 0.0704520 secs]
6.714: [GC 940868K->186167K(1108992K), 0.0139330 secs]
8.905: [GC 949273K->192994K(1864000K), 0.0266840 secs]
13.422: [GC 1718572K->207675K(1866880K), 0.0180990 secs]
17.861: [GC 1733332K->219845K(2199232K), 0.0174660 secs]
23.206: [GC 2089157K->230284K(2200896K), 0.0182300 secs]
23.225: [Full GC 230284K->176382K(2317312K), 0.5822440 secs]
29.613: [GC 2045178K->197935K(2325760K), 0.0081160 secs]
35.369: [GC 2078735K->211789K(2327936K), 0.0272650 secs]
41.188: [GC 2093488K->228882K(2327296K), 0.0484320 secs]
47.167: [GC 2115916K->246122K(2329664K), 0.0184760 secs]
52.885: [GC 2133738K->252416K(2319488K), 0.0416530 secs]
58.634: [GC 2125060K->265399K(2319232K), 0.0216390 secs]
