0.529: [GC 95424K->59882K(365760K), 0.0897490 secs]
0.700: [GC 155306K->119822K(461184K), 0.1129800 secs]
1.198: [GC 310394K->164297K(461184K), 0.0484440 secs]
1.654: [GC 354712K->167539K(652032K), 0.0474110 secs]
2.507: [GC 549235K->174427K(652032K), 0.0207850 secs]
3.296: [GC 555747K->178036K(1108736K), 0.0266220 secs]
4.865: [GC 939936K->184312K(1108864K), 0.0279030 secs]
6.236: [GC 946546K->190556K(1865024K), 0.0517600 secs]
9.230: [GC 1717340K->201437K(1867520K), 0.0203060 secs]
12.110: [GC 1727385K->212700K(2198592K), 0.0211570 secs]
15.852: [GC 2079484K->224486K(2200640K), 0.0411090 secs]
15.893: [Full GC 224486K->177575K(2320896K), 0.5869950 secs]
20.399: [GC 2044316K->198078K(2326464K), 0.0171450 secs]
24.369: [GC 2075076K->209339K(2329216K), 0.0151900 secs]
28.359: [GC 2087027K->224609K(2327168K), 0.0126230 secs]
32.394: [GC 2108146K->236566K(2331136K), 0.0274170 secs]
36.501: [GC 2121497K->247568K(2327680K), 0.0206150 secs]
40.440: [GC 2127408K->254074K(2319424K), 0.0209110 secs]
44.484: [GC 2133580K->268615K(2305856K), 0.0318760 secs]
48.501: [GC 2114176K->278501K(2310720K), 0.0273650 secs]
52.420: [GC 2125669K->286985K(2272832K), 0.0302740 secs]
56.273: [GC 2085385K->292109K(2275584K), 0.0524450 secs]
59.952: [GC 2089593K->298939K(2256256K), 0.0415880 secs]
