1.166: [GC 95424K->31588K(365760K), 0.0578460 secs]
1.386: [GC 127012K->64040K(461184K), 0.0723380 secs]
1.779: [GC 254888K->134639K(461184K), 0.1347670 secs]
2.215: [GC 325487K->197234K(652032K), 0.1535750 secs]
2.369: [Full GC 197234K->197199K(820032K), 0.5717890 secs]
3.605: [GC 578895K->227642K(820032K), 0.0289270 secs]
3.859: [GC 609338K->230872K(1064000K), 0.0154230 secs]
4.160: [GC 784216K->233735K(1080384K), 0.0211730 secs]
4.453: [GC 787079K->237957K(1256448K), 0.0151590 secs]
4.818: [GC 997317K->241339K(1281600K), 0.0179610 secs]
5.221: [GC 1000699K->244665K(1392192K), 0.0166650 secs]
5.784: [GC 1141753K->254408K(1411648K), 0.0207330 secs]
6.369: [GC 1151496K->260663K(1526144K), 0.0244040 secs]
7.073: [GC 1291895K->266520K(1539584K), 0.0255380 secs]
7.801: [GC 1296265K->278336K(1672704K), 0.0295060 secs]
8.606: [GC 1440515K->283440K(1677056K), 0.0328560 secs]
9.412: [GC 1447344K->292165K(1817664K), 0.0365060 secs]
10.447: [GC 1591493K->296211K(1824896K), 0.0393870 secs]
11.502: [GC 1595539K->301457K(1923968K), 0.0421640 secs]
12.657: [GC 1692753K->309398K(1931392K), 0.0441100 secs]
13.831: [GC 1700498K->316436K(2034752K), 0.0487740 secs]
15.125: [GC 1802452K->324437K(2040448K), 0.0454030 secs]
16.367: [GC 1810453K->334076K(2141824K), 0.0523270 secs]
17.687: [GC 1914684K->344078K(2149888K), 0.0541040 secs]
19.010: [GC 1924686K->351438K(2259840K), 0.0566090 secs]
20.344: [GC 2032974K->357606K(2268736K), 0.0580180 secs]
21.387: [GC 2039142K->358599K(2273152K), 0.0604530 secs]
22.417: [GC 2035783K->364389K(2226944K), 0.0572400 secs]
23.337: [GC 2041573K->366456K(2268800K), 0.0595200 secs]
24.309: [GC 2028792K->370771K(2210880K), 0.0593670 secs]
25.517: [GC 2032335K->373225K(2268224K), 0.0603050 secs]
26.776: [GC 2030322K->377407K(2268992K), 0.0613890 secs]
28.128: [GC 2034751K->385185K(2267840K), 0.0616170 secs]
29.596: [GC 2039613K->393678K(2214592K), 0.0605680 secs]
30.999: [GC 2049870K->392985K(2266176K), 0.0620510 secs]
32.419: [GC 2043155K->395504K(2201216K), 0.0611910 secs]
33.779: [GC 2047152K->399592K(2266816K), 0.0626220 secs]
34.781: [GC 2054504K->408595K(2263552K), 0.0613600 secs]
35.843: [GC 2063507K->412657K(2269312K), 0.0619550 secs]
36.890: [GC 2073578K->418584K(2266880K), 0.0609580 secs]
37.988: [GC 2081368K->418800K(2272256K), 0.0601290 secs]
39.109: [GC 2092037K->427621K(2271296K), 0.0616460 secs]
40.234: [GC 2101925K->437596K(2279808K), 0.0637160 secs]
41.420: [GC 2122716K->431713K(2280384K), 0.0606090 secs]
42.610: [GC 2116833K->436584K(2283840K), 0.0621450 secs]
43.874: [GC 2128808K->445087K(2283200K), 0.0639560 secs]
45.115: [GC 2137311K->446691K(2288000K), 0.0626140 secs]
46.361: [GC 2144739K->451548K(2288512K), 0.0645980 secs]
47.670: [GC 2149596K->460310K(2288960K), 0.0643130 secs]
48.823: [GC 2159894K->458368K(2254208K), 0.0637910 secs]
49.860: [GC 2157952K->460842K(2291648K), 0.0624080 secs]
50.823: [GC 2164778K->468633K(2288960K), 0.0621110 secs]
51.710: [GC 2171939K->473138K(2292224K), 0.0621720 secs]
52.624: [GC 2180582K->476431K(2291200K), 0.0643870 secs]
53.569: [GC 2185359K->476153K(2295424K), 0.0620740 secs]
54.589: [GC 2193401K->479136K(2295808K), 0.0628680 secs]
55.620: [GC 2196384K->483155K(2300160K), 0.0606230 secs]
56.687: [GC 2208979K->487628K(2300096K), 0.0608140 secs]
57.764: [GC 2213452K->490955K(2304832K), 0.0600630 secs]
59.000: [GC 2224523K->493429K(2304704K), 0.0581540 secs]
60.267: [GC 2226997K->495303K(2308608K), 0.0557750 secs]
61.476: [GC 2233543K->505393K(2308608K), 0.0578710 secs]
62.815: [GC 2243633K->509262K(2309504K), 0.0559830 secs]
