0.543: [GC 95424K->59869K(365760K), 0.0859740 secs]
0.713: [GC 155293K->119793K(461184K), 0.0626940 secs]
1.415: [GC 310641K->168759K(461184K), 0.0996120 secs]
2.217: [GC 358885K->171808K(652032K), 0.0356760 secs]
3.985: [GC 552796K->172366K(652032K), 0.0220410 secs]
5.618: [GC 553974K->175081K(1110272K), 0.0116610 secs]
9.360: [GC 938473K->176502K(1110656K), 0.0496210 secs]
13.006: [GC 939894K->178691K(1871616K), 0.0443460 secs]
20.809: [GC 1705475K->185075K(1872320K), 0.0078140 secs]
28.701: [GC 1711859K->189001K(2195648K), 0.0084010 secs]
39.630: [GC 2042900K->197108K(2196608K), 0.0099630 secs]
49.149: [GC 2051886K->205670K(2199040K), 0.0572970 secs]
58.402: [GC 2069382K->211301K(2200704K), 0.0089250 secs]
58.411: [Full GC 211301K->180311K(2312192K), 0.5953660 secs]
