0.534: [GC 95424K->59890K(365760K), 0.0809110 secs]
0.698: [GC 155314K->119818K(461184K), 0.0708310 secs]
1.236: [GC 310666K->167214K(461184K), 0.0448930 secs]
1.716: [GC 357421K->172397K(652032K), 0.0325460 secs]
2.653: [GC 553068K->175022K(652032K), 0.0109850 secs]
3.447: [GC 556718K->177036K(1110016K), 0.0117410 secs]
5.451: [GC 939607K->180035K(1110144K), 0.0176000 secs]
7.324: [GC 942847K->182644K(1870464K), 0.0082880 secs]
10.711: [GC 1707317K->191247K(1871424K), 0.0070130 secs]
14.168: [GC 1716476K->195743K(2196096K), 0.0262810 secs]
18.147: [GC 2053249K->204073K(2196992K), 0.0124970 secs]
22.141: [GC 2061698K->210847K(2201920K), 0.0091700 secs]
25.935: [GC 2077565K->209480K(2202880K), 0.0076020 secs]
25.942: [Full GC 209480K->178112K(2330432K), 0.5944740 secs]
30.243: [GC 2045552K->191826K(2331968K), 0.0066130 secs]
33.794: [GC 2066626K->197317K(2334720K), 0.0218820 secs]
37.549: [GC 2072766K->201423K(2334144K), 0.0081080 secs]
41.197: [GC 2088312K->207863K(2337344K), 0.0113850 secs]
44.731: [GC 2095183K->211317K(2347328K), 0.0196080 secs]
48.634: [GC 2113581K->216977K(2349120K), 0.0177970 secs]
52.729: [GC 2119542K->226699K(2344512K), 0.0557840 secs]
56.829: [GC 2123797K->229007K(2330432K), 0.0501610 secs]
60.750: [GC 2126447K->232181K(2336320K), 0.0342980 secs]
