1.170: [GC 94866K->30505K(365760K), 0.0539140 secs]
1.386: [GC 125929K->63414K(461184K), 0.0622380 secs]
1.765: [GC 254262K->133965K(461184K), 0.1493150 secs]
2.213: [GC 324813K->196544K(652032K), 0.1058810 secs]
2.319: [Full GC 196544K->196515K(818304K), 0.4573950 secs]
3.386: [GC 578211K->235511K(818304K), 0.0270770 secs]
3.600: [GC 617207K->241899K(1068544K), 0.0119060 secs]
3.894: [GC 802024K->249541K(1084608K), 0.0192570 secs]
4.138: [GC 810565K->252416K(1307968K), 0.0271330 secs]
4.413: [GC 1050816K->254790K(1316160K), 0.0221120 secs]
4.643: [GC 1053190K->258630K(1499840K), 0.0270960 secs]
4.953: [GC 1250822K->259966K(1502592K), 0.0186970 secs]
5.248: [GC 1251904K->260027K(1689280K), 0.0187030 secs]
5.692: [GC 1461009K->266299K(1705920K), 0.0178260 secs]
6.082: [GC 1469179K->268715K(1916864K), 0.0254430 secs]
6.582: [GC 1694670K->273261K(1925568K), 0.0226770 secs]
7.071: [GC 1700205K->276415K(2163712K), 0.0291090 secs]
7.642: [GC 1943952K->281884K(2168256K), 0.0250610 secs]
8.347: [GC 1950556K->287837K(2325632K), 0.0227880 secs]
9.146: [GC 2118429K->292468K(2336896K), 0.0237460 secs]
9.871: [GC 2123060K->303329K(2358208K), 0.0277710 secs]
10.658: [GC 2150369K->305640K(2339264K), 0.0265810 secs]
11.436: [GC 2152680K->316726K(2351616K), 0.0487050 secs]
12.295: [GC 2150966K->317509K(2331456K), 0.0260420 secs]
13.131: [GC 2150800K->325934K(2344704K), 0.0265870 secs]
13.911: [GC 2146337K->325569K(2323136K), 0.0283400 secs]
14.763: [GC 2144892K->338617K(2333504K), 0.0255010 secs]
15.528: [GC 2141369K->340598K(2317760K), 0.0521100 secs]
16.289: [GC 2143350K->343518K(2326080K), 0.0302700 secs]
16.998: [GC 2127326K->352395K(2307840K), 0.0407930 secs]
17.684: [GC 2135442K->353977K(2316032K), 0.0470900 secs]
18.393: [GC 2116421K->350748K(2280320K), 0.0483690 secs]
19.148: [GC 2114076K->356635K(2316480K), 0.0416240 secs]
19.840: [GC 2113930K->358157K(2317952K), 0.0332940 secs]
20.538: [GC 2116776K->363965K(2317376K), 0.0279710 secs]
21.225: [GC 2122429K->363397K(2272448K), 0.0417700 secs]
21.888: [GC 2121861K->365466K(2320128K), 0.0346760 secs]
22.575: [GC 2128602K->373134K(2315904K), 0.0293270 secs]
23.239: [GC 2136270K->378806K(2319552K), 0.0307580 secs]
23.909: [GC 2149098K->384101K(2316416K), 0.0325070 secs]
24.619: [GC 2154661K->384222K(2328384K), 0.0399380 secs]
25.281: [GC 2168940K->390646K(2325440K), 0.0295430 secs]
25.907: [GC 2175926K->395293K(2334016K), 0.0294920 secs]
26.518: [GC 2192029K->399611K(2331200K), 0.0269660 secs]
27.178: [GC 2195907K->401772K(2339456K), 0.0300930 secs]
27.799: [GC 2209516K->406726K(2337152K), 0.0271010 secs]
28.534: [GC 2214470K->412893K(2344064K), 0.0280140 secs]
29.160: [GC 2229661K->412743K(2343360K), 0.0349880 secs]
29.838: [GC 2227900K->422729K(2346240K), 0.0444740 secs]
30.557: [GC 2243061K->427809K(2348096K), 0.0312450 secs]
31.240: [GC 2249010K->422306K(2349504K), 0.0352730 secs]
31.938: [GC 2242021K->433159K(2339392K), 0.0296220 secs]
32.589: [GC 2253959K->433067K(2349440K), 0.0375150 secs]
33.250: [GC 2251735K->435579K(2329280K), 0.0340580 secs]
34.029: [GC 2255017K->443347K(2347200K), 0.0387740 secs]
34.802: [GC 2263117K->449355K(2346560K), 0.0445510 secs]
35.557: [GC 2270219K->452371K(2350784K), 0.0374010 secs]
36.258: [GC 2277157K->451517K(2336896K), 0.0492900 secs]
36.973: [GC 2276294K->460199K(2350528K), 0.0354190 secs]
37.662: [GC 2285552K->458145K(2350400K), 0.0401490 secs]
38.338: [GC 2284577K->466791K(2351744K), 0.0298690 secs]
39.105: [GC 2295631K->476183K(2351936K), 0.0350690 secs]
39.876: [GC 2305111K->476650K(2352832K), 0.0381450 secs]
40.718: [GC 2305172K->480790K(2353088K), 0.0670820 secs]
41.535: [GC 2310330K->486987K(2354112K), 0.0324670 secs]
42.334: [GC 2319115K->487420K(2353920K), 0.0318670 secs]
43.137: [GC 2318169K->490812K(2354752K), 0.0434360 secs]
43.939: [GC 2324860K->497020K(2354560K), 0.0341660 secs]
44.728: [GC 2331068K->504405K(2351232K), 0.0355390 secs]
45.527: [GC 2333396K->512338K(2353472K), 0.0458020 secs]
46.318: [GC 2342098K->513405K(2346560K), 0.0572620 secs]
46.375: [Full GC 513405K->220354K(2375936K), 0.6239920 secs]
47.758: [GC 2043186K->236950K(2289600K), 0.0133680 secs]
48.524: [GC 2058309K->245480K(2352576K), 0.0181500 secs]
49.258: [GC 2029255K->253059K(2266816K), 0.0198760 secs]
50.018: [GC 2036995K->263840K(2355904K), 0.0164330 secs]
50.808: [GC 2040096K->266872K(2272896K), 0.0196700 secs]
51.574: [GC 2043128K->273108K(2357888K), 0.0184780 secs]
52.351: [GC 2052281K->281991K(2291136K), 0.0256760 secs]
53.112: [GC 2061319K->280870K(2356992K), 0.0194790 secs]
53.921: [GC 2066195K->288646K(2352832K), 0.0279960 secs]
54.750: [GC 2074502K->296661K(2361408K), 0.0228390 secs]
55.606: [GC 2095573K->297111K(2360320K), 0.0251280 secs]
56.342: [GC 2096023K->305843K(2370368K), 0.0236120 secs]
57.156: [GC 2115891K->308198K(2348032K), 0.0247580 secs]
57.967: [GC 2118246K->312546K(2365120K), 0.0268370 secs]
58.795: [GC 2111977K->308383K(2338752K), 0.0248950 secs]
59.551: [GC 2108142K->317755K(2362240K), 0.0271290 secs]
60.258: [GC 2111208K->325995K(2339904K), 0.0283900 secs]
61.026: [GC 2118676K->328406K(2360064K), 0.0315490 secs]
61.824: [GC 2114902K->335679K(2334016K), 0.0302270 secs]
62.598: [GC 2122175K->339628K(2356416K), 0.0277760 secs]
