0.533: [GC 95424K->59885K(365760K), 0.0792430 secs]
0.694: [GC 155309K->119825K(461184K), 0.0773600 secs]
1.360: [GC 310436K->164688K(461184K), 0.0756510 secs]
2.098: [GC 355536K->168131K(652032K), 0.0091780 secs]
3.370: [GC 549498K->174094K(652032K), 0.0102980 secs]
4.605: [GC 555671K->178299K(1108608K), 0.0081420 secs]
6.921: [GC 941691K->185800K(1108928K), 0.0097250 secs]
9.045: [GC 948760K->191599K(1864320K), 0.0097560 secs]
13.556: [GC 1718383K->203353K(1867008K), 0.0122190 secs]
17.793: [GC 1730137K->211199K(2200448K), 0.0140500 secs]
23.381: [GC 2079231K->228175K(2201856K), 0.0178950 secs]
23.399: [Full GC 228175K->176881K(2318720K), 0.4880700 secs]
29.624: [GC 2044913K->197107K(2324864K), 0.0517560 secs]
35.525: [GC 2075156K->213239K(2326080K), 0.0145810 secs]
41.335: [GC 2092023K->225503K(2324736K), 0.0105770 secs]
47.285: [GC 2110234K->237421K(2327424K), 0.0154460 secs]
53.315: [GC 2123373K->250853K(2324480K), 0.0175220 secs]
59.100: [GC 2132390K->258474K(2320128K), 0.0196140 secs]
