0.530: [GC 95424K->60472K(365760K), 0.0882750 secs]
0.705: [GC 155896K->122677K(461184K), 0.0988210 secs]
1.224: [GC 311578K->163707K(461184K), 0.0793060 secs]
1.738: [GC 354555K->166994K(652032K), 0.0297270 secs]
2.663: [GC 546778K->173028K(652032K), 0.0318640 secs]
3.538: [GC 552803K->176371K(1110272K), 0.0114970 secs]
5.195: [GC 939426K->183953K(1110848K), 0.0253980 secs]
6.837: [GC 947345K->191835K(1865728K), 0.0248680 secs]
10.232: [GC 1718619K->203510K(1868672K), 0.0211830 secs]
13.498: [GC 1729684K->211401K(2198912K), 0.0373860 secs]
17.488: [GC 2075210K->225059K(2200128K), 0.0251190 secs]
17.513: [Full GC 225059K->174669K(2321088K), 0.6933990 secs]
22.201: [GC 2039175K->193533K(2327936K), 0.0181780 secs]
26.452: [GC 2070141K->204864K(2329024K), 0.0211650 secs]
30.548: [GC 2081102K->219947K(2330880K), 0.0316970 secs]
34.594: [GC 2101202K->229639K(2331392K), 0.0388390 secs]
38.814: [GC 2111943K->238609K(2321536K), 0.0451640 secs]
42.818: [GC 2105974K->250141K(2319616K), 0.0521490 secs]
47.069: [GC 2118323K->258917K(2296704K), 0.0572170 secs]
51.260: [GC 2088541K->268020K(2298560K), 0.0631440 secs]
55.542: [GC 2097780K->275814K(2270400K), 0.0707610 secs]
59.693: [GC 2056663K->284053K(2267264K), 0.0773350 secs]
