1.182: [GC 95424K->31604K(365760K), 0.0538040 secs]
1.400: [GC 127028K->64076K(461184K), 0.0866150 secs]
1.805: [GC 254924K->134643K(461184K), 0.1297330 secs]
2.231: [GC 325491K->197226K(652032K), 0.1586990 secs]
2.390: [Full GC 197226K->197201K(815168K), 0.4678550 secs]
3.509: [GC 578897K->227722K(815168K), 0.0384490 secs]
3.780: [GC 609361K->230832K(1078272K), 0.0149390 secs]
4.128: [GC 804272K->233141K(1095616K), 0.0154630 secs]
4.494: [GC 806581K->238354K(1298048K), 0.0182810 secs]
5.006: [GC 1046546K->242554K(1325568K), 0.0167450 secs]
5.663: [GC 1050746K->252319K(1451200K), 0.0244660 secs]
6.494: [GC 1218463K->262709K(1474368K), 0.0676280 secs]
7.386: [GC 1227434K->266594K(1622528K), 0.0287060 secs]
8.370: [GC 1401698K->272892K(1641728K), 0.0315210 secs]
9.356: [GC 1407996K->281466K(1806464K), 0.0364300 secs]
10.507: [GC 1582730K->295265K(1814592K), 0.0430020 secs]
11.593: [GC 1596961K->296175K(1995904K), 0.0440240 secs]
12.808: [GC 1770799K->302890K(2002880K), 0.0479350 secs]
14.128: [GC 1777514K->313284K(2127872K), 0.0520640 secs]
15.550: [GC 1905028K->324499K(2137792K), 0.0593530 secs]
16.678: [GC 1916243K->330235K(2273792K), 0.0611330 secs]
17.972: [GC 2046075K->342184K(2282112K), 0.0618980 secs]
19.351: [GC 2058024K->349515K(2273984K), 0.0634790 secs]
20.718: [GC 2046923K->350554K(2239296K), 0.0644910 secs]
22.045: [GC 2047962K->358057K(2263104K), 0.0654540 secs]
23.186: [GC 2026542K->366264K(2222464K), 0.0686790 secs]
24.288: [GC 2035640K->365343K(2256320K), 0.0697060 secs]
25.347: [GC 2013471K->366716K(2193152K), 0.0672090 secs]
26.464: [GC 2013819K->371827K(2256896K), 0.0686080 secs]
27.569: [GC 2015504K->373040K(2185344K), 0.0672870 secs]
28.766: [GC 2017328K->381991K(2257216K), 0.0704790 secs]
30.119: [GC 2027879K->389926K(2256320K), 0.0700170 secs]
31.567: [GC 2035814K->391723K(2258432K), 0.0710990 secs]
33.007: [GC 2041771K->396068K(2259008K), 0.0683380 secs]
34.452: [GC 2046116K->396939K(2254976K), 0.0685450 secs]
35.894: [GC 2052491K->405522K(2257472K), 0.0721150 secs]
37.375: [GC 2061074K->405985K(2260864K), 0.0763930 secs]
38.876: [GC 2074977K->416355K(2265216K), 0.0735060 secs]
40.288: [GC 2085347K->419873K(2272512K), 0.0742720 secs]
41.721: [GC 2099105K->433592K(2238720K), 0.0773530 secs]
43.242: [GC 2112824K->435014K(2273664K), 0.0762310 secs]
44.769: [GC 2111430K->440032K(2231616K), 0.0765190 secs]
46.325: [GC 2116448K->442218K(2273792K), 0.0761070 secs]
47.767: [GC 2117238K->446344K(2273344K), 0.0766690 secs]
49.090: [GC 2123208K->454668K(2270656K), 0.0783260 secs]
50.540: [GC 2128908K->448307K(2229376K), 0.0759310 secs]
51.980: [GC 2122547K->459640K(2271488K), 0.0801600 secs]
53.462: [GC 2134904K->469372K(2244992K), 0.0832660 secs]
55.017: [GC 2144636K->468466K(2269376K), 0.0811380 secs]
56.468: [GC 2137970K->473035K(2238848K), 0.0833100 secs]
58.011: [GC 2142539K->474546K(2269376K), 0.0832630 secs]
59.460: [GC 2141938K->479516K(2234368K), 0.0834620 secs]
60.995: [GC 2146908K->485755K(2269696K), 0.0847890 secs]
62.465: [GC 2154363K->487750K(2231936K), 0.0813880 secs]
