0.542: [GC 95424K->59889K(365760K), 0.0738940 secs]
0.703: [GC 155313K->119833K(461184K), 0.0914570 secs]
1.106: [GC 308905K->164287K(461184K), 0.0484730 secs]
1.402: [GC 355088K->167278K(652032K), 0.0229840 secs]
1.917: [GC 548268K->176839K(652032K), 0.0235120 secs]
2.413: [GC 557991K->186979K(1105472K), 0.0118390 secs]
3.438: [GC 948459K->203141K(1106880K), 0.0187120 secs]
4.373: [GC 965243K->218680K(1861632K), 0.0181360 secs]
6.434: [GC 1745040K->245037K(1863360K), 0.0252470 secs]
8.244: [GC 1771171K->260513K(2202688K), 0.0356220 secs]
8.279: [Full GC 260513K->176593K(2334848K), 0.5916410 secs]
11.106: [GC 2036157K->206658K(2277568K), 0.0187380 secs]
13.235: [GC 2066727K->240821K(2330624K), 0.0612590 secs]
15.463: [GC 2097510K->257203K(2324672K), 0.0326610 secs]
17.668: [GC 2113614K->275078K(2299584K), 0.0299120 secs]
19.834: [GC 2090614K->291888K(2287360K), 0.0362920 secs]
22.004: [GC 2106969K->305833K(2289088K), 0.0283660 secs]
24.125: [GC 2092922K->315032K(2281920K), 0.0300320 secs]
26.222: [GC 2100945K->326971K(2262464K), 0.0331920 secs]
28.241: [GC 2067040K->331535K(2252224K), 0.0339480 secs]
30.236: [GC 2071970K->336878K(2241216K), 0.0353240 secs]
32.219: [GC 2030574K->348013K(2223168K), 0.0383600 secs]
34.183: [GC 2043450K->351970K(2216960K), 0.0388250 secs]
36.127: [GC 1997805K->357215K(2184384K), 0.0397170 secs]
38.038: [GC 2004302K->355869K(2202560K), 0.0397460 secs]
39.908: [GC 1966676K->361225K(2152000K), 0.0405210 secs]
41.773: [GC 1972131K->359174K(2193408K), 0.0398240 secs]
43.620: [GC 1945772K->363781K(2130368K), 0.0413470 secs]
45.470: [GC 1950467K->359979K(2191360K), 0.0398900 secs]
47.311: [GC 1935478K->362700K(2192320K), 0.0407750 secs]
49.135: [GC 1937430K->367866K(2192256K), 0.0416230 secs]
50.958: [GC 1943349K->375656K(2120448K), 0.0421560 secs]
52.815: [GC 1950655K->375980K(2191488K), 0.0416810 secs]
54.708: [GC 1949783K->379130K(2118912K), 0.0423690 secs]
56.553: [GC 1951598K->379677K(2192320K), 0.0420610 secs]
58.433: [GC 1953381K->380091K(2117376K), 0.0431420 secs]
60.294: [GC 1953580K->382084K(2192128K), 0.0416590 secs]
