0.544: [GC 95424K->59882K(365760K), 0.0947190 secs]
0.727: [GC 155306K->119826K(461184K), 0.1139630 secs]
1.140: [GC 309131K->164203K(461184K), 0.0440960 secs]
1.406: [GC 354701K->166977K(652032K), 0.0096630 secs]
1.893: [GC 547787K->175377K(652032K), 0.0105010 secs]
2.357: [GC 555930K->183193K(1106560K), 0.0089850 secs]
3.356: [GC 944977K->196497K(1107584K), 0.0136740 secs]
4.251: [GC 958186K->212942K(1859328K), 0.0160150 secs]
6.283: [GC 1738893K->243934K(1862976K), 0.0240380 secs]
8.078: [GC 1769161K->262559K(2193856K), 0.0276450 secs]
10.316: [GC 2113466K->277978K(2198016K), 0.0346650 secs]
10.351: [Full GC 277978K->170739K(2324480K), 0.4683220 secs]
12.919: [GC 2020685K->202679K(2319168K), 0.0114510 secs]
15.148: [GC 2055417K->225207K(2322752K), 0.0179740 secs]
17.345: [GC 2078903K->249406K(2313664K), 0.0235010 secs]
19.536: [GC 2094878K->269743K(2321536K), 0.0292810 secs]
21.772: [GC 2114901K->285438K(2283008K), 0.0343870 secs]
23.942: [GC 2090804K->302776K(2289408K), 0.0290510 secs]
26.134: [GC 2108626K->316919K(2264576K), 0.0322350 secs]
28.216: [GC 2073866K->322516K(2260864K), 0.0326210 secs]
30.292: [GC 2081236K->333930K(2236608K), 0.0705060 secs]
32.310: [GC 2036768K->341905K(2225856K), 0.0490700 secs]
34.351: [GC 2045824K->341485K(2214848K), 0.0403880 secs]
36.299: [GC 1995413K->348871K(2182528K), 0.0400480 secs]
38.260: [GC 2001214K->355255K(2193024K), 0.0408540 secs]
40.138: [GC 1963539K->356854K(2146624K), 0.0413220 secs]
42.034: [GC 1965252K->359420K(2180224K), 0.0415320 secs]
43.874: [GC 1935211K->363634K(2121024K), 0.0423080 secs]
45.736: [GC 1939585K->362166K(2172288K), 0.0417850 secs]
47.588: [GC 1915960K->361758K(2094208K), 0.0425050 secs]
49.454: [GC 1916376K->365172K(2174464K), 0.0425750 secs]
51.295: [GC 1915690K->369611K(2092480K), 0.0424140 secs]
53.163: [GC 1919730K->366164K(2177728K), 0.0412920 secs]
55.053: [GC 1920368K->371600K(2092800K), 0.0420130 secs]
56.917: [GC 1925860K->370696K(2176384K), 0.0420060 secs]
58.788: [GC 1927904K->372719K(2172800K), 0.0420470 secs]
60.649: [GC 1930539K->373890K(2179584K), 0.0420220 secs]
