1.146: [GC 94827K->30493K(365760K), 0.0559890 secs]
1.361: [GC 125917K->63162K(461184K), 0.0823220 secs]
1.736: [GC 254010K->130869K(461184K), 0.0833030 secs]
2.099: [GC 321717K->193472K(652032K), 0.1662140 secs]
2.265: [Full GC 193472K->193441K(815424K), 0.5475970 secs]
3.500: [GC 574118K->233117K(815424K), 0.0390560 secs]
3.773: [GC 614181K->245807K(1057152K), 0.0196130 secs]
4.133: [GC 801327K->258538K(1072896K), 0.0182870 secs]
4.467: [GC 814058K->266235K(1257728K), 0.0281290 secs]
4.944: [GC 1033793K->273908K(1276736K), 0.0300310 secs]
5.377: [GC 1041977K->285689K(1423680K), 0.0290970 secs]
5.922: [GC 1207737K->289510K(1430976K), 0.0235560 secs]
6.459: [GC 1211558K->300067K(1593792K), 0.0857900 secs]
7.144: [GC 1381514K->307569K(1600256K), 0.0526610 secs]
7.798: [GC 1388827K->311232K(1808512K), 0.0429820 secs]
8.540: [GC 1593088K->324997K(1816000K), 0.0337510 secs]
9.265: [GC 1606853K->331963K(2029504K), 0.0351830 secs]
10.123: [GC 1815525K->349336K(2040704K), 0.0399290 secs]
10.988: [GC 1832839K->357990K(2187072K), 0.0418570 secs]
11.895: [GC 1973015K->365945K(2202432K), 0.0423970 secs]
12.829: [GC 1981077K->371561K(2247232K), 0.0455840 secs]
13.771: [GC 2014844K->378165K(2212288K), 0.0393220 secs]
14.711: [GC 2021679K->389853K(2229824K), 0.0427360 secs]
15.667: [GC 1995795K->397757K(2184768K), 0.0410730 secs]
16.599: [GC 2004644K->401196K(2219392K), 0.0417220 secs]
17.521: [GC 1977882K->402131K(2153088K), 0.0425160 secs]
18.449: [GC 1978686K->408407K(2216384K), 0.0430900 secs]
19.347: [GC 1974871K->406303K(2218944K), 0.0398550 secs]
20.258: [GC 1971521K->409046K(2214656K), 0.0411510 secs]
21.148: [GC 1975370K->415589K(2217280K), 0.0444610 secs]
22.059: [GC 1981542K->424194K(2219648K), 0.0446260 secs]
22.984: [GC 1992773K->426412K(2220864K), 0.0446920 secs]
23.883: [GC 1996716K->432023K(2220160K), 0.0443320 secs]
24.778: [GC 2000375K->435739K(2220544K), 0.0453200 secs]
25.677: [GC 2003472K->440840K(2219520K), 0.0460010 secs]
26.593: [GC 2009368K->446565K(2220096K), 0.0447150 secs]
27.468: [GC 2014860K->447213K(2216448K), 0.0447390 secs]
28.403: [GC 2018082K->448977K(2218944K), 0.0461630 secs]
29.332: [GC 2018857K->450836K(2218048K), 0.0450850 secs]
30.232: [GC 2029344K->461442K(2220736K), 0.0458240 secs]
31.160: [GC 2040630K->457186K(2221504K), 0.0459790 secs]
32.082: [GC 2045149K->460040K(2225920K), 0.0432900 secs]
33.010: [GC 2048019K->459551K(2224576K), 0.0430530 secs]
33.935: [GC 2060359K->462183K(2229440K), 0.0438770 secs]
34.858: [GC 2064551K->461250K(2237376K), 0.0430240 secs]
35.824: [GC 2083190K->472381K(2240640K), 0.0437040 secs]
36.779: [GC 2094228K->470459K(2248128K), 0.0404960 secs]
37.718: [GC 2110236K->479698K(2250112K), 0.0433660 secs]
38.688: [GC 2118497K->481189K(2256512K), 0.0436660 secs]
39.645: [GC 2134899K->478254K(2257984K), 0.0413970 secs]
40.637: [GC 2130972K->484742K(2263744K), 0.0415730 secs]
41.641: [GC 2150027K->499724K(2265792K), 0.0459310 secs]
42.629: [GC 2165463K->497329K(2269504K), 0.0432460 secs]
43.611: [GC 2168100K->497778K(2270656K), 0.0439260 secs]
44.612: [GC 2169826K->506589K(2272512K), 0.0442340 secs]
45.618: [GC 2182052K->513098K(2271872K), 0.0436380 secs]
46.572: [GC 2190026K->514114K(2274688K), 0.0457160 secs]
47.570: [GC 2194448K->518416K(2275392K), 0.0447860 secs]
48.598: [GC 2198040K->527100K(2275584K), 0.0457160 secs]
49.576: [GC 2208456K->531794K(2265664K), 0.0459220 secs]
50.565: [GC 2212890K->534923K(2273216K), 0.0458210 secs]
51.581: [GC 2212052K->532682K(2274304K), 0.0451910 secs]
52.547: [GC 2209279K->534046K(2270592K), 0.0444660 secs]
53.557: [GC 2211640K->536602K(2272704K), 0.0447330 secs]
54.511: [GC 2213861K->545644K(2276288K), 0.0440130 secs]
55.500: [GC 2226949K->543206K(2260480K), 0.0449040 secs]
56.477: [GC 2225046K->547425K(2277824K), 0.0435570 secs]
57.492: [GC 2232599K->549268K(2276608K), 0.0454190 secs]
58.490: [GC 2234038K->555982K(2279168K), 0.0457580 secs]
59.526: [GC 2245262K->560187K(2278400K), 0.0456370 secs]
60.501: [GC 2248654K->563011K(2281152K), 0.0443470 secs]
61.477: [GC 2255801K->567815K(2281088K), 0.0472620 secs]
62.484: [GC 2261039K->573517K(2283072K), 0.0441320 secs]
