0.539: [GC 95424K->59889K(365760K), 0.0902480 secs]
0.714: [GC 155313K->119821K(461184K), 0.0754710 secs]
1.220: [GC 308759K->165896K(461184K), 0.0677810 secs]
1.605: [GC 356589K->170144K(652032K), 0.0122220 secs]
2.376: [GC 549902K->176334K(652032K), 0.0198440 secs]
3.139: [GC 556815K->183374K(1107520K), 0.0156110 secs]
4.862: [GC 946241K->196660K(1108352K), 0.0174200 secs]
6.447: [GC 959630K->207338K(1858880K), 0.0181230 secs]
9.473: [GC 1733465K->219977K(1863232K), 0.0179490 secs]
12.443: [GC 1745090K->236205K(2200064K), 0.0242140 secs]
12.468: [Full GC 236205K->177389K(2324480K), 0.5012310 secs]
17.036: [GC 2051712K->203353K(2329216K), 0.0174730 secs]
21.003: [GC 2076219K->225313K(2337024K), 0.0183500 secs]
25.016: [GC 2109157K->248435K(2335104K), 0.0252460 secs]
29.150: [GC 2133108K->262776K(2307072K), 0.0249080 secs]
33.215: [GC 2110711K->282184K(2305152K), 0.0301980 secs]
37.043: [GC 2130888K->288676K(2300224K), 0.0237950 secs]
41.277: [GC 2110140K->301825K(2297664K), 0.0269500 secs]
45.211: [GC 2121812K->313364K(2271168K), 0.0294360 secs]
49.213: [GC 2088553K->324293K(2273920K), 0.0320130 secs]
52.975: [GC 2097964K->326715K(2242816K), 0.0329360 secs]
56.689: [GC 2048314K->335542K(2233088K), 0.0345610 secs]
60.411: [GC 2058236K->344211K(2219456K), 0.0368630 secs]
