0.553: [GC 95424K->59890K(365760K), 0.0820320 secs]
0.721: [GC 155314K->119846K(461184K), 0.0630440 secs]
1.170: [GC 310694K->166023K(461184K), 0.0369590 secs]
1.446: [GC 356871K->170382K(652032K), 0.0231270 secs]
2.036: [GC 551708K->175851K(652032K), 0.0251100 secs]
2.672: [GC 556363K->181385K(1108352K), 0.0129430 secs]
3.920: [GC 944188K->189596K(1108864K), 0.0223980 secs]
4.996: [GC 951035K->199280K(1862336K), 0.0165210 secs]
7.333: [GC 1724891K->217824K(1865856K), 0.0313890 secs]
9.533: [GC 1743237K->228593K(2197824K), 0.0303370 secs]
12.383: [GC 2096720K->248297K(2201984K), 0.0335470 secs]
12.417: [Full GC 248297K->177641K(2334848K), 0.5869900 secs]
15.698: [GC 2045377K->204847K(2339904K), 0.0164360 secs]
18.518: [GC 2085420K->229325K(2343424K), 0.0311340 secs]
21.541: [GC 2110441K->245264K(2333760K), 0.0395140 secs]
24.258: [GC 2115670K->254182K(2334464K), 0.0427420 secs]
26.980: [GC 2122849K->267462K(2305920K), 0.0709800 secs]
29.825: [GC 2097401K->278891K(2294208K), 0.0524290 secs]
32.469: [GC 2107600K->287664K(2302336K), 0.0475070 secs]
35.085: [GC 2094017K->297851K(2290752K), 0.0526420 secs]
37.748: [GC 2104778K->301751K(2283392K), 0.0567650 secs]
40.287: [GC 2074575K->311332K(2269824K), 0.0598780 secs]
42.801: [GC 2084113K->315032K(2263488K), 0.0617700 secs]
45.410: [GC 2048922K->323379K(2243584K), 0.0677770 secs]
47.913: [GC 2058291K->330648K(2241536K), 0.0709460 secs]
50.399: [GC 2024034K->334625K(2213632K), 0.0729840 secs]
52.972: [GC 2026476K->340277K(2223808K), 0.0753870 secs]
55.493: [GC 1995297K->340817K(2182016K), 0.0748280 secs]
57.916: [GC 1995117K->341805K(2214528K), 0.0752830 secs]
60.313: [GC 1969992K->349425K(2159936K), 0.0790530 secs]
