1.163: [GC 95424K->31600K(365760K), 0.0583750 secs]
1.378: [GC 127024K->65368K(461184K), 0.1064220 secs]
1.785: [GC 256216K->133095K(461184K), 0.0654830 secs]
2.133: [GC 323943K->195666K(652032K), 0.1648100 secs]
2.298: [Full GC 195666K->195658K(813120K), 0.4583170 secs]
3.506: [GC 577354K->228788K(813120K), 0.0390240 secs]
3.775: [GC 608819K->236085K(1072704K), 0.0176750 secs]
4.067: [GC 807349K->245465K(1088832K), 0.0215960 secs]
4.349: [GC 816729K->253877K(1297728K), 0.0184730 secs]
4.758: [GC 1065435K->264004K(1322688K), 0.0330300 secs]
5.139: [GC 1077316K->267356K(1505344K), 0.0387090 secs]
5.673: [GC 1272361K->274332K(1510016K), 0.0337230 secs]
6.175: [GC 1280092K->281644K(1710784K), 0.0292780 secs]
6.798: [GC 1495404K->292051K(1722048K), 0.0650890 secs]
7.438: [GC 1505811K->296224K(1953408K), 0.0271830 secs]
8.153: [GC 1742530K->305231K(1968832K), 0.0292690 secs]
8.872: [GC 1753295K->314451K(2215552K), 0.0316800 secs]
9.717: [GC 2000979K->324498K(2225472K), 0.0330410 secs]
10.561: [GC 2009172K->330840K(2293504K), 0.0356160 secs]
11.431: [GC 2073944K->349359K(2295104K), 0.0370770 secs]
12.314: [GC 2091013K->350973K(2262208K), 0.0384780 secs]
13.201: [GC 2041469K->357905K(2241920K), 0.0360400 secs]
14.089: [GC 2046689K->371794K(2245888K), 0.0403920 secs]
14.984: [GC 2017979K->375977K(2212544K), 0.0405750 secs]
15.858: [GC 2021817K->382246K(2231680K), 0.0403070 secs]
16.761: [GC 1993548K->386037K(2179136K), 0.0417050 secs]
17.635: [GC 1997740K->389029K(2224640K), 0.0438510 secs]
18.511: [GC 1980325K->391211K(2158336K), 0.0397480 secs]
19.375: [GC 1981086K->394834K(2223808K), 0.0409300 secs]
20.265: [GC 1976496K->400854K(2152320K), 0.0417430 secs]
21.138: [GC 1984086K->408372K(2219456K), 0.0409190 secs]
22.054: [GC 1984692K->403208K(2140928K), 0.0404180 secs]
22.955: [GC 1979207K->415221K(2221376K), 0.0429690 secs]
23.832: [GC 1992977K->415471K(2221184K), 0.0421310 secs]
24.695: [GC 1993336K->416183K(2214912K), 0.0415570 secs]
25.612: [GC 1998664K->419853K(2218496K), 0.0412730 secs]
26.510: [GC 2003533K->427294K(2224768K), 0.0408680 secs]
27.450: [GC 2028674K->426089K(2227520K), 0.0391860 secs]
28.367: [GC 2028319K->433382K(2235648K), 0.0413200 secs]
29.315: [GC 2057254K->440564K(2236544K), 0.0421020 secs]
30.206: [GC 2062795K->447925K(2251712K), 0.0413950 secs]
31.058: [GC 2092663K->447353K(2251392K), 0.0409680 secs]
31.912: [GC 2092010K->447193K(2255552K), 0.0400790 secs]
32.800: [GC 2104988K->462301K(2255616K), 0.0411360 secs]
33.682: [GC 2119405K->454939K(2262016K), 0.0406390 secs]
34.593: [GC 2126532K->458797K(2265344K), 0.0403020 secs]
35.507: [GC 2128855K->462927K(2266432K), 0.0398760 secs]
36.442: [GC 2144725K->470250K(2269760K), 0.0417520 secs]
37.371: [GC 2152640K->481082K(2279680K), 0.0417730 secs]
38.308: [GC 2175458K->481157K(2280704K), 0.0418100 secs]
39.272: [GC 2175749K->487683K(2280704K), 0.0431890 secs]
40.140: [GC 2182655K->484314K(2254144K), 0.0414610 secs]
41.070: [GC 2177773K->487582K(2280768K), 0.0402650 secs]
42.024: [GC 2184035K->502386K(2278784K), 0.0435730 secs]
42.974: [GC 2200178K->501352K(2285056K), 0.0411400 secs]
43.957: [GC 2203194K->495522K(2256832K), 0.0411460 secs]
44.907: [GC 2196858K->503658K(2285120K), 0.0409150 secs]
45.852: [GC 2206346K->511283K(2283136K), 0.0419340 secs]
46.862: [GC 2214395K->514606K(2286784K), 0.0417420 secs]
47.846: [GC 2222959K->515561K(2285568K), 0.0408270 secs]
48.809: [GC 2223354K->515068K(2287872K), 0.0401110 secs]
49.779: [GC 2227218K->526371K(2287552K), 0.0397950 secs]
50.755: [GC 2237572K->530663K(2290688K), 0.0416280 secs]
51.724: [GC 2247854K->537060K(2290240K), 0.0421960 secs]
52.687: [GC 2254517K->537101K(2293696K), 0.0404340 secs]
53.663: [GC 2258942K->539174K(2293568K), 0.0389430 secs]
54.624: [GC 2260197K->547004K(2293888K), 0.0420500 secs]
55.608: [GC 2271804K->543264K(2294592K), 0.0398010 secs]
56.542: [GC 2266890K->551447K(2295360K), 0.0408910 secs]
56.583: [Full GC 551447K->209067K(2319744K), 0.6141790 secs]
58.112: [GC 1935489K->234620K(2192768K), 0.0233610 secs]
58.973: [GC 1961409K->252147K(2282176K), 0.0156500 secs]
59.862: [GC 1922291K->262394K(2163456K), 0.0183820 secs]
60.734: [GC 1932538K->278272K(2286528K), 0.0229540 secs]
61.659: [GC 1935896K->295146K(2184256K), 0.0263130 secs]
62.555: [GC 1952357K->304657K(2289216K), 0.0273410 secs]
