0.537: [GC 95424K->59869K(365760K), 0.0747070 secs]
0.695: [GC 155293K->119817K(461184K), 0.1130020 secs]
1.321: [GC 310553K->163629K(461184K), 0.0370790 secs]
1.927: [GC 353381K->169234K(652032K), 0.0110880 secs]
3.008: [GC 549868K->178221K(652032K), 0.0564010 secs]
4.329: [GC 558768K->186123K(1106624K), 0.0111180 secs]
6.577: [GC 948382K->196561K(1107328K), 0.0515320 secs]
8.998: [GC 958173K->203761K(1860032K), 0.0444920 secs]
14.058: [GC 1729736K->224048K(1863680K), 0.0358750 secs]
19.158: [GC 1750832K->239958K(2203200K), 0.0301450 secs]
25.638: [GC 2114006K->259301K(2205696K), 0.0481520 secs]
25.686: [Full GC 259301K->176569K(2318912K), 0.4814750 secs]
31.959: [GC 2050617K->204673K(2322624K), 0.0119900 secs]
38.315: [GC 2086913K->227756K(2324864K), 0.0324310 secs]
44.663: [GC 2109996K->256777K(2322432K), 0.0370410 secs]
51.053: [GC 2144585K->275106K(2325568K), 0.0259090 secs]
57.283: [GC 2162914K->301285K(2327872K), 0.0200710 secs]
