0.535: [GC 95424K->59874K(365760K), 0.0791630 secs]
0.699: [GC 155298K->119798K(461184K), 0.1058570 secs]
1.263: [GC 310646K->163484K(461184K), 0.0783380 secs]
1.825: [GC 353197K->169230K(652032K), 0.0448480 secs]
2.774: [GC 550670K->178105K(652032K), 0.0191140 secs]
3.799: [GC 559241K->185289K(1107008K), 0.0229390 secs]
5.830: [GC 948681K->196469K(1107520K), 0.0194660 secs]
7.899: [GC 958352K->206771K(1858880K), 0.0151890 secs]
12.156: [GC 1732687K->227565K(1863232K), 0.0268970 secs]
16.378: [GC 1754349K->242658K(2203904K), 0.0430900 secs]
16.421: [Full GC 242658K->173974K(2318336K), 0.5720750 secs]
21.921: [GC 2046806K->203110K(2321024K), 0.0237880 secs]
27.045: [GC 2075133K->228851K(2319488K), 0.0244820 secs]
32.172: [GC 2107187K->256195K(2323008K), 0.0534050 secs]
37.423: [GC 2134531K->274000K(2305280K), 0.0304140 secs]
42.533: [GC 2130512K->287111K(2315008K), 0.0266590 secs]
47.873: [GC 2143623K->302880K(2280448K), 0.0344550 secs]
52.956: [GC 2124832K->317213K(2282880K), 0.0267110 secs]
58.013: [GC 2139165K->331495K(2264640K), 0.0301160 secs]
