1.168: [GC 95424K->31588K(365760K), 0.0972100 secs]
1.423: [GC 127012K->64064K(461184K), 0.0819190 secs]
1.820: [GC 254912K->131835K(461184K), 0.0694840 secs]
2.184: [GC 322683K->194422K(652032K), 0.0970150 secs]
2.281: [Full GC 194422K->194398K(816000K), 0.4648520 secs]
3.556: [GC 576094K->223795K(816000K), 0.0221080 secs]
3.980: [GC 605491K->225745K(1047232K), 0.0107950 secs]
4.551: [GC 771194K->230553K(1068480K), 0.0122630 secs]
5.190: [GC 776330K->235677K(1210560K), 0.0140220 secs]
6.041: [GC 960349K->245990K(1241152K), 0.0162430 secs]
6.768: [GC 970662K->250585K(1317888K), 0.0163890 secs]
7.734: [GC 1082137K->256512K(1337920K), 0.0178100 secs]
8.700: [GC 1088064K->262707K(1442048K), 0.0648700 secs]
9.838: [GC 1199527K->268722K(1442176K), 0.0186800 secs]
10.959: [GC 1206642K->270636K(1549760K), 0.0368050 secs]
12.207: [GC 1315244K->278505K(1552960K), 0.0240570 secs]
13.511: [GC 1323113K->284658K(1654336K), 0.0268100 secs]
15.118: [GC 1426354K->299882K(1659904K), 0.0281510 secs]
16.714: [GC 1441578K->301934K(1725248K), 0.0286530 secs]
18.398: [GC 1499118K->306942K(1733824K), 0.0304980 secs]
20.057: [GC 1504126K->311267K(1795968K), 0.0306900 secs]
21.405: [GC 1562019K->315895K(1800576K), 0.0276340 secs]
22.696: [GC 1566647K->321135K(1857792K), 0.0295510 secs]
24.174: [GC 1624175K->327159K(1862464K), 0.0294340 secs]
25.855: [GC 1630199K->336226K(1920896K), 0.0325550 secs]
27.586: [GC 1693218K->338755K(1925568K), 0.0284100 secs]
29.223: [GC 1695747K->342783K(1969280K), 0.0316390 secs]
30.999: [GC 1740223K->345709K(1971456K), 0.0305670 secs]
33.100: [GC 1742601K->350185K(2013248K), 0.0328700 secs]
35.355: [GC 1788265K->359517K(2014336K), 0.0338310 secs]
37.684: [GC 1797597K->366528K(2054464K), 0.0351270 secs]
40.008: [GC 1840822K->377576K(2057152K), 0.0362420 secs]
42.227: [GC 1853096K->381440K(2097600K), 0.0379180 secs]
44.380: [GC 1891760K->389926K(2101376K), 0.0384940 secs]
46.522: [GC 1900347K->397064K(2135808K), 0.0390180 secs]
48.770: [GC 1937992K->399889K(2140288K), 0.0377220 secs]
51.188: [GC 1940817K->406687K(2174912K), 0.0383840 secs]
53.342: [GC 1980831K->411624K(2177088K), 0.0392160 secs]
55.230: [GC 1985768K->416560K(2213440K), 0.0398020 secs]
57.345: [GC 2025392K->422029K(2214912K), 0.0394900 secs]
59.445: [GC 2030861K->423904K(2255168K), 0.0389140 secs]
61.860: [GC 2071712K->424894K(2255296K), 0.0391530 secs]
