0.554: [GC 95424K->59869K(365760K), 0.0866220 secs]
0.728: [GC 155293K->119805K(461184K), 0.0980940 secs]
1.367: [GC 310338K->164723K(461184K), 0.0735100 secs]
2.030: [GC 354349K->167962K(652032K), 0.0500360 secs]
3.207: [GC 547854K->174594K(652032K), 0.0338180 secs]
4.270: [GC 556115K->177258K(1108928K), 0.0100050 secs]
6.431: [GC 938882K->184941K(1109056K), 0.0219780 secs]
8.702: [GC 948205K->191704K(1864640K), 0.0191690 secs]
13.140: [GC 1718107K->206798K(1867520K), 0.0507150 secs]
17.479: [GC 1733326K->216718K(2198720K), 0.0175500 secs]
22.672: [GC 2084110K->235142K(2200256K), 0.0280200 secs]
22.700: [Full GC 235142K->177243K(2312768K), 0.4864170 secs]
28.936: [GC 2044265K->205682K(2319872K), 0.0159130 secs]
35.083: [GC 2087090K->220872K(2321600K), 0.0215940 secs]
40.802: [GC 2102280K->234177K(2326912K), 0.0230120 secs]
46.865: [GC 2124155K->251896K(2328128K), 0.0195540 secs]
52.642: [GC 2142924K->263458K(2329344K), 0.0254390 secs]
58.642: [GC 2157602K->275485K(2322880K), 0.0313350 secs]
