0.537: [GC 95424K->60488K(365760K), 0.0783390 secs]
0.704: [GC 155912K->122693K(461184K), 0.1119040 secs]
1.277: [GC 313541K->164009K(461184K), 0.0732010 secs]
1.717: [GC 353938K->167139K(652032K), 0.0227580 secs]
2.609: [GC 548835K->173449K(652032K), 0.0232950 secs]
3.465: [GC 554543K->177357K(1110080K), 0.0321220 secs]
5.123: [GC 940097K->181703K(1110720K), 0.0209520 secs]
6.935: [GC 944620K->189621K(1867072K), 0.0169330 secs]
10.327: [GC 1715435K->204000K(1869632K), 0.0168810 secs]
13.578: [GC 1730784K->215173K(2195712K), 0.0164340 secs]
17.741: [GC 2078250K->229580K(2197760K), 0.0216840 secs]
17.762: [Full GC 229580K->173963K(2321728K), 0.6921720 secs]
22.573: [GC 2036923K->195983K(2330048K), 0.0166350 secs]
26.809: [GC 2073437K->207169K(2332288K), 0.0197350 secs]
30.782: [GC 2084250K->219703K(2335744K), 0.0294160 secs]
34.996: [GC 2105207K->229136K(2336384K), 0.0300760 secs]
39.138: [GC 2114617K->239145K(2324928K), 0.0361820 secs]
43.234: [GC 2109481K->246241K(2321088K), 0.0253480 secs]
47.384: [GC 2116402K->257162K(2303488K), 0.0345450 secs]
51.335: [GC 2091256K->268120K(2307264K), 0.0363570 secs]
55.535: [GC 2102744K->271836K(2273856K), 0.0288370 secs]
59.586: [GC 2060380K->281120K(2274176K), 0.0315030 secs]
