1.165: [GC 95424K->31616K(365760K), 0.1011250 secs]
1.422: [GC 127040K->65356K(461184K), 0.0855800 secs]
1.802: [GC 256204K->133563K(461184K), 0.0919350 secs]
2.176: [GC 324411K->196174K(652032K), 0.1195760 secs]
2.295: [Full GC 196174K->196134K(814784K), 0.4621010 secs]
3.371: [GC 577830K->227493K(814784K), 0.0253230 secs]
3.662: [GC 609189K->232238K(1061632K), 0.0103510 secs]
4.006: [GC 794094K->233616K(1082240K), 0.0115080 secs]
4.293: [GC 795472K->235832K(1259200K), 0.0105100 secs]
4.678: [GC 1006968K->240726K(1287552K), 0.0138500 secs]
5.105: [GC 1011862K->244123K(1395648K), 0.0131450 secs]
5.681: [GC 1151899K->252508K(1416704K), 0.0149980 secs]
6.184: [GC 1160284K->257782K(1523904K), 0.0163040 secs]
6.766: [GC 1295222K->263301K(1538816K), 0.0167860 secs]
7.360: [GC 1300741K->267549K(1658432K), 0.0191360 secs]
8.028: [GC 1431581K->271330K(1665920K), 0.0184590 secs]
8.674: [GC 1435362K->277437K(1794560K), 0.0206800 secs]
9.411: [GC 1567545K->286530K(1798080K), 0.0230920 secs]
10.214: [GC 1576014K->295615K(1886656K), 0.0266420 secs]
10.980: [GC 1669055K->300201K(1894592K), 0.0255740 secs]
11.695: [GC 1671806K->300557K(1994048K), 0.0276460 secs]
12.434: [GC 1765517K->307241K(1996352K), 0.0225130 secs]
13.163: [GC 1771338K->309278K(2096576K), 0.0245190 secs]
14.101: [GC 1871070K->311089K(2099200K), 0.0238750 secs]
15.035: [GC 1871846K->327669K(2194816K), 0.0288880 secs]
15.967: [GC 1983157K->323278K(2200896K), 0.0267100 secs]
16.911: [GC 1978766K->338312K(2275456K), 0.0316650 secs]
17.926: [GC 2065864K->342875K(2280576K), 0.0290050 secs]
19.047: [GC 2070427K->345254K(2308352K), 0.0296430 secs]
20.152: [GC 2096550K->352432K(2273408K), 0.0300880 secs]
21.243: [GC 2101838K->359530K(2300224K), 0.0303860 secs]
22.344: [GC 2097130K->365249K(2266176K), 0.0299550 secs]
23.404: [GC 2102849K->366744K(2299392K), 0.0314970 secs]
24.499: [GC 2096408K->375086K(2258304K), 0.0318220 secs]
25.575: [GC 2104173K->377344K(2297664K), 0.0303280 secs]
26.669: [GC 2102912K->379707K(2251840K), 0.0631890 secs]
27.916: [GC 2105275K->387410K(2296832K), 0.0325250 secs]
29.236: [GC 2112210K->396185K(2262144K), 0.0338040 secs]
30.525: [GC 2120985K->397645K(2292416K), 0.0338630 secs]
31.861: [GC 2114509K->404070K(2255744K), 0.0333940 secs]
33.369: [GC 2120934K->403470K(2292224K), 0.0332280 secs]
34.874: [GC 2117198K->408490K(2247872K), 0.0349680 secs]
36.183: [GC 2122218K->416593K(2290176K), 0.0336910 secs]
37.275: [GC 2129809K->419730K(2290688K), 0.0336330 secs]
38.440: [GC 2132316K->430292K(2288256K), 0.0357730 secs]
39.452: [GC 2140628K->432288K(2254272K), 0.0347140 secs]
40.491: [GC 2142624K->437298K(2287488K), 0.0358400 secs]
41.562: [GC 2144178K->440446K(2288512K), 0.0355350 secs]
42.715: [GC 2147326K->444984K(2288192K), 0.0356870 secs]
43.850: [GC 2151608K->442441K(2249216K), 0.0344560 secs]
44.986: [GC 2149065K->449682K(2287744K), 0.0366710 secs]
46.093: [GC 2157097K->455719K(2287040K), 0.0357620 secs]
47.219: [GC 2163239K->464223K(2289408K), 0.0382540 secs]
48.406: [GC 2174367K->464716K(2289664K), 0.0353600 secs]
49.559: [GC 2174860K->467969K(2288320K), 0.0355900 secs]
50.899: [GC 2180097K->476170K(2289088K), 0.0370770 secs]
52.424: [GC 2188298K->486159K(2291904K), 0.0395040 secs]
53.956: [GC 2201231K->490699K(2264000K), 0.0385180 secs]
55.539: [GC 2205771K->495797K(2292928K), 0.0374680 secs]
56.996: [GC 2212149K->502268K(2292352K), 0.0386910 secs]
58.156: [GC 2218620K->511792K(2290176K), 0.0390820 secs]
59.002: [GC 2225968K->513199K(2269888K), 0.0367790 secs]
59.931: [GC 2227375K->513478K(2292224K), 0.0372460 secs]
60.917: [GC 2227206K->517267K(2267072K), 0.0367080 secs]
61.894: [GC 2230995K->521582K(2292096K), 0.0379620 secs]
62.895: [GC 2236590K->522076K(2262912K), 0.0364090 secs]
