0.539: [GC 95424K->59877K(365760K), 0.0869930 secs]
0.712: [GC 155301K->119805K(461184K), 0.1004210 secs]
1.222: [GC 310412K->168662K(461184K), 0.0550340 secs]
1.773: [GC 358957K->172569K(652032K), 0.0445500 secs]
2.746: [GC 553781K->176652K(652032K), 0.0110580 secs]
3.613: [GC 556840K->179951K(1109952K), 0.0434500 secs]
5.364: [GC 941998K->187198K(1109952K), 0.0172330 secs]
7.162: [GC 950245K->191324K(1867200K), 0.0269640 secs]
10.928: [GC 1718015K->206861K(1869248K), 0.0303480 secs]
14.344: [GC 1733645K->214471K(2197568K), 0.0155640 secs]
18.788: [GC 2077533K->231505K(2198528K), 0.0272550 secs]
18.815: [Full GC 231505K->179868K(2317056K), 0.4933540 secs]
23.474: [GC 2042680K->198776K(2328000K), 0.0072730 secs]
27.914: [GC 2075884K->208687K(2327104K), 0.0120120 secs]
32.395: [GC 2086535K->217400K(2329216K), 0.0115040 secs]
37.054: [GC 2101209K->227877K(2330240K), 0.0569850 secs]
42.096: [GC 2111976K->238193K(2333952K), 0.0194840 secs]
47.215: [GC 2128372K->248975K(2321280K), 0.0217440 secs]
51.763: [GC 2140943K->256713K(2320640K), 0.0247850 secs]
56.354: [GC 2127600K->267355K(2320320K), 0.0268930 secs]
