0.543: [GC 95424K->59882K(365760K), 0.0731050 secs]
0.701: [GC 155306K->119806K(461184K), 0.1085490 secs]
1.207: [GC 310399K->169865K(461184K), 0.0930060 secs]
1.618: [GC 359115K->174104K(652032K), 0.0155980 secs]
2.252: [GC 555046K->178658K(652032K), 0.0100410 secs]
2.845: [GC 559193K->183354K(1109504K), 0.0103070 secs]
4.147: [GC 945577K->190527K(1109696K), 0.0144760 secs]
5.468: [GC 952659K->196842K(1865600K), 0.0115200 secs]
8.022: [GC 1721699K->207482K(1868224K), 0.0111730 secs]
10.358: [GC 1733100K->212747K(2199744K), 0.0177020 secs]
13.207: [GC 2078312K->227345K(2200704K), 0.0396650 secs]
13.247: [Full GC 227345K->180065K(2327040K), 0.4990060 secs]
16.354: [GC 2045163K->200348K(2334784K), 0.0119800 secs]
19.135: [GC 2076554K->215789K(2334720K), 0.0148400 secs]
21.994: [GC 2093229K->229380K(2334656K), 0.0403040 secs]
24.936: [GC 2109378K->239300K(2336192K), 0.0176410 secs]
27.780: [GC 2119026K->250526K(2322048K), 0.0200690 secs]
30.656: [GC 2112479K->260454K(2323520K), 0.0218380 secs]
33.443: [GC 2121427K->269041K(2294464K), 0.0249610 secs]
36.213: [GC 2088514K->276474K(2297920K), 0.0257730 secs]
38.937: [GC 2097146K->281435K(2275520K), 0.0273530 secs]
41.726: [GC 2056502K->287326K(2264192K), 0.0282840 secs]
44.452: [GC 2062591K->298135K(2251392K), 0.0361010 secs]
47.125: [GC 2026958K->302737K(2233536K), 0.0419330 secs]
49.771: [GC 2030890K->308599K(2230400K), 0.0374660 secs]
52.414: [GC 1993668K->313096K(2199232K), 0.0385960 secs]
55.027: [GC 1997923K->319018K(2211712K), 0.0430500 secs]
57.492: [GC 1962965K->320825K(2163584K), 0.0482400 secs]
59.987: [GC 1965819K->323656K(2207360K), 0.0360990 secs]
