1.173: [GC 95424K->31604K(365760K), 0.0524620 secs]
1.388: [GC 127028K->64072K(461184K), 0.0918870 secs]
1.802: [GC 254920K->134679K(461184K), 0.0667060 secs]
2.168: [GC 325527K->197302K(652032K), 0.1056730 secs]
2.274: [Full GC 197302K->197250K(820672K), 0.4612700 secs]
3.429: [GC 578946K->235895K(820672K), 0.0597020 secs]
3.802: [GC 616225K->251912K(1061056K), 0.0195580 secs]
4.153: [GC 805834K->254366K(1079104K), 0.0191440 secs]
4.440: [GC 808898K->257382K(1267968K), 0.0186140 secs]
4.893: [GC 1026862K->264674K(1287424K), 0.0200480 secs]
5.352: [GC 1033676K->264289K(1402112K), 0.0152300 secs]
5.859: [GC 1176755K->271518K(1423104K), 0.0170350 secs]
6.326: [GC 1183858K->280743K(1553920K), 0.0188890 secs]
6.930: [GC 1336213K->288633K(1563776K), 0.0228700 secs]
7.518: [GC 1343940K->290990K(1710144K), 0.0225290 secs]
8.110: [GC 1489749K->298909K(1715072K), 0.0236290 secs]
8.746: [GC 1497885K->297949K(1872384K), 0.0246730 secs]
9.440: [GC 1648467K->320412K(1876352K), 0.0297500 secs]
10.157: [GC 1670413K->315845K(1992896K), 0.0291050 secs]
10.923: [GC 1772466K->329846K(2000256K), 0.0290860 secs]
11.652: [GC 1785707K->327585K(2122752K), 0.0334880 secs]
12.489: [GC 1895601K->335885K(2127232K), 0.0275700 secs]
13.304: [GC 1902618K->342076K(2248064K), 0.0292440 secs]
14.181: [GC 2027388K->339911K(2252416K), 0.0287420 secs]
15.057: [GC 2024200K->346229K(2307136K), 0.0299970 secs]
15.902: [GC 2084213K->350081K(2268928K), 0.0291970 secs]
16.741: [GC 2086418K->354202K(2304832K), 0.0306400 secs]
17.599: [GC 2084634K->369620K(2272448K), 0.0321580 secs]
18.457: [GC 2098657K->373267K(2296064K), 0.0319430 secs]
19.336: [GC 2088408K->379235K(2257728K), 0.0327230 secs]
20.189: [GC 2092960K->385428K(2289280K), 0.0324650 secs]
21.046: [GC 2086996K->397369K(2258240K), 0.0352330 secs]
21.897: [GC 2099471K->398017K(2281920K), 0.0354650 secs]
22.712: [GC 2084199K->406466K(2241088K), 0.0346710 secs]
23.560: [GC 2093281K->405387K(2282112K), 0.0357090 secs]
24.416: [GC 2087307K->416066K(2238784K), 0.0366000 secs]
25.267: [GC 2096463K->419974K(2276800K), 0.0372480 secs]
26.171: [GC 2092920K->424897K(2232576K), 0.0370200 secs]
27.000: [GC 2098184K->424261K(2277632K), 0.0363060 secs]
27.879: [GC 2096217K->431819K(2233408K), 0.0376210 secs]
28.713: [GC 2103687K->438713K(2273472K), 0.0388960 secs]
29.558: [GC 2105110K->438159K(2275072K), 0.0381020 secs]
30.410: [GC 2105963K->445416K(2273536K), 0.0387610 secs]
31.259: [GC 2113655K->449711K(2274560K), 0.0378900 secs]
32.093: [GC 2117845K->452838K(2273792K), 0.0379260 secs]
32.919: [GC 2124792K->466444K(2275136K), 0.0387160 secs]
33.759: [GC 2139084K->466965K(2278464K), 0.0387830 secs]
34.603: [GC 2139901K->474249K(2243968K), 0.0404040 secs]
35.469: [GC 2148100K->475700K(2278592K), 0.0399920 secs]
36.302: [GC 2148395K->477614K(2236224K), 0.0421830 secs]
37.169: [GC 2151326K->481474K(2278400K), 0.0383200 secs]
38.032: [GC 2157531K->483836K(2275264K), 0.0386890 secs]
38.911: [GC 2159664K->488882K(2280256K), 0.0380390 secs]
39.745: [GC 2173650K->488855K(2277312K), 0.0385360 secs]
40.626: [GC 2174483K->496941K(2287552K), 0.0369800 secs]
41.467: [GC 2195468K->502502K(2285056K), 0.0387020 secs]
42.343: [GC 2201684K->514682K(2291072K), 0.0389720 secs]
43.203: [GC 2221434K->512909K(2291648K), 0.0390650 secs]
44.091: [GC 2220071K->521914K(2296320K), 0.0388100 secs]
44.945: [GC 2236472K->521820K(2296512K), 0.0386410 secs]
45.804: [GC 2234898K->528463K(2299456K), 0.0405900 secs]
46.710: [GC 2246450K->535346K(2299200K), 0.0399210 secs]
47.584: [GC 2252957K->531793K(2298496K), 0.0375920 secs]
48.502: [GC 2249918K->540326K(2299520K), 0.0385930 secs]
49.447: [GC 2260043K->539036K(2300160K), 0.0379530 secs]
50.320: [GC 2261362K->541803K(2300992K), 0.0359550 secs]
51.190: [GC 2265298K->545348K(2303680K), 0.0378140 secs]
51.243: [Full GC 545348K->216979K(2336896K), 0.6198080 secs]
52.685: [GC 1945308K->245210K(2213184K), 0.0110810 secs]
53.544: [GC 1973786K->251640K(2301120K), 0.0123970 secs]
54.338: [GC 1925637K->274050K(2189056K), 0.0164980 secs]
55.193: [GC 1949272K->273933K(2305088K), 0.0183090 secs]
56.029: [GC 1937991K->295122K(2199616K), 0.0208820 secs]
56.881: [GC 1959533K->298295K(2309312K), 0.0240600 secs]
57.738: [GC 1969591K->310571K(2221248K), 0.0264640 secs]
58.600: [GC 1980932K->318726K(2309888K), 0.0273080 secs]
59.459: [GC 2000334K->324543K(2303680K), 0.0298030 secs]
60.310: [GC 2006472K->329929K(2319424K), 0.0306110 secs]
61.179: [GC 2030833K->342671K(2318016K), 0.0325430 secs]
62.062: [GC 2043918K->332412K(2330880K), 0.0400990 secs]
62.931: [GC 2044540K->346423K(2297920K), 0.0387800 secs]
