0.528: [GC 95424K->59885K(365760K), 0.0881910 secs]
0.700: [GC 155309K->119813K(461184K), 0.0779560 secs]
1.128: [GC 309056K->164098K(461184K), 0.0336100 secs]
1.463: [GC 353153K->169380K(652032K), 0.0107830 secs]
2.092: [GC 550356K->179349K(652032K), 0.0128990 secs]
2.695: [GC 561045K->188106K(1106176K), 0.0102680 secs]
3.760: [GC 950168K->204636K(1107008K), 0.0152630 secs]
4.711: [GC 967152K->215584K(1857152K), 0.0153930 secs]
6.712: [GC 1741412K->236521K(1861376K), 0.0209130 secs]
8.540: [GC 1761627K->259957K(2206976K), 0.0277500 secs]
8.567: [Full GC 259957K->171286K(2337280K), 0.5766340 secs]
11.403: [GC 2040541K->219463K(2303168K), 0.0209660 secs]
13.643: [GC 2087805K->249611K(2324160K), 0.0244420 secs]
15.882: [GC 2109005K->269872K(2332480K), 0.0299300 secs]
18.136: [GC 2128802K->295621K(2299840K), 0.0411850 secs]
20.341: [GC 2120859K->311001K(2300736K), 0.0262470 secs]
22.500: [GC 2136775K->328457K(2285120K), 0.0308830 secs]
24.624: [GC 2117193K->343414K(2294976K), 0.0342660 secs]
26.788: [GC 2130394K->346893K(2242368K), 0.0349090 secs]
28.856: [GC 2078614K->352207K(2246976K), 0.0358930 secs]
30.886: [GC 2082695K->366761K(2225856K), 0.0398010 secs]
32.880: [GC 2041642K->369465K(2208896K), 0.0397160 secs]
34.873: [GC 2045026K->366820K(2209920K), 0.0390820 secs]
36.833: [GC 1999244K->376023K(2171456K), 0.0420960 secs]
38.779: [GC 2007884K->384919K(2186944K), 0.0443400 secs]
40.690: [GC 1973646K->388522K(2141696K), 0.0433660 secs]
42.596: [GC 1977182K->387038K(2175232K), 0.0435360 secs]
44.462: [GC 1943962K->389453K(2110400K), 0.0442420 secs]
46.318: [GC 1946039K->388828K(2173312K), 0.0448590 secs]
48.168: [GC 1931986K->382026K(2081600K), 0.0407760 secs]
50.015: [GC 1926206K->389233K(2174592K), 0.0430850 secs]
51.844: [GC 1935144K->393467K(2173312K), 0.0522230 secs]
53.704: [GC 1940021K->392854K(2176512K), 0.0428850 secs]
55.549: [GC 1946217K->396082K(2176640K), 0.0428030 secs]
57.410: [GC 1948016K->393463K(2176896K), 0.0428860 secs]
59.249: [GC 1954117K->398674K(2178688K), 0.0432310 secs]
