0.543: [GC 95424K->59906K(365760K), 0.1181970 secs]
0.751: [GC 155330K->119842K(461184K), 0.0515540 secs]
1.094: [GC 309163K->164392K(461184K), 0.1050390 secs]
1.437: [GC 353510K->174402K(652032K), 0.0134500 secs]
1.920: [GC 555588K->182051K(652032K), 0.0237260 secs]
2.404: [GC 562012K->190442K(1106880K), 0.0322980 secs]
3.409: [GC 953208K->204486K(1107392K), 0.0324870 secs]
4.357: [GC 966300K->217926K(1857280K), 0.0269300 secs]
6.318: [GC 1744340K->246890K(1862016K), 0.0236890 secs]
8.107: [GC 1773673K->270380K(2193728K), 0.0294150 secs]
8.137: [Full GC 270380K->176417K(2318656K), 0.4958040 secs]
10.834: [GC 2028821K->218941K(2323840K), 0.0511920 secs]
13.035: [GC 2070648K->244815K(2320064K), 0.0454890 secs]
15.218: [GC 2097142K->262260K(2317824K), 0.0291340 secs]
17.398: [GC 2113879K->278838K(2284544K), 0.0324740 secs]
19.581: [GC 2085111K->298582K(2272256K), 0.0607690 secs]
21.739: [GC 2105029K->317621K(2276736K), 0.0332050 secs]
23.838: [GC 2095281K->326690K(2271680K), 0.0314660 secs]
25.985: [GC 2104224K->333985K(2252352K), 0.0325000 secs]
28.051: [GC 2067294K->333919K(2233088K), 0.0351010 secs]
30.059: [GC 2067295K->344859K(2232896K), 0.0360660 secs]
32.027: [GC 2036363K->357104K(2216256K), 0.0389410 secs]
34.026: [GC 2049587K->362562K(2206528K), 0.0400040 secs]
35.918: [GC 2004247K->360100K(2168768K), 0.0395110 secs]
37.867: [GC 2002171K->362658K(2195776K), 0.0405040 secs]
39.807: [GC 1973656K->374830K(2152192K), 0.0423170 secs]
41.745: [GC 1986350K->376378K(2177536K), 0.0429530 secs]
43.579: [GC 1952180K->376808K(2118912K), 0.0441040 secs]
45.418: [GC 1952842K->382610K(2168960K), 0.0439390 secs]
47.241: [GC 1936383K->383526K(2094080K), 0.0443610 secs]
49.082: [GC 1937439K->384657K(2173568K), 0.0431430 secs]
50.935: [GC 1934803K->385516K(2088576K), 0.0430670 secs]
52.745: [GC 1936608K->379810K(2175936K), 0.0402360 secs]
54.597: [GC 1936509K->379722K(2086016K), 0.0404840 secs]
56.424: [GC 1935643K->384457K(2174208K), 0.0414270 secs]
58.318: [GC 1948514K->392726K(2170368K), 0.0430390 secs]
60.193: [GC 1957153K->395971K(2184384K), 0.0431720 secs]
