1.166: [GC 95424K->31580K(365760K), 0.0548130 secs]
1.381: [GC 127004K->64032K(461184K), 0.0637640 secs]
1.766: [GC 254880K->134611K(461184K), 0.1481560 secs]
2.216: [GC 325459K->197222K(652032K), 0.1806750 secs]
2.397: [Full GC 197222K->197189K(818816K), 0.5621810 secs]
3.721: [GC 577535K->233772K(818816K), 0.0253390 secs]
3.998: [GC 613796K->241501K(1067712K), 0.0204130 secs]
4.422: [GC 800628K->256792K(1083008K), 0.0178910 secs]
4.846: [GC 814038K->267608K(1257664K), 0.0250380 secs]
5.388: [GC 1036897K->281165K(1283840K), 0.0516490 secs]
5.946: [GC 1051405K->288243K(1425920K), 0.0239180 secs]
6.567: [GC 1209452K->302075K(1439552K), 0.0496270 secs]
7.177: [GC 1222335K->304675K(1616384K), 0.0418620 secs]
7.911: [GC 1395419K->315842K(1623040K), 0.0413640 secs]
8.665: [GC 1405819K->323160K(1811200K), 0.0442150 secs]
9.517: [GC 1593688K->330553K(1821184K), 0.0582730 secs]
10.371: [GC 1601081K->339948K(2025280K), 0.0381090 secs]
11.366: [GC 1803948K->348270K(2037056K), 0.0392120 secs]
12.328: [GC 1811072K->357324K(2173824K), 0.0431230 secs]
13.387: [GC 1945643K->368490K(2186816K), 0.0430010 secs]
14.435: [GC 1956117K->374161K(2244992K), 0.0458990 secs]
15.548: [GC 2005907K->384509K(2210880K), 0.0423630 secs]
16.595: [GC 2015734K->392383K(2224832K), 0.0431710 secs]
17.643: [GC 1981299K->398439K(2175168K), 0.0425870 secs]
18.675: [GC 1987510K->402197K(2215296K), 0.0432400 secs]
19.687: [GC 1965167K->410190K(2150656K), 0.0448560 secs]
20.735: [GC 1972807K->408205K(2213824K), 0.0439050 secs]
21.792: [GC 1958258K->412571K(2133632K), 0.0445720 secs]
22.777: [GC 1963511K->421750K(2210496K), 0.0446780 secs]
23.814: [GC 1966558K->423181K(2132736K), 0.0457200 secs]
24.872: [GC 1968018K->425575K(2213056K), 0.0445740 secs]
25.942: [GC 1972356K->429929K(2134208K), 0.0456170 secs]
26.938: [GC 1976745K->436460K(2210880K), 0.0451800 secs]
27.934: [GC 1982832K->438607K(2211072K), 0.0465800 secs]
28.971: [GC 1985086K->434114K(2205760K), 0.0445060 secs]
29.997: [GC 1982685K->435868K(2209408K), 0.0442280 secs]
31.011: [GC 1985255K->449762K(2218176K), 0.0465530 secs]
32.047: [GC 2012805K->446620K(2217600K), 0.0455660 secs]
33.084: [GC 2009844K->449072K(2221056K), 0.0442050 secs]
34.138: [GC 2024572K->448348K(2220800K), 0.0447570 secs]
35.200: [GC 2023459K->455612K(2230528K), 0.0443790 secs]
36.263: [GC 2047097K->463016K(2228352K), 0.0471130 secs]
37.312: [GC 2055700K->464769K(2240384K), 0.0443530 secs]
38.401: [GC 2072053K->464134K(2238400K), 0.0448680 secs]
39.457: [GC 2071520K->475075K(2242688K), 0.0467250 secs]
40.537: [GC 2089123K->474357K(2241536K), 0.0454840 secs]
41.617: [GC 2089222K->484257K(2248768K), 0.0474650 secs]
42.701: [GC 2109167K->484553K(2249536K), 0.0461610 secs]
43.762: [GC 2108853K->486748K(2250368K), 0.0465370 secs]
44.861: [GC 2117008K->492649K(2251968K), 0.0469440 secs]
45.955: [GC 2121158K->493711K(2253312K), 0.0464260 secs]
47.035: [GC 2127446K->493161K(2255232K), 0.0461630 secs]
48.153: [GC 2128617K->497858K(2255360K), 0.0465450 secs]
49.191: [GC 2139040K->504797K(2256448K), 0.0476370 secs]
50.281: [GC 2146269K->511702K(2261696K), 0.0479470 secs]
51.384: [GC 2158042K->515691K(2243840K), 0.0553570 secs]
52.454: [GC 2162795K->516713K(2262592K), 0.0507270 secs]
53.721: [GC 2163113K->519035K(2239680K), 0.0482500 secs]
55.076: [GC 2165070K->523926K(2261760K), 0.0488750 secs]
56.479: [GC 2169741K->527024K(2260992K), 0.0487580 secs]
57.829: [GC 2172603K->530041K(2263488K), 0.0477830 secs]
59.220: [GC 2178777K->529042K(2240896K), 0.0476570 secs]
60.628: [GC 2179282K->533998K(2263936K), 0.0480310 secs]
62.009: [GC 2187310K->537677K(2262784K), 0.0488650 secs]
