0.552: [GC 95424K->59869K(365760K), 0.0763550 secs]
0.713: [GC 155293K->119813K(461184K), 0.1175560 secs]
1.417: [GC 310064K->166543K(461184K), 0.0609770 secs]
2.382: [GC 356200K->170697K(652032K), 0.0226460 secs]
4.103: [GC 552393K->173447K(652032K), 0.0117820 secs]
5.730: [GC 554125K->174316K(1109952K), 0.0109490 secs]
9.368: [GC 937452K->177094K(1110208K), 0.0148370 secs]
12.929: [GC 939847K->178631K(1871104K), 0.0093680 secs]
20.784: [GC 1703012K->189519K(1871680K), 0.0095480 secs]
28.671: [GC 1714635K->196275K(2195008K), 0.0106230 secs]
38.545: [GC 2053100K->203028K(2195840K), 0.0267260 secs]
47.319: [GC 2059389K->207256K(2204288K), 0.0140840 secs]
47.333: [Full GC 207256K->178017K(2314112K), 0.5970690 secs]
58.057: [GC 2046714K->189823K(2313856K), 0.0087790 secs]
