0.529: [GC 95424K->59882K(365760K), 0.0764810 secs]
0.687: [GC 155306K->119810K(461184K), 0.0856650 secs]
1.170: [GC 310658K->168487K(461184K), 0.0516380 secs]
1.639: [GC 358904K->170943K(652032K), 0.0130690 secs]
2.586: [GC 550927K->173282K(652032K), 0.0104420 secs]
3.487: [GC 554978K->175374K(1110400K), 0.0091000 secs]
5.416: [GC 937440K->179628K(1110528K), 0.0119110 secs]
7.154: [GC 941943K->181800K(1870208K), 0.0139420 secs]
10.528: [GC 1708069K->193498K(1871360K), 0.0095260 secs]
13.418: [GC 1718895K->197324K(2196608K), 0.0149130 secs]
17.137: [GC 2056396K->207215K(2197120K), 0.0143690 secs]
20.616: [GC 2064708K->214053K(2204288K), 0.0087090 secs]
20.625: [Full GC 214053K->177107K(2331008K), 0.5920980 secs]
24.624: [GC 2046295K->195079K(2331392K), 0.0057640 secs]
28.200: [GC 2063748K->206583K(2331072K), 0.0099410 secs]
31.862: [GC 2085776K->214429K(2332864K), 0.0132300 secs]
35.373: [GC 2093390K->221464K(2343168K), 0.0140420 secs]
38.980: [GC 2111800K->227581K(2322624K), 0.0160220 secs]
42.685: [GC 2118052K->232536K(2333248K), 0.0156580 secs]
46.322: [GC 2108373K->239563K(2320256K), 0.0184660 secs]
50.156: [GC 2116171K->242269K(2320960K), 0.0176190 secs]
54.008: [GC 2096563K->250908K(2309632K), 0.0194160 secs]
57.796: [GC 2103580K->256069K(2303936K), 0.0217380 secs]
