1.172: [GC 95424K->31596K(365760K), 0.0544450 secs]
1.385: [GC 127020K->64048K(461184K), 0.0615440 secs]
1.767: [GC 254896K->134627K(461184K), 0.1511110 secs]
2.217: [GC 325475K->197214K(652032K), 0.1920010 secs]
2.409: [Full GC 197214K->197176K(814400K), 0.4586120 secs]
3.407: [GC 578872K->227967K(814400K), 0.0451370 secs]
3.618: [GC 609428K->233622K(1085312K), 0.0142240 secs]
3.914: [GC 813590K->241825K(1100736K), 0.0212510 secs]
4.137: [GC 821793K->246070K(1350784K), 0.0260520 secs]
4.418: [GC 1095301K->245623K(1363008K), 0.0486390 secs]
4.708: [GC 1094967K->250727K(1563136K), 0.0210510 secs]
5.023: [GC 1325046K->250189K(1582016K), 0.0197820 secs]
5.348: [GC 1326029K->252036K(1832640K), 0.0366160 secs]
5.811: [GC 1591364K->258144K(1838080K), 0.0206960 secs]
6.223: [GC 1597472K->258592K(2107456K), 0.0310830 secs]
6.711: [GC 1885152K->263952K(2120320K), 0.0258430 secs]
7.191: [GC 1890512K->267671K(2373888K), 0.0312340 secs]
7.728: [GC 2147991K->272636K(2357696K), 0.0408950 secs]
8.303: [GC 2152956K->283679K(2360832K), 0.0307370 secs]
8.855: [GC 2147615K->288729K(2357440K), 0.0296690 secs]
9.437: [GC 2152665K->292501K(2355968K), 0.0468400 secs]
9.985: [GC 2139285K->296158K(2331712K), 0.0293890 secs]
10.547: [GC 2142942K->300262K(2355136K), 0.0362430 secs]
11.065: [GC 2142822K->309122K(2335552K), 0.0341080 secs]
11.628: [GC 2151682K->311047K(2347200K), 0.0344420 secs]
12.212: [GC 2140298K->316317K(2328832K), 0.0341170 secs]
12.802: [GC 2146845K->320872K(2338432K), 0.0391350 secs]
13.398: [GC 2136296K->324638K(2319872K), 0.0460150 secs]
14.065: [GC 2138147K->330159K(2330432K), 0.0363890 secs]
14.747: [GC 2129711K->332340K(2307200K), 0.0392840 secs]
15.332: [GC 2131892K->339347K(2324352K), 0.0520460 secs]
15.925: [GC 2125715K->336995K(2290944K), 0.0471290 secs]
16.537: [GC 2121632K->344022K(2325888K), 0.0467420 secs]
17.119: [GC 2128342K->348436K(2326848K), 0.0496320 secs]
17.679: [GC 2130953K->349448K(2323840K), 0.0464250 secs]
18.322: [GC 2133960K->352533K(2325440K), 0.0508120 secs]
19.032: [GC 2137045K->359975K(2328320K), 0.0502380 secs]
19.694: [GC 2148683K->365596K(2328448K), 0.0512440 secs]
20.400: [GC 2154588K->370626K(2329408K), 0.0521080 secs]
21.105: [GC 2160706K->377309K(2302656K), 0.0541630 secs]
21.855: [GC 2167389K->382720K(2327872K), 0.0564860 secs]
22.536: [GC 2170240K->391674K(2304960K), 0.0544460 secs]
23.197: [GC 2178856K->393222K(2325696K), 0.0531640 secs]
23.827: [GC 2176262K->392644K(2293760K), 0.0531600 secs]
24.417: [GC 2175684K->399548K(2325440K), 0.0546220 secs]
25.009: [GC 2183548K->400059K(2324992K), 0.0552320 secs]
25.641: [GC 2184059K->405051K(2327168K), 0.0546690 secs]
26.274: [GC 2192571K->412443K(2326592K), 0.0553760 secs]
26.931: [GC 2199963K->411452K(2327168K), 0.0525510 secs]
27.586: [GC 2202556K->417098K(2328512K), 0.0562890 secs]
28.247: [GC 2208202K->417278K(2328128K), 0.0533890 secs]
28.831: [GC 2211756K->422726K(2330176K), 0.0530210 secs]
29.422: [GC 2217542K->423683K(2329856K), 0.0527320 secs]
30.044: [GC 2224323K->428135K(2331968K), 0.0519920 secs]
30.634: [GC 2228775K->435137K(2334080K), 0.0511560 secs]
31.228: [GC 2243585K->441661K(2336256K), 0.0515100 secs]
31.762: [GC 2249612K->437930K(2341120K), 0.0470130 secs]
32.339: [GC 2253034K->442930K(2341760K), 0.0462150 secs]
32.949: [GC 2258034K->447415K(2340800K), 0.0486440 secs]
33.577: [GC 2263011K->453477K(2341824K), 0.0515930 secs]
34.239: [GC 2270053K->458423K(2341824K), 0.0495700 secs]
34.906: [GC 2276921K->471105K(2342784K), 0.0541210 secs]
35.567: [GC 2291393K->471981K(2344128K), 0.0542280 secs]
36.177: [GC 2291885K->476257K(2334784K), 0.0543060 secs]
36.755: [GC 2296161K->478063K(2344000K), 0.0523660 secs]
37.392: [GC 2296431K->486507K(2335424K), 0.0579750 secs]
38.061: [GC 2303926K->484522K(2343680K), 0.0519290 secs]
38.705: [GC 2299997K->492208K(2342656K), 0.0501500 secs]
39.358: [GC 2309168K->496580K(2342208K), 0.0545210 secs]
40.021: [GC 2311731K->498527K(2332416K), 0.0548070 secs]
40.661: [GC 2314911K->500988K(2343616K), 0.0516730 secs]
41.320: [GC 2317948K->506388K(2342720K), 0.0705930 secs]
41.954: [GC 2323348K->509935K(2342784K), 0.0519000 secs]
42.006: [Full GC 509935K->219381K(2350656K), 0.6285960 secs]
43.236: [GC 2036213K->233711K(2255872K), 0.0079430 secs]
43.812: [GC 2050543K->241999K(2323456K), 0.0141330 secs]
44.297: [GC 2019023K->247048K(2229440K), 0.0164410 secs]
44.887: [GC 2024021K->257637K(2325632K), 0.0199380 secs]
45.487: [GC 2024832K->266097K(2238720K), 0.0256080 secs]
46.051: [GC 2033393K->270528K(2328000K), 0.0269790 secs]
46.549: [GC 2041536K->274427K(2250816K), 0.0292310 secs]
47.043: [GC 2043641K->281115K(2329152K), 0.0316260 secs]
47.544: [GC 2060443K->282894K(2324096K), 0.0329190 secs]
48.100: [GC 2061786K->290274K(2333312K), 0.0370830 secs]
48.657: [GC 2083810K->293953K(2330304K), 0.0445630 secs]
49.194: [GC 2087489K->298275K(2343744K), 0.0420720 secs]
49.733: [GC 2106129K->306012K(2343808K), 0.0461600 secs]
50.308: [GC 2114524K->305493K(2343936K), 0.0466880 secs]
50.920: [GC 2111573K->309160K(2320576K), 0.0491920 secs]
51.540: [GC 2113559K->312236K(2340928K), 0.0487890 secs]
52.079: [GC 2111276K->316478K(2312896K), 0.0477690 secs]
52.647: [GC 2115518K->319516K(2340160K), 0.0483320 secs]
53.207: [GC 2115740K->321470K(2306944K), 0.0489470 secs]
53.767: [GC 2115850K->326541K(2340800K), 0.0469460 secs]
54.343: [GC 2123136K->325217K(2303680K), 0.0452040 secs]
54.914: [GC 2122721K->327900K(2341824K), 0.0447850 secs]
55.483: [GC 2128337K->336469K(2338752K), 0.0468650 secs]
56.067: [GC 2138837K->338129K(2346560K), 0.0461420 secs]
56.637: [GC 2149201K->340995K(2344768K), 0.0457110 secs]
57.181: [GC 2150479K->345473K(2348928K), 0.0434360 secs]
57.738: [GC 2163887K->346008K(2347200K), 0.0397070 secs]
58.265: [GC 2163917K->353418K(2354368K), 0.0611140 secs]
58.857: [GC 2181120K->355403K(2352640K), 0.0607220 secs]
59.607: [GC 2183243K->361433K(2358528K), 0.0432260 secs]
60.249: [GC 2197017K->368586K(2356800K), 0.0576600 secs]
60.896: [GC 2204170K->378045K(2359552K), 0.0461540 secs]
61.525: [GC 2216893K->380711K(2354368K), 0.0484390 secs]
62.137: [GC 2219559K->384851K(2356096K), 0.0488220 secs]
62.817: [GC 2216403K->388570K(2351040K), 0.0511170 secs]
