0.543: [GC 95424K->59869K(365760K), 0.0914940 secs]
0.723: [GC 155293K->119785K(461184K), 0.1512090 secs]
1.294: [GC 310481K->167751K(461184K), 0.0652090 secs]
1.804: [GC 357193K->172512K(652032K), 0.0290610 secs]
2.817: [GC 552864K->177872K(652032K), 0.0112130 secs]
3.628: [GC 558061K->179068K(1108800K), 0.0110870 secs]
5.487: [GC 941820K->185312K(1109440K), 0.0132490 secs]
7.261: [GC 947555K->190217K(1866432K), 0.0088520 secs]
11.189: [GC 1714120K->209187K(1868480K), 0.0119040 secs]
14.563: [GC 1733971K->221135K(2198400K), 0.0151680 secs]
18.934: [GC 2084688K->232617K(2198208K), 0.0194720 secs]
18.953: [Full GC 232617K->179482K(2318720K), 0.4882210 secs]
23.581: [GC 2042264K->203534K(2329024K), 0.0082610 secs]
27.903: [GC 2081486K->215403K(2328320K), 0.0135020 secs]
32.235: [GC 2091712K->230467K(2333696K), 0.0143110 secs]
36.831: [GC 2114588K->240002K(2332352K), 0.0178850 secs]
40.937: [GC 2125467K->250154K(2327040K), 0.0220180 secs]
45.080: [GC 2128578K->257922K(2321728K), 0.0239570 secs]
49.161: [GC 2135711K->270563K(2305280K), 0.0712070 secs]
53.354: [GC 2114795K->279735K(2309888K), 0.0324790 secs]
57.432: [GC 2123350K->291683K(2271232K), 0.0837700 secs]
