0.542: [GC 95424K->59874K(365760K), 0.0969470 secs]
0.727: [GC 155298K->119822K(461184K), 0.1191280 secs]
1.210: [GC 310337K->168779K(461184K), 0.0549200 secs]
1.575: [GC 359619K->173651K(652032K), 0.0529020 secs]
2.270: [GC 554245K->179534K(652032K), 0.0125810 secs]
2.837: [GC 561230K->184138K(1109248K), 0.0098010 secs]
4.117: [GC 946716K->190330K(1109312K), 0.0209690 secs]
5.495: [GC 952650K->199874K(1864256K), 0.0142400 secs]
8.077: [GC 1726658K->211462K(1867456K), 0.0217550 secs]
10.287: [GC 1737219K->225442K(2197504K), 0.0370860 secs]
13.174: [GC 2092829K->240240K(2200064K), 0.0204670 secs]
13.194: [Full GC 240240K->178571K(2322752K), 0.4857690 secs]
16.464: [GC 2045046K->203910K(2331392K), 0.0209610 secs]
19.350: [GC 2086150K->219318K(2333504K), 0.0275880 secs]
22.222: [GC 2101558K->233819K(2334976K), 0.0354340 secs]
25.187: [GC 2121723K->247042K(2336960K), 0.0329260 secs]
28.128: [GC 2134502K->261124K(2324160K), 0.0648550 secs]
30.987: [GC 2133223K->273456K(2331008K), 0.0288600 secs]
33.887: [GC 2146428K->287376K(2284032K), 0.0453830 secs]
36.745: [GC 2110818K->297912K(2280704K), 0.0778500 secs]
39.735: [GC 2122116K->312506K(2284160K), 0.0480430 secs]
42.550: [GC 2108036K->321778K(2276160K), 0.0360000 secs]
45.421: [GC 2117760K->332544K(2258112K), 0.0352220 secs]
48.134: [GC 2081553K->336219K(2244800K), 0.0340980 secs]
50.868: [GC 2087003K->345798K(2235200K), 0.0369310 secs]
53.577: [GC 2049723K->349733K(2212096K), 0.0758070 secs]
56.259: [GC 2053985K->349228K(2220032K), 0.0388880 secs]
58.826: [GC 2015276K->356670K(2180928K), 0.0418560 secs]
