1.158: [GC 95424K->31572K(365760K), 0.0590930 secs]
1.372: [GC 126996K->64808K(461184K), 0.0526150 secs]
1.719: [GC 255656K->135383K(461184K), 0.1178930 secs]
2.115: [GC 326231K->197970K(652032K), 0.1839820 secs]
2.299: [Full GC 197970K->197936K(821056K), 0.5563010 secs]
3.436: [GC 579632K->236278K(821056K), 0.0277350 secs]
3.657: [GC 617575K->247615K(1067712K), 0.0185990 secs]
3.937: [GC 802146K->252619K(1081600K), 0.0182760 secs]
4.188: [GC 808533K->257241K(1285632K), 0.0265980 secs]
4.579: [GC 1036633K->264216K(1298432K), 0.0208280 secs]
4.923: [GC 1042679K->270809K(1438336K), 0.0257560 secs]
5.359: [GC 1210585K->274227K(1451008K), 0.0234820 secs]
5.788: [GC 1212787K->280648K(1618496K), 0.0332080 secs]
6.269: [GC 1393224K->289953K(1622784K), 0.0373250 secs]
6.749: [GC 1401771K->296783K(1814912K), 0.0268510 secs]
7.308: [GC 1596646K->297003K(1820992K), 0.0280350 secs]
7.917: [GC 1597370K->307794K(2019584K), 0.0291510 secs]
8.593: [GC 1803085K->311948K(2026752K), 0.0316790 secs]
9.293: [GC 1807371K->319485K(2166400K), 0.0365990 secs]
10.009: [GC 1946449K->328820K(2174784K), 0.0324390 secs]
10.745: [GC 1956404K->335633K(2312896K), 0.0428790 secs]
11.566: [GC 2090873K->342269K(2288576K), 0.0308310 secs]
12.403: [GC 2099069K->338889K(2308096K), 0.0303660 secs]
13.238: [GC 2077897K->344639K(2268608K), 0.0297660 secs]
14.095: [GC 2082164K->365719K(2291264K), 0.0324870 secs]
14.909: [GC 2080791K->367480K(2263808K), 0.0357640 secs]
15.758: [GC 2082226K->370695K(2284160K), 0.0342670 secs]
16.615: [GC 2063777K->371216K(2238080K), 0.0351720 secs]
17.437: [GC 2064675K->379193K(2280960K), 0.0362110 secs]
18.280: [GC 2062796K->387928K(2238016K), 0.0355750 secs]
19.125: [GC 2072028K->396691K(2271680K), 0.0354950 secs]
19.942: [GC 2065939K->399128K(2226176K), 0.0367710 secs]
20.809: [GC 2066573K->399904K(2271936K), 0.0580480 secs]
21.706: [GC 2061677K->407313K(2219712K), 0.0361110 secs]
22.562: [GC 2069905K->413187K(2270656K), 0.0379940 secs]
23.440: [GC 2071045K->427957K(2227520K), 0.0389540 secs]
24.316: [GC 2086945K->422450K(2268608K), 0.0392950 secs]
25.186: [GC 2075494K->426547K(2214912K), 0.0358950 secs]
26.027: [GC 2078280K->436175K(2266496K), 0.0403750 secs]
26.897: [GC 2088911K->437671K(2267264K), 0.0417720 secs]
27.729: [GC 2090407K->447682K(2266624K), 0.0422480 secs]
28.577: [GC 2100930K->449320K(2222976K), 0.0394710 secs]
29.413: [GC 2101108K->452444K(2267456K), 0.0412000 secs]
30.226: [GC 2103517K->459655K(2223424K), 0.0404160 secs]
31.074: [GC 2111786K->460821K(2269056K), 0.0397750 secs]
31.873: [GC 2114453K->460144K(2215040K), 0.0398280 secs]
32.679: [GC 2112487K->468014K(2265600K), 0.0407350 secs]
33.472: [GC 2122533K->469811K(2263232K), 0.0407780 secs]
34.287: [GC 2125811K->475489K(2272640K), 0.0411710 secs]
35.114: [GC 2143570K->478361K(2270016K), 0.0409030 secs]
35.932: [GC 2146841K->480699K(2277440K), 0.0409650 secs]
36.813: [GC 2160679K->488515K(2274880K), 0.0397820 secs]
37.661: [GC 2168868K->494847K(2284608K), 0.0412940 secs]
38.575: [GC 2187108K->492647K(2283712K), 0.0400710 secs]
39.408: [GC 2185289K->498668K(2288896K), 0.0411880 secs]
40.308: [GC 2201132K->503948K(2287744K), 0.0387130 secs]
41.156: [GC 2205580K->506049K(2295744K), 0.0378000 secs]
42.049: [GC 2218433K->508711K(2294336K), 0.0371710 secs]
42.906: [GC 2220808K->510429K(2298880K), 0.0381050 secs]
43.783: [GC 2227821K->516149K(2298112K), 0.0381900 secs]
44.681: [GC 2233548K->524197K(2300672K), 0.0390940 secs]
45.565: [GC 2246580K->527946K(2300864K), 0.0386650 secs]
46.455: [GC 2251120K->536949K(2303872K), 0.0388690 secs]
47.349: [GC 2265205K->537120K(2304064K), 0.0398230 secs]
48.272: [GC 2264062K->541101K(2305408K), 0.0395170 secs]
49.160: [GC 2271914K->544816K(2305280K), 0.0365060 secs]
50.025: [GC 2277552K->542712K(2308864K), 0.0383950 secs]
50.064: [Full GC 542712K->216560K(2345024K), 0.7145950 secs]
51.594: [GC 1954288K->241545K(2222400K), 0.0135730 secs]
52.437: [GC 1979266K->249419K(2309184K), 0.0119400 secs]
53.264: [GC 1933626K->262349K(2190720K), 0.0192900 secs]
54.088: [GC 1947046K->273813K(2312960K), 0.0180700 secs]
54.916: [GC 1944897K->278949K(2194880K), 0.0182480 secs]
55.717: [GC 1950320K->290459K(2317760K), 0.0217420 secs]
56.575: [GC 1968475K->305492K(2226624K), 0.0262840 secs]
57.394: [GC 1983508K->311949K(2315456K), 0.0378640 secs]
58.259: [GC 1998340K->318092K(2308288K), 0.0314190 secs]
59.098: [GC 2003676K->322695K(2324544K), 0.0290880 secs]
59.987: [GC 2028305K->328150K(2322304K), 0.0301130 secs]
60.817: [GC 2035397K->338086K(2334272K), 0.0317960 secs]
61.707: [GC 2056306K->337915K(2300608K), 0.0320830 secs]
62.602: [GC 2056968K->337709K(2332864K), 0.0356570 secs]
