0.533: [GC 95424K->60480K(365760K), 0.0880200 secs]
0.710: [GC 155904K->122661K(461184K), 0.1028650 secs]
1.429: [GC 313259K->166180K(461184K), 0.0787460 secs]
2.261: [GC 356373K->170243K(652032K), 0.0109160 secs]
3.696: [GC 551939K->172937K(652032K), 0.0199780 secs]
4.937: [GC 554633K->175611K(1111232K), 0.0129370 secs]
7.774: [GC 937579K->179983K(1111808K), 0.0272570 secs]
10.411: [GC 943111K->184881K(1869120K), 0.0270680 secs]
16.653: [GC 1711473K->196175K(1871232K), 0.0191600 secs]
22.001: [GC 1722959K->203102K(2195648K), 0.0131550 secs]
29.357: [GC 2062276K->212997K(2196992K), 0.0235710 secs]
29.381: [Full GC 212997K->175916K(2314624K), 0.7085900 secs]
37.382: [GC 2035628K->194310K(2320768K), 0.0219030 secs]
44.342: [GC 2066246K->207247K(2322624K), 0.0196070 secs]
52.116: [GC 2077467K->217845K(2321088K), 0.0134390 secs]
59.873: [GC 2097505K->226610K(2324864K), 0.0164650 secs]
