0.538: [GC 95424K->60480K(365760K), 0.0943240 secs]
0.721: [GC 155904K->122693K(461184K), 0.0924180 secs]
1.273: [GC 313497K->166229K(461184K), 0.0930000 secs]
1.777: [GC 357077K->170158K(652032K), 0.0293150 secs]
2.656: [GC 551312K->172946K(652032K), 0.0173480 secs]
3.474: [GC 552967K->176271K(1110976K), 0.0121970 secs]
5.294: [GC 939663K->183056K(1111680K), 0.0152190 secs]
6.924: [GC 945203K->188472K(1867200K), 0.0161260 secs]
10.147: [GC 1715256K->202925K(1869824K), 0.0154070 secs]
13.119: [GC 1728853K->214691K(2195136K), 0.0237990 secs]
17.013: [GC 2077987K->225479K(2197312K), 0.0242470 secs]
17.037: [Full GC 225479K->176770K(2327936K), 0.7311450 secs]
21.372: [GC 2038801K->193599K(2338112K), 0.0137400 secs]
25.070: [GC 2070783K->203302K(2340096K), 0.0197350 secs]
28.893: [GC 2081175K->210981K(2337728K), 0.0501780 secs]
32.805: [GC 2094134K->218888K(2340160K), 0.0368460 secs]
36.823: [GC 2102074K->230567K(2343296K), 0.0204910 secs]
40.669: [GC 2116913K->240235K(2336832K), 0.0261720 secs]
44.415: [GC 2128491K->244793K(2327168K), 0.0328330 secs]
48.135: [GC 2106681K->252017K(2322240K), 0.0506810 secs]
51.977: [GC 2113787K->256987K(2309824K), 0.0380400 secs]
55.736: [GC 2086875K->263764K(2302016K), 0.0385530 secs]
59.437: [GC 2093652K->271264K(2289728K), 0.0516460 secs]
