1.158: [GC 94828K->30493K(365760K), 0.0560100 secs]
1.380: [GC 125917K->63154K(461184K), 0.0548960 secs]
1.757: [GC 254002K->133721K(461184K), 0.1244280 secs]
2.183: [GC 324569K->196320K(652032K), 0.1365780 secs]
2.320: [Full GC 196320K->196314K(822272K), 0.5565930 secs]
3.492: [GC 578010K->227613K(822272K), 0.0629490 secs]
3.862: [GC 609309K->232664K(1052416K), 0.0118100 secs]
4.096: [GC 776408K->237527K(1072768K), 0.0464260 secs]
4.320: [GC 781271K->237522K(1310528K), 0.0810920 secs]
4.665: [GC 1021458K->237673K(1307840K), 0.0373950 secs]
4.950: [GC 1021609K->241308K(1476992K), 0.0143000 secs]
5.284: [GC 1225948K->246802K(1502336K), 0.0208150 secs]
5.626: [GC 1231442K->249114K(1672960K), 0.0160230 secs]
6.109: [GC 1440474K->258679K(1700352K), 0.0696820 secs]
6.685: [GC 1450039K->264339K(1917184K), 0.0308860 secs]
7.398: [GC 1694611K->275392K(1937728K), 0.0243600 secs]
8.184: [GC 1705664K->280059K(2147840K), 0.0237720 secs]
9.136: [GC 1934843K->287275K(2172608K), 0.0816920 secs]
10.178: [GC 1943595K->297092K(2339456K), 0.0326850 secs]
11.251: [GC 2113988K->308929K(2338816K), 0.0320020 secs]
12.294: [GC 2125825K->319610K(2325504K), 0.0329570 secs]
13.109: [GC 2101872K->324067K(2308736K), 0.0266470 secs]
13.896: [GC 2107137K->329685K(2310848K), 0.0286380 secs]
14.689: [GC 2079784K->337078K(2288384K), 0.0284670 secs]
15.497: [GC 2089014K->339955K(2295360K), 0.0317780 secs]
16.302: [GC 2060275K->342395K(2259776K), 0.0317670 secs]
17.119: [GC 2062715K->350795K(2285056K), 0.0334410 secs]
17.917: [GC 2047691K->359033K(2248448K), 0.0345810 secs]
18.672: [GC 2055929K->363755K(2272576K), 0.0358670 secs]
19.435: [GC 2035179K->367216K(2224832K), 0.0355580 secs]
20.202: [GC 2038640K->369067K(2271936K), 0.0347270 secs]
21.027: [GC 2029867K->372178K(2209536K), 0.0340750 secs]
21.866: [GC 2032978K->377585K(2272000K), 0.0354990 secs]
22.686: [GC 2037105K->383257K(2209664K), 0.0355330 secs]
23.504: [GC 2042777K->385433K(2275136K), 0.0349940 secs]
24.102: [GC 2048345K->385397K(2199808K), 0.0334140 secs]
24.721: [GC 2048309K->388966K(2272512K), 0.0321530 secs]
25.374: [GC 2058342K->389866K(2266880K), 0.0306180 secs]
26.042: [GC 2059242K->394445K(2281472K), 0.0318000 secs]
26.724: [GC 2084621K->399894K(2275776K), 0.0320250 secs]
27.393: [GC 2090070K->401275K(2293056K), 0.0294150 secs]
28.111: [GC 2113339K->406523K(2289216K), 0.0301900 secs]
28.815: [GC 2116933K->408623K(2303296K), 0.0289800 secs]
29.538: [GC 2137967K->415313K(2300928K), 0.0295290 secs]
30.360: [GC 2144657K->421683K(2310656K), 0.0298200 secs]
31.155: [GC 2164147K->425215K(2308416K), 0.0294190 secs]
32.135: [GC 2167679K->431366K(2316096K), 0.0304510 secs]
33.010: [GC 2185414K->435792K(2314048K), 0.0306190 secs]
33.858: [GC 2189655K->443017K(2322368K), 0.0305120 secs]
34.652: [GC 2208841K->444533K(2320640K), 0.0303680 secs]
35.447: [GC 2210357K->447544K(2328320K), 0.0286940 secs]
36.220: [GC 2223032K->456182K(2326592K), 0.0293070 secs]
37.015: [GC 2231670K->455842K(2331456K), 0.0283990 secs]
37.945: [GC 2238626K->460698K(2329856K), 0.0288130 secs]
38.948: [GC 2242995K->467616K(2335680K), 0.0306350 secs]
39.964: [GC 2258208K->479775K(2334464K), 0.0324330 secs]
41.022: [GC 2270367K->486015K(2334016K), 0.0337630 secs]
41.986: [GC 2274431K->491263K(2330368K), 0.0334200 secs]
43.044: [GC 2279679K->500812K(2323264K), 0.0357500 secs]
44.024: [GC 2272716K->504615K(2320576K), 0.0361330 secs]
45.012: [GC 2276519K->511330K(2316672K), 0.0356000 secs]
45.954: [GC 2265707K->515463K(2306496K), 0.0361880 secs]
46.882: [GC 2271751K->520738K(2313792K), 0.0354780 secs]
47.802: [GC 2267553K->521248K(2315968K), 0.0361160 secs]
48.721: [GC 2268064K->527203K(2314368K), 0.0347530 secs]
49.657: [GC 2272611K->533265K(2299456K), 0.0482380 secs]
50.622: [GC 2278673K->537346K(2309824K), 0.0400280 secs]
51.523: [GC 2274757K->540367K(2291584K), 0.0893040 secs]
52.556: [GC 2276654K->546899K(2305536K), 0.0388170 secs]
53.546: [GC 2277715K->553791K(2293376K), 0.0674390 secs]
54.508: [GC 2284607K->553021K(2305664K), 0.0769560 secs]
54.585: [Full GC 553021K->212782K(2330688K), 0.7131490 secs]
56.206: [GC 1938094K->228107K(2190400K), 0.0100060 secs]
57.149: [GC 1953419K->238629K(2297792K), 0.0128310 secs]
58.077: [GC 1916143K->258487K(2173696K), 0.0199130 secs]
58.922: [GC 1936695K->260654K(2304064K), 0.0791320 secs]
59.649: [GC 1933870K->269322K(2179520K), 0.0272620 secs]
60.395: [GC 1942538K->277535K(2306432K), 0.1031390 secs]
61.244: [GC 1954254K->283012K(2198144K), 0.0974460 secs]
62.195: [GC 1961156K->295027K(2308800K), 0.0326110 secs]
63.090: [GC 1986227K->301600K(2300992K), 0.0427590 secs]
