0.540: [GC 95424K->60484K(365760K), 0.0879650 secs]
0.716: [GC 155908K->122673K(461184K), 0.1021410 secs]
0.928: [GC 313521K->170078K(461184K), 0.0530090 secs]
1.989: [GC 359226K->171791K(652032K), 0.0244550 secs]
3.540: [GC 551708K->179076K(652032K), 0.0203400 secs]
4.966: [GC 560772K->179709K(1111104K), 0.0125570 secs]
8.227: [GC 942525K->179772K(1111680K), 0.0236270 secs]
12.077: [GC 942588K->181782K(1874304K), 0.0212930 secs]
19.612: [GC 1706973K->184706K(1874496K), 0.0047700 secs]
28.735: [GC 1708888K->186663K(2193216K), 0.0055960 secs]
38.515: [GC 2034158K->189335K(2193792K), 0.0058930 secs]
48.910: [GC 2037847K->191050K(2195520K), 0.0071730 secs]
59.522: [GC 2047626K->192293K(2196480K), 0.0060720 secs]
