0.547: [GC 95424K->59882K(365760K), 0.1032260 secs]
0.736: [GC 155306K->119806K(461184K), 0.1263470 secs]
1.170: [GC 309435K->170864K(461184K), 0.0531520 secs]
1.673: [GC 359761K->177584K(652032K), 0.0235910 secs]
2.681: [GC 559252K->180455K(652032K), 0.0230320 secs]
3.482: [GC 560929K->182481K(1109504K), 0.0185680 secs]
5.064: [GC 943654K->182418K(1110080K), 0.0105620 secs]
6.637: [GC 943473K->184353K(1872640K), 0.0104510 secs]
9.650: [GC 1709985K->187095K(1872640K), 0.0056970 secs]
13.222: [GC 1712032K->190470K(2195008K), 0.0045380 secs]
17.036: [GC 2041339K->194593K(2195648K), 0.0069570 secs]
20.752: [GC 2045746K->194856K(2198592K), 0.0108170 secs]
24.766: [GC 2052749K->198282K(2198848K), 0.0062610 secs]
29.149: [GC 2057003K->206040K(2200448K), 0.0080660 secs]
32.952: [GC 2073391K->208213K(2201856K), 0.0066330 secs]
37.300: [GC 2076348K->210255K(2206848K), 0.0148700 secs]
41.574: [GC 2092623K->214044K(2057472K), 0.0095250 secs]
45.422: [GC 2005965K->218096K(1973440K), 0.0086140 secs]
49.286: [GC 1925483K->221415K(1892928K), 0.0066230 secs]
52.502: [GC 1847043K->223914K(1816000K), 0.0088120 secs]
56.244: [GC 1773297K->227187K(1744384K), 0.0139910 secs]
60.098: [GC 1704371K->231991K(1674880K), 0.0162420 secs]
60.114: [Full GC 231991K->188376K(1803840K), 0.4894140 secs]
