1.154: [GC 94788K->30493K(365760K), 0.0449150 secs]
1.367: [GC 125917K->63138K(461184K), 0.0676980 secs]
1.748: [GC 253986K->135301K(461184K), 0.1791550 secs]
2.221: [GC 326149K->197864K(652032K), 0.1473110 secs]
2.368: [Full GC 197864K->197834K(820992K), 0.5593730 secs]
3.548: [GC 579530K->240025K(820992K), 0.0457290 secs]
3.780: [GC 620762K->245003K(1079104K), 0.0196940 secs]
3.990: [GC 808715K->248311K(1090624K), 0.0140360 secs]
4.242: [GC 811088K->254638K(1289920K), 0.0181970 secs]
4.587: [GC 1044526K->258889K(1312448K), 0.0186120 secs]
4.893: [GC 1048777K->267570K(1453248K), 0.0232950 secs]
5.267: [GC 1220978K->268060K(1467200K), 0.0251680 secs]
5.575: [GC 1221468K->273223K(1649728K), 0.0322760 secs]
6.016: [GC 1415111K->279172K(1648768K), 0.0319650 secs]
6.372: [GC 1421060K->278317K(1850112K), 0.0250910 secs]
6.778: [GC 1630445K->280144K(1858240K), 0.0315120 secs]
7.142: [GC 1632272K->281538K(2102464K), 0.0332570 secs]
7.575: [GC 1878018K->289863K(2102592K), 0.0381420 secs]
7.991: [GC 1886343K->283993K(2302144K), 0.0379990 secs]
8.526: [GC 2077081K->282554K(2302144K), 0.0397490 secs]
9.076: [GC 2074935K->288665K(2367872K), 0.0391550 secs]
9.694: [GC 2153881K->284011K(2370304K), 0.0228860 secs]
10.244: [GC 2149227K->290084K(2372288K), 0.0339570 secs]
10.758: [GC 2164196K->290481K(2375232K), 0.0235280 secs]
11.246: [GC 2163363K->292103K(2377664K), 0.0246400 secs]
11.753: [GC 2172677K->298992K(2380224K), 0.0286310 secs]
12.288: [GC 2179711K->297640K(2381120K), 0.0220660 secs]
12.823: [GC 2184559K->299445K(2382976K), 0.0206000 secs]
13.426: [GC 2186613K->309740K(2381376K), 0.0301740 secs]
14.249: [GC 2201580K->310230K(2384512K), 0.0218910 secs]
15.049: [GC 2200821K->318373K(2387392K), 0.0245580 secs]
15.853: [GC 2217381K->324731K(2389312K), 0.0530980 secs]
16.643: [GC 2223131K->336275K(2383744K), 0.0284410 secs]
17.433: [GC 2228883K->329132K(2387584K), 0.0293470 secs]
18.220: [GC 2220714K->336719K(2382976K), 0.0461460 secs]
19.146: [GC 2224299K->341498K(2378432K), 0.0272670 secs]
19.950: [GC 2229562K->349054K(2370624K), 0.0342580 secs]
20.749: [GC 2218878K->344391K(2362688K), 0.0353060 secs]
21.571: [GC 2212289K->344652K(2369792K), 0.0355560 secs]
22.374: [GC 2204590K->356971K(2365120K), 0.0400970 secs]
23.166: [GC 2217515K->351526K(2362112K), 0.0406410 secs]
23.982: [GC 2197158K->355221K(2345408K), 0.0428730 secs]
24.756: [GC 2199661K->367827K(2351488K), 0.0445420 secs]
25.617: [GC 2197121K->368606K(2334464K), 0.0451490 secs]
26.414: [GC 2198055K->374309K(2349952K), 0.0476880 secs]
27.208: [GC 2196645K->380195K(2331776K), 0.0482710 secs]
28.016: [GC 2201191K->380943K(2347840K), 0.0453780 secs]
28.711: [GC 2195983K->382174K(2348800K), 0.0482430 secs]
29.457: [GC 2196887K->382946K(2346112K), 0.0425480 secs]
30.184: [GC 2197026K->388427K(2347456K), 0.0458090 secs]
30.982: [GC 2203467K->385205K(2344832K), 0.0415020 secs]
31.707: [GC 2203957K->395594K(2347648K), 0.0452610 secs]
32.503: [GC 2212773K->393669K(2353024K), 0.0465010 secs]
33.372: [GC 2216421K->398747K(2352768K), 0.0518780 secs]
34.323: [GC 2222363K->404817K(2352320K), 0.0518550 secs]
35.350: [GC 2226837K->420559K(2346752K), 0.0554050 secs]
36.303: [GC 2243983K->421217K(2340928K), 0.0571890 secs]
37.201: [GC 2227297K->430229K(2333504K), 0.0584390 secs]
38.076: [GC 2236309K->427835K(2337792K), 0.0581700 secs]
38.976: [GC 2222395K->438796K(2320576K), 0.0602230 secs]
39.864: [GC 2232447K->442052K(2331136K), 0.0612810 secs]
40.757: [GC 2226244K->447330K(2312832K), 0.0608720 secs]
41.656: [GC 2230351K->448385K(2328064K), 0.0606420 secs]
42.460: [GC 2223874K->452317K(2306816K), 0.0871230 secs]
43.336: [GC 2227707K->452366K(2328192K), 0.0975820 secs]
44.254: [GC 2224988K->451203K(2295744K), 0.0796160 secs]
45.166: [GC 2222925K->451230K(2328384K), 0.0585500 secs]
46.022: [GC 2227038K->459603K(2325760K), 0.0842220 secs]
46.944: [GC 2234256K->456103K(2330112K), 0.0467370 secs]
47.787: [GC 2238296K->460036K(2329344K), 0.0563440 secs]
48.716: [GC 2240718K->462750K(2333888K), 0.0543360 secs]
49.606: [GC 2251806K->468564K(2332992K), 0.0511970 secs]
50.586: [GC 2256670K->473786K(2337280K), 0.0486590 secs]
51.551: [GC 2267738K->469443K(2336384K), 0.0477350 secs]
52.584: [GC 2264579K->471198K(2339776K), 0.0442450 secs]
53.595: [GC 2268062K->472100K(2286720K), 0.0398410 secs]
54.511: [GC 2270372K->477650K(2339584K), 0.0377400 secs]
55.440: [GC 2273818K->474111K(2279040K), 0.0364000 secs]
55.476: [Full GC 474111K->231350K(2326144K), 0.7352140 secs]
57.052: [GC 2027775K->244927K(2370816K), 0.0092870 secs]
57.916: [GC 2024660K->245839K(2265152K), 0.0090150 secs]
58.878: [GC 2024882K->250857K(2369664K), 0.0118770 secs]
59.789: [GC 2015953K->255348K(2371584K), 0.0128370 secs]
60.629: [GC 2019951K->258874K(2367232K), 0.0159840 secs]
61.467: [GC 2025116K->268918K(2369600K), 0.0184090 secs]
62.316: [GC 2034000K->268956K(2367104K), 0.0238230 secs]
63.187: [GC 2044421K->277976K(2369536K), 0.0327690 secs]
