0.541: [GC 95424K->59869K(365760K), 0.0756210 secs]
0.702: [GC 155293K->119813K(461184K), 0.0522620 secs]
0.870: [GC 310661K->174383K(461184K), 0.0528540 secs]
1.202: [GC 363279K->174470K(652032K), 0.0372170 secs]
1.858: [GC 554226K->177407K(652032K), 0.0289910 secs]
2.259: [GC 558953K->183720K(1110784K), 0.0146950 secs]
3.285: [GC 945560K->186577K(1112000K), 0.0330940 secs]
4.288: [GC 948630K->189671K(1870784K), 0.0195310 secs]
6.441: [GC 1714708K->197388K(1872128K), 0.0247310 secs]
8.494: [GC 1723572K->203292K(2195648K), 0.0093690 secs]
10.979: [GC 2057943K->212273K(2197056K), 0.0125520 secs]
10.991: [Full GC 212273K->190663K(2338432K), 0.4979080 secs]
14.123: [GC 2045223K->204810K(2341440K), 0.0077610 secs]
16.620: [GC 2068190K->216295K(2342912K), 0.0103670 secs]
19.131: [GC 2080775K->225557K(2346432K), 0.0110870 secs]
21.643: [GC 2101333K->233644K(2346432K), 0.0411910 secs]
24.107: [GC 2109412K->242032K(2350464K), 0.0290370 secs]
26.567: [GC 2121377K->250234K(2334976K), 0.0177610 secs]
29.029: [GC 2129683K->255676K(2336384K), 0.0177410 secs]
31.458: [GC 2111533K->264914K(2327424K), 0.0205880 secs]
33.923: [GC 2120728K->273658K(2315264K), 0.0225610 secs]
36.307: [GC 2094971K->276551K(2304000K), 0.0228800 secs]
38.667: [GC 2098350K->279593K(2300800K), 0.0231290 secs]
40.965: [GC 2069135K->285245K(2280128K), 0.0415230 secs]
43.245: [GC 2074765K->289571K(2285056K), 0.0275980 secs]
45.510: [GC 2046593K->294145K(2257536K), 0.0284050 secs]
47.848: [GC 2051832K->296671K(2271936K), 0.0293580 secs]
50.075: [GC 2025818K->301402K(2234112K), 0.0297320 secs]
52.249: [GC 2030315K->302029K(2266176K), 0.0295020 secs]
54.428: [GC 2012774K->307090K(2215040K), 0.0307130 secs]
56.693: [GC 2017247K->312834K(2263744K), 0.0321390 secs]
58.903: [GC 2015904K->315715K(2207040K), 0.0310550 secs]
