0.535: [GC 95424K->59882K(365760K), 0.0927660 secs]
0.713: [GC 155306K->119806K(461184K), 0.1003700 secs]
0.935: [GC 310654K->174567K(461184K), 0.0650620 secs]
1.269: [GC 364281K->177815K(652032K), 0.0209790 secs]
1.712: [GC 557865K->186483K(652032K), 0.0706570 secs]
2.175: [GC 567402K->189299K(1110720K), 0.0119730 secs]
3.049: [GC 950641K->193689K(1111360K), 0.0129850 secs]
3.858: [GC 956086K->195370K(1871424K), 0.0157880 secs]
5.645: [GC 1720874K->203991K(1872256K), 0.0437740 secs]
7.252: [GC 1728841K->214328K(2192256K), 0.0329500 secs]
9.322: [GC 2067525K->226830K(2194048K), 0.0328480 secs]
9.355: [Full GC 226830K->190604K(2336704K), 0.6028520 secs]
11.908: [GC 2042861K->218673K(2341888K), 0.0178480 secs]
13.899: [GC 2086958K->227723K(2343616K), 0.0444540 secs]
15.999: [GC 2095068K->241598K(2351040K), 0.0530220 secs]
18.049: [GC 2119306K->253118K(2338560K), 0.0218460 secs]
20.135: [GC 2130804K->258946K(2336768K), 0.0415170 secs]
22.160: [GC 2115291K->264437K(2327744K), 0.0425260 secs]
24.281: [GC 2119900K->269618K(2321216K), 0.0303730 secs]
26.325: [GC 2096895K->276456K(2310464K), 0.0259260 secs]
28.341: [GC 2103291K->279481K(2305152K), 0.0251740 secs]
30.348: [GC 2074720K->286792K(2288896K), 0.0280230 secs]
32.358: [GC 2082145K->291285K(2287680K), 0.0315200 secs]
34.319: [GC 2051261K->291320K(2259776K), 0.0281930 secs]
36.263: [GC 2051750K->299266K(2274304K), 0.0426280 secs]
38.305: [GC 2032042K->305626K(2246080K), 0.0400080 secs]
40.286: [GC 2039391K->302940K(2263488K), 0.0312570 secs]
42.215: [GC 2009575K->314155K(2222464K), 0.0546880 secs]
44.161: [GC 2020514K->319492K(2251712K), 0.0382970 secs]
46.051: [GC 2002458K->321387K(2201920K), 0.0769990 secs]
47.990: [GC 2005961K->327595K(2247936K), 0.0527030 secs]
49.920: [GC 1998744K->330153K(2191680K), 0.0701040 secs]
51.849: [GC 2001363K->331426K(2248256K), 0.0394810 secs]
53.787: [GC 1998679K->334017K(2187904K), 0.0513420 secs]
55.699: [GC 2001345K->335857K(2249088K), 0.0403660 secs]
57.602: [GC 2002009K->337499K(2183808K), 0.0434040 secs]
59.484: [GC 2003412K->342073K(2247936K), 0.0697580 secs]
