1.155: [GC 94828K->30495K(365760K), 0.0630050 secs]
1.377: [GC 125919K->63161K(461184K), 0.0613570 secs]
1.732: [GC 254009K->133767K(461184K), 0.1747050 secs]
2.186: [GC 324615K->196351K(652032K), 0.2133400 secs]
2.399: [Full GC 196351K->196344K(815360K), 0.5408450 secs]
3.381: [GC 578040K->240565K(815360K), 0.0274120 secs]
3.791: [GC 621126K->261696K(1060480K), 0.0165780 secs]
4.065: [GC 828025K->270201K(1083840K), 0.0217720 secs]
4.327: [GC 835952K->270719K(1331712K), 0.0454060 secs]
4.772: [GC 1093651K->289839K(1333248K), 0.0263120 secs]
5.148: [GC 1113163K->280941K(1503744K), 0.0260620 secs]
5.612: [GC 1295084K->289367K(1521280K), 0.0289440 secs]
6.131: [GC 1303748K->289555K(1706176K), 0.0292520 secs]
6.721: [GC 1503444K->297594K(1722048K), 0.0314430 secs]
7.277: [GC 1511807K->297800K(1928768K), 0.0320430 secs]
7.921: [GC 1723201K->298369K(1937920K), 0.0313700 secs]
8.597: [GC 1722766K->304510K(2157568K), 0.0353180 secs]
9.364: [GC 1950991K->311393K(2164352K), 0.0392310 secs]
10.091: [GC 1956754K->319480K(2326016K), 0.0411310 secs]
10.921: [GC 2120836K->318246K(2332992K), 0.0423350 secs]
11.743: [GC 2120886K->325188K(2330752K), 0.0454010 secs]
12.569: [GC 2120900K->326576K(2333504K), 0.0386950 secs]
13.397: [GC 2121185K->330654K(2328512K), 0.0372480 secs]
14.249: [GC 2127127K->340139K(2331584K), 0.0421510 secs]
15.055: [GC 2136359K->354108K(2328704K), 0.0479710 secs]
15.929: [GC 2147102K->362322K(2314112K), 0.0462580 secs]
16.829: [GC 2154203K->360297K(2323136K), 0.0459740 secs]
17.637: [GC 2137694K->362673K(2294656K), 0.0467980 secs]
18.480: [GC 2140536K->365233K(2323456K), 0.0490670 secs]
19.315: [GC 2141451K->369268K(2292800K), 0.0429950 secs]
20.130: [GC 2144104K->380762K(2315712K), 0.0509210 secs]
20.948: [GC 2147805K->377631K(2286336K), 0.0511140 secs]
21.773: [GC 2144935K->380350K(2320576K), 0.0874810 secs]
22.643: [GC 2147638K->391719K(2293184K), 0.0565020 secs]
23.541: [GC 2159165K->394589K(2317824K), 0.0552880 secs]
24.333: [GC 2159235K->394855K(2281728K), 0.0522270 secs]
25.168: [GC 2158769K->400001K(2318080K), 0.0456770 secs]
25.983: [GC 2166966K->400759K(2316608K), 0.0983000 secs]
26.835: [GC 2167332K->402036K(2318976K), 0.0558830 secs]
27.629: [GC 2175504K->408466K(2318080K), 0.0728030 secs]
28.510: [GC 2182840K->410021K(2325248K), 0.0461100 secs]
29.307: [GC 2195429K->407631K(2323776K), 0.0463870 secs]
30.095: [GC 2192791K->415018K(2330432K), 0.0466430 secs]
30.952: [GC 2209834K->424220K(2329856K), 0.0457410 secs]
31.789: [GC 2219120K->427163K(2336384K), 0.0460260 secs]
32.622: [GC 2229851K->425945K(2314688K), 0.0448430 secs]
33.446: [GC 2228485K->430603K(2337280K), 0.0465490 secs]
34.320: [GC 2235186K->433618K(2335680K), 0.0458450 secs]
35.183: [GC 2239466K->440582K(2338304K), 0.0478010 secs]
36.040: [GC 2249946K->441013K(2338432K), 0.0475760 secs]
36.872: [GC 2250860K->448214K(2341440K), 0.0482620 secs]
37.687: [GC 2260664K->443598K(2342464K), 0.0495840 secs]
38.491: [GC 2256412K->446809K(2341248K), 0.0521230 secs]
39.322: [GC 2261037K->452982K(2341952K), 0.0859130 secs]
40.205: [GC 2268505K->457791K(2343232K), 0.0522400 secs]
41.070: [GC 2277401K->457730K(2343808K), 0.0469550 secs]
41.940: [GC 2276041K->461126K(2345984K), 0.0491530 secs]
42.799: [GC 2284413K->466533K(2346816K), 0.0478840 secs]
43.637: [GC 2289777K->476995K(2347520K), 0.0487450 secs]
44.539: [GC 2301046K->477302K(2348160K), 0.0489450 secs]
45.387: [GC 2301149K->479127K(2347072K), 0.0479490 secs]
46.241: [GC 2303827K->484508K(2347648K), 0.0483340 secs]
47.090: [GC 2308706K->485321K(2347584K), 0.0481540 secs]
47.921: [GC 2309364K->492727K(2343680K), 0.0487210 secs]
48.760: [GC 2316581K->487555K(2347456K), 0.0472430 secs]
49.576: [GC 2308680K->494981K(2346752K), 0.0496760 secs]
50.410: [GC 2317454K->496394K(2346944K), 0.0504910 secs]
51.294: [GC 2319302K->507025K(2346880K), 0.0519060 secs]
52.144: [GC 2329750K->503657K(2341376K), 0.0514190 secs]
52.978: [GC 2319900K->509874K(2335936K), 0.0495370 secs]
53.830: [GC 2325696K->518600K(2339456K), 0.0522800 secs]
53.883: [Full GC 518600K->241018K(2385984K), 0.6383910 secs]
55.293: [GC 2053013K->261402K(2296960K), 0.0132700 secs]
56.081: [GC 2073209K->269610K(2361280K), 0.0201060 secs]
56.890: [GC 2042663K->280251K(2276672K), 0.0189090 secs]
57.673: [GC 2052554K->285650K(2364160K), 0.0240990 secs]
58.503: [GC 2050071K->294569K(2283264K), 0.0379110 secs]
59.332: [GC 2058708K->300816K(2367104K), 0.0316500 secs]
60.141: [GC 2070288K->309765K(2302592K), 0.0526350 secs]
61.002: [GC 2079237K->324319K(2363072K), 0.0390630 secs]
61.829: [GC 2096500K->325712K(2361792K), 0.0427070 secs]
62.642: [GC 2099472K->328065K(2374336K), 0.0447180 secs]
63.481: [GC 2114277K->327555K(2374080K), 0.0433100 secs]
