0.541: [GC 95424K->59885K(365760K), 0.0920190 secs]
0.723: [GC 155309K->119829K(461184K), 0.1203230 secs]
1.327: [GC 309458K->170807K(461184K), 0.0570060 secs]
2.253: [GC 360133K->178722K(652032K), 0.0603440 secs]
3.649: [GC 560418K->179976K(652032K), 0.0110410 secs]
5.328: [GC 560924K->180299K(1109504K), 0.0117570 secs]
9.135: [GC 942795K->180868K(1110400K), 0.0158580 secs]
12.915: [GC 942696K->183130K(1872576K), 0.0081920 secs]
19.271: [GC 1707653K->185497K(1872704K), 0.0054220 secs]
27.984: [GC 1710456K->187810K(2194240K), 0.0048850 secs]
36.138: [GC 2038306K->188204K(2195008K), 0.0054140 secs]
45.905: [GC 2038417K->191253K(2195712K), 0.0390780 secs]
55.374: [GC 2047719K->193722K(2197376K), 0.0044350 secs]
