0.549: [GC 95424K->59874K(365760K), 0.0874140 secs]
0.726: [GC 155298K->119814K(461184K), 0.1145780 secs]
1.136: [GC 309443K->170880K(461184K), 0.0517400 secs]
1.659: [GC 360359K->177560K(652032K), 0.0129940 secs]
2.615: [GC 559256K->180145K(652032K), 0.0109910 secs]
3.269: [GC 560956K->181047K(1109312K), 0.0082680 secs]
4.796: [GC 942389K->181080K(1110144K), 0.0169180 secs]
6.355: [GC 942552K->183607K(1872384K), 0.0115120 secs]
9.154: [GC 1708727K->185897K(1872448K), 0.0048490 secs]
12.716: [GC 1710511K->189296K(2194496K), 0.0048290 secs]
16.506: [GC 2040624K->190479K(2195264K), 0.0062120 secs]
20.781: [GC 2040356K->192432K(2196864K), 0.0047230 secs]
24.948: [GC 2049511K->195182K(2198208K), 0.0057900 secs]
29.125: [GC 2053870K->198279K(2199744K), 0.0062420 secs]
33.240: [GC 2066759K->201773K(2201664K), 0.0082680 secs]
37.483: [GC 2070253K->205206K(2043392K), 0.0065820 secs]
41.523: [GC 1983732K->211256K(1961664K), 0.0074550 secs]
45.188: [GC 1906488K->214488K(1881024K), 0.0138020 secs]
48.605: [GC 1829528K->216796K(1803136K), 0.0086020 secs]
51.746: [GC 1753731K->220156K(1728832K), 0.0093280 secs]
54.532: [GC 1686524K->224532K(1662720K), 0.0057650 secs]
57.078: [GC 1622100K->224735K(1595584K), 0.0082490 secs]
59.771: [GC 1556542K->227709K(1534528K), 0.0099960 secs]
