1.169: [GC 94866K->30503K(365760K), 0.0548920 secs]
1.386: [GC 125927K->63157K(461184K), 0.1100410 secs]
1.808: [GC 254005K->135235K(461184K), 0.1477800 secs]
2.249: [GC 326083K->197830K(652032K), 0.1590060 secs]
2.408: [Full GC 197830K->197804K(814656K), 0.4571490 secs]
3.430: [GC 579500K->239389K(814656K), 0.0252640 secs]
3.678: [GC 621085K->244580K(1097920K), 0.0266370 secs]
3.929: [GC 833060K->248607K(1109056K), 0.0139290 secs]
4.193: [GC 836530K->252933K(1348096K), 0.0183750 secs]
4.476: [GC 1109893K->259379K(1373248K), 0.0219680 secs]
4.829: [GC 1116339K->266303K(1567936K), 0.0358760 secs]
5.193: [GC 1337471K->269392K(1578560K), 0.0234970 secs]
5.536: [GC 1340560K->274936K(1802240K), 0.0264680 secs]
5.976: [GC 1586872K->281079K(1813696K), 0.0360850 secs]
6.406: [GC 1593015K->279816K(2085440K), 0.0326580 secs]
6.842: [GC 1871112K->279361K(2093440K), 0.0381970 secs]
7.284: [GC 1870631K->280704K(2366464K), 0.0314180 secs]
7.795: [GC 2146944K->284216K(2367424K), 0.0330840 secs]
8.313: [GC 2148607K->287173K(2364864K), 0.0330290 secs]
8.936: [GC 2148229K->295319K(2351808K), 0.0319530 secs]
9.626: [GC 2158231K->293872K(2364352K), 0.0392550 secs]
10.305: [GC 2150655K->294296K(2330304K), 0.0340600 secs]
11.046: [GC 2149576K->299918K(2360896K), 0.0250140 secs]
11.655: [GC 2157902K->306712K(2359808K), 0.0464910 secs]
12.266: [GC 2164696K->310081K(2366848K), 0.0271900 secs]
12.838: [GC 2176065K->310266K(2366016K), 0.0277240 secs]
13.447: [GC 2176250K->314744K(2367488K), 0.0300450 secs]
14.033: [GC 2184568K->320450K(2366656K), 0.0277490 secs]
14.662: [GC 2190274K->318365K(2370496K), 0.0293430 secs]
15.256: [GC 2194028K->318555K(2371392K), 0.0325340 secs]
15.885: [GC 2194586K->326719K(2373248K), 0.0315370 secs]
16.516: [GC 2206719K->328402K(2373568K), 0.0305380 secs]
17.113: [GC 2208054K->333554K(2375808K), 0.0300380 secs]
17.721: [GC 2216242K->342316K(2372032K), 0.0316180 secs]
18.390: [GC 2225004K->339199K(2371648K), 0.0310620 secs]
19.075: [GC 2214143K->341278K(2372416K), 0.0309730 secs]
19.684: [GC 2216222K->344028K(2371776K), 0.0284670 secs]
20.330: [GC 2216857K->344718K(2356480K), 0.0297150 secs]
20.928: [GC 2219022K->347999K(2373312K), 0.0278010 secs]
21.506: [GC 2224287K->346759K(2371648K), 0.0262410 secs]
22.096: [GC 2223047K->349567K(2372992K), 0.0252040 secs]
22.656: [GC 2226828K->354129K(2372224K), 0.0262550 secs]
23.256: [GC 2232401K->353863K(2374912K), 0.0262370 secs]
23.880: [GC 2235869K->362772K(2374016K), 0.0272890 secs]
24.468: [GC 2243958K->355953K(2376960K), 0.0256060 secs]
25.059: [GC 2241521K->358744K(2376576K), 0.0257700 secs]
25.707: [GC 2244312K->367080K(2378176K), 0.0270380 secs]
26.313: [GC 2255272K->367274K(2377920K), 0.0302770 secs]
26.924: [GC 2254896K->373376K(2379136K), 0.0301110 secs]
27.516: [GC 2263518K->373849K(2378880K), 0.0281450 secs]
28.134: [GC 2265049K->375442K(2381440K), 0.0287900 secs]
28.816: [GC 2270482K->383071K(2381120K), 0.0291520 secs]
29.585: [GC 2276529K->382286K(2383040K), 0.0300550 secs]
30.265: [GC 2279374K->387548K(2383104K), 0.0348220 secs]
30.946: [GC 2283590K->383667K(2383040K), 0.0468620 secs]
31.760: [GC 2280545K->389376K(2383104K), 0.0471960 secs]
32.527: [GC 2286528K->408787K(2369408K), 0.0382000 secs]
33.279: [GC 2290651K->415864K(2374592K), 0.0387980 secs]
34.084: [GC 2298532K->420576K(2365248K), 0.0422170 secs]
34.881: [GC 2290009K->424572K(2364864K), 0.0417540 secs]
35.707: [GC 2293621K->435525K(2354624K), 0.0440710 secs]
36.491: [GC 2286001K->440230K(2354176K), 0.0435620 secs]
37.295: [GC 2292134K->443443K(2349120K), 0.0394230 secs]
38.094: [GC 2278262K->445659K(2342528K), 0.0458060 secs]
38.876: [GC 2282075K->447039K(2344576K), 0.0490510 secs]
39.638: [GC 2271423K->453603K(2334720K), 0.0486800 secs]
40.425: [GC 2276983K->454918K(2339520K), 0.0497210 secs]
41.196: [GC 2266596K->461716K(2325440K), 0.0512460 secs]
41.931: [GC 2274585K->460586K(2338816K), 0.0494650 secs]
42.701: [GC 2267733K->466925K(2317888K), 0.0493430 secs]
43.525: [GC 2274605K->464781K(2339840K), 0.0485140 secs]
44.289: [GC 2272097K->475414K(2312192K), 0.0476470 secs]
44.991: [GC 2283094K->471238K(2338112K), 0.0433330 secs]
45.758: [GC 2279429K->474066K(2336448K), 0.0424180 secs]
46.453: [GC 2283410K->474555K(2340416K), 0.0405860 secs]
47.181: [GC 2289339K->480067K(2339648K), 0.0458990 secs]
47.974: [GC 2294851K->481694K(2343936K), 0.0362550 secs]
48.010: [Full GC 481694K->229815K(2373504K), 0.6309510 secs]
49.370: [GC 2048878K->243693K(2280896K), 0.0077570 secs]
50.057: [GC 2064045K->246973K(2358016K), 0.0115050 secs]
50.777: [GC 2043132K->256955K(2271360K), 0.0137450 secs]
51.457: [GC 2054047K->256134K(2360896K), 0.0143170 secs]
52.223: [GC 2049122K->257762K(2268288K), 0.0154530 secs]
53.016: [GC 2051426K->262842K(2363392K), 0.0183190 secs]
53.744: [GC 2059450K->266183K(2279680K), 0.0191730 secs]
54.434: [GC 2061827K->273360K(2363648K), 0.0209940 secs]
55.117: [GC 2074959K->276653K(2358848K), 0.0235810 secs]
55.776: [GC 2079405K->275013K(2367424K), 0.0233550 secs]
56.465: [GC 2090372K->282310K(2363008K), 0.0246300 secs]
57.281: [GC 2098758K->278573K(2378176K), 0.0251040 secs]
58.095: [GC 2112544K->289269K(2373952K), 0.0299420 secs]
58.959: [GC 2124816K->290449K(2386240K), 0.0295500 secs]
59.809: [GC 2139217K->292772K(2385792K), 0.0318800 secs]
60.697: [GC 2140235K->297080K(2391296K), 0.0320350 secs]
61.575: [GC 2151160K->297568K(2362560K), 0.0331810 secs]
62.400: [GC 2150374K->301550K(2391104K), 0.0344550 secs]
63.212: [GC 2154261K->305831K(2390912K), 0.0339190 secs]
