0.533: [GC 95424K->59877K(365760K), 0.0837940 secs]
0.701: [GC 155301K->119797K(461184K), 0.0909170 secs]
1.195: [GC 310590K->164141K(461184K), 0.1248530 secs]
1.684: [GC 354863K->169814K(652032K), 0.0118350 secs]
2.565: [GC 551406K->177265K(652032K), 0.0201620 secs]
3.484: [GC 558928K->183642K(1107456K), 0.0138470 secs]
5.464: [GC 946538K->192887K(1107968K), 0.0332050 secs]
7.371: [GC 954385K->200372K(1861824K), 0.0190440 secs]
11.303: [GC 1726689K->221100K(1865088K), 0.0601790 secs]
15.253: [GC 1746810K->240069K(2203776K), 0.0228450 secs]
20.058: [GC 2109663K->263712K(2205376K), 0.0823410 secs]
20.140: [Full GC 263712K->177318K(2320640K), 0.4844050 secs]
25.365: [GC 2046224K->212929K(2321536K), 0.0139160 secs]
30.087: [GC 2090136K->230389K(2322624K), 0.0224640 secs]
34.889: [GC 2108422K->254871K(2327296K), 0.0225990 secs]
38.944: [GC 2142114K->281534K(2328704K), 0.0571160 secs]
42.934: [GC 2168314K->294264K(2314048K), 0.0365770 secs]
46.918: [GC 2163321K->308662K(2322176K), 0.0269760 secs]
50.773: [GC 2176836K->331832K(2287872K), 0.0399780 secs]
54.434: [GC 2166712K->335540K(2284032K), 0.0349860 secs]
58.378: [GC 2169382K->351387K(2279488K), 0.0274600 secs]
