0.536: [GC 95424K->59882K(365760K), 0.0809850 secs]
0.699: [GC 155306K->119826K(461184K), 0.0715420 secs]
1.092: [GC 308902K->163954K(461184K), 0.0358280 secs]
1.375: [GC 353425K->169666K(652032K), 0.0256880 secs]
1.947: [GC 550231K->176212K(652032K), 0.0138950 secs]
2.527: [GC 557795K->183639K(1107072K), 0.0139790 secs]
3.640: [GC 945229K->196293K(1107904K), 0.0201550 secs]
4.704: [GC 958679K->204149K(1859136K), 0.0137380 secs]
7.095: [GC 1729089K->227156K(1863296K), 0.0197930 secs]
9.247: [GC 1752540K->241982K(2206336K), 0.0439660 secs]
12.152: [GC 2111327K->267580K(2166464K), 0.0293350 secs]
12.198: [Full GC 267580K->177598K(2298688K), 0.5736900 secs]
15.412: [GC 2048250K->212987K(2340224K), 0.0183210 secs]
18.063: [GC 2087475K->233621K(2338176K), 0.0223210 secs]
20.654: [GC 2107841K->233898K(2342400K), 0.0225040 secs]
23.300: [GC 2111056K->258115K(2343552K), 0.0292270 secs]
25.916: [GC 2135371K->276887K(2313600K), 0.0722510 secs]
28.527: [GC 2123801K->291687K(2323264K), 0.1002190 secs]
31.235: [GC 2138996K->302847K(2291520K), 0.0646050 secs]
33.818: [GC 2107963K->312239K(2275968K), 0.0479160 secs]
36.494: [GC 2117129K->326567K(2288640K), 0.0486670 secs]
38.991: [GC 2109180K->335425K(2276992K), 0.0311650 secs]
41.473: [GC 2118601K->341826K(2268032K), 0.0320940 secs]
43.920: [GC 2086308K->349774K(2253824K), 0.0338570 secs]
46.378: [GC 2095725K->356730K(2245952K), 0.0351220 secs]
48.797: [GC 2059106K->363305K(2225408K), 0.0367590 secs]
51.257: [GC 2066648K->368772K(2225472K), 0.0383260 secs]
53.627: [GC 2030253K->365740K(2186112K), 0.0371530 secs]
55.979: [GC 2027684K->377800K(2210304K), 0.0405030 secs]
58.353: [GC 2006720K->380890K(2169152K), 0.0407150 secs]
60.690: [GC 2010986K->384841K(2196544K), 0.0422300 secs]
