1.125: [GC 94899K->31858K(365760K), 0.0741330 secs]
1.369: [GC 127282K->64989K(461184K), 0.0562770 secs]
1.746: [GC 255837K->132995K(461184K), 0.0765780 secs]
2.122: [GC 323843K->195787K(652032K), 0.1218420 secs]
2.244: [Full GC 195787K->195754K(825024K), 0.6179770 secs]
3.466: [GC 577450K->230900K(825024K), 0.0241410 secs]
3.856: [GC 612596K->241288K(1035200K), 0.0197530 secs]
4.350: [GC 763411K->259805K(1051904K), 0.0344060 secs]
4.733: [GC 782640K->268290K(1197952K), 0.0288580 secs]
5.246: [GC 960445K->274534K(1211712K), 0.0302680 secs]
5.746: [GC 966028K->283020K(1332928K), 0.0423620 secs]
6.350: [GC 1096804K->292616K(1335168K), 0.0286000 secs]
6.904: [GC 1106186K->296574K(1462784K), 0.0281760 secs]
7.560: [GC 1234110K->306909K(1468160K), 0.0289330 secs]
8.260: [GC 1243104K->315302K(1597120K), 0.0328890 secs]
8.998: [GC 1372566K->321300K(1606464K), 0.0319590 secs]
9.713: [GC 1379047K->329357K(1736512K), 0.0365790 secs]
10.540: [GC 1508050K->336838K(1747072K), 0.0367510 secs]
11.335: [GC 1515654K->343044K(1838848K), 0.0413150 secs]
12.186: [GC 1600933K->352873K(1849792K), 0.0401610 secs]
13.025: [GC 1612585K->364941K(1946176K), 0.0486790 secs]
13.954: [GC 1707300K->371871K(1957824K), 0.0408340 secs]
14.857: [GC 1715550K->373340K(2064000K), 0.0452350 secs]
15.831: [GC 1811459K->380307K(2069824K), 0.0421550 secs]
16.814: [GC 1819909K->381847K(2177792K), 0.0459980 secs]
17.870: [GC 1923776K->380973K(2180480K), 0.0407710 secs]
18.903: [GC 1922235K->395227K(2246080K), 0.0465560 secs]
20.015: [GC 2001621K->397110K(2183616K), 0.0433520 secs]
21.112: [GC 2004571K->400342K(2247488K), 0.0437530 secs]
22.216: [GC 2004555K->406980K(2182272K), 0.0445480 secs]
23.284: [GC 2010687K->409439K(2248192K), 0.0448680 secs]
24.353: [GC 2012213K->415741K(2182144K), 0.0441860 secs]
25.414: [GC 2018401K->423416K(2246144K), 0.0460340 secs]
26.485: [GC 2027569K->427622K(2246400K), 0.0465560 secs]
27.567: [GC 2031169K->431219K(2244288K), 0.0461310 secs]
28.606: [GC 2037747K->437927K(2246464K), 0.0469600 secs]
29.727: [GC 2044455K->436589K(2242624K), 0.0453890 secs]
30.803: [GC 2047923K->442384K(2246592K), 0.0452130 secs]
31.951: [GC 2054155K->446499K(2247552K), 0.0455330 secs]
33.066: [GC 2071359K->450782K(2252736K), 0.0450340 secs]
34.177: [GC 2076841K->455126K(2257344K), 0.0439120 secs]
35.298: [GC 2097235K->466216K(2261696K), 0.0484150 secs]
36.422: [GC 2108449K->462620K(2266560K), 0.0461780 secs]
37.548: [GC 2113021K->471112K(2268608K), 0.0483720 secs]
38.704: [GC 2120600K->477239K(2272384K), 0.0478210 secs]
39.869: [GC 2133496K->481537K(2273216K), 0.0479370 secs]
41.037: [GC 2138177K->481562K(2273408K), 0.0474570 secs]
42.160: [GC 2138085K->485700K(2240768K), 0.0474860 secs]
43.269: [GC 2142282K->487934K(2274240K), 0.0476920 secs]
44.418: [GC 2146344K->491228K(2273024K), 0.0477310 secs]
45.563: [GC 2148259K->500761K(2272832K), 0.0496430 secs]
46.703: [GC 2158837K->502844K(2273920K), 0.0488490 secs]
47.875: [GC 2161149K->504956K(2275200K), 0.0483500 secs]
48.987: [GC 2164024K->509407K(2251392K), 0.0504410 secs]
50.106: [GC 2169363K->508386K(2277312K), 0.0487420 secs]
51.260: [GC 2169559K->513685K(2252032K), 0.0499880 secs]
52.407: [GC 2174445K->518104K(2275840K), 0.0506460 secs]
53.563: [GC 2180952K->519253K(2274880K), 0.0488680 secs]
54.668: [GC 2181089K->525601K(2276992K), 0.0493720 secs]
55.823: [GC 2191178K->530598K(2275712K), 0.0508420 secs]
56.981: [GC 2196449K->535036K(2280320K), 0.0501690 secs]
58.132: [GC 2206248K->544084K(2279936K), 0.0515860 secs]
59.297: [GC 2215535K->546279K(2278464K), 0.0520540 secs]
60.449: [GC 2212692K->543058K(2255232K), 0.0504570 secs]
61.651: [GC 2211410K->547435K(2280000K), 0.0502930 secs]
62.795: [GC 2217962K->555119K(2278272K), 0.0513940 secs]
