0.525: [GC 95424K->59893K(365760K), 0.1046430 secs]
0.711: [GC 155317K->119845K(461184K), 0.0936730 secs]
1.119: [GC 310693K->164474K(461184K), 0.0520620 secs]
1.419: [GC 354468K->170061K(652032K), 0.0100700 secs]
1.930: [GC 551516K->183775K(652032K), 0.0137020 secs]
2.419: [GC 564099K->193316K(1105920K), 0.0094380 secs]
3.457: [GC 954839K->210994K(1106368K), 0.0157660 secs]
4.383: [GC 972575K->225199K(1861376K), 0.0181080 secs]
6.375: [GC 1750108K->252573K(1863104K), 0.0255140 secs]
8.159: [GC 1778450K->275254K(2194048K), 0.0306260 secs]
8.189: [Full GC 275254K->174690K(2324032K), 0.5832910 secs]
10.957: [GC 2024653K->213898K(2328064K), 0.0136650 secs]
13.134: [GC 2065418K->247704K(2320960K), 0.0221590 secs]
15.315: [GC 2093791K->266308K(2322752K), 0.0274400 secs]
17.517: [GC 2112701K->279439K(2281152K), 0.0311480 secs]
19.629: [GC 2077170K->298177K(2267968K), 0.0381360 secs]
21.735: [GC 2097330K->318725K(2279808K), 0.0305250 secs]
23.831: [GC 2092723K->332175K(2276864K), 0.0330950 secs]
25.925: [GC 2105962K->344402K(2248064K), 0.0367410 secs]
27.956: [GC 2063140K->355317K(2246144K), 0.0393600 secs]
29.995: [GC 2074605K->360869K(2218624K), 0.0403860 secs]
31.958: [GC 2021925K->366567K(2198144K), 0.0412860 secs]
33.897: [GC 2026055K->367579K(2198336K), 0.0412880 secs]
35.784: [GC 1980891K->375660K(2159488K), 0.0432330 secs]
37.663: [GC 1987514K->377165K(2180160K), 0.0441670 secs]
39.489: [GC 1948809K->379217K(2123200K), 0.0440500 secs]
41.310: [GC 1951506K->382818K(2168832K), 0.0448070 secs]
43.121: [GC 1928582K->376901K(2093376K), 0.0434700 secs]
44.924: [GC 1921063K->379385K(2170944K), 0.0443270 secs]
46.723: [GC 1918572K->379135K(2082944K), 0.0435330 secs]
48.517: [GC 1918345K->380549K(2173824K), 0.0423820 secs]
50.316: [GC 1923141K->384535K(2171584K), 0.0442470 secs]
52.146: [GC 1926248K->381469K(2172032K), 0.0433350 secs]
53.950: [GC 1927578K->383717K(2171904K), 0.0428730 secs]
55.749: [GC 1931004K->382637K(2175232K), 0.0427440 secs]
57.556: [GC 1941509K->375886K(2176256K), 0.0404800 secs]
59.370: [GC 1934573K->378540K(2182080K), 0.0419320 secs]
