0.528: [GC 95424K->59882K(365760K), 0.0783130 secs]
0.687: [GC 155306K->119810K(461184K), 0.1139490 secs]
1.065: [GC 309020K->163368K(461184K), 0.0805590 secs]
1.342: [GC 354142K->168228K(652032K), 0.0118820 secs]
1.789: [GC 548834K->179808K(652032K), 0.0434390 secs]
2.232: [GC 561388K->190179K(1105216K), 0.0118180 secs]
3.123: [GC 953571K->210930K(1106304K), 0.0418180 secs]
3.948: [GC 973881K->222831K(1861376K), 0.0218320 secs]
5.699: [GC 1749290K->246082K(1862592K), 0.0258770 secs]
7.296: [GC 1771577K->271631K(2197696K), 0.0458900 secs]
7.342: [Full GC 271631K->177236K(2326656K), 0.5951970 secs]
9.872: [GC 2034076K->218912K(2329984K), 0.0263370 secs]
11.824: [GC 2074967K->251036K(2321728K), 0.0807750 secs]
13.795: [GC 2102104K->272887K(2327104K), 0.0302920 secs]
15.719: [GC 2122727K->293996K(2299968K), 0.0407780 secs]
17.649: [GC 2117426K->313403K(2300096K), 0.0276120 secs]
19.554: [GC 2137823K->329525K(2281152K), 0.0308620 secs]
21.448: [GC 2113120K->344729K(2291136K), 0.0356970 secs]
23.341: [GC 2127479K->352420K(2234816K), 0.0373780 secs]
25.194: [GC 2074782K->370645K(2233984K), 0.0428910 secs]
27.012: [GC 2092260K->380354K(2229120K), 0.0443900 secs]
28.799: [GC 2058672K->383957K(2203008K), 0.0475840 secs]
30.576: [GC 2061628K->391885K(2208704K), 0.0499900 secs]
32.275: [GC 2027143K->396994K(2173568K), 0.0421270 secs]
34.006: [GC 2031800K->397107K(2193920K), 0.0422010 secs]
35.698: [GC 1997097K->400466K(2141184K), 0.0428920 secs]
37.408: [GC 2000381K->401732K(2184064K), 0.0434270 secs]
39.065: [GC 1976474K->408846K(2125120K), 0.0455850 secs]
40.747: [GC 1984778K->412758K(2171584K), 0.0453830 secs]
42.350: [GC 1964029K->410097K(2102272K), 0.0448560 secs]
44.007: [GC 1961450K->412120K(2171328K), 0.0464450 secs]
45.595: [GC 1953662K->414350K(2094144K), 0.0453670 secs]
47.194: [GC 1956931K->412303K(2173248K), 0.0443650 secs]
48.799: [GC 1953601K->411154K(2085248K), 0.0449090 secs]
50.409: [GC 1952773K->407897K(2174144K), 0.0424280 secs]
51.983: [GC 1955288K->411382K(2168192K), 0.0427960 secs]
53.583: [GC 1958285K->412934K(2176384K), 0.0429090 secs]
55.182: [GC 1973739K->417933K(2171904K), 0.0439210 secs]
56.755: [GC 1978623K->421846K(2187072K), 0.0444400 secs]
58.375: [GC 2000790K->421606K(2185088K), 0.0443740 secs]
60.012: [GC 2001345K->421835K(2194176K), 0.0440730 secs]
