1.154: [GC 95424K->31580K(365760K), 0.0659030 secs]
1.382: [GC 127004K->64780K(461184K), 0.1035860 secs]
1.780: [GC 255628K->136887K(461184K), 0.1302300 secs]
2.188: [GC 327735K->199458K(652032K), 0.1483180 secs]
2.336: [Full GC 199458K->199444K(820480K), 0.5553530 secs]
3.603: [GC 579836K->233623K(820480K), 0.0383050 secs]
4.009: [GC 615319K->246815K(1062656K), 0.0139360 secs]
4.527: [GC 807071K->264182K(1085824K), 0.0242510 secs]
5.027: [GC 824438K->274619K(1256768K), 0.0207010 secs]
5.703: [GC 1042998K->286941K(1285440K), 0.0442570 secs]
6.380: [GC 1055709K->298572K(1428608K), 0.0302870 secs]
7.148: [GC 1209887K->312291K(1437824K), 0.0448790 secs]
7.892: [GC 1224792K->318465K(1597184K), 0.0369450 secs]
8.749: [GC 1381185K->325047K(1607040K), 0.0322860 secs]
9.598: [GC 1387594K->337005K(1763392K), 0.0396400 secs]
10.556: [GC 1545018K->349834K(1775872K), 0.0389220 secs]
11.553: [GC 1556792K->368419K(1932480K), 0.0469580 secs]
12.630: [GC 1717730K->374731K(1950912K), 0.0433330 secs]
13.706: [GC 1725602K->381829K(2062528K), 0.0475420 secs]
14.830: [GC 1826529K->388235K(2078592K), 0.0462090 secs]
15.985: [GC 1833803K->395692K(2194176K), 0.0527340 secs]
17.220: [GC 1941904K->400461K(2205824K), 0.0448950 secs]
18.445: [GC 1946765K->401929K(2202176K), 0.0451090 secs]
19.651: [GC 1935497K->406558K(2124800K), 0.0449280 secs]
20.844: [GC 1939295K->413212K(2198656K), 0.0459400 secs]
22.028: [GC 1934364K->411178K(2201344K), 0.0438340 secs]
23.230: [GC 1932091K->412407K(2197248K), 0.0460130 secs]
24.426: [GC 1934188K->410260K(2199616K), 0.0445430 secs]
25.627: [GC 1930505K->417848K(2200320K), 0.0455350 secs]
26.809: [GC 1947832K->417122K(2201152K), 0.0499310 secs]
28.043: [GC 1946365K->419427K(2204928K), 0.0454540 secs]
29.288: [GC 1962250K->429189K(2205952K), 0.0460410 secs]
30.527: [GC 1971508K->434286K(2217728K), 0.0477040 secs]
31.759: [GC 1991102K->438267K(2218176K), 0.0475470 secs]
33.010: [GC 1994458K->439234K(2217600K), 0.0485990 secs]
34.255: [GC 2000834K->446619K(2219328K), 0.0482490 secs]
35.518: [GC 2007441K->448072K(2219200K), 0.0487640 secs]
36.750: [GC 2013783K->450113K(2221632K), 0.0473520 secs]
37.994: [GC 2016449K->453089K(2220032K), 0.0480120 secs]
39.251: [GC 2025301K->456569K(2223232K), 0.0482550 secs]
40.532: [GC 2029753K->460190K(2225536K), 0.0478000 secs]
41.808: [GC 2044638K->462566K(2228608K), 0.0473300 secs]
43.093: [GC 2046766K->461960K(2229312K), 0.0480450 secs]
44.357: [GC 2057620K->470695K(2233408K), 0.0480750 secs]
45.647: [GC 2066251K->474150K(2240128K), 0.0490460 secs]
46.944: [GC 2080985K->479596K(2243008K), 0.0483870 secs]
48.227: [GC 2088236K->478528K(2242368K), 0.0494020 secs]
49.493: [GC 2090808K->478857K(2244992K), 0.0466890 secs]
50.748: [GC 2090788K->490700K(2248448K), 0.0481730 secs]
52.030: [GC 2110552K->485788K(2249024K), 0.0469100 secs]
53.336: [GC 2105884K->485933K(2247744K), 0.0473520 secs]
54.641: [GC 2110821K->497220K(2249344K), 0.0495520 secs]
55.973: [GC 2123140K->495257K(2257216K), 0.0481210 secs]
57.277: [GC 2129305K->495236K(2232448K), 0.0483740 secs]
58.553: [GC 2129284K->498621K(2258112K), 0.0504200 secs]
59.849: [GC 2133592K->500710K(2257152K), 0.0503490 secs]
61.159: [GC 2136196K->503591K(2259008K), 0.0500670 secs]
62.431: [GC 2142887K->506071K(2258048K), 0.0494010 secs]
