0.531: [GC 95424K->59885K(365760K), 0.0921950 secs]
0.705: [GC 155309K->119805K(461184K), 0.0934470 secs]
1.125: [GC 310169K->170213K(461184K), 0.1089570 secs]
1.468: [GC 360838K->173520K(652032K), 0.0146110 secs]
1.956: [GC 554790K->178389K(652032K), 0.0380220 secs]
2.463: [GC 558776K->180890K(1109696K), 0.0298490 secs]
3.413: [GC 943349K->183004K(1109952K), 0.0135860 secs]
4.305: [GC 944291K->188238K(1869504K), 0.0104550 secs]
6.344: [GC 1714008K->201236K(1870912K), 0.0567600 secs]
8.307: [GC 1727172K->214506K(2192896K), 0.0966780 secs]
10.730: [GC 2073190K->227938K(2195264K), 0.0505680 secs]
10.780: [Full GC 227938K->179776K(2320448K), 0.5830770 secs]
13.577: [GC 2038635K->208538K(2327488K), 0.0165810 secs]
15.866: [GC 2083716K->228813K(2330240K), 0.0518570 secs]
18.235: [GC 2103684K->243525K(2338624K), 0.0193560 secs]
20.570: [GC 2129093K->255853K(2325248K), 0.0403240 secs]
22.862: [GC 2143083K->266554K(2322880K), 0.0717470 secs]
25.247: [GC 2131363K->277630K(2325632K), 0.0304170 secs]
27.560: [GC 2143735K->284710K(2293632K), 0.0321430 secs]
29.831: [GC 2108966K->292375K(2298560K), 0.0356370 secs]
32.051: [GC 2114885K->300529K(2274112K), 0.0380640 secs]
34.218: [GC 2077142K->306817K(2266368K), 0.0406700 secs]
36.417: [GC 2084468K->313752K(2251008K), 0.0663690 secs]
38.534: [GC 2042550K->316101K(2228608K), 0.0805130 secs]
40.675: [GC 2046062K->321902K(2233024K), 0.0759740 secs]
42.800: [GC 2012280K->329251K(2201920K), 0.0972320 secs]
44.882: [GC 2019902K->327557K(2218496K), 0.0576230 secs]
46.847: [GC 1983600K->332412K(2170496K), 0.0771700 secs]
48.877: [GC 1987947K->334799K(2209792K), 0.0480920 secs]
50.863: [GC 1966680K->338345K(2145792K), 0.0517720 secs]
52.863: [GC 1970276K->334956K(2212736K), 0.0470820 secs]
54.822: [GC 1962989K->343134K(2137920K), 0.0679090 secs]
56.842: [GC 1972151K->349352K(2210944K), 0.0544030 secs]
58.817: [GC 1978334K->345411K(2133376K), 0.0355220 secs]
60.730: [GC 1972737K->351460K(2213184K), 0.0355520 secs]
