0.542: [GC 95424K->59898K(365760K), 0.0816300 secs]
0.709: [GC 155322K->119846K(461184K), 0.0936980 secs]
1.104: [GC 310195K->168154K(461184K), 0.0411110 secs]
1.376: [GC 358857K->174520K(652032K), 0.0143160 secs]
1.874: [GC 556076K->178486K(652032K), 0.0134970 secs]
2.336: [GC 560182K->181693K(1109504K), 0.0105730 secs]
3.273: [GC 944519K->184831K(1109696K), 0.0142370 secs]
4.152: [GC 946257K->191891K(1867712K), 0.0119300 secs]
6.051: [GC 1717903K->207016K(1869760K), 0.0202210 secs]
7.795: [GC 1732627K->221440K(2196096K), 0.0211700 secs]
9.981: [GC 2082987K->234043K(2197440K), 0.0262980 secs]
10.007: [Full GC 234043K->180501K(2331136K), 0.4898530 secs]
12.570: [GC 2042238K->208641K(2339776K), 0.0187160 secs]
14.729: [GC 2085169K->226345K(2340672K), 0.0248060 secs]
16.855: [GC 2103684K->240963K(2339200K), 0.0350330 secs]
18.988: [GC 2116438K->251422K(2335616K), 0.0413930 secs]
21.155: [GC 2127805K->263398K(2315456K), 0.0488030 secs]
23.341: [GC 2103135K->273669K(2321344K), 0.0528130 secs]
25.472: [GC 2113332K->280250K(2282048K), 0.0582630 secs]
27.637: [GC 2071035K->289223K(2288256K), 0.0621430 secs]
29.721: [GC 2080399K->296826K(2262784K), 0.0667700 secs]
31.725: [GC 2035543K->300442K(2247680K), 0.0689690 secs]
33.759: [GC 2039674K->306666K(2241664K), 0.0718240 secs]
35.687: [GC 2000264K->308942K(2210432K), 0.0721430 secs]
37.623: [GC 2002766K->312824K(2226112K), 0.0747640 secs]
39.506: [GC 1970261K->312161K(2177344K), 0.0749680 secs]
41.402: [GC 1968928K->318824K(2214976K), 0.0777320 secs]
43.277: [GC 1949193K->316192K(2151872K), 0.0768270 secs]
45.131: [GC 1945729K->321478K(2214720K), 0.0785760 secs]
46.970: [GC 1941356K->326664K(2146560K), 0.0798140 secs]
48.833: [GC 1947696K->326956K(2215424K), 0.0792300 secs]
50.671: [GC 1945154K->325480K(2134976K), 0.0761090 secs]
52.492: [GC 1942733K->330374K(2214336K), 0.0784260 secs]
54.337: [GC 1950325K->339064K(2212096K), 0.0798810 secs]
56.151: [GC 1958900K->342677K(2218816K), 0.0809880 secs]
58.032: [GC 1969155K->347454K(2217472K), 0.0808390 secs]
59.870: [GC 1975296K->351272K(2221248K), 0.0797270 secs]
