1.166: [GC 95424K->31596K(365760K), 0.0492450 secs]
1.374: [GC 127020K->64064K(461184K), 0.0893180 secs]
1.761: [GC 254912K->136247K(461184K), 0.1276520 secs]
2.182: [GC 327095K->198794K(652032K), 0.1897660 secs]
2.371: [Full GC 198794K->198757K(816000K), 0.4599620 secs]
3.503: [GC 580453K->241188K(816000K), 0.0337140 secs]
3.730: [GC 621177K->250137K(1084992K), 0.0149100 secs]
4.043: [GC 829490K->260725K(1101184K), 0.0178730 secs]
4.352: [GC 839791K->272733K(1378624K), 0.0706810 secs]
4.871: [GC 1133298K->271960K(1373248K), 0.0240810 secs]
5.315: [GC 1131635K->278729K(1590784K), 0.0586400 secs]
5.917: [GC 1368828K->286039K(1595520K), 0.0347680 secs]
6.467: [GC 1374930K->293188K(1850816K), 0.0500080 secs]
7.194: [GC 1641604K->300478K(1856704K), 0.0457050 secs]
7.869: [GC 1647059K->307150K(2138880K), 0.0420260 secs]
8.703: [GC 1937711K->316568K(2149568K), 0.0388050 secs]
9.541: [GC 1946427K->322098K(2328448K), 0.0419750 secs]
10.499: [GC 2122766K->333137K(2327616K), 0.0441020 secs]
11.412: [GC 2133078K->341804K(2301248K), 0.0475770 secs]
12.331: [GC 2096876K->342667K(2292096K), 0.0490190 secs]
13.207: [GC 2097397K->342155K(2296832K), 0.0453360 secs]
14.077: [GC 2069923K->346631K(2256832K), 0.0438290 secs]
14.963: [GC 2075085K->356755K(2288320K), 0.0480840 secs]
15.868: [GC 2070082K->364262K(2252608K), 0.0499210 secs]
16.750: [GC 2076337K->366263K(2281472K), 0.0491400 secs]
17.626: [GC 2061791K->380129K(2246592K), 0.0529110 secs]
18.470: [GC 2075554K->378681K(2271936K), 0.0520260 secs]
19.319: [GC 2055307K->384325K(2223616K), 0.0515770 secs]
20.193: [GC 2061726K->383763K(2273152K), 0.0516820 secs]
21.103: [GC 2057090K->392569K(2220736K), 0.0542660 secs]
21.985: [GC 2065913K->394372K(2273088K), 0.0542260 secs]
22.837: [GC 2066712K->401423K(2217408K), 0.0549180 secs]
23.717: [GC 2073680K->400006K(2274624K), 0.0533650 secs]
24.552: [GC 2075765K->405391K(2271168K), 0.0551900 secs]
25.439: [GC 2080413K->405899K(2273408K), 0.0512070 secs]
26.316: [GC 2087171K->410358K(2271552K), 0.0527820 secs]
27.183: [GC 2092038K->425304K(2277248K), 0.0558610 secs]
28.072: [GC 2115629K->423308K(2278144K), 0.0541800 secs]
28.937: [GC 2113205K->425787K(2281664K), 0.0526310 secs]
29.862: [GC 2126627K->431988K(2283200K), 0.0521010 secs]
30.752: [GC 2132466K->432905K(2284416K), 0.0516740 secs]
31.635: [GC 2141765K->428883K(2287104K), 0.0522220 secs]
32.486: [GC 2138771K->433077K(2289600K), 0.0527420 secs]
33.357: [GC 2153099K->440589K(2292160K), 0.0501790 secs]
34.247: [GC 2161061K->441179K(2297600K), 0.0497140 secs]
35.087: [GC 2174248K->446565K(2299328K), 0.0524330 secs]
35.942: [GC 2180683K->454845K(2305536K), 0.0542620 secs]
36.853: [GC 2200701K->463090K(2306176K), 0.1253550 secs]
37.852: [GC 2208944K->461974K(2309376K), 0.0543360 secs]
38.738: [GC 2212539K->464659K(2310848K), 0.0523980 secs]
39.692: [GC 2216604K->473943K(2312768K), 0.0618070 secs]
40.535: [GC 2229384K->478988K(2313664K), 0.0533890 secs]
41.454: [GC 2234249K->483130K(2312000K), 0.0525680 secs]
42.377: [GC 2236198K->482245K(2312832K), 0.0551560 secs]
43.266: [GC 2234216K->491028K(2311040K), 0.0572510 secs]
44.162: [GC 2242007K->494785K(2299904K), 0.0562920 secs]
45.072: [GC 2246580K->497041K(2311424K), 0.0559140 secs]
45.972: [GC 2245977K->496155K(2290624K), 0.0555910 secs]
46.871: [GC 2244721K->506411K(2309504K), 0.0563190 secs]
47.782: [GC 2256317K->516212K(2309760K), 0.0566700 secs]
48.730: [GC 2264292K->512505K(2311040K), 0.0536140 secs]
49.634: [GC 2262083K->510782K(2310272K), 0.0547830 secs]
50.465: [GC 2259866K->515974K(2310976K), 0.0540310 secs]
51.397: [GC 2267263K->523087K(2310464K), 0.0543210 secs]
52.282: [GC 2273224K->525111K(2312640K), 0.0526870 secs]
53.212: [GC 2280949K->529068K(2312192K), 0.0540200 secs]
54.089: [GC 2285292K->530359K(2315904K), 0.0492310 secs]
55.008: [GC 2290319K->538377K(2315328K), 0.0544660 secs]
55.063: [Full GC 538377K->207401K(2320960K), 0.6943340 secs]
56.629: [GC 1966307K->232814K(2293504K), 0.0132400 secs]
57.522: [GC 1965729K->246537K(2197504K), 0.0200690 secs]
58.387: [GC 1979024K->258848K(2292032K), 0.0232290 secs]
59.243: [GC 1966211K->273157K(2296064K), 0.0294160 secs]
60.097: [GC 1980514K->278514K(2291456K), 0.0315570 secs]
60.991: [GC 1985629K->280523K(2293952K), 0.0318480 secs]
61.866: [GC 1989195K->291759K(2288704K), 0.0351700 secs]
62.773: [GC 2006415K->296641K(2293376K), 0.0385490 secs]
