0.547: [GC 95424K->59869K(365760K), 0.0727250 secs]
0.707: [GC 155293K->119805K(461184K), 0.0865220 secs]
1.272: [GC 309434K->178549K(461184K), 0.0507530 secs]
1.522: [GC 367855K->178637K(652032K), 0.0447380 secs]
2.351: [GC 560333K->180156K(652032K), 0.0552850 secs]
3.249: [GC 561852K->181343K(1116352K), 0.0229990 secs]
4.841: [GC 944217K->184093K(1116800K), 0.0108050 secs]
6.429: [GC 947431K->186615K(1876096K), 0.0099520 secs]
10.259: [GC 1712114K->192493K(1877440K), 0.0067070 secs]
13.685: [GC 1718198K->196926K(2189120K), 0.0072190 secs]
17.875: [GC 2042346K->201264K(2190784K), 0.0294640 secs]
22.712: [GC 2047222K->210047K(2193664K), 0.0493530 secs]
27.413: [GC 2068357K->216291K(2196160K), 0.0317170 secs]
27.444: [Full GC 216291K->186943K(2323584K), 0.4918110 secs]
32.855: [GC 2044332K->205980K(2328320K), 0.0083090 secs]
37.697: [GC 2078009K->210800K(2331008K), 0.0156640 secs]
42.486: [GC 2081706K->223829K(2334656K), 0.0139700 secs]
47.171: [GC 2108769K->230730K(2337728K), 0.0182110 secs]
51.900: [GC 2115722K->235169K(2346624K), 0.0404090 secs]
56.767: [GC 2129553K->238402K(2321856K), 0.0453990 secs]
