0.526: [GC 95424K->59922K(365760K), 0.1221460 secs]
0.730: [GC 155346K->119858K(461184K), 0.0597090 secs]
1.099: [GC 309487K->173089K(461184K), 0.0542190 secs]
1.482: [GC 363480K->181591K(652032K), 0.0322260 secs]
2.058: [GC 562676K->183298K(652032K), 0.0279350 secs]
2.661: [GC 563454K->186103K(1110976K), 0.0101170 secs]
3.792: [GC 947613K->192231K(1111360K), 0.0141250 secs]
4.890: [GC 953554K->195088K(1869120K), 0.0118950 secs]
7.278: [GC 1719738K->201612K(1870784K), 0.0097220 secs]
9.563: [GC 1725976K->207679K(2195456K), 0.0119790 secs]
12.573: [GC 2063917K->214554K(2196992K), 0.0157780 secs]
12.589: [Full GC 214554K->187111K(2340544K), 0.5987510 secs]
16.140: [GC 2043981K->204619K(2346176K), 0.0093240 secs]
18.934: [GC 2072366K->209440K(2347392K), 0.0152070 secs]
21.597: [GC 2076784K->219217K(2346624K), 0.0130610 secs]
24.215: [GC 2095621K->222923K(2349120K), 0.0137740 secs]
27.001: [GC 2100595K->231240K(2360128K), 0.0161860 secs]
29.853: [GC 2121660K->234079K(2360832K), 0.0213820 secs]
32.624: [GC 2125735K->242375K(2353728K), 0.0251950 secs]
35.328: [GC 2124657K->244446K(2338752K), 0.0323950 secs]
38.123: [GC 2127134K->251980K(2342720K), 0.0467700 secs]
41.068: [GC 2115805K->256339K(2332096K), 0.0244210 secs]
43.961: [GC 2121110K->258679K(2331456K), 0.0271510 secs]
46.815: [GC 2100465K->263199K(2316160K), 0.0276660 secs]
49.652: [GC 2104567K->267343K(2319168K), 0.0332790 secs]
52.445: [GC 2085399K->274880K(2304320K), 0.0303160 secs]
55.238: [GC 2091719K->276606K(2305088K), 0.0302600 secs]
57.830: [GC 2067411K->284424K(2282624K), 0.0315230 secs]
60.560: [GC 2075348K->285718K(2295808K), 0.0373080 secs]
