1.153: [GC 94828K->30501K(365760K), 0.0638320 secs]
1.379: [GC 125925K->63138K(461184K), 0.1046330 secs]
1.776: [GC 253986K->133737K(461184K), 0.1132160 secs]
2.168: [GC 324585K->196332K(652032K), 0.1573150 secs]
2.325: [Full GC 196332K->196299K(817536K), 0.5601280 secs]
3.479: [GC 577995K->242155K(817536K), 0.0644940 secs]
3.743: [GC 622117K->253361K(1068480K), 0.0148540 secs]
4.138: [GC 817220K->260729K(1085504K), 0.0533920 secs]
4.462: [GC 825721K->270159K(1331456K), 0.0514810 secs]
4.839: [GC 1092682K->278539K(1337024K), 0.0485910 secs]
5.202: [GC 1101840K->283554K(1519040K), 0.0276260 secs]
5.660: [GC 1310946K->291265K(1535872K), 0.0285850 secs]
6.133: [GC 1318323K->294507K(1731584K), 0.0242780 secs]
6.676: [GC 1532313K->303948K(1750848K), 0.0364170 secs]
7.265: [GC 1542329K->309267K(1966016K), 0.0277130 secs]
7.951: [GC 1765967K->310510K(1980608K), 0.0475430 secs]
8.656: [GC 1767216K->314871K(2209216K), 0.0321170 secs]
9.512: [GC 2003511K->321154K(2222144K), 0.0394190 secs]
10.304: [GC 2008586K->328402K(2320448K), 0.0333440 secs]
11.168: [GC 2108421K->327529K(2301696K), 0.0383390 secs]
11.973: [GC 2107842K->334003K(2316416K), 0.0325570 secs]
12.785: [GC 2097203K->335354K(2276672K), 0.0301140 secs]
13.658: [GC 2096727K->342867K(2317312K), 0.0282560 secs]
14.466: [GC 2102003K->348058K(2278080K), 0.0467190 secs]
15.341: [GC 2108196K->352467K(2317952K), 0.0288520 secs]
16.193: [GC 2110360K->356634K(2276736K), 0.0295070 secs]
17.082: [GC 2114455K->363462K(2316544K), 0.0338380 secs]
17.953: [GC 2121718K->361901K(2274560K), 0.0283630 secs]
18.870: [GC 2119748K->370858K(2317824K), 0.0423280 secs]
19.752: [GC 2130850K->370129K(2273280K), 0.0358210 secs]
20.732: [GC 2130037K->374212K(2319232K), 0.0602090 secs]
21.639: [GC 2139604K->384680K(2315968K), 0.0433850 secs]
22.519: [GC 2151587K->382680K(2324992K), 0.0314750 secs]
23.379: [GC 2158184K->387329K(2323968K), 0.0439000 secs]
24.282: [GC 2163947K->394666K(2325376K), 0.0303220 secs]
25.145: [GC 2172474K->391247K(2326080K), 0.0372540 secs]
26.054: [GC 2170753K->392941K(2324672K), 0.0386130 secs]
26.983: [GC 2177016K->399544K(2326400K), 0.0367250 secs]
27.904: [GC 2184120K->401037K(2329408K), 0.0702850 secs]
28.867: [GC 2195388K->402324K(2331264K), 0.0367380 secs]
29.817: [GC 2196683K->405027K(2335680K), 0.0451450 secs]
30.815: [GC 2207853K->409325K(2337216K), 0.0341440 secs]
31.746: [GC 2213023K->413977K(2338752K), 0.0306090 secs]
32.653: [GC 2223828K->418557K(2340608K), 0.0298710 secs]
33.557: [GC 2227578K->421725K(2342080K), 0.0296900 secs]
34.571: [GC 2238813K->426279K(2343808K), 0.0354980 secs]
35.474: [GC 2241521K->435571K(2346176K), 0.0312690 secs]
36.463: [GC 2253807K->440666K(2343424K), 0.0315000 secs]
37.359: [GC 2259380K->439553K(2343872K), 0.0324880 secs]
38.301: [GC 2253035K->444422K(2334656K), 0.0365930 secs]
39.249: [GC 2257251K->450643K(2340864K), 0.0326670 secs]
40.175: [GC 2258390K->459827K(2338816K), 0.0347820 secs]
41.142: [GC 2268535K->454993K(2339136K), 0.0294030 secs]
42.077: [GC 2257107K->467972K(2333056K), 0.0313290 secs]
42.999: [GC 2270285K->464356K(2335680K), 0.0312300 secs]
43.950: [GC 2258927K->463562K(2315584K), 0.0326050 secs]
44.869: [GC 2258643K->467263K(2335552K), 0.0307040 secs]
45.799: [GC 2264773K->463381K(2334208K), 0.0305680 secs]
46.721: [GC 2261205K->468910K(2338112K), 0.0308480 secs]
47.620: [GC 2270674K->475258K(2337344K), 0.0302910 secs]
48.512: [GC 2276953K->481470K(2339200K), 0.0291020 secs]
49.426: [GC 2286319K->492272K(2338944K), 0.0328550 secs]
50.358: [GC 2298480K->492347K(2341440K), 0.0326420 secs]
51.281: [GC 2301744K->497413K(2341888K), 0.0317260 secs]
52.164: [GC 2307013K->495926K(2342464K), 0.0311410 secs]
53.054: [GC 2307618K->504858K(2342720K), 0.0325300 secs]
54.001: [GC 2316762K->506518K(2344384K), 0.0465350 secs]
55.005: [GC 2320454K->515547K(2344256K), 0.0330230 secs]
55.038: [Full GC 515547K->227921K(2394880K), 0.7288090 secs]
56.675: [GC 2040806K->245822K(2371520K), 0.0112160 secs]
57.613: [GC 2036315K->259554K(2293504K), 0.0143310 secs]
58.525: [GC 2049199K->276017K(2373824K), 0.0159540 secs]
59.392: [GC 2048279K->283424K(2375552K), 0.0176590 secs]
60.285: [GC 2056986K->287687K(2370816K), 0.0270740 secs]
61.224: [GC 2062535K->293758K(2373504K), 0.0227140 secs]
62.184: [GC 2067796K->305945K(2370944K), 0.0227350 secs]
63.055: [GC 2088857K->307234K(2374272K), 0.0354080 secs]
