0.524: [GC 95424K->59869K(365760K), 0.0844400 secs]
0.690: [GC 155293K->119801K(461184K), 0.1123980 secs]
0.913: [GC 310649K->174371K(461184K), 0.0504640 secs]
1.564: [GC 363915K->182232K(652032K), 0.0281220 secs]
2.344: [GC 562402K->182631K(652032K), 0.0173990 secs]
2.893: [GC 564119K->184248K(1112576K), 0.0196610 secs]
4.402: [GC 945345K->185800K(1112960K), 0.0109420 secs]
6.008: [GC 947435K->188386K(1874304K), 0.0082070 secs]
9.320: [GC 1712561K->193887K(1874752K), 0.0071660 secs]
12.616: [GC 1719903K->196276K(2193024K), 0.0244480 secs]
16.490: [GC 2044141K->200097K(2193600K), 0.0065970 secs]
20.098: [GC 2049094K->204109K(2196160K), 0.0062980 secs]
23.924: [GC 2062727K->209678K(2197312K), 0.0095160 secs]
28.136: [GC 2066550K->213238K(2201408K), 0.0172230 secs]
32.979: [GC 2083370K->226205K(2202368K), 0.0124030 secs]
32.991: [Full GC 226205K->190690K(2339712K), 0.6079750 secs]
37.881: [GC 2061647K->210840K(2346816K), 0.0398490 secs]
42.245: [GC 2097294K->220729K(2346944K), 0.0124200 secs]
46.598: [GC 2106923K->225371K(2357184K), 0.0509230 secs]
51.161: [GC 2124691K->231484K(2356480K), 0.0151090 secs]
55.299: [GC 2130012K->239248K(2353408K), 0.0155220 secs]
59.388: [GC 2132811K->241642K(2337728K), 0.0191690 secs]
