0.535: [GC 95424K->59874K(365760K), 0.0857160 secs]
0.701: [GC 155298K->119810K(461184K), 0.0953510 secs]
0.918: [GC 310658K->174468K(461184K), 0.0909540 secs]
1.546: [GC 363988K->184067K(652032K), 0.0199760 secs]
2.173: [GC 564191K->185751K(652032K), 0.0096790 secs]
2.751: [GC 567055K->188707K(1112064K), 0.0125040 secs]
3.991: [GC 951192K->191674K(1112448K), 0.0112760 secs]
5.141: [GC 954682K->194549K(1872512K), 0.0087440 secs]
7.521: [GC 1719572K->201908K(1873536K), 0.0092790 secs]
9.750: [GC 1726343K->205550K(2193024K), 0.0080560 secs]
12.533: [GC 2056318K->210050K(2194176K), 0.0112400 secs]
12.545: [Full GC 210050K->188538K(2331648K), 0.4802590 secs]
15.753: [GC 2039126K->205114K(2336640K), 0.0149540 secs]
18.496: [GC 2068146K->213713K(2337856K), 0.0111680 secs]
21.300: [GC 2077265K->220287K(2338752K), 0.0148870 secs]
24.200: [GC 2093208K->224640K(2341120K), 0.0101540 secs]
26.977: [GC 2097952K->230813K(2350656K), 0.0126780 secs]
29.839: [GC 2119611K->237824K(2350272K), 0.0134740 secs]
32.553: [GC 2126400K->242548K(2353664K), 0.0195690 secs]
35.401: [GC 2133542K->246702K(2335552K), 0.0243750 secs]
38.283: [GC 2138146K->249784K(2346176K), 0.0153890 secs]
41.168: [GC 2129195K->252185K(2328384K), 0.0239510 secs]
43.989: [GC 2131385K->261311K(2334464K), 0.0255770 secs]
46.599: [GC 2120845K->262242K(2320000K), 0.0209090 secs]
49.259: [GC 2121491K->265868K(2325312K), 0.0317320 secs]
52.144: [GC 2107011K->266662K(2304576K), 0.0286300 secs]
54.897: [GC 2106679K->270504K(2317312K), 0.0213220 secs]
57.691: [GC 2094061K->271896K(2292672K), 0.0532080 secs]
60.528: [GC 2094663K->273562K(2313728K), 0.0407220 secs]
