1.165: [GC 95424K->31580K(365760K), 0.0557950 secs]
1.384: [GC 127004K->64040K(461184K), 0.0603440 secs]
1.763: [GC 254888K->134595K(461184K), 0.0887940 secs]
2.149: [GC 325443K->197170K(652032K), 0.1935870 secs]
2.343: [Full GC 197170K->197164K(820928K), 0.5495540 secs]
3.398: [GC 578860K->243335K(820928K), 0.0252150 secs]
3.723: [GC 625031K->256350K(1050432K), 0.0132700 secs]
4.028: [GC 803230K->266427K(1070016K), 0.0292850 secs]
4.298: [GC 813307K->271481K(1281536K), 0.0360540 secs]
4.631: [GC 1039992K->280389K(1285888K), 0.0195940 secs]
4.966: [GC 1048455K->278930K(1427840K), 0.0248920 secs]
5.400: [GC 1210916K->281486K(1441472K), 0.0180860 secs]
5.803: [GC 1214286K->290171K(1588736K), 0.0187480 secs]
6.325: [GC 1384008K->288962K(1602560K), 0.0190020 secs]
6.789: [GC 1383350K->295477K(1769664K), 0.0271440 secs]
7.325: [GC 1555488K->299498K(1772032K), 0.0444230 secs]
7.884: [GC 1560616K->298513K(1973888K), 0.0415600 secs]
8.518: [GC 1759115K->306477K(1975936K), 0.0233740 secs]
9.149: [GC 1767085K->310620K(2113216K), 0.0246640 secs]
9.822: [GC 1903194K->319676K(2118592K), 0.0259500 secs]
10.550: [GC 1913501K->324174K(2256128K), 0.0295580 secs]
11.316: [GC 2048350K->338180K(2259712K), 0.0254240 secs]
12.145: [GC 2061789K->342252K(2334912K), 0.0275600 secs]
13.005: [GC 2135408K->344319K(2308544K), 0.0248180 secs]
13.841: [GC 2136653K->339751K(2338496K), 0.0263700 secs]
14.706: [GC 2131943K->345422K(2300928K), 0.0242850 secs]
15.545: [GC 2135686K->349714K(2335104K), 0.0247510 secs]
16.405: [GC 2140520K->357728K(2335424K), 0.0257440 secs]
17.266: [GC 2149600K->353752K(2336896K), 0.0260670 secs]
18.035: [GC 2143864K->360277K(2309504K), 0.0291960 secs]
18.832: [GC 2150779K->361482K(2334976K), 0.0291660 secs]
19.605: [GC 2149256K->378283K(2320000K), 0.0402510 secs]
20.381: [GC 2166131K->370910K(2329024K), 0.0278180 secs]
21.124: [GC 2146587K->373669K(2295616K), 0.0284220 secs]
21.927: [GC 2149444K->380327K(2328512K), 0.0288090 secs]
22.679: [GC 2156565K->381886K(2328832K), 0.0277830 secs]
23.456: [GC 2158027K->382071K(2325120K), 0.0276030 secs]
24.193: [GC 2160190K->392325K(2327104K), 0.0602490 secs]
24.986: [GC 2170808K->393591K(2331776K), 0.0595210 secs]
25.875: [GC 2178884K->401173K(2333056K), 0.0296870 secs]
26.637: [GC 2186438K->400705K(2333184K), 0.0469440 secs]
27.419: [GC 2188315K->404413K(2333952K), 0.0316090 secs]
28.188: [GC 2191684K->407739K(2332608K), 0.0285860 secs]
28.969: [GC 2198832K->417490K(2334016K), 0.0286450 secs]
29.681: [GC 2208110K->414728K(2335616K), 0.0287250 secs]
30.466: [GC 2212618K->418312K(2337856K), 0.0274460 secs]
31.227: [GC 2216023K->417524K(2339904K), 0.0275860 secs]
32.022: [GC 2221643K->415588K(2341312K), 0.0260030 secs]
32.772: [GC 2218484K->422294K(2342912K), 0.0268030 secs]
33.521: [GC 2232022K->431521K(2344640K), 0.0289190 secs]
34.194: [GC 2240326K->435006K(2344960K), 0.0289280 secs]
34.906: [GC 2247928K->435184K(2346496K), 0.0265390 secs]
35.632: [GC 2248349K->442096K(2348928K), 0.0271990 secs]
36.415: [GC 2259129K->445917K(2349312K), 0.0278100 secs]
37.196: [GC 2263671K->445105K(2350976K), 0.0263310 secs]
38.067: [GC 2267505K->449163K(2350976K), 0.0280710 secs]
38.810: [GC 2271563K->452430K(2352896K), 0.0263790 secs]
39.558: [GC 2278188K->457870K(2352768K), 0.0306890 secs]
40.332: [GC 2283664K->458755K(2355200K), 0.0318110 secs]
41.149: [GC 2288707K->466795K(2355200K), 0.0293850 secs]
41.906: [GC 2296571K->463388K(2356992K), 0.0294390 secs]
42.693: [GC 2293763K->472352K(2347392K), 0.0276240 secs]
43.460: [GC 2304288K->472744K(2356992K), 0.0276470 secs]
44.229: [GC 2304360K->472240K(2356480K), 0.0273320 secs]
45.027: [GC 2305072K->474669K(2357888K), 0.0283630 secs]
45.872: [GC 2308383K->478443K(2339264K), 0.0262610 secs]
46.580: [GC 2312683K->488286K(2358592K), 0.0268700 secs]
47.433: [GC 2322270K->487464K(2342464K), 0.0241640 secs]
48.227: [GC 2321111K->494441K(2358144K), 0.0269490 secs]
48.972: [GC 2328191K->494623K(2357504K), 0.0249280 secs]
49.735: [GC 2328429K->491249K(2357952K), 0.0254620 secs]
50.517: [GC 2326449K->493616K(2335616K), 0.0228530 secs]
50.540: [Full GC 493616K->230392K(2393088K), 0.6126060 secs]
51.868: [GC 2065539K->246489K(2394880K), 0.0067830 secs]
52.641: [GC 2058379K->252686K(2316544K), 0.0097820 secs]
53.391: [GC 2064783K->257822K(2392064K), 0.0178100 secs]
54.118: [GC 2051265K->264972K(2308992K), 0.0115320 secs]
54.840: [GC 2057890K->273863K(2396672K), 0.0138360 secs]
55.565: [GC 2066260K->276235K(2320832K), 0.0145140 secs]
56.326: [GC 2070256K->286548K(2396800K), 0.0157460 secs]
57.089: [GC 2083718K->286848K(2392128K), 0.0161270 secs]
57.833: [GC 2084162K->291367K(2399424K), 0.0183620 secs]
58.611: [GC 2101851K->299861K(2395008K), 0.0197210 secs]
59.395: [GC 2110485K->304018K(2407168K), 0.0202670 secs]
60.146: [GC 2127575K->314097K(2407552K), 0.0227600 secs]
60.899: [GC 2136853K->317599K(2401664K), 0.0236530 secs]
61.648: [GC 2131537K->319241K(2383872K), 0.0326490 secs]
62.406: [GC 2132836K->326421K(2391296K), 0.0318850 secs]
63.238: [GC 2122271K->329357K(2373504K), 0.0262110 secs]
