0.543: [GC 95424K->59885K(365760K), 0.0748870 secs]
0.707: [GC 155309K->119825K(461184K), 0.0526560 secs]
1.154: [GC 309945K->167235K(461184K), 0.0490830 secs]
2.031: [GC 358083K->175207K(652032K), 0.0152910 secs]
3.630: [GC 555272K->176530K(652032K), 0.0122410 secs]
5.050: [GC 556351K->176949K(1109504K), 0.0098820 secs]
9.006: [GC 939465K->179303K(1110144K), 0.0136160 secs]
12.290: [GC 942055K->179715K(1872128K), 0.0172140 secs]
20.127: [GC 1703827K->184317K(1872192K), 0.0056000 secs]
27.094: [GC 1708998K->187514K(2195008K), 0.0056260 secs]
37.374: [GC 2038394K->190286K(2195648K), 0.0067040 secs]
47.863: [GC 2041520K->195471K(2197312K), 0.0075230 secs]
57.468: [GC 2055295K->198213K(2198784K), 0.0065310 secs]
