0.542: [GC 95424K->59882K(365760K), 0.0859680 secs]
0.716: [GC 155306K->119830K(461184K), 0.0814310 secs]
1.179: [GC 309941K->167787K(461184K), 0.0874070 secs]
1.772: [GC 358635K->176520K(652032K), 0.0183140 secs]
2.648: [GC 558216K->178011K(652032K), 0.0592120 secs]
3.500: [GC 557981K->180734K(1109760K), 0.0116740 secs]
5.167: [GC 941988K->182421K(1110016K), 0.0113880 secs]
6.609: [GC 944715K->181435K(1872128K), 0.0082210 secs]
10.217: [GC 1707240K->189706K(1872384K), 0.0070560 secs]
13.261: [GC 1713831K->193245K(2195136K), 0.0075380 secs]
17.315: [GC 2047389K->198822K(2195712K), 0.0088710 secs]
21.344: [GC 2052966K->206352K(2198464K), 0.0071580 secs]
25.354: [GC 2069918K->210814K(2199936K), 0.0084610 secs]
29.658: [GC 2072792K->215509K(2203584K), 0.0094370 secs]
29.668: [Full GC 215509K->183470K(2336192K), 0.6050930 secs]
34.738: [GC 2058734K->192589K(2337856K), 0.0136250 secs]
39.065: [GC 2067835K->198192K(2341120K), 0.0077040 secs]
43.083: [GC 2083240K->199607K(2343936K), 0.0202490 secs]
47.022: [GC 2085026K->205427K(2344768K), 0.0103010 secs]
51.074: [GC 2104080K->207772K(2348416K), 0.0105450 secs]
54.909: [GC 2105990K->212443K(2357632K), 0.0107730 secs]
59.198: [GC 2125156K->217078K(2359360K), 0.0143910 secs]
