1.162: [GC 95424K->31576K(365760K), 0.0914620 secs]
1.413: [GC 127000K->65308K(461184K), 0.0584010 secs]
1.785: [GC 256156K->135843K(461184K), 0.1371050 secs]
2.219: [GC 326691K->198422K(652032K), 0.1665770 secs]
2.385: [Full GC 198422K->198386K(820288K), 0.5525300 secs]
3.602: [GC 580082K->237727K(820288K), 0.0370710 secs]
3.904: [GC 619423K->244774K(1062208K), 0.0128620 secs]
4.171: [GC 800678K->247271K(1081280K), 0.0258800 secs]
4.415: [GC 801510K->255339K(1289728K), 0.0238500 secs]
4.715: [GC 1038955K->256292K(1304064K), 0.0181570 secs]
5.000: [GC 1038562K->265183K(1443136K), 0.0185610 secs]
5.293: [GC 1211764K->263588K(1460160K), 0.0202800 secs]
5.621: [GC 1211492K->266350K(1616192K), 0.0212300 secs]
5.994: [GC 1392302K->266168K(1630144K), 0.0227840 secs]
6.345: [GC 1390252K->273160K(1809408K), 0.0217200 secs]
6.771: [GC 1589957K->276248K(1818112K), 0.0227140 secs]
7.162: [GC 1594648K->276131K(2031552K), 0.0342890 secs]
7.652: [GC 1807715K->277928K(2031488K), 0.0275350 secs]
8.142: [GC 1809512K->279150K(2180736K), 0.0244920 secs]
8.713: [GC 1966958K->280566K(2188608K), 0.0230520 secs]
9.267: [GC 1967955K->288268K(2333376K), 0.0256310 secs]
9.875: [GC 2129228K->293647K(2341248K), 0.0194870 secs]
10.605: [GC 2133911K->300889K(2379520K), 0.0198000 secs]
11.403: [GC 2180313K->302545K(2380288K), 0.0215220 secs]
12.216: [GC 2180730K->300848K(2375680K), 0.0194990 secs]
13.131: [GC 2180873K->308630K(2378048K), 0.0176800 secs]
13.991: [GC 2186873K->315636K(2379520K), 0.0200280 secs]
14.935: [GC 2196718K->311619K(2381376K), 0.0194650 secs]
15.737: [GC 2191659K->314681K(2380224K), 0.0193460 secs]
16.607: [GC 2197177K->324528K(2373056K), 0.0208200 secs]
17.482: [GC 2206600K->331196K(2371456K), 0.0207790 secs]
18.291: [GC 2201276K->334074K(2366080K), 0.0264640 secs]
19.164: [GC 2204154K->338924K(2365568K), 0.0225620 secs]
19.981: [GC 2195108K->338231K(2354688K), 0.0410330 secs]
20.876: [GC 2193259K->343701K(2360960K), 0.0292770 secs]
21.668: [GC 2188980K->345565K(2345792K), 0.0284670 secs]
22.483: [GC 2190330K->357238K(2354880K), 0.0293810 secs]
23.323: [GC 2193270K->357450K(2340224K), 0.0224880 secs]
24.121: [GC 2193018K->361081K(2353280K), 0.0256580 secs]
24.933: [GC 2189471K->364813K(2333504K), 0.0242500 secs]
25.721: [GC 2193535K->371768K(2348480K), 0.0248110 secs]
26.482: [GC 2191466K->372003K(2328960K), 0.0261870 secs]
27.247: [GC 2193187K->375011K(2348416K), 0.0272270 secs]
27.979: [GC 2192355K->378926K(2349248K), 0.0251830 secs]
28.721: [GC 2194538K->386600K(2348032K), 0.0268690 secs]
29.455: [GC 2203176K->391825K(2328192K), 0.0336310 secs]
30.248: [GC 2207052K->391800K(2347776K), 0.0275690 secs]
31.010: [GC 2206136K->400110K(2328768K), 0.0271160 secs]
31.779: [GC 2214347K->395813K(2347328K), 0.0267290 secs]
32.622: [GC 2208149K->413776K(2336960K), 0.0268200 secs]
33.393: [GC 2226256K->407289K(2343104K), 0.0270150 secs]
34.162: [GC 2211897K->405020K(2311488K), 0.0264420 secs]
34.922: [GC 2209628K->414806K(2339776K), 0.0274720 secs]
35.741: [GC 2218242K->413801K(2339584K), 0.0253040 secs]
36.529: [GC 2218601K->416458K(2344384K), 0.0264340 secs]
37.332: [GC 2228593K->420668K(2343872K), 0.0274860 secs]
38.149: [GC 2232390K->420630K(2349376K), 0.0240320 secs]
38.916: [GC 2240739K->426731K(2348544K), 0.0249470 secs]
39.683: [GC 2247211K->425783K(2351424K), 0.0229790 secs]
40.406: [GC 2249261K->430288K(2350976K), 0.0234090 secs]
41.137: [GC 2254928K->435236K(2353728K), 0.0240340 secs]
41.877: [GC 2263077K->438866K(2353728K), 0.0249350 secs]
42.576: [GC 2267986K->441086K(2355648K), 0.0248300 secs]
43.301: [GC 2272393K->447030K(2355648K), 0.0247080 secs]
44.020: [GC 2279862K->449328K(2356992K), 0.0230740 secs]
44.711: [GC 2286192K->454097K(2356864K), 0.0249070 secs]
45.425: [GC 2290013K->464526K(2359232K), 0.0228440 secs]
46.155: [GC 2305294K->461741K(2359488K), 0.0258340 secs]
46.881: [GC 2300934K->463290K(2361408K), 0.0243150 secs]
47.614: [GC 2308282K->472342K(2361216K), 0.0259620 secs]
48.358: [GC 2317334K->475908K(2363456K), 0.0262110 secs]
49.048: [GC 2323076K->476859K(2364160K), 0.0252160 secs]
49.785: [GC 2324027K->481741K(2363200K), 0.0671030 secs]
50.601: [GC 2328269K->481885K(2363840K), 0.0437330 secs]
51.295: [GC 2328413K->484715K(2363712K), 0.0261410 secs]
51.991: [GC 2330306K->488406K(2352896K), 0.0392660 secs]
52.695: [GC 2335190K->489016K(2364928K), 0.0387730 secs]
53.451: [GC 2336983K->495977K(2363776K), 0.0425480 secs]
54.176: [GC 2342516K->498627K(2364992K), 0.0658910 secs]
54.951: [GC 2348227K->499624K(2364480K), 0.0266440 secs]
54.978: [Full GC 499624K->225132K(2398656K), 0.7291330 secs]
56.392: [GC 2074133K->240389K(2380544K), 0.0102080 secs]
57.071: [GC 2070419K->250458K(2314048K), 0.0110650 secs]
57.758: [GC 2082266K->252496K(2378240K), 0.0160880 secs]
58.419: [GC 2066256K->261209K(2306752K), 0.0115470 secs]
59.052: [GC 2073980K->264617K(2382208K), 0.0202960 secs]
59.690: [GC 2078505K->271473K(2317184K), 0.0133040 secs]
60.327: [GC 2085361K->269757K(2380928K), 0.0155330 secs]
60.940: [GC 2086077K->279651K(2378496K), 0.0169220 secs]
61.638: [GC 2095971K->275354K(2383744K), 0.0144030 secs]
62.301: [GC 2100883K->284167K(2380544K), 0.0170790 secs]
62.946: [GC 2110087K->284940K(2391168K), 0.0292880 secs]
