0.538: [GC 95424K->60500K(365760K), 0.0844560 secs]
0.712: [GC 155924K->121105K(461184K), 0.0764190 secs]
0.927: [GC 311953K->167614K(461184K), 0.0665620 secs]
1.625: [GC 357390K->177261K(652032K), 0.0206510 secs]
2.426: [GC 557247K->177670K(652032K), 0.0283170 secs]
3.237: [GC 559366K->179226K(1110656K), 0.0096560 secs]
4.943: [GC 942298K->181957K(1110976K), 0.0271490 secs]
6.823: [GC 944842K->185737K(1871360K), 0.0170680 secs]
10.855: [GC 1710431K->194642K(1872192K), 0.0114250 secs]
14.401: [GC 1719733K->199432K(2194752K), 0.0080340 secs]
19.157: [GC 2053490K->205669K(2195584K), 0.0103030 secs]
23.773: [GC 2060957K->212663K(2201152K), 0.0098200 secs]
23.783: [Full GC 212663K->186865K(2336960K), 0.7378330 secs]
28.958: [GC 2053581K->202548K(2337792K), 0.0094770 secs]
33.981: [GC 2068805K->212187K(2338624K), 0.0144950 secs]
38.560: [GC 2088927K->217715K(2341248K), 0.0101810 secs]
43.337: [GC 2095301K->223096K(2351168K), 0.0151360 secs]
48.176: [GC 2114203K->227873K(2351488K), 0.0129700 secs]
52.889: [GC 2119268K->236308K(2350592K), 0.0221810 secs]
57.819: [GC 2127152K->239647K(2334400K), 0.0406110 secs]
