0.538: [GC 95424K->59890K(365760K), 0.0748440 secs]
0.700: [GC 155314K->119826K(461184K), 0.0942200 secs]
1.119: [GC 309455K->173722K(461184K), 0.0588140 secs]
1.451: [GC 363760K->179930K(652032K), 0.1025570 secs]
2.219: [GC 561092K->182154K(652032K), 0.0127960 secs]
2.836: [GC 563246K->184128K(1111680K), 0.0168620 secs]
4.152: [GC 946993K->189732K(1112064K), 0.0427460 secs]
5.392: [GC 952632K->194140K(1869952K), 0.0112070 secs]
7.850: [GC 1720156K->198848K(1871744K), 0.0171930 secs]
10.340: [GC 1723100K->208179K(2192704K), 0.0141070 secs]
13.606: [GC 2063401K->214294K(2195264K), 0.0525270 secs]
13.659: [Full GC 214294K->184730K(2324352K), 0.4921920 secs]
16.945: [GC 2039436K->207396K(2329024K), 0.0418280 secs]
19.837: [GC 2076323K->215028K(2331648K), 0.0294320 secs]
22.664: [GC 2083007K->225496K(2334336K), 0.0134910 secs]
25.484: [GC 2104867K->237741K(2337280K), 0.0234110 secs]
28.369: [GC 2116155K->240258K(2342400K), 0.0189500 secs]
31.205: [GC 2131181K->252696K(2344192K), 0.0443710 secs]
33.982: [GC 2144181K->259300K(2337984K), 0.0354690 secs]
36.851: [GC 2141296K->262676K(2325760K), 0.0506280 secs]
39.756: [GC 2144851K->266438K(2327680K), 0.0292640 secs]
42.600: [GC 2127602K->269979K(2313344K), 0.0366140 secs]
45.483: [GC 2130842K->270771K(2319104K), 0.0342760 secs]
48.224: [GC 2113526K->273774K(2298304K), 0.0306470 secs]
50.865: [GC 2115867K->282257K(2306368K), 0.0378400 secs]
53.514: [GC 2103550K->287069K(2290368K), 0.0377070 secs]
56.369: [GC 2109661K->288024K(2295232K), 0.0384250 secs]
58.992: [GC 2084801K->293975K(2273216K), 0.0408490 secs]
