1.172: [GC 94828K->30501K(365760K), 0.0653240 secs]
1.408: [GC 125925K->63138K(461184K), 0.0790790 secs]
1.811: [GC 253986K->133725K(461184K), 0.1289980 secs]
2.243: [GC 324573K->196296K(652032K), 0.1826070 secs]
2.426: [Full GC 196296K->196291K(813824K), 0.4514430 secs]
3.485: [GC 577987K->241652K(813824K), 0.0365650 secs]
3.744: [GC 623348K->253529K(1106048K), 0.0458270 secs]
4.018: [GC 845099K->259312K(1109120K), 0.0240870 secs]
4.257: [GC 851760K->267339K(1366016K), 0.0198330 secs]
4.635: [GC 1146891K->276301K(1389888K), 0.0241830 secs]
5.002: [GC 1155305K->280492K(1586560K), 0.0262080 secs]
5.522: [GC 1378600K->285102K(1603712K), 0.0832580 secs]
6.074: [GC 1384942K->284491K(1850112K), 0.0334900 secs]
6.685: [GC 1650369K->285516K(1869952K), 0.0342500 secs]
7.288: [GC 1651163K->296160K(2167808K), 0.0488480 secs]
8.032: [GC 1961122K->293122K(2172224K), 0.0436900 secs]
8.745: [GC 1958695K->299639K(2354688K), 0.0353220 secs]
9.555: [GC 2147001K->304388K(2342528K), 0.0389580 secs]
10.389: [GC 2151214K->305728K(2346368K), 0.0463790 secs]
11.216: [GC 2137664K->313146K(2335552K), 0.0474130 secs]
12.047: [GC 2145082K->319796K(2337920K), 0.0409640 secs]
12.841: [GC 2133822K->323832K(2311872K), 0.0434190 secs]
13.712: [GC 2136520K->335917K(2331904K), 0.0374940 secs]
14.581: [GC 2138620K->335845K(2308352K), 0.0476170 secs]
15.465: [GC 2138947K->338653K(2333440K), 0.0390730 secs]
16.344: [GC 2136462K->345830K(2305216K), 0.0484120 secs]
17.186: [GC 2143356K->350586K(2326848K), 0.0411440 secs]
17.980: [GC 2139725K->352852K(2301760K), 0.0540250 secs]
18.792: [GC 2141819K->366210K(2315584K), 0.0763600 secs]
19.652: [GC 2139719K->366276K(2296256K), 0.0606000 secs]
20.461: [GC 2140556K->368948K(2310784K), 0.0579370 secs]
21.281: [GC 2128420K->378965K(2289024K), 0.0521830 secs]
22.115: [GC 2138662K->375953K(2307456K), 0.0526100 secs]
22.962: [GC 2123332K->382613K(2275072K), 0.0588630 secs]
23.777: [GC 2131221K->385461K(2306048K), 0.0770010 secs]
24.622: [GC 2129717K->388482K(2265792K), 0.0511640 secs]
25.425: [GC 2130972K->394793K(2306112K), 0.0505030 secs]
26.207: [GC 2139038K->400979K(2305472K), 0.0590650 secs]
27.069: [GC 2146038K->399731K(2304128K), 0.0641580 secs]
27.929: [GC 2146597K->402165K(2305792K), 0.0606540 secs]
28.766: [GC 2147390K->403688K(2304128K), 0.0541790 secs]
29.580: [GC 2155514K->413991K(2306752K), 0.0619880 secs]
30.447: [GC 2166402K->406235K(2307328K), 0.0604470 secs]
31.300: [GC 2166660K->416858K(2311296K), 0.0616960 secs]
32.112: [GC 2176216K->418438K(2310912K), 0.0608020 secs]
32.976: [GC 2188285K->427984K(2315072K), 0.0637640 secs]
33.817: [GC 2196948K->427347K(2318016K), 0.0613450 secs]
34.692: [GC 2207243K->430713K(2321216K), 0.0593520 secs]
35.563: [GC 2209457K->428188K(2324032K), 0.0575300 secs]
36.409: [GC 2215944K->436164K(2325952K), 0.0508510 secs]
37.266: [GC 2224004K->442777K(2326592K), 0.0606180 secs]
38.172: [GC 2235271K->446081K(2328448K), 0.0578460 secs]
39.052: [GC 2238056K->448403K(2330432K), 0.0529350 secs]
39.925: [GC 2247130K->453716K(2332224K), 0.0549340 secs]
40.841: [GC 2253765K->446821K(2336064K), 0.0532320 secs]
41.832: [GC 2252110K->455681K(2336256K), 0.0561160 secs]
42.783: [GC 2260932K->453804K(2336640K), 0.0524130 secs]
43.651: [GC 2259599K->457738K(2336448K), 0.0535970 secs]
44.583: [GC 2264842K->460418K(2338432K), 0.0509720 secs]
45.466: [GC 2270060K->465907K(2337984K), 0.0745730 secs]
46.436: [GC 2274234K->469729K(2339264K), 0.0586340 secs]
47.395: [GC 2281719K->473781K(2338688K), 0.0514180 secs]
48.302: [GC 2284748K->475074K(2340800K), 0.0439850 secs]
49.234: [GC 2288804K->480600K(2339904K), 0.0516620 secs]
50.192: [GC 2294220K->482150K(2342720K), 0.0504300 secs]
51.104: [GC 2300322K->489519K(2341696K), 0.0497420 secs]
51.989: [GC 2308647K->493507K(2344704K), 0.0496820 secs]
52.916: [GC 2316951K->500344K(2344192K), 0.0502350 secs]
53.779: [GC 2322641K->500212K(2346112K), 0.0502500 secs]
54.650: [GC 2325889K->508245K(2346560K), 0.0518070 secs]
54.701: [Full GC 508245K->229091K(2377088K), 0.7258310 secs]
56.318: [GC 2055907K->243187K(2353472K), 0.0104110 secs]
57.177: [GC 2045396K->255639K(2275712K), 0.0166770 secs]
58.025: [GC 2057933K->269696K(2354688K), 0.0241550 secs]
58.884: [GC 2053910K->278270K(2356864K), 0.0273360 secs]
59.782: [GC 2062022K->286503K(2351104K), 0.0309460 secs]
60.682: [GC 2069573K->296433K(2354240K), 0.0357270 secs]
61.612: [GC 2081299K->300096K(2352000K), 0.0384880 secs]
62.489: [GC 2094535K->309621K(2355328K), 0.0427490 secs]
