0.533: [GC 95424K->59877K(365760K), 0.0763450 secs]
0.695: [GC 155301K->119789K(461184K), 0.0899440 secs]
1.091: [GC 310634K->164531K(461184K), 0.0702090 secs]
1.428: [GC 355180K->170635K(652032K), 0.0119060 secs]
1.979: [GC 551987K->175950K(652032K), 0.0117840 secs]
2.469: [GC 557600K->181385K(1108032K), 0.0112600 secs]
3.473: [GC 943982K->194204K(1108544K), 0.0143460 secs]
4.435: [GC 957015K->206545K(1858560K), 0.0249820 secs]
6.511: [GC 1731967K->225524K(1863360K), 0.0195270 secs]
8.411: [GC 1752117K->247384K(2207680K), 0.0483160 secs]
8.460: [Full GC 247384K->178090K(2340864K), 0.5988330 secs]
11.327: [GC 2049450K->218451K(2299392K), 0.0145400 secs]
13.510: [GC 2089059K->239590K(2335040K), 0.0190750 secs]
15.701: [GC 2108186K->256765K(2335040K), 0.0237420 secs]
17.923: [GC 2125168K->268972K(2307520K), 0.0256920 secs]
20.063: [GC 2098961K->281715K(2321280K), 0.0339860 secs]
22.218: [GC 2113080K->298504K(2310144K), 0.0235520 secs]
24.342: [GC 2118084K->313180K(2305344K), 0.0275820 secs]
26.430: [GC 2133614K->321245K(2284672K), 0.0283710 secs]
28.531: [GC 2099731K->335635K(2286848K), 0.0329600 secs]
30.639: [GC 2114631K->341674K(2250112K), 0.0330670 secs]
32.683: [GC 2067040K->350581K(2248000K), 0.0355200 secs]
34.706: [GC 2074988K->354832K(2230208K), 0.0372240 secs]
36.753: [GC 2027587K->353735K(2199168K), 0.0368790 secs]
38.912: [GC 2027719K->363700K(2212288K), 0.0389900 secs]
40.933: [GC 1997826K->366408K(2172544K), 0.0390670 secs]
42.919: [GC 1999519K->368049K(2199104K), 0.0394030 secs]
44.813: [GC 1969682K->369895K(2143296K), 0.0405690 secs]
46.735: [GC 1970102K->373514K(2191552K), 0.0414290 secs]
48.646: [GC 1954570K->375024K(2120512K), 0.0411520 secs]
50.498: [GC 1955554K->377336K(2192768K), 0.0400580 secs]
52.394: [GC 1951642K->380542K(2193472K), 0.0408520 secs]
54.173: [GC 1955634K->382119K(2190080K), 0.0409470 secs]
55.941: [GC 1957217K->385037K(2191872K), 0.0407770 secs]
57.755: [GC 1961150K->388025K(2190144K), 0.0406510 secs]
59.576: [GC 1968212K->390823K(2192704K), 0.0408130 secs]
