0.540: [GC 95424K->59882K(365760K), 0.1097980 secs]
0.735: [GC 155306K->119810K(461184K), 0.0947320 secs]
1.132: [GC 310588K->165192K(461184K), 0.0890140 secs]
1.460: [GC 354319K->170208K(652032K), 0.0094990 secs]
1.932: [GC 550272K->175385K(652032K), 0.0123120 secs]
2.406: [GC 555654K->183448K(1106880K), 0.0105100 secs]
3.380: [GC 945160K->196623K(1108096K), 0.0177820 secs]
4.259: [GC 959584K->202750K(1859840K), 0.0304500 secs]
6.255: [GC 1728126K->226381K(1863616K), 0.0187810 secs]
8.065: [GC 1751808K->246068K(2206464K), 0.0248190 secs]
10.356: [GC 2114156K->267582K(2162432K), 0.0316870 secs]
10.388: [Full GC 267582K->176868K(2291200K), 0.4832420 secs]
13.030: [GC 2044816K->207475K(2335360K), 0.0392860 secs]
15.221: [GC 2078419K->229787K(2333888K), 0.0183120 secs]
17.470: [GC 2100483K->246905K(2327232K), 0.0296460 secs]
19.642: [GC 2111610K->256104K(2327616K), 0.0407020 secs]
21.788: [GC 2120535K->268749K(2300224K), 0.0303550 secs]
23.971: [GC 2093020K->285448K(2292352K), 0.0346070 secs]
26.155: [GC 2110128K->296369K(2290880K), 0.0514330 secs]
28.305: [GC 2091788K->306986K(2284928K), 0.0375790 secs]
30.419: [GC 2102022K->317010K(2264768K), 0.0386010 secs]
32.505: [GC 2067654K->325494K(2258112K), 0.0425710 secs]
34.607: [GC 2076390K->333558K(2238336K), 0.0451890 secs]
36.596: [GC 2032401K->341941K(2223488K), 0.0471040 secs]
38.686: [GC 2041907K->344793K(2215424K), 0.0396460 secs]
40.668: [GC 1995958K->351971K(2184512K), 0.0556250 secs]
42.615: [GC 2002555K->350846K(2198912K), 0.0462820 secs]
44.536: [GC 1961988K->354441K(2147840K), 0.0569480 secs]
46.445: [GC 1965903K->357303K(2187136K), 0.0398540 secs]
48.325: [GC 1940860K->355531K(2118784K), 0.0390450 secs]
50.213: [GC 1938882K->361764K(2184000K), 0.0404660 secs]
52.079: [GC 1932518K->365038K(2112704K), 0.0415160 secs]
53.953: [GC 1936204K->364437K(2185024K), 0.0408130 secs]
55.777: [GC 1930340K->369999K(2108032K), 0.0408910 secs]
57.629: [GC 1936885K->372946K(2184960K), 0.0413600 secs]
59.443: [GC 1940117K->365849K(2098816K), 0.0396110 secs]
