1.153: [GC 94827K->30505K(365760K), 0.0617880 secs]
1.375: [GC 125929K->63426K(461184K), 0.0696570 secs]
1.743: [GC 254274K->135537K(461184K), 0.1595080 secs]
2.183: [GC 326385K->198124K(652032K), 0.1409150 secs]
2.324: [Full GC 198124K->198103K(821248K), 0.5569210 secs]
3.520: [GC 579799K->232375K(821248K), 0.0507630 secs]
3.849: [GC 612299K->246799K(1061440K), 0.0137210 secs]
4.184: [GC 802434K->251722K(1083328K), 0.0149210 secs]
4.501: [GC 807948K->259402K(1255680K), 0.0171600 secs]
4.928: [GC 1023306K->266646K(1281984K), 0.0173770 secs]
5.365: [GC 1029571K->272666K(1397440K), 0.0191400 secs]
5.886: [GC 1172284K->276055K(1413312K), 0.0193790 secs]
6.366: [GC 1176511K->287702K(1548608K), 0.0232650 secs]
6.942: [GC 1324621K->295660K(1553536K), 0.0244930 secs]
7.527: [GC 1333287K->305874K(1697600K), 0.0284190 secs]
8.173: [GC 1481731K->317478K(1705920K), 0.0302830 secs]
8.820: [GC 1492071K->327765K(1858560K), 0.0341210 secs]
9.541: [GC 1645215K->333134K(1871040K), 0.0340900 secs]
10.274: [GC 1649104K->339222K(1982976K), 0.0378820 secs]
11.088: [GC 1755769K->342533K(1994624K), 0.0356540 secs]
11.896: [GC 1759006K->351372K(2112960K), 0.0435760 secs]
12.715: [GC 1875419K->355023K(2121152K), 0.0871440 secs]
13.609: [GC 1880013K->364166K(2267200K), 0.0414220 secs]
14.518: [GC 2028121K->370285K(2227008K), 0.0767550 secs]
15.478: [GC 2035287K->375206K(2255424K), 0.0831070 secs]
16.418: [GC 2013163K->379914K(2205056K), 0.0403900 secs]
17.317: [GC 2017762K->381250K(2252096K), 0.0563310 secs]
18.242: [GC 2006978K->388409K(2189888K), 0.0394110 secs]
19.124: [GC 2014007K->396728K(2248064K), 0.0395630 secs]
20.039: [GC 2013947K->403651K(2187008K), 0.0398240 secs]
20.990: [GC 2020932K->398388K(2253248K), 0.0379920 secs]
21.879: [GC 2015848K->401492K(2173888K), 0.0380820 secs]
22.746: [GC 2020692K->410456K(2246848K), 0.0381390 secs]
23.626: [GC 2030898K->418530K(2244224K), 0.0407530 secs]
24.532: [GC 2039370K->424840K(2257280K), 0.0390400 secs]
25.395: [GC 2060606K->424438K(2256768K), 0.0396990 secs]
26.269: [GC 2058942K->427748K(2259968K), 0.0396840 secs]
27.142: [GC 2071083K->437174K(2259264K), 0.0400700 secs]
28.048: [GC 2080177K->437278K(2263296K), 0.0395410 secs]
28.971: [GC 2088154K->439794K(2264832K), 0.0409670 secs]
29.859: [GC 2091068K->445129K(2266752K), 0.0399720 secs]
30.731: [GC 2106762K->452225K(2267968K), 0.0398320 secs]
31.647: [GC 2114625K->459079K(2273920K), 0.0423250 secs]
32.542: [GC 2131329K->465347K(2275200K), 0.0405940 secs]
33.422: [GC 2138468K->472389K(2281536K), 0.0412470 secs]
34.330: [GC 2153269K->470883K(2246528K), 0.0418220 secs]
35.234: [GC 2151787K->478491K(2281472K), 0.0399080 secs]
36.144: [GC 2161420K->487702K(2281024K), 0.0422370 secs]
37.033: [GC 2170948K->484955K(2283648K), 0.0415260 secs]
37.970: [GC 2169508K->491765K(2283648K), 0.0419180 secs]
38.896: [GC 2177200K->495637K(2284928K), 0.0426220 secs]
39.819: [GC 2181803K->494104K(2254400K), 0.0414400 secs]
40.718: [GC 2180951K->494440K(2285824K), 0.0403450 secs]
41.660: [GC 2185068K->497497K(2283264K), 0.0408830 secs]
42.582: [GC 2187524K->503757K(2288384K), 0.0418080 secs]
43.522: [GC 2201197K->510307K(2286144K), 0.0415570 secs]
44.457: [GC 2208415K->516858K(2291520K), 0.0420610 secs]
45.425: [GC 2220081K->516992K(2292288K), 0.0407990 secs]
46.354: [GC 2221525K->523177K(2295232K), 0.0416750 secs]
47.265: [GC 2232553K->531638K(2295168K), 0.0427810 secs]
48.183: [GC 2241014K->535331K(2291520K), 0.0446630 secs]
49.125: [GC 2237510K->540173K(2282496K), 0.0432170 secs]
50.127: [GC 2242121K->551785K(2284544K), 0.0445040 secs]
51.071: [GC 2244836K->545757K(2288128K), 0.0432460 secs]
51.973: [GC 2237618K->546186K(2282816K), 0.0422000 secs]
52.912: [GC 2239559K->548369K(2286144K), 0.0419790 secs]
53.806: [GC 2240957K->552308K(2287040K), 0.0408020 secs]
54.733: [GC 2251715K->556458K(2289920K), 0.0419830 secs]
55.665: [GC 2257642K->560047K(2289856K), 0.0415120 secs]
56.611: [GC 2265462K->570359K(2292800K), 0.0423320 secs]
56.654: [Full GC 570359K->217740K(2324800K), 0.7170930 secs]
58.238: [GC 1924207K->243884K(2290688K), 0.0167270 secs]
59.159: [GC 1914840K->265249K(2175680K), 0.0172670 secs]
60.065: [GC 1936207K->279990K(2290752K), 0.0214670 secs]
60.975: [GC 1921662K->292810K(2295104K), 0.0234530 secs]
61.847: [GC 1935723K->301498K(2289728K), 0.0243310 secs]
62.724: [GC 1944202K->312047K(2292416K), 0.0277500 secs]
