0.542: [GC 95424K->59889K(365760K), 0.0579980 secs]
0.686: [GC 155313K->119801K(461184K), 0.0668850 secs]
1.101: [GC 308793K->163652K(461184K), 0.0512020 secs]
1.456: [GC 353868K->168339K(652032K), 0.0126530 secs]
2.167: [GC 548208K->178138K(652032K), 0.0474220 secs]
2.867: [GC 559003K->187653K(1105728K), 0.0109820 secs]
4.138: [GC 949991K->199675K(1106816K), 0.0147850 secs]
5.304: [GC 963067K->214921K(1858368K), 0.0597430 secs]
7.867: [GC 1740182K->231830K(1862272K), 0.0196590 secs]
10.016: [GC 1757872K->248922K(2202880K), 0.0245230 secs]
10.041: [Full GC 248922K->175902K(2328512K), 0.4968980 secs]
13.339: [GC 2049566K->212107K(2331648K), 0.0157810 secs]
16.056: [GC 2085669K->229534K(2337408K), 0.0168770 secs]
18.733: [GC 2110690K->249762K(2335808K), 0.0234990 secs]
21.336: [GC 2131048K->266012K(2303808K), 0.0266790 secs]
23.936: [GC 2108770K->285574K(2298240K), 0.0325850 secs]
26.656: [GC 2129286K->299038K(2300288K), 0.0259650 secs]
29.212: [GC 2119112K->312818K(2302016K), 0.0286390 secs]
31.785: [GC 2132632K->324423K(2265152K), 0.0315170 secs]
34.214: [GC 2095032K->332565K(2272768K), 0.0332230 secs]
36.660: [GC 2102574K->343996K(2237312K), 0.0361770 secs]
39.160: [GC 2057651K->348315K(2231424K), 0.0364490 secs]
41.661: [GC 2061800K->351069K(2218560K), 0.0374130 secs]
43.997: [GC 2013701K->358121K(2191296K), 0.0393300 secs]
46.362: [GC 2022377K->362460K(2197696K), 0.0402990 secs]
48.618: [GC 1981008K->365709K(2155008K), 0.0403680 secs]
50.845: [GC 1985128K->368737K(2183360K), 0.0415920 secs]
52.920: [GC 1953551K->364397K(2119872K), 0.0401050 secs]
55.064: [GC 1950508K->371055K(2180992K), 0.0417770 secs]
57.254: [GC 1942447K->371612K(2103360K), 0.0399640 secs]
59.498: [GC 1942283K->375484K(2183296K), 0.0404280 secs]
