0.541: [GC 95424K->59874K(365760K), 0.1043600 secs]
0.730: [GC 155298K->119806K(461184K), 0.0768860 secs]
1.102: [GC 308832K->165004K(461184K), 0.0631970 secs]
1.400: [GC 355744K->169965K(652032K), 0.0154100 secs]
1.931: [GC 549972K->175975K(652032K), 0.0452670 secs]
2.404: [GC 556603K->183169K(1107264K), 0.0127680 secs]
3.395: [GC 945273K->195007K(1108160K), 0.0184180 secs]
4.328: [GC 957858K->208262K(1857664K), 0.0178660 secs]
6.298: [GC 1733190K->229787K(1862656K), 0.0258000 secs]
8.128: [GC 1755728K->243418K(2206080K), 0.0272130 secs]
8.155: [Full GC 243418K->171700K(2327296K), 0.4887780 secs]
10.925: [GC 2043254K->214388K(2328064K), 0.0177790 secs]
13.111: [GC 2085200K->231143K(2325696K), 0.0564220 secs]
15.367: [GC 2103487K->251604K(2328128K), 0.0263720 secs]
17.589: [GC 2123872K->265380K(2318400K), 0.0399420 secs]
19.803: [GC 2123841K->284144K(2311488K), 0.0304750 secs]
22.067: [GC 2143075K->299682K(2296512K), 0.0325370 secs]
24.233: [GC 2124926K->309769K(2304384K), 0.0466770 secs]
26.434: [GC 2135021K->322025K(2257024K), 0.0344770 secs]
28.587: [GC 2096215K->331158K(2247424K), 0.0372300 secs]
30.717: [GC 2105494K->344873K(2257984K), 0.0329820 secs]
32.816: [GC 2089851K->353826K(2242304K), 0.0354310 secs]
34.907: [GC 2099251K->361045K(2235776K), 0.0370760 secs]
36.941: [GC 2066020K->367610K(2214976K), 0.0393270 secs]
39.004: [GC 2071994K->375113K(2213824K), 0.0409810 secs]
40.992: [GC 2036177K->381799K(2186176K), 0.0476240 secs]
42.953: [GC 2043298K->383357K(2196160K), 0.0435170 secs]
44.902: [GC 2005777K->388288K(2153216K), 0.0437230 secs]
46.843: [GC 2010078K->395452K(2178816K), 0.0450240 secs]
48.757: [GC 1981971K->391165K(2121408K), 0.0480190 secs]
50.667: [GC 1979427K->394653K(2174912K), 0.0980010 secs]
52.626: [GC 1964505K->399300K(2107328K), 0.0467680 secs]
54.497: [GC 1969860K->403786K(2171136K), 0.0522750 secs]
56.365: [GC 1962705K->405355K(2094720K), 0.0623100 secs]
58.263: [GC 1964003K->404676K(2175616K), 0.0570630 secs]
60.085: [GC 1964845K->406135K(2091008K), 0.0471530 secs]
