1.163: [GC 95424K->31604K(365760K), 0.0827800 secs]
1.407: [GC 127028K->65368K(461184K), 0.0492260 secs]
1.774: [GC 256216K->133139K(461184K), 0.0830980 secs]
2.155: [GC 323987K->195750K(652032K), 0.1789410 secs]
2.334: [Full GC 195750K->195710K(819968K), 0.5656330 secs]
3.485: [GC 576448K->232877K(819968K), 0.0285480 secs]
3.729: [GC 613445K->241312K(1048640K), 0.0121800 secs]
4.052: [GC 782274K->253593K(1065856K), 0.0156770 secs]
4.384: [GC 794133K->265231K(1216384K), 0.0170010 secs]
4.818: [GC 992232K->264612K(1241472K), 0.0641620 secs]
5.281: [GC 992032K->276900K(1366592K), 0.0219280 secs]
5.773: [GC 1146390K->283712K(1380032K), 0.0350520 secs]
6.292: [GC 1152305K->287919K(1521984K), 0.0218650 secs]
6.830: [GC 1304651K->295251K(1533568K), 0.0235670 secs]
7.424: [GC 1311678K->303121K(1688128K), 0.0280940 secs]
8.066: [GC 1468608K->309528K(1695040K), 0.0276070 secs]
8.714: [GC 1476678K->313731K(1855680K), 0.0329450 secs]
9.414: [GC 1632531K->320917K(1863360K), 0.0332090 secs]
10.117: [GC 1640372K->327555K(1977024K), 0.0364290 secs]
10.881: [GC 1751356K->333401K(1986240K), 0.0363110 secs]
11.641: [GC 1758432K->341209K(2107904K), 0.0426140 secs]
12.525: [GC 1878809K->348470K(2115072K), 0.0366020 secs]
13.394: [GC 1885719K->356474K(2241344K), 0.0381870 secs]
14.280: [GC 2012398K->363796K(2247808K), 0.0365010 secs]
15.185: [GC 2020244K->367531K(2272704K), 0.0365150 secs]
16.063: [GC 2041496K->375939K(2230976K), 0.0379940 secs]
16.950: [GC 2049329K->378366K(2266112K), 0.0371130 secs]
17.830: [GC 2036231K->385487K(2217920K), 0.0413440 secs]
18.700: [GC 2043727K->389198K(2260992K), 0.0372500 secs]
19.585: [GC 2034983K->394481K(2205888K), 0.0420890 secs]
20.510: [GC 2038482K->404224K(2254272K), 0.0394490 secs]
21.453: [GC 2038486K->410599K(2205824K), 0.0394850 secs]
22.378: [GC 2045927K->414494K(2250752K), 0.0432540 secs]
23.331: [GC 2038491K->419415K(2195200K), 0.0408790 secs]
24.273: [GC 2043483K->419818K(2252160K), 0.0410190 secs]
25.160: [GC 2041198K->424231K(2190272K), 0.0448150 secs]
26.065: [GC 2046581K->430689K(2249664K), 0.0447520 secs]
26.949: [GC 2052192K->430172K(2250112K), 0.0404990 secs]
27.869: [GC 2052056K->432853K(2249344K), 0.0453280 secs]
28.744: [GC 2057980K->437110K(2250688K), 0.0457050 secs]
29.649: [GC 2062629K->443987K(2254208K), 0.0429350 secs]
30.557: [GC 2076751K->453612K(2255040K), 0.0439980 secs]
31.436: [GC 2086930K->453299K(2257792K), 0.0428470 secs]
32.302: [GC 2091217K->460896K(2258752K), 0.0427820 secs]
33.168: [GC 2098190K->463619K(2260160K), 0.0414310 secs]
34.062: [GC 2103326K->466902K(2260480K), 0.0447800 secs]
34.948: [GC 2106949K->463842K(2255232K), 0.0412270 secs]
35.797: [GC 2105524K->468759K(2257856K), 0.0431280 secs]
36.718: [GC 2110279K->481975K(2264768K), 0.0438440 secs]
37.660: [GC 2132915K->486083K(2265664K), 0.0448310 secs]
38.606: [GC 2137701K->486763K(2266304K), 0.0436640 secs]
39.521: [GC 2138781K->485230K(2227584K), 0.0426400 secs]
40.402: [GC 2137234K->490193K(2267008K), 0.0450230 secs]
41.266: [GC 2147473K->490863K(2264832K), 0.0437100 secs]
42.149: [GC 2147692K->499251K(2269312K), 0.0446300 secs]
43.038: [GC 2163184K->498052K(2267392K), 0.0457380 secs]
43.920: [GC 2162976K->504053K(2276032K), 0.0413500 secs]
44.842: [GC 2178601K->509205K(2274112K), 0.0455870 secs]
45.758: [GC 2184578K->518988K(2279168K), 0.0423120 secs]
46.685: [GC 2201288K->520158K(2278656K), 0.0444620 secs]
47.557: [GC 2203742K->526965K(2282880K), 0.0435090 secs]
48.484: [GC 2214662K->531385K(2283136K), 0.0429860 secs]
49.421: [GC 2219392K->534853K(2285952K), 0.0447250 secs]
50.337: [GC 2226629K->534885K(2266944K), 0.0433080 secs]
51.238: [GC 2224747K->544406K(2284416K), 0.0439150 secs]
52.159: [GC 2234540K->544863K(2284928K), 0.0434260 secs]
53.104: [GC 2235833K->547639K(2286144K), 0.0441600 secs]
54.018: [GC 2240842K->550121K(2286464K), 0.0457300 secs]
54.955: [GC 2243614K->555615K(2287552K), 0.0463180 secs]
55.855: [GC 2250469K->561157K(2287424K), 0.0442550 secs]
56.823: [GC 2256844K->557664K(2288128K), 0.0464340 secs]
57.727: [GC 2254908K->565047K(2288704K), 0.0430110 secs]
58.669: [GC 2262005K->571405K(2289664K), 0.0457960 secs]
59.575: [GC 2271657K->580338K(2289728K), 0.0474100 secs]
59.622: [Full GC 580338K->218134K(2327424K), 0.7295790 secs]
61.222: [GC 1918870K->240505K(2285760K), 0.0118300 secs]
62.097: [GC 1897085K->258891K(2158720K), 0.0143090 secs]
62.949: [GC 1915920K->272708K(2282560K), 0.0180540 secs]
