0.537: [GC 95424K->59877K(365760K), 0.0912330 secs]
0.712: [GC 155301K->119785K(461184K), 0.0777910 secs]
1.162: [GC 310570K->166378K(461184K), 0.0884670 secs]
1.542: [GC 355353K->170831K(652032K), 0.0249040 secs]
2.180: [GC 552413K->175837K(652032K), 0.0157020 secs]
2.721: [GC 556786K->177883K(1109120K), 0.0177520 secs]
3.932: [GC 940712K->187446K(1109440K), 0.0645820 secs]
5.084: [GC 949667K->197952K(1862656K), 0.0164910 secs]
7.457: [GC 1722352K->218384K(1866240K), 0.0186000 secs]
9.544: [GC 1744084K->228699K(2196992K), 0.0334100 secs]
12.213: [GC 2094113K->243311K(2201536K), 0.0280730 secs]
12.241: [Full GC 243311K->179339K(2329024K), 0.4844000 secs]
15.354: [GC 2044799K->196816K(2334848K), 0.0112310 secs]
17.916: [GC 2071371K->221849K(2336640K), 0.0209690 secs]
20.641: [GC 2096785K->235531K(2337408K), 0.0228490 secs]
23.258: [GC 2116434K->253955K(2337536K), 0.0644690 secs]
26.019: [GC 2134235K->265544K(2320832K), 0.0572490 secs]
28.648: [GC 2123795K->277628K(2326080K), 0.0617740 secs]
31.196: [GC 2136659K->283199K(2288320K), 0.0658150 secs]
33.719: [GC 2097264K->295362K(2299520K), 0.0307320 secs]
36.168: [GC 2110116K->305427K(2260096K), 0.0755780 secs]
38.607: [GC 2064048K->312009K(2261376K), 0.0328140 secs]
40.923: [GC 2072009K->317087K(2240768K), 0.0336310 secs]
43.217: [GC 2023260K->325157K(2221824K), 0.0349280 secs]
45.584: [GC 2032405K->330965K(2216448K), 0.0370380 secs]
47.902: [GC 1988116K->335969K(2182848K), 0.0376080 secs]
50.149: [GC 1992991K->339156K(2198080K), 0.0383980 secs]
52.353: [GC 1953769K->339074K(2144320K), 0.0386390 secs]
54.560: [GC 1953266K->342925K(2191424K), 0.0389330 secs]
56.745: [GC 1934757K->343473K(2115776K), 0.0377150 secs]
58.908: [GC 1935921K->344267K(2194688K), 0.0376240 secs]
