0.547: [GC 95424K->59890K(365760K), 0.0721100 secs]
0.707: [GC 155314K->119838K(461184K), 0.1224230 secs]
1.130: [GC 310637K->166258K(461184K), 0.0734080 secs]
1.447: [GC 356778K->172474K(652032K), 0.0126970 secs]
1.930: [GC 552646K->181677K(652032K), 0.0145830 secs]
2.419: [GC 562185K->190658K(1106688K), 0.0114350 secs]
3.399: [GC 953188K->200197K(1107392K), 0.0211440 secs]
4.292: [GC 962573K->210381K(1859968K), 0.0477590 secs]
6.284: [GC 1737165K->235730K(1863872K), 0.0191990 secs]
8.072: [GC 1761927K->251808K(2205184K), 0.0233870 secs]
8.095: [Full GC 251808K->178106K(2332736K), 0.4998840 secs]
10.766: [GC 2044322K->216036K(2286720K), 0.0175160 secs]
12.942: [GC 2082533K->241646K(2327744K), 0.0195610 secs]
15.114: [GC 2105565K->259040K(2326912K), 0.0255660 secs]
17.262: [GC 2122666K->272519K(2296192K), 0.0274060 secs]
19.374: [GC 2095512K->279921K(2276800K), 0.0311870 secs]
21.469: [GC 2103236K->291359K(2300736K), 0.0240910 secs]
23.630: [GC 2102069K->301560K(2286528K), 0.0279080 secs]
25.722: [GC 2112046K->318227K(2274560K), 0.0313840 secs]
27.841: [GC 2089543K->328186K(2274752K), 0.0697170 secs]
29.977: [GC 2101025K->336766K(2244800K), 0.0932180 secs]
32.004: [GC 2055102K->344564K(2237888K), 0.0468650 secs]
34.004: [GC 2063003K->345367K(2224448K), 0.0426980 secs]
35.987: [GC 2015454K->347670K(2192064K), 0.0509570 secs]
37.938: [GC 2018202K->351877K(2208960K), 0.0856790 secs]
39.917: [GC 1986711K->357375K(2166208K), 0.0416910 secs]
41.822: [GC 1992145K->356441K(2197568K), 0.0473950 secs]
43.653: [GC 1962428K->358052K(2138560K), 0.0511640 secs]
45.524: [GC 1963970K->364731K(2188992K), 0.0531290 secs]
47.357: [GC 1951308K->367450K(2123712K), 0.0503480 secs]
49.198: [GC 1954002K->367921K(2189696K), 0.0423070 secs]
51.054: [GC 1947491K->373032K(2115264K), 0.0458790 secs]
52.924: [GC 1953623K->373804K(2190976K), 0.0440700 secs]
54.760: [GC 1954700K->376155K(2113792K), 0.0413290 secs]
56.600: [GC 1956739K->382064K(2189120K), 0.0415370 secs]
58.460: [GC 1962145K->382040K(2188224K), 0.0417270 secs]
60.270: [GC 1962301K->383856K(2190784K), 0.0413900 secs]
