1.158: [GC 95424K->31572K(365760K), 0.0666920 secs]
1.380: [GC 126996K->65316K(461184K), 0.1105940 secs]
1.787: [GC 256164K->135883K(461184K), 0.1497390 secs]
2.216: [GC 326731K->198474K(652032K), 0.1119500 secs]
2.328: [Full GC 198474K->198448K(819008K), 0.5574230 secs]
3.479: [GC 578418K->235018K(819008K), 0.0781530 secs]
3.782: [GC 615950K->247593K(1074688K), 0.0196610 secs]
4.156: [GC 815995K->252044K(1091712K), 0.0360130 secs]
4.512: [GC 819730K->264657K(1291456K), 0.0217190 secs]
4.999: [GC 1067904K->268624K(1319744K), 0.0246380 secs]
5.486: [GC 1071873K->278327K(1461376K), 0.0244940 secs]
6.032: [GC 1245510K->283663K(1478464K), 0.0295120 secs]
6.597: [GC 1250932K->293982K(1646144K), 0.0308010 secs]
7.261: [GC 1430438K->300659K(1653632K), 0.0584910 secs]
7.919: [GC 1437630K->314152K(1850624K), 0.0599860 secs]
8.640: [GC 1641003K->317081K(1860352K), 0.0461300 secs]
9.394: [GC 1643795K->323230K(2090176K), 0.0950680 secs]
10.310: [GC 1870338K->330185K(2099392K), 0.0480970 secs]
11.158: [GC 1877212K->333773K(2281792K), 0.0497480 secs]
12.051: [GC 2054221K->338146K(2290752K), 0.0506190 secs]
12.982: [GC 2059120K->340952K(2291264K), 0.0446200 secs]
13.880: [GC 2053287K->347096K(2252096K), 0.1005840 secs]
14.826: [GC 2060026K->353353K(2283008K), 0.0511810 secs]
15.737: [GC 2048253K->358694K(2238208K), 0.0798330 secs]
16.684: [GC 2054436K->360548K(2280576K), 0.0597220 secs]
17.575: [GC 2045808K->363040K(2282304K), 0.0597190 secs]
18.509: [GC 2048404K->378439K(2277056K), 0.0568560 secs]
19.383: [GC 2058450K->378083K(2279872K), 0.0525260 secs]
20.252: [GC 2058347K->385778K(2278976K), 0.1022090 secs]
21.198: [GC 2065955K->390335K(2279680K), 0.0525180 secs]
22.110: [GC 2070632K->402253K(2276672K), 0.0619110 secs]
22.945: [GC 2080102K->402777K(2230528K), 0.0612980 secs]
23.827: [GC 2080283K->416277K(2271808K), 0.0642010 secs]
24.706: [GC 2087086K->415771K(2228544K), 0.0649550 secs]
25.612: [GC 2085280K->427357K(2265920K), 0.0678870 secs]
26.512: [GC 2087070K->421689K(2269824K), 0.0666380 secs]
27.408: [GC 2082335K->429486K(2269632K), 0.0664910 secs]
28.316: [GC 2090402K->432263K(2220928K), 0.0660220 secs]
29.235: [GC 2092036K->437798K(2269248K), 0.0675470 secs]
30.128: [GC 2098203K->439098K(2269440K), 0.0735160 secs]
31.030: [GC 2099091K->438863K(2265920K), 0.0672470 secs]
31.897: [GC 2100172K->442565K(2267904K), 0.0668770 secs]
32.893: [GC 2104475K->445346K(2268928K), 0.0641690 secs]
33.781: [GC 2115585K->443898K(2271104K), 0.0647070 secs]
34.650: [GC 2113605K->449570K(2272384K), 0.0642850 secs]
35.547: [GC 2132642K->467083K(2274048K), 0.0665740 secs]
36.434: [GC 2148822K->461143K(2282368K), 0.0640480 secs]
37.320: [GC 2156705K->463944K(2284672K), 0.0647810 secs]
38.226: [GC 2159332K->476709K(2289344K), 0.0651390 secs]
39.138: [GC 2179679K->471830K(2288832K), 0.0635540 secs]
40.026: [GC 2173992K->475185K(2291584K), 0.0613530 secs]
40.904: [GC 2185266K->482364K(2290816K), 0.0610890 secs]
41.827: [GC 2192602K->486769K(2296256K), 0.0647020 secs]
42.693: [GC 2206229K->493956K(2295360K), 0.0681490 secs]
43.606: [GC 2213215K->500359K(2301760K), 0.0631410 secs]
44.500: [GC 2227726K->501741K(2300800K), 0.0654660 secs]
45.420: [GC 2228277K->505833K(2304448K), 0.0664070 secs]
46.338: [GC 2239337K->509974K(2303104K), 0.0636980 secs]
47.249: [GC 2242465K->519132K(2305856K), 0.0678280 secs]
48.165: [GC 2256856K->521052K(2306176K), 0.0665690 secs]
49.106: [GC 2256846K->520013K(2307200K), 0.0624070 secs]
49.999: [GC 2261731K->527656K(2308736K), 0.0648210 secs]
50.893: [GC 2269340K->530613K(2311040K), 0.0666740 secs]
51.782: [GC 2273901K->533633K(2311296K), 0.0641020 secs]
52.724: [GC 2276371K->533977K(2310144K), 0.0652060 secs]
53.633: [GC 2277905K->534713K(2310720K), 0.0663690 secs]
54.602: [GC 2277760K->541500K(2311616K), 0.0628940 secs]
55.519: [GC 2285758K->545243K(2311424K), 0.0666310 secs]
56.442: [GC 2290747K->550437K(2312448K), 0.0676340 secs]
57.366: [GC 2296911K->562647K(2312704K), 0.0701810 secs]
57.437: [Full GC 562647K->215839K(2328448K), 0.7125110 secs]
58.974: [GC 1962655K->243656K(2285184K), 0.0170980 secs]
59.816: [GC 1945933K->256741K(2181696K), 0.0236090 secs]
60.680: [GC 1960268K->274085K(2288832K), 0.0304280 secs]
61.514: [GC 1949050K->284929K(2181696K), 0.0332620 secs]
62.359: [GC 1959026K->300611K(2296320K), 0.0408530 secs]
