0.533: [GC 95424K->59897K(365760K), 0.0863040 secs]
0.702: [GC 155321K->119829K(461184K), 0.0674870 secs]
1.096: [GC 308899K->163750K(461184K), 0.0589300 secs]
1.424: [GC 353926K->168475K(652032K), 0.0330100 secs]
2.005: [GC 549945K->177826K(652032K), 0.0325430 secs]
2.570: [GC 557755K->187781K(1105536K), 0.0129500 secs]
3.555: [GC 950579K->200397K(1106816K), 0.0160970 secs]
4.482: [GC 963014K->211354K(1856192K), 0.0143960 secs]
6.503: [GC 1737767K->233829K(1861184K), 0.0205440 secs]
8.323: [GC 1759390K->253693K(2206784K), 0.0257120 secs]
8.349: [Full GC 253693K->177014K(2338432K), 0.5895970 secs]
11.168: [GC 2046498K->213022K(2293504K), 0.0304490 secs]
13.385: [GC 2083753K->234376K(2337920K), 0.0186610 secs]
15.533: [GC 2105587K->249258K(2329920K), 0.0228710 secs]
17.623: [GC 2119688K->259900K(2316992K), 0.0242050 secs]
19.849: [GC 2102931K->272923K(2325504K), 0.0271430 secs]
21.981: [GC 2114545K->289980K(2270848K), 0.0344160 secs]
24.099: [GC 2078012K->306007K(2270208K), 0.0339380 secs]
26.278: [GC 2093619K->321659K(2270976K), 0.0310240 secs]
28.343: [GC 2074717K->335180K(2265984K), 0.0345690 secs]
30.378: [GC 2088880K->345234K(2240000K), 0.0364140 secs]
32.343: [GC 2044393K->348920K(2225024K), 0.0368720 secs]
34.291: [GC 2047947K->356992K(2216320K), 0.0389020 secs]
36.192: [GC 2006932K->349470K(2175296K), 0.0367680 secs]
38.096: [GC 1997861K->364321K(2200704K), 0.0408910 secs]
39.982: [GC 1977106K->365991K(2156480K), 0.0407260 secs]
41.896: [GC 1979071K->370121K(2187008K), 0.0433090 secs]
43.708: [GC 1951548K->372546K(2130176K), 0.0424970 secs]
45.518: [GC 1953129K->376539K(2177216K), 0.0440370 secs]
47.298: [GC 1932631K->371748K(2100416K), 0.0418190 secs]
49.080: [GC 1928255K->382103K(2177792K), 0.0435930 secs]
50.885: [GC 1933406K->378435K(2090944K), 0.0422730 secs]
52.678: [GC 1929782K->380178K(2182656K), 0.0410490 secs]
54.512: [GC 1935567K->381968K(2093760K), 0.0409600 secs]
56.299: [GC 1939216K->387230K(2182016K), 0.0408520 secs]
58.137: [GC 1949815K->384947K(2178304K), 0.0392730 secs]
59.925: [GC 1947376K->385386K(2188032K), 0.0381940 secs]
