0.529: [GC 95424K->59882K(365760K), 0.1201040 secs]
0.733: [GC 155306K->119842K(461184K), 0.0990270 secs]
1.113: [GC 310690K->164543K(461184K), 0.0836960 secs]
1.407: [GC 354673K->168615K(652032K), 0.0129090 secs]
1.885: [GC 549717K->178287K(652032K), 0.0803070 secs]
2.391: [GC 559913K->185111K(1107264K), 0.0118320 secs]
3.310: [GC 947994K->199197K(1107712K), 0.0607570 secs]
4.191: [GC 961784K->207967K(1858304K), 0.0523100 secs]
6.070: [GC 1734188K->238639K(1862592K), 0.0362650 secs]
7.788: [GC 1764336K->254937K(2201856K), 0.0257130 secs]
7.813: [Full GC 254937K->174997K(2323392K), 0.5858160 secs]
10.434: [GC 2035774K->210696K(2273984K), 0.0174390 secs]
12.450: [GC 2071494K->229985K(2324544K), 0.0320970 secs]
14.508: [GC 2092361K->248483K(2313664K), 0.0246280 secs]
16.520: [GC 2112174K->266404K(2298048K), 0.0384130 secs]
18.534: [GC 2096425K->282858K(2290944K), 0.0349260 secs]
20.571: [GC 2113343K->300594K(2280384K), 0.0356600 secs]
22.586: [GC 2096204K->313403K(2285952K), 0.0320210 secs]
24.546: [GC 2109371K->324501K(2239872K), 0.0345280 secs]
26.490: [GC 2061571K->335692K(2250368K), 0.0369540 secs]
28.411: [GC 2073146K->341770K(2213120K), 0.0382680 secs]
30.266: [GC 2017364K->347523K(2199872K), 0.0397340 secs]
32.111: [GC 2022975K->349431K(2194688K), 0.0396980 secs]
33.903: [GC 1972510K->347440K(2148864K), 0.0389850 secs]
35.702: [GC 1971589K->345188K(2188160K), 0.0387250 secs]
37.424: [GC 1942446K->352992K(2128256K), 0.0406690 secs]
39.161: [GC 1951422K->357655K(2174848K), 0.0417770 secs]
40.874: [GC 1930490K->358929K(2109632K), 0.0417080 secs]
42.575: [GC 1932737K->361742K(2170496K), 0.0421690 secs]
44.279: [GC 1919110K->362398K(2092800K), 0.0427980 secs]
46.005: [GC 1921416K->366624K(2171328K), 0.0427810 secs]
47.700: [GC 1921180K->368281K(2089472K), 0.0429660 secs]
49.429: [GC 1923681K->368430K(2173824K), 0.0426730 secs]
51.117: [GC 1926814K->366083K(2084800K), 0.0419250 secs]
52.802: [GC 1924226K->369279K(2172416K), 0.0413180 secs]
54.520: [GC 1932358K->374836K(2168000K), 0.0422980 secs]
56.216: [GC 1938259K->372874K(2179904K), 0.0396240 secs]
57.906: [GC 1953188K->371247K(2176896K), 0.0391800 secs]
59.617: [GC 1951037K->378618K(2186688K), 0.0410350 secs]
