1.158: [GC 94789K->30493K(365760K), 0.0563990 secs]
1.381: [GC 125917K->63134K(461184K), 0.0763150 secs]
1.775: [GC 253982K->133701K(461184K), 0.1458690 secs]
2.217: [GC 324549K->196296K(652032K), 0.1416560 secs]
2.359: [Full GC 196296K->196267K(819200K), 0.5609130 secs]
3.588: [GC 577963K->230256K(819200K), 0.0388720 secs]
3.900: [GC 610565K->242666K(1055104K), 0.0122320 secs]
4.283: [GC 795300K->250386K(1076736K), 0.0285840 secs]
4.634: [GC 802156K->254902K(1247168K), 0.0167480 secs]
5.086: [GC 1013395K->264959K(1274240K), 0.0223650 secs]
5.513: [GC 1022143K->274048K(1414528K), 0.0356860 secs]
6.053: [GC 1180512K->280753K(1418880K), 0.0214760 secs]
6.603: [GC 1186846K->292882K(1567232K), 0.0246360 secs]
7.231: [GC 1346349K->302525K(1574208K), 0.0283200 secs]
7.848: [GC 1355561K->305501K(1733504K), 0.0295220 secs]
8.577: [GC 1509948K->317544K(1741056K), 0.0310950 secs]
9.285: [GC 1522856K->320592K(1904896K), 0.0335570 secs]
10.089: [GC 1677980K->329623K(1914176K), 0.0343620 secs]
10.862: [GC 1687382K->332431K(2029184K), 0.0370640 secs]
11.712: [GC 1794397K->346024K(2038528K), 0.0379730 secs]
12.583: [GC 1808157K->359211K(2158272K), 0.0453650 secs]
13.533: [GC 1928158K->364429K(2169024K), 0.0354630 secs]
14.460: [GC 1934085K->369535K(2255616K), 0.0397060 secs]
15.447: [GC 2016417K->374647K(2212224K), 0.0385680 secs]
16.390: [GC 2022647K->382202K(2243328K), 0.0383670 secs]
17.299: [GC 2002134K->382036K(2184320K), 0.0378510 secs]
18.213: [GC 2002816K->388735K(2241472K), 0.0385440 secs]
19.116: [GC 1996900K->400565K(2183744K), 0.0418170 secs]
20.001: [GC 2010293K->399387K(2237952K), 0.0399150 secs]
20.895: [GC 1997797K->405520K(2170560K), 0.0391060 secs]
21.826: [GC 2003207K->406544K(2239168K), 0.0413390 secs]
22.695: [GC 2004422K->416837K(2237952K), 0.0417820 secs]
23.533: [GC 2014722K->415785K(2236032K), 0.0405720 secs]
24.424: [GC 2012590K->416743K(2236992K), 0.0404680 secs]
25.256: [GC 2014885K->428834K(2238272K), 0.0418510 secs]
26.120: [GC 2029474K->429337K(2237952K), 0.0401600 secs]
26.991: [GC 2031680K->427264K(2235392K), 0.0397400 secs]
27.883: [GC 2036741K->429907K(2238016K), 0.0399290 secs]
28.750: [GC 2039985K->447558K(2248640K), 0.0416610 secs]
29.614: [GC 2072747K->447292K(2249216K), 0.0422270 secs]
30.478: [GC 2072889K->449389K(2253120K), 0.0418500 secs]
31.354: [GC 2083190K->452948K(2254592K), 0.0414490 secs]
32.253: [GC 2086771K->456310K(2255296K), 0.0399000 secs]
33.154: [GC 2096529K->467719K(2256768K), 0.0443600 secs]
34.002: [GC 2107292K->467483K(2260672K), 0.0424820 secs]
34.909: [GC 2115579K->473192K(2262208K), 0.0418810 secs]
35.774: [GC 2121280K->478425K(2262528K), 0.0435270 secs]
36.677: [GC 2130316K->479519K(2264256K), 0.0419510 secs]
37.555: [GC 2129909K->481283K(2262336K), 0.0426840 secs]
38.473: [GC 2137310K->483486K(2264320K), 0.0429910 secs]
39.392: [GC 2139601K->495792K(2270528K), 0.0429700 secs]
40.270: [GC 2160564K->500245K(2270720K), 0.0440070 secs]
41.150: [GC 2166933K->496163K(2269504K), 0.0418840 secs]
42.024: [GC 2164915K->504553K(2272064K), 0.0421570 secs]
42.918: [GC 2175145K->508813K(2273920K), 0.0430440 secs]
43.831: [GC 2185366K->514877K(2276160K), 0.0424300 secs]
44.762: [GC 2191247K->517804K(2277760K), 0.0435330 secs]
45.685: [GC 2197198K->518836K(2278848K), 0.0428690 secs]
46.617: [GC 2198325K->520727K(2278336K), 0.0432490 secs]
47.527: [GC 2205207K->530363K(2279232K), 0.0425710 secs]
48.431: [GC 2213432K->530142K(2281472K), 0.0422610 secs]
49.376: [GC 2220487K->538033K(2282688K), 0.0429080 secs]
50.308: [GC 2227634K->543592K(2285184K), 0.0440870 secs]
51.207: [GC 2238378K->548414K(2285952K), 0.0431600 secs]
52.116: [GC 2243731K->553582K(2288896K), 0.0428790 secs]
52.954: [GC 2251772K->554975K(2276992K), 0.0448840 secs]
53.891: [GC 2252481K->562740K(2288704K), 0.0438110 secs]
54.817: [GC 2261017K->563968K(2288896K), 0.0441180 secs]
55.748: [GC 2262931K->575646K(2286784K), 0.0452650 secs]
56.690: [GC 2272945K->574873K(2288512K), 0.0431330 secs]
56.734: [Full GC 574873K->215062K(2319744K), 0.7298120 secs]
58.353: [GC 1911852K->243386K(2280000K), 0.0193780 secs]
59.189: [GC 1900459K->258958K(2155776K), 0.0163760 secs]
60.069: [GC 1917437K->274026K(2276608K), 0.0205370 secs]
60.915: [GC 1896018K->292005K(2153024K), 0.0527560 secs]
61.814: [GC 1915133K->299966K(2284736K), 0.0257810 secs]
62.669: [GC 1925438K->310088K(2173376K), 0.0278870 secs]
