0.529: [GC 95424K->60488K(365760K), 0.1040430 secs]
0.722: [GC 155912K->121677K(461184K), 0.0918950 secs]
0.928: [GC 312525K->172650K(461184K), 0.0730800 secs]
1.480: [GC 362877K->172826K(652032K), 0.0120000 secs]
3.134: [GC 554522K->180661K(652032K), 0.0264750 secs]
4.459: [GC 560884K->183769K(1110912K), 0.0248360 secs]
8.749: [GC 947033K->182817K(1111040K), 0.0305540 secs]
12.197: [GC 944911K->182253K(1873536K), 0.0119480 secs]
20.772: [GC 1707648K->186844K(1874048K), 0.0076500 secs]
27.654: [GC 1711786K->187205K(2193984K), 0.0054750 secs]
38.263: [GC 2036997K->186756K(2194944K), 0.0052330 secs]
47.125: [GC 2036548K->188915K(2195776K), 0.0045730 secs]
56.330: [GC 2044738K->192896K(2197248K), 0.0059280 secs]
