0.542: [GC 95424K->59890K(365760K), 0.0861140 secs]
0.715: [GC 155314K->119806K(461184K), 0.0971200 secs]
0.955: [GC 310654K->174544K(461184K), 0.0608320 secs]
1.506: [GC 364402K->175992K(652032K), 0.0414660 secs]
2.516: [GC 557413K->183622K(652032K), 0.0165960 secs]
3.282: [GC 563725K->185044K(1111168K), 0.0124590 secs]
4.726: [GC 947207K->184973K(1111872K), 0.0111720 secs]
6.203: [GC 947661K->188254K(1873920K), 0.0079920 secs]
9.179: [GC 1711847K->187454K(1874176K), 0.0099550 secs]
11.754: [GC 1712114K->188722K(2193216K), 0.0083410 secs]
16.253: [GC 2035341K->193781K(2194240K), 0.0165710 secs]
19.878: [GC 2040227K->195910K(2194176K), 0.0050210 secs]
23.787: [GC 2049273K->198313K(2195520K), 0.0050220 secs]
27.214: [GC 2052649K->196714K(2200256K), 0.0054220 secs]
31.197: [GC 2062250K->198450K(2200896K), 0.0070890 secs]
35.527: [GC 2062201K->204714K(2203520K), 0.0066450 secs]
39.500: [GC 2080984K->208987K(2054720K), 0.0138780 secs]
43.355: [GC 1994812K->209885K(1967232K), 0.0162180 secs]
47.502: [GC 1910747K->213072K(1888256K), 0.0064060 secs]
51.227: [GC 1835134K->214349K(1810112K), 0.0145430 secs]
54.661: [GC 1758130K->217612K(1738688K), 0.0061840 secs]
57.938: [GC 1689541K->219978K(1667840K), 0.0087880 secs]
60.786: [GC 1621947K->219653K(1599424K), 0.0060870 secs]
