1.200: [GC 95424K->31588K(365760K), 0.0539060 secs]
1.410: [GC 127012K->64064K(461184K), 0.0818470 secs]
1.789: [GC 254912K->134663K(461184K), 0.1528180 secs]
2.224: [GC 325511K->197258K(652032K), 0.1543860 secs]
2.378: [Full GC 197258K->197223K(813824K), 0.4586000 secs]
3.482: [GC 578919K->241955K(813824K), 0.0300370 secs]
3.720: [GC 623651K->248538K(1078720K), 0.0127970 secs]
4.090: [GC 826394K->251212K(1095680K), 0.0261480 secs]
4.282: [GC 829068K->254103K(1358144K), 0.0259290 secs]
4.643: [GC 1102551K->265173K(1363072K), 0.0215830 secs]
4.932: [GC 1113621K->264961K(1574464K), 0.0404320 secs]
5.312: [GC 1334465K->273428K(1575872K), 0.0620760 secs]
5.713: [GC 1342932K->275345K(1819456K), 0.0276590 secs]
6.114: [GC 1614865K->280698K(1839808K), 0.0401430 secs]
6.516: [GC 1620218K->280683K(2137024K), 0.0308570 secs]
6.992: [GC 1934187K->282386K(2152768K), 0.0309600 secs]
7.472: [GC 1935890K->282709K(2368256K), 0.0304310 secs]
8.052: [GC 2151112K->284181K(2368704K), 0.0302560 secs]
8.564: [GC 2154069K->281990K(2367424K), 0.0315550 secs]
9.070: [GC 2152420K->285930K(2368384K), 0.0343200 secs]
9.646: [GC 2156458K->292350K(2365760K), 0.0339460 secs]
10.213: [GC 2163237K->292042K(2367872K), 0.0268250 secs]
10.792: [GC 2164170K->292343K(2368832K), 0.0259110 secs]
11.392: [GC 2171255K->301756K(2370624K), 0.0271110 secs]
12.046: [GC 2180668K->297020K(2374464K), 0.0256520 secs]
12.671: [GC 2181755K->293817K(2375616K), 0.0231750 secs]
13.284: [GC 2180153K->307355K(2374080K), 0.0250150 secs]
13.914: [GC 2197403K->303041K(2376704K), 0.0229460 secs]
14.445: [GC 2192978K->305262K(2378368K), 0.0213600 secs]
15.062: [GC 2200714K->298620K(2380480K), 0.0266010 secs]
15.585: [GC 2194556K->300126K(2383488K), 0.0208810 secs]
16.126: [GC 2198814K->305139K(2353024K), 0.0189900 secs]
16.693: [GC 2203827K->307322K(2383616K), 0.0234240 secs]
17.232: [GC 2205981K->309091K(2382336K), 0.0187540 secs]
17.762: [GC 2209059K->308518K(2384192K), 0.0213290 secs]
18.274: [GC 2211686K->311326K(2383232K), 0.0224210 secs]
18.792: [GC 2214494K->310625K(2386752K), 0.0192940 secs]
19.373: [GC 2218245K->315540K(2386112K), 0.0277230 secs]
19.922: [GC 2223316K->315485K(2388672K), 0.0242480 secs]
20.480: [GC 2227613K->319404K(2387776K), 0.0226810 secs]
21.252: [GC 2230906K->321055K(2391104K), 0.0242290 secs]
22.011: [GC 2238559K->332141K(2389888K), 0.0263560 secs]
22.796: [GC 2248452K->329493K(2392512K), 0.0285300 secs]
23.613: [GC 2247317K->334409K(2385216K), 0.0265250 secs]
24.415: [GC 2252233K->335712K(2388416K), 0.0303220 secs]
25.242: [GC 2247264K->340453K(2383488K), 0.0330060 secs]
26.038: [GC 2251028K->344774K(2380544K), 0.0332680 secs]
26.819: [GC 2244422K->343537K(2371072K), 0.0332510 secs]
27.644: [GC 2243185K->343009K(2382464K), 0.0331420 secs]
28.353: [GC 2239088K->350969K(2373440K), 0.0284240 secs]
29.059: [GC 2246271K->348534K(2380352K), 0.0323020 secs]
29.796: [GC 2240134K->351437K(2364992K), 0.0350160 secs]
30.483: [GC 2243853K->358778K(2375808K), 0.0364670 secs]
31.163: [GC 2246522K->354902K(2377984K), 0.0367520 secs]
31.923: [GC 2242646K->365267K(2373504K), 0.0382800 secs]
32.633: [GC 2248640K->371391K(2368064K), 0.0371450 secs]
33.336: [GC 2254618K->365250K(2374144K), 0.0387010 secs]
34.030: [GC 2244014K->368104K(2352768K), 0.0365130 secs]
34.742: [GC 2246888K->369379K(2373696K), 0.0354020 secs]
35.473: [GC 2248697K->373179K(2371584K), 0.0332020 secs]
36.127: [GC 2253841K->372335K(2375040K), 0.0434270 secs]
36.863: [GC 2258415K->375389K(2373696K), 0.0295590 secs]
37.488: [GC 2261469K->377263K(2378880K), 0.0284780 secs]
38.122: [GC 2269844K->380969K(2377728K), 0.0297190 secs]
38.832: [GC 2273195K->383052K(2382208K), 0.0321770 secs]
39.487: [GC 2278818K->391941K(2379136K), 0.0322270 secs]
40.182: [GC 2289157K->388094K(2381504K), 0.0330810 secs]
40.885: [GC 2282302K->394617K(2380928K), 0.0324820 secs]
41.594: [GC 2288825K->398020K(2379456K), 0.0329650 secs]
42.347: [GC 2289457K->399474K(2371648K), 0.0317750 secs]
43.121: [GC 2292082K->402282K(2380544K), 0.0325840 secs]
43.949: [GC 2293996K->405585K(2380032K), 0.0329580 secs]
44.791: [GC 2297937K->406736K(2380224K), 0.0304720 secs]
45.709: [GC 2299098K->411547K(2374016K), 0.0873850 secs]
46.604: [GC 2303331K->419664K(2372352K), 0.0378380 secs]
47.474: [GC 2301682K->433714K(2376064K), 0.0485120 secs]
48.402: [GC 2317618K->439207K(2356096K), 0.0513650 secs]
49.307: [GC 2303143K->450901K(2366080K), 0.0596940 secs]
50.202: [GC 2314837K->452567K(2346752K), 0.0566150 secs]
51.115: [GC 2296489K->457540K(2349568K), 0.0520910 secs]
51.997: [GC 2301716K->467527K(2337024K), 0.0627890 secs]
52.858: [GC 2288071K->466985K(2331392K), 0.0628900 secs]
53.677: [GC 2287529K->469165K(2333376K), 0.0644260 secs]
54.538: [GC 2274294K->478511K(2323136K), 0.0658800 secs]
55.398: [GC 2283695K->479296K(2325312K), 0.0663040 secs]
56.211: [GC 2266342K->480312K(2302272K), 0.0653010 secs]
57.061: [GC 2267832K->486014K(2323584K), 0.0615600 secs]
57.867: [GC 2268286K->485449K(2325248K), 0.0620750 secs]
58.765: [GC 2267721K->484862K(2321472K), 0.0568270 secs]
59.629: [GC 2267198K->487058K(2323392K), 0.0616360 secs]
60.522: [GC 2269394K->490504K(2321344K), 0.0604520 secs]
61.442: [GC 2278131K->492444K(2323968K), 0.0586620 secs]
61.501: [Full GC 492444K->236570K(2356352K), 0.6327380 secs]
62.990: [GC 2025178K->254821K(2350656K), 0.0131240 secs]
63.912: [GC 2040293K->257036K(2254592K), 0.0147250 secs]
