0.531: [GC 95424K->60488K(365760K), 0.0849110 secs]
0.701: [GC 155912K->122677K(461184K), 0.0839150 secs]
1.420: [GC 313059K->165914K(461184K), 0.0523310 secs]
2.330: [GC 356417K->170309K(652032K), 0.0142890 secs]
4.228: [GC 550416K->173012K(652032K), 0.0132000 secs]
5.795: [GC 554708K->174152K(1112064K), 0.0121560 secs]
10.163: [GC 937544K->177524K(1112192K), 0.0152530 secs]
14.084: [GC 940916K->179072K(1872640K), 0.0112030 secs]
22.272: [GC 1705856K->188023K(1873472K), 0.0103270 secs]
31.082: [GC 1714081K->194836K(2193664K), 0.0194180 secs]
40.786: [GC 2047741K->201614K(2194688K), 0.0226030 secs]
50.106: [GC 2055950K->205758K(2201408K), 0.0176760 secs]
59.893: [GC 2071356K->213857K(2202112K), 0.0110480 secs]
59.904: [Full GC 213857K->177969K(2318016K), 0.7127320 secs]
