0.536: [GC 95424K->60480K(365760K), 0.1180240 secs]
0.743: [GC 155904K->122693K(461184K), 0.0998160 secs]
1.300: [GC 313226K->166337K(461184K), 0.0469010 secs]
1.782: [GC 357185K->171058K(652032K), 0.0292640 secs]
2.785: [GC 551289K->173223K(652032K), 0.0128740 secs]
3.560: [GC 554565K->175066K(1111744K), 0.0107680 secs]
5.499: [GC 936911K->177537K(1112128K), 0.0135650 secs]
7.201: [GC 940929K->179928K(1872256K), 0.0094000 secs]
10.697: [GC 1705829K->189442K(1873216K), 0.0092420 secs]
13.758: [GC 1716076K->191478K(2195392K), 0.0114600 secs]
17.654: [GC 2044592K->203797K(2195776K), 0.0124600 secs]
21.502: [GC 2058581K->210734K(2200960K), 0.0130250 secs]
21.515: [Full GC 210734K->176496K(2331200K), 0.7539350 secs]
25.883: [GC 2041893K->191559K(2331264K), 0.0092980 secs]
29.605: [GC 2057159K->201310K(2332928K), 0.0150520 secs]
33.354: [GC 2077605K->209587K(2334784K), 0.0165840 secs]
37.127: [GC 2085777K->216635K(2346112K), 0.0205040 secs]
41.097: [GC 2105692K->223843K(2346432K), 0.0257170 secs]
44.970: [GC 2114275K->224986K(2342080K), 0.0363520 secs]
48.757: [GC 2108506K->232182K(2323968K), 0.0290510 secs]
52.499: [GC 2115519K->241444K(2326912K), 0.0602860 secs]
56.676: [GC 2103332K->247282K(2317440K), 0.0376350 secs]
60.666: [GC 2108517K->253312K(2310464K), 0.0628070 secs]
