1.157: [GC 94827K->30501K(365760K), 0.0552850 secs]
1.377: [GC 125925K->63170K(461184K), 0.0612610 secs]
1.753: [GC 254018K->133793K(461184K), 0.1208590 secs]
2.170: [GC 324641K->196384K(652032K), 0.1137300 secs]
2.284: [Full GC 196384K->196358K(823552K), 0.5719850 secs]
3.485: [GC 578054K->230111K(823552K), 0.0226160 secs]
3.722: [GC 611807K->240809K(1052288K), 0.0149710 secs]
4.018: [GC 780713K->242769K(1068480K), 0.0150190 secs]
4.241: [GC 782673K->251896K(1229504K), 0.0148950 secs]
4.464: [GC 978360K->249672K(1248384K), 0.0150260 secs]
4.677: [GC 976136K->248329K(1366912K), 0.0147070 secs]
4.928: [GC 1109129K->253063K(1376512K), 0.0157300 secs]
5.155: [GC 1113863K->252747K(1506752K), 0.0153430 secs]
5.491: [GC 1259083K->263606K(1515008K), 0.0177380 secs]
5.844: [GC 1269942K->263767K(1653312K), 0.0185370 secs]
6.229: [GC 1421399K->269307K(1663104K), 0.0197610 secs]
6.646: [GC 1426939K->269336K(1814208K), 0.0199610 secs]
7.212: [GC 1585112K->279480K(1821824K), 0.0212860 secs]
7.802: [GC 1595256K->282485K(1931008K), 0.0239010 secs]
8.463: [GC 1703861K->286643K(1934912K), 0.0234020 secs]
9.090: [GC 1708019K->292454K(2043968K), 0.0259590 secs]
9.739: [GC 1818470K->302573K(2045824K), 0.0225760 secs]
10.399: [GC 1826758K->307649K(2150976K), 0.0223890 secs]
11.144: [GC 1936065K->308370K(2153856K), 0.0217340 secs]
11.866: [GC 1936573K->317644K(2254592K), 0.0249680 secs]
12.597: [GC 2042995K->328172K(2258944K), 0.0244270 secs]
13.319: [GC 2054594K->329378K(2337024K), 0.0281210 secs]
14.114: [GC 2127266K->336638K(2323520K), 0.0290580 secs]
14.975: [GC 2134526K->343234K(2324672K), 0.0288160 secs]
15.843: [GC 2116290K->345851K(2300864K), 0.0278140 secs]
16.718: [GC 2117714K->348639K(2318976K), 0.0288890 secs]
17.591: [GC 2104486K->356464K(2290688K), 0.0304770 secs]
18.471: [GC 2113520K->359657K(2311360K), 0.0313590 secs]
19.313: [GC 2101225K->366405K(2276544K), 0.0319390 secs]
20.196: [GC 2107973K->373671K(2307008K), 0.0326890 secs]
21.005: [GC 2104669K->384803K(2273792K), 0.0327030 secs]
21.837: [GC 2115587K->385619K(2301568K), 0.0317780 secs]
22.691: [GC 2105171K->386102K(2303616K), 0.0325330 secs]
23.480: [GC 2105654K->392648K(2302720K), 0.0341860 secs]
24.231: [GC 2111304K->394804K(2255872K), 0.0330140 secs]
24.917: [GC 2113460K->406128K(2301888K), 0.0335150 secs]
25.586: [GC 2124656K->401354K(2251904K), 0.0319940 secs]
26.270: [GC 2119882K->402885K(2304896K), 0.0317790 secs]
26.951: [GC 2126682K->405859K(2300992K), 0.0301810 secs]
27.610: [GC 2130147K->413818K(2304640K), 0.0331860 secs]
28.287: [GC 2145082K->416359K(2303744K), 0.0317240 secs]
28.998: [GC 2146963K->428119K(2310784K), 0.0327770 secs]
29.758: [GC 2168151K->427534K(2312576K), 0.0340800 secs]
30.595: [GC 2167205K->438269K(2314624K), 0.0358620 secs]
31.430: [GC 2181117K->441708K(2284224K), 0.0344370 secs]
32.208: [GC 2184507K->455215K(2313664K), 0.0343100 secs]
33.022: [GC 2197436K->453634K(2314816K), 0.0334310 secs]
33.791: [GC 2194992K->460652K(2314112K), 0.0344230 secs]
34.589: [GC 2204088K->464315K(2314816K), 0.0354280 secs]
35.345: [GC 2207867K->467698K(2314624K), 0.0340770 secs]
36.129: [GC 2213781K->473806K(2315136K), 0.0342550 secs]
36.871: [GC 2220430K->475603K(2317632K), 0.0338930 secs]
37.652: [GC 2226131K->477810K(2318336K), 0.0332500 secs]
38.382: [GC 2228241K->484063K(2319104K), 0.0349040 secs]
39.119: [GC 2236511K->487263K(2319424K), 0.0347600 secs]
39.825: [GC 2238320K->496010K(2318976K), 0.0344120 secs]
40.581: [GC 2248842K->491717K(2295168K), 0.0606150 secs]
41.371: [GC 2244549K->498623K(2321152K), 0.0349140 secs]
42.063: [GC 2253221K->500690K(2319104K), 0.0330220 secs]
42.851: [GC 2256914K->509262K(2322816K), 0.0327020 secs]
43.650: [GC 2270542K->508884K(2321408K), 0.0329760 secs]
44.370: [GC 2269847K->518101K(2326016K), 0.0332290 secs]
45.157: [GC 2285269K->522369K(2324864K), 0.0327550 secs]
45.838: [GC 2288429K->521832K(2328640K), 0.0456170 secs]
46.524: [GC 2293672K->528123K(2327936K), 0.0342390 secs]
47.270: [GC 2298299K->531409K(2330624K), 0.0344940 secs]
47.979: [GC 2307153K->537583K(2329792K), 0.0392090 secs]
48.019: [Full GC 537583K->218151K(2367360K), 0.7250900 secs]
49.300: [GC 1993895K->230602K(2339520K), 0.0072230 secs]
49.891: [GC 1979466K->242259K(2236544K), 0.0094750 secs]
50.541: [GC 1989900K->249114K(2334848K), 0.0102950 secs]
51.113: [GC 1966470K->250040K(2213504K), 0.0157070 secs]
51.627: [GC 1968056K->260283K(2337920K), 0.0143560 secs]
52.111: [GC 1972731K->264037K(2221888K), 0.0226410 secs]
52.671: [GC 1975164K->271929K(2339328K), 0.0186950 secs]
53.245: [GC 1987338K->274658K(2335040K), 0.0173820 secs]
53.761: [GC 1991394K->278084K(2338944K), 0.0256030 secs]
54.325: [GC 2005572K->283964K(2335232K), 0.0256240 secs]
54.841: [GC 2011452K->291256K(2349184K), 0.0388050 secs]
55.351: [GC 2040224K->289814K(2345088K), 0.0313720 secs]
55.880: [GC 2037572K->292151K(2361664K), 0.0209450 secs]
56.420: [GC 2064119K->298409K(2357248K), 0.0220330 secs]
56.961: [GC 2070377K->304518K(2370944K), 0.0230640 secs]
57.510: [GC 2090764K->303617K(2371392K), 0.0232340 secs]
58.013: [GC 2091009K->308308K(2377216K), 0.0243440 secs]
58.571: [GC 2103892K->311315K(2377856K), 0.0234760 secs]
59.110: [GC 2106899K->314366K(2378176K), 0.0235630 secs]
59.672: [GC 2113854K->326081K(2379072K), 0.0263180 secs]
60.231: [GC 2125569K->324028K(2381696K), 0.0233450 secs]
60.812: [GC 2126652K->326623K(2350272K), 0.0246420 secs]
61.401: [GC 2129212K->333010K(2383104K), 0.0250670 secs]
62.010: [GC 2138642K->338434K(2381888K), 0.0239820 secs]
62.641: [GC 2144066K->338354K(2384576K), 0.0242420 secs]
