0.533: [GC 95424K->59869K(365760K), 0.1024660 secs]
0.718: [GC 155293K->119805K(461184K), 0.0783770 secs]
0.909: [GC 310653K->174399K(461184K), 0.0570820 secs]
1.262: [GC 364335K->174598K(652032K), 0.0080190 secs]
1.986: [GC 555677K->175537K(652032K), 0.0087770 secs]
2.506: [GC 556408K->176407K(1113536K), 0.0110330 secs]
3.531: [GC 938231K->187472K(1113664K), 0.0262120 secs]
4.558: [GC 950224K->189670K(1869824K), 0.0118430 secs]
6.634: [GC 1714949K->195538K(1871680K), 0.0096300 secs]
8.805: [GC 1722321K->201115K(2197056K), 0.0112450 secs]
11.592: [GC 2057354K->210080K(2197824K), 0.0103700 secs]
11.602: [Full GC 210080K->189480K(2338048K), 0.4977700 secs]
14.855: [GC 2047336K->206903K(2341056K), 0.0099370 secs]
17.474: [GC 2073372K->215905K(2342336K), 0.0093960 secs]
20.151: [GC 2081312K->226038K(2347200K), 0.0236830 secs]
22.872: [GC 2103423K->235210K(2346496K), 0.0174180 secs]
25.417: [GC 2111626K->244526K(2346816K), 0.0170620 secs]
27.883: [GC 2119995K->249261K(2331264K), 0.0244120 secs]
30.531: [GC 2124624K->256850K(2333184K), 0.0190800 secs]
33.101: [GC 2109802K->264022K(2323456K), 0.0311540 secs]
35.645: [GC 2116805K->266406K(2318336K), 0.0261750 secs]
38.155: [GC 2090607K->270209K(2300736K), 0.0268970 secs]
40.777: [GC 2094079K->275328K(2304576K), 0.0271550 secs]
43.220: [GC 2071830K->280865K(2284096K), 0.0254960 secs]
45.725: [GC 2077811K->287094K(2288320K), 0.0267660 secs]
48.205: [GC 2054441K->288934K(2261568K), 0.0374360 secs]
50.706: [GC 2054666K->292751K(2276672K), 0.0319690 secs]
53.008: [GC 2031875K->296799K(2239296K), 0.0782670 secs]
55.476: [GC 2037525K->303638K(2268928K), 0.0422400 secs]
57.904: [GC 2025592K->309626K(2223872K), 0.0578670 secs]
60.319: [GC 2031066K->308851K(2269184K), 0.0303760 secs]
