0.528: [GC 95424K->59882K(365760K), 0.0918870 secs]
0.702: [GC 155306K->119798K(461184K), 0.0893710 secs]
0.907: [GC 310646K->174584K(461184K), 0.0761940 secs]
1.239: [GC 364928K->177272K(652032K), 0.0111160 secs]
1.669: [GC 557920K->185667K(652032K), 0.0146960 secs]
2.062: [GC 567244K->188568K(1111040K), 0.0082120 secs]
2.925: [GC 949549K->193810K(1111552K), 0.0135200 secs]
3.730: [GC 956583K->196925K(1869888K), 0.0105100 secs]
5.484: [GC 1722658K->203214K(1871296K), 0.0088030 secs]
7.097: [GC 1727681K->209853K(2195136K), 0.0105240 secs]
9.124: [GC 2065806K->223960K(2196416K), 0.0195490 secs]
9.143: [Full GC 223960K->190626K(2345728K), 0.6027400 secs]
11.706: [GC 2047003K->218586K(2349184K), 0.0335400 secs]
13.749: [GC 2085106K->234896K(2350336K), 0.0158540 secs]
15.767: [GC 2103184K->253512K(2349824K), 0.0420770 secs]
17.824: [GC 2120588K->262364K(2343936K), 0.0221890 secs]
19.861: [GC 2130000K->270571K(2329344K), 0.0296520 secs]
21.877: [GC 2103664K->276009K(2323200K), 0.0257960 secs]
23.875: [GC 2109579K->279314K(2312256K), 0.0286600 secs]
25.860: [GC 2077569K->285456K(2296896K), 0.0291570 secs]
27.853: [GC 2082686K->287350K(2296768K), 0.0346620 secs]
29.810: [GC 2052070K->291104K(2269632K), 0.0737620 secs]
31.803: [GC 2054966K->293860K(2284480K), 0.0301070 secs]
33.688: [GC 2032228K->296775K(2248320K), 0.0306940 secs]
35.591: [GC 2034536K->301132K(2273344K), 0.0403230 secs]
37.526: [GC 2016204K->309094K(2237376K), 0.0318130 secs]
39.413: [GC 2023494K->312510K(2258880K), 0.0321000 secs]
41.255: [GC 1999296K->314569K(2210752K), 0.0327210 secs]
43.125: [GC 2001099K->311950K(2261824K), 0.0315240 secs]
44.947: [GC 1990340K->323221K(2202432K), 0.0332410 secs]
46.829: [GC 2002046K->328566K(2258560K), 0.0338050 secs]
48.687: [GC 2002149K->333310K(2199488K), 0.0337720 secs]
50.548: [GC 2007839K->334225K(2259648K), 0.0331190 secs]
52.380: [GC 2008291K->333424K(2194752K), 0.0324170 secs]
54.291: [GC 2007821K->344090K(2255936K), 0.0350500 secs]
56.157: [GC 2016869K->344027K(2256576K), 0.0331020 secs]
58.018: [GC 2016678K->346301K(2258944K), 0.0342200 secs]
59.892: [GC 2026107K->348995K(2260096K), 0.0339030 secs]
