1.172: [GC 95424K->31596K(365760K), 0.0858500 secs]
1.416: [GC 127020K->64056K(461184K), 0.0521700 secs]
1.788: [GC 254904K->131775K(461184K), 0.1045400 secs]
2.193: [GC 322623K->194366K(652032K), 0.2049340 secs]
2.398: [Full GC 194366K->194335K(811328K), 0.4528670 secs]
3.518: [GC 576031K->240679K(811328K), 0.0320100 secs]
4.061: [GC 621311K->256340K(1055424K), 0.0168400 secs]
4.496: [GC 822740K->262839K(1077696K), 0.0244600 secs]
4.749: [GC 828037K->275029K(1305280K), 0.0280110 secs]
5.091: [GC 1084833K->272015K(1315008K), 0.0272190 secs]
5.465: [GC 1082538K->278360K(1485056K), 0.0270570 secs]
5.921: [GC 1278032K->278520K(1498240K), 0.0297800 secs]
6.373: [GC 1278512K->283394K(1697216K), 0.0311190 secs]
6.984: [GC 1495106K->285792K(1706624K), 0.0314860 secs]
7.515: [GC 1496762K->289481K(1928256K), 0.0311560 secs]
8.201: [GC 1728844K->293228K(1936576K), 0.0373000 secs]
8.878: [GC 1732058K->303861K(2190848K), 0.0395530 secs]
9.698: [GC 1995257K->303447K(2196544K), 0.0413380 secs]
10.514: [GC 1993933K->309070K(2343040K), 0.0450670 secs]
11.375: [GC 2142798K->315625K(2338368K), 0.0502200 secs]
12.207: [GC 2148899K->324619K(2332096K), 0.0540170 secs]
13.048: [GC 2133712K->326688K(2307328K), 0.0460190 secs]
13.868: [GC 2135875K->332211K(2332992K), 0.0439750 secs]
14.738: [GC 2136914K->336006K(2303104K), 0.0438160 secs]
15.553: [GC 2141054K->344390K(2328512K), 0.0461880 secs]
16.376: [GC 2142476K->350205K(2308800K), 0.0504610 secs]
17.176: [GC 2149104K->359184K(2316096K), 0.0598660 secs]
17.983: [GC 2138312K->353724K(2291776K), 0.0461120 secs]
18.812: [GC 2133764K->363109K(2311424K), 0.0544010 secs]
19.646: [GC 2129614K->362674K(2284480K), 0.0563440 secs]
20.445: [GC 2129726K->368172K(2308672K), 0.0559540 secs]
21.271: [GC 2125707K->372617K(2277440K), 0.0476120 secs]
22.098: [GC 2129908K->378555K(2307712K), 0.0453420 secs]
22.887: [GC 2132240K->386496K(2277056K), 0.0643490 secs]
23.681: [GC 2139205K->387782K(2306432K), 0.0516410 secs]
24.500: [GC 2135995K->388212K(2266048K), 0.0778940 secs]
25.268: [GC 2137434K->398868K(2304192K), 0.0556650 secs]
26.099: [GC 2146726K->385329K(2255552K), 0.0460700 secs]
26.906: [GC 2134769K->392968K(2308736K), 0.0496840 secs]
27.727: [GC 2148218K->405909K(2304576K), 0.0514100 secs]
28.531: [GC 2162488K->409048K(2311552K), 0.0515540 secs]
29.336: [GC 2174091K->410572K(2310272K), 0.0485660 secs]
30.148: [GC 2174493K->414566K(2315648K), 0.0447480 secs]
30.983: [GC 2187366K->409197K(2314368K), 0.0585130 secs]
31.818: [GC 2180207K->423165K(2319872K), 0.0476780 secs]
32.576: [GC 2203022K->423591K(2318464K), 0.0482450 secs]
33.417: [GC 2203805K->424533K(2323136K), 0.0818970 secs]
34.270: [GC 2211731K->429861K(2321472K), 0.0504310 secs]
35.110: [GC 2216844K->438855K(2325760K), 0.0451980 secs]
35.928: [GC 2232728K->439008K(2326400K), 0.0429290 secs]
36.803: [GC 2233125K->438306K(2329920K), 0.0406950 secs]
37.676: [GC 2238221K->437053K(2330240K), 0.0423380 secs]
38.512: [GC 2237221K->440241K(2332800K), 0.0418460 secs]
39.331: [GC 2245564K->455901K(2333568K), 0.0471060 secs]
40.179: [GC 2261579K->453799K(2333504K), 0.0445600 secs]
41.030: [GC 2260332K->457564K(2334016K), 0.0459660 secs]
41.828: [GC 2264241K->469300K(2333312K), 0.0472600 secs]
42.620: [GC 2275978K->464040K(2335168K), 0.0412290 secs]
43.453: [GC 2271158K->466312K(2332480K), 0.0416050 secs]
44.304: [GC 2274404K->463989K(2334336K), 0.0412040 secs]
45.136: [GC 2271732K->473120K(2336448K), 0.0432410 secs]
45.958: [GC 2286327K->481335K(2337472K), 0.0450070 secs]
46.805: [GC 2293932K->487572K(2338944K), 0.0440750 secs]
47.681: [GC 2302956K->488639K(2328320K), 0.0405940 secs]
48.533: [GC 2302849K->484428K(2338944K), 0.0432620 secs]
49.406: [GC 2299763K->497866K(2339008K), 0.0448550 secs]
50.266: [GC 2312991K->498454K(2338688K), 0.0427190 secs]
51.151: [GC 2313609K->496757K(2339264K), 0.0573450 secs]
52.060: [GC 2312919K->498917K(2340032K), 0.0399920 secs]
52.958: [GC 2317073K->508263K(2340480K), 0.0416430 secs]
52.999: [Full GC 508263K->240225K(2390080K), 0.6258460 secs]
54.450: [GC 2058657K->258988K(2366976K), 0.0153590 secs]
55.293: [GC 2053596K->275482K(2294592K), 0.0179980 secs]
56.127: [GC 2071401K->274901K(2364800K), 0.0233740 secs]
57.023: [GC 2049437K->289163K(2368960K), 0.0582820 secs]
57.928: [GC 2064511K->292475K(2366144K), 0.0429540 secs]
58.796: [GC 2067212K->299131K(2367552K), 0.0250590 secs]
59.622: [GC 2073668K->307776K(2362944K), 0.0282840 secs]
60.470: [GC 2088420K->313076K(2365824K), 0.0298830 secs]
61.343: [GC 2093867K->317623K(2374720K), 0.0343030 secs]
62.229: [GC 2114018K->325803K(2375552K), 0.0382030 secs]
63.157: [GC 2123790K->336543K(2375680K), 0.0383460 secs]
