0.537: [GC 95424K->59877K(365760K), 0.0797150 secs]
0.700: [GC 155301K->119797K(461184K), 0.1120460 secs]
1.139: [GC 310493K->167483K(461184K), 0.0558710 secs]
1.424: [GC 356778K->169292K(652032K), 0.0230610 secs]
1.995: [GC 550170K->177744K(652032K), 0.0144660 secs]
2.503: [GC 559207K->179392K(1108288K), 0.0422630 secs]
3.631: [GC 940856K->187033K(1108928K), 0.0344010 secs]
4.670: [GC 949619K->194226K(1864512K), 0.0124800 secs]
6.843: [GC 1718651K->214274K(1867008K), 0.0217950 secs]
8.860: [GC 1738445K->228382K(2200256K), 0.0180260 secs]
11.423: [GC 2092888K->246828K(2200704K), 0.0274540 secs]
11.451: [Full GC 246828K->179482K(2328448K), 0.4879170 secs]
14.340: [GC 2045116K->204477K(2336192K), 0.0108700 secs]
16.742: [GC 2080191K->226996K(2335360K), 0.0170260 secs]
19.216: [GC 2103176K->246420K(2328320K), 0.0261340 secs]
21.664: [GC 2115908K->261818K(2335040K), 0.0262310 secs]
24.013: [GC 2130982K->271698K(2288192K), 0.0287940 secs]
26.357: [GC 2094595K->286330K(2283008K), 0.0310130 secs]
28.665: [GC 2108258K->291386K(2296320K), 0.0244840 secs]
30.978: [GC 2092938K->302251K(2278912K), 0.0277250 secs]
33.324: [GC 2104746K->308233K(2276928K), 0.0395890 secs]
35.603: [GC 2078058K->317284K(2261312K), 0.0309160 secs]
37.819: [GC 2086614K->326496K(2253504K), 0.0327270 secs]
39.962: [GC 2053633K->333635K(2236096K), 0.0348740 secs]
42.183: [GC 2061600K->341615K(2230016K), 0.0373830 secs]
44.319: [GC 2024245K->347493K(2204224K), 0.0375350 secs]
46.415: [GC 2029874K->347265K(2213504K), 0.0374450 secs]
48.528: [GC 1990961K->355408K(2172864K), 0.0398500 secs]
50.681: [GC 1998918K->358245K(2196736K), 0.0401260 secs]
52.757: [GC 1965851K->360474K(2137792K), 0.0411530 secs]
54.811: [GC 1969748K->364489K(2195392K), 0.0405290 secs]
56.903: [GC 1959140K->366957K(2119488K), 0.0402200 secs]
58.950: [GC 1960496K->369639K(2197760K), 0.0405930 secs]
