0.533: [GC 95424K->59874K(365760K), 0.0833240 secs]
0.700: [GC 155298K->119822K(461184K), 0.1172640 secs]
1.093: [GC 310487K->165739K(461184K), 0.0631290 secs]
1.378: [GC 356408K->172044K(652032K), 0.0118920 secs]
1.858: [GC 553108K->177543K(652032K), 0.0116970 secs]
2.274: [GC 557372K->184359K(1107776K), 0.0113150 secs]
3.180: [GC 947514K->193991K(1108416K), 0.0141620 secs]
4.017: [GC 956576K->200840K(1861952K), 0.0128010 secs]
5.852: [GC 1727390K->216056K(1865280K), 0.0185390 secs]
7.533: [GC 1742450K->233194K(2202304K), 0.0244250 secs]
9.624: [GC 2103898K->246393K(2203968K), 0.0233220 secs]
9.648: [Full GC 246393K->179153K(2340416K), 0.5802210 secs]
12.217: [GC 2049942K->207871K(2344512K), 0.0149710 secs]
14.313: [GC 2088228K->232796K(2346816K), 0.0242970 secs]
16.408: [GC 2113553K->249512K(2334848K), 0.0225630 secs]
18.489: [GC 2115120K->263527K(2342272K), 0.0245060 secs]
20.546: [GC 2129813K->277106K(2292352K), 0.0304540 secs]
22.570: [GC 2093903K->292661K(2288896K), 0.0309540 secs]
24.570: [GC 2108435K->305872K(2295616K), 0.0276670 secs]
26.596: [GC 2095678K->314629K(2284352K), 0.0294140 secs]
28.573: [GC 2105221K->325252K(2271104K), 0.0323790 secs]
30.498: [GC 2071277K->332147K(2259136K), 0.0334850 secs]
32.458: [GC 2079818K->341724K(2245824K), 0.0358670 secs]
34.323: [GC 2041052K->341680K(2220160K), 0.0354220 secs]
36.233: [GC 2040771K->348347K(2228800K), 0.0365900 secs]
38.100: [GC 2006975K->359169K(2198208K), 0.0413140 secs]
39.949: [GC 2017229K->363299K(2206528K), 0.0403680 secs]
41.737: [GC 1977758K->368535K(2163776K), 0.0418270 secs]
43.522: [GC 1983173K->368071K(2192960K), 0.0414220 secs]
45.303: [GC 1948740K->373392K(2132288K), 0.0429010 secs]
47.083: [GC 1955856K->368910K(2190656K), 0.0410450 secs]
48.802: [GC 1934629K->373389K(2111040K), 0.0412000 secs]
50.536: [GC 1940185K->377263K(2190208K), 0.0406720 secs]
52.295: [GC 1940144K->378637K(2108928K), 0.0411620 secs]
54.000: [GC 1940878K->380551K(2192704K), 0.0406880 secs]
55.766: [GC 1947354K->384235K(2110784K), 0.0415520 secs]
57.512: [GC 1949356K->382209K(2193728K), 0.0402280 secs]
59.285: [GC 1953358K->387926K(2189504K), 0.0418820 secs]
