1.168: [GC 95424K->31612K(365760K), 0.0890180 secs]
1.415: [GC 127036K->64096K(461184K), 0.1136590 secs]
1.828: [GC 254944K->131795K(461184K), 0.0747840 secs]
2.187: [GC 322643K->194378K(652032K), 0.1484320 secs]
2.335: [Full GC 194378K->194349K(814592K), 0.5669710 secs]
3.533: [GC 574313K->233609K(814592K), 0.0490500 secs]
3.799: [GC 615245K->239312K(1061312K), 0.0161720 secs]
4.173: [GC 798352K->251353K(1077056K), 0.0182020 secs]
4.502: [GC 809945K->255698K(1259072K), 0.0209710 secs]
4.964: [GC 1026704K->258903K(1282688K), 0.0239050 secs]
5.383: [GC 1030725K->272284K(1419072K), 0.0302440 secs]
5.902: [GC 1195051K->288367K(1428672K), 0.0314380 secs]
6.370: [GC 1210058K->297140K(1595968K), 0.0352920 secs]
6.984: [GC 1382182K->292386K(1602688K), 0.0353650 secs]
7.537: [GC 1377181K->301820K(1783872K), 0.0404590 secs]
8.222: [GC 1564382K->317385K(1789888K), 0.0453810 secs]
8.932: [GC 1580103K->315953K(1998976K), 0.0466910 secs]
9.734: [GC 1777595K->320188K(2006656K), 0.0489810 secs]
10.537: [GC 1781329K->329361K(2156992K), 0.0607890 secs]
11.383: [GC 1934545K->339579K(2166144K), 0.0576170 secs]
12.249: [GC 1943614K->345547K(2283008K), 0.0575560 secs]
13.179: [GC 2056779K->350318K(2250432K), 0.0568580 secs]
14.086: [GC 2059734K->357595K(2270976K), 0.0598980 secs]
14.963: [GC 2042555K->362804K(2231616K), 0.0600810 secs]
15.802: [GC 2046078K->363730K(2262784K), 0.0602600 secs]
16.685: [GC 2027598K->364681K(2208768K), 0.0598130 secs]
17.571: [GC 2027376K->368340K(2265088K), 0.0603120 secs]
18.476: [GC 2028094K->377003K(2205632K), 0.0623700 secs]
19.335: [GC 2037291K->377308K(2265344K), 0.0612450 secs]
20.218: [GC 2037084K->386440K(2204352K), 0.0613910 secs]
21.073: [GC 2044687K->396229K(2262784K), 0.0639090 secs]
21.960: [GC 2055008K->400889K(2263616K), 0.0662110 secs]
22.860: [GC 2059653K->408893K(2261248K), 0.0682630 secs]
23.713: [GC 2063902K->410162K(2262848K), 0.0664100 secs]
24.569: [GC 2065819K->413679K(2260096K), 0.0624420 secs]
25.403: [GC 2069239K->419343K(2261504K), 0.0665100 secs]
26.259: [GC 2074568K->422989K(2262336K), 0.0680250 secs]
27.122: [GC 2082437K->422882K(2263616K), 0.0688800 secs]
27.996: [GC 2082029K->430366K(2262016K), 0.0643610 secs]
28.865: [GC 2094581K->425487K(2262848K), 0.0642070 secs]
29.709: [GC 2089459K->438149K(2268480K), 0.0646460 secs]
30.564: [GC 2113530K->433086K(2267200K), 0.0655220 secs]
31.413: [GC 2107533K->443147K(2275264K), 0.0639260 secs]
32.279: [GC 2131467K->441114K(2272512K), 0.0592190 secs]
33.147: [GC 2129276K->439685K(2282304K), 0.0579830 secs]
34.022: [GC 2140612K->443436K(2280128K), 0.0599780 secs]
34.911: [GC 2144542K->449258K(2289152K), 0.0583500 secs]
35.824: [GC 2162797K->457284K(2287232K), 0.0637470 secs]
36.738: [GC 2170899K->457780K(2293568K), 0.0621840 secs]
37.642: [GC 2180833K->468638K(2291072K), 0.0613820 secs]
38.505: [GC 2191394K->467499K(2299392K), 0.0605070 secs]
39.428: [GC 2200718K->465707K(2298880K), 0.0602040 secs]
40.291: [GC 2198868K->469853K(2303360K), 0.0626260 secs]
41.184: [GC 2210508K->479859K(2302848K), 0.0638090 secs]
42.097: [GC 2220610K->488273K(2305408K), 0.0652400 secs]
43.006: [GC 2233379K->501019K(2305728K), 0.0669540 secs]
43.906: [GC 2245125K->503001K(2302016K), 0.0690950 secs]
44.803: [GC 2240602K->504123K(2304064K), 0.0666080 secs]
45.708: [GC 2242491K->510404K(2301376K), 0.0693560 secs]
46.620: [GC 2244392K->512332K(2289088K), 0.0706570 secs]
47.526: [GC 2247111K->522179K(2296192K), 0.0724870 secs]
48.458: [GC 2249702K->526429K(2290496K), 0.0693850 secs]
49.367: [GC 2252910K->525939K(2294080K), 0.0697370 secs]
50.262: [GC 2246003K->534291K(2283776K), 0.0727380 secs]
51.159: [GC 2254259K->536803K(2287296K), 0.0705450 secs]
52.036: [GC 2246178K->538399K(2272704K), 0.0753420 secs]
52.903: [GC 2246666K->535729K(2290176K), 0.0704670 secs]
53.747: [GC 2244241K->540212K(2264640K), 0.0877830 secs]
54.651: [GC 2247261K->542964K(2288832K), 0.0656230 secs]
55.544: [GC 2253107K->547674K(2286656K), 0.0873140 secs]
55.644: [Full GC 547674K->217202K(2305600K), 0.6269690 secs]
57.109: [GC 1928306K->243633K(2281792K), 0.0161740 secs]
57.943: [GC 1932856K->251239K(2159360K), 0.0204500 secs]
58.815: [GC 1940255K->261466K(2276544K), 0.0251540 secs]
59.638: [GC 1917524K->271662K(2147008K), 0.0259980 secs]
60.471: [GC 1926526K->300277K(2286080K), 0.0402480 secs]
61.324: [GC 1958003K->300677K(2178752K), 0.0473840 secs]
62.206: [GC 1959837K->305026K(2281600K), 0.0505440 secs]
63.055: [GC 1970290K->317346K(2275584K), 0.0572990 secs]
