0.539: [GC 95424K->60484K(365760K), 0.1142220 secs]
0.741: [GC 155908K->122665K(461184K), 0.0776520 secs]
1.449: [GC 313513K->166965K(461184K), 0.0638220 secs]
2.341: [GC 357485K->173192K(652032K), 0.0443570 secs]
4.131: [GC 554888K->174962K(652032K), 0.0288470 secs]
5.934: [GC 555971K->176351K(1112192K), 0.0189980 secs]
10.012: [GC 938107K->178321K(1112320K), 0.0190430 secs]
13.661: [GC 941156K->179855K(1873216K), 0.0086370 secs]
21.602: [GC 1706639K->183895K(1873984K), 0.0086760 secs]
30.130: [GC 1708924K->191892K(2192704K), 0.0109010 secs]
41.040: [GC 2043382K->197764K(2194496K), 0.0255050 secs]
51.044: [GC 2049212K->208597K(2196672K), 0.0135980 secs]
60.349: [GC 2070441K->213823K(2199040K), 0.0126680 secs]
60.362: [Full GC 213823K->179498K(2315904K), 0.7518110 secs]
