0.532: [GC 95424K->60476K(365760K), 0.0877940 secs]
0.707: [GC 155900K->122681K(461184K), 0.0662440 secs]
1.263: [GC 312919K->167123K(461184K), 0.0690360 secs]
1.766: [GC 357493K->173909K(652032K), 0.0347850 secs]
2.735: [GC 554101K->178333K(652032K), 0.0332520 secs]
3.571: [GC 559458K->181579K(1111360K), 0.0317650 secs]
5.401: [GC 944017K->182578K(1111488K), 0.0111240 secs]
7.088: [GC 945970K->185483K(1872768K), 0.0096620 secs]
10.825: [GC 1710690K->194632K(1873472K), 0.0089500 secs]
13.822: [GC 1720067K->200839K(2194048K), 0.0090250 secs]
17.491: [GC 2054895K->208395K(2194880K), 0.0104510 secs]
21.396: [GC 2061787K->215733K(2200576K), 0.0093450 secs]
21.405: [Full GC 215733K->178962K(2333888K), 0.7255930 secs]
25.651: [GC 2042892K->189132K(2334784K), 0.0123230 secs]
29.631: [GC 2053247K->202365K(2334336K), 0.0101120 secs]
33.524: [GC 2075531K->206170K(2337792K), 0.0246020 secs]
37.424: [GC 2081178K->212432K(2345856K), 0.0180050 secs]
41.161: [GC 2102928K->217309K(2346496K), 0.0208810 secs]
44.869: [GC 2106836K->222284K(2352576K), 0.0257790 secs]
48.747: [GC 2118358K->225349K(2330880K), 0.0262650 secs]
52.490: [GC 2120663K->231365K(2344768K), 0.0198240 secs]
56.191: [GC 2116445K->234599K(2328896K), 0.0168640 secs]
59.901: [GC 2118997K->240546K(2334208K), 0.0189390 secs]
