1.163: [GC 95424K->31588K(365760K), 0.0515540 secs]
1.373: [GC 127012K->64072K(461184K), 0.0465280 secs]
1.718: [GC 254920K->134651K(461184K), 0.0829390 secs]
2.082: [GC 325499K->197246K(652032K), 0.1082000 secs]
2.190: [Full GC 197246K->197204K(823616K), 0.4647550 secs]
3.197: [GC 578900K->228737K(823616K), 0.0395110 secs]
3.440: [GC 610177K->235217K(1059264K), 0.0136550 secs]
3.734: [GC 779473K->243977K(1073984K), 0.0189010 secs]
3.939: [GC 786928K->243605K(1268096K), 0.0200000 secs]
4.213: [GC 996437K->253175K(1276096K), 0.0239790 secs]
4.428: [GC 1006007K->252325K(1428800K), 0.0210300 secs]
4.696: [GC 1171429K->255166K(1433728K), 0.0194960 secs]
4.974: [GC 1173393K->255065K(1602688K), 0.0212380 secs]
5.333: [GC 1361177K->255216K(1612864K), 0.0202130 secs]
5.708: [GC 1360869K->262454K(1820672K), 0.0332690 secs]
6.163: [GC 1580278K->263786K(1819968K), 0.0290270 secs]
6.663: [GC 1581403K->268249K(2041088K), 0.0285100 secs]
7.311: [GC 1817753K->279819K(2051776K), 0.0267430 secs]
8.003: [GC 1829323K->281693K(2211712K), 0.0301140 secs]
8.797: [GC 1988061K->285778K(2217728K), 0.0340830 secs]
9.623: [GC 1992146K->291280K(2368192K), 0.0366530 secs]
10.486: [GC 2143184K->301244K(2351872K), 0.0308560 secs]
11.383: [GC 2153148K->305209K(2360512K), 0.0345100 secs]
12.264: [GC 2143309K->313736K(2346624K), 0.0362590 secs]
13.133: [GC 2151083K->321265K(2347136K), 0.0370880 secs]
14.008: [GC 2139249K->328581K(2336512K), 0.0562010 secs]
14.913: [GC 2146565K->332103K(2334528K), 0.0486560 secs]
15.783: [GC 2125010K->338086K(2319936K), 0.0506850 secs]
16.657: [GC 2130713K->343983K(2320448K), 0.0534020 secs]
17.531: [GC 2110639K->359039K(2310976K), 0.0555440 secs]
18.415: [GC 2124417K->358103K(2304192K), 0.0543540 secs]
19.303: [GC 2091735K->361343K(2275136K), 0.0584980 secs]
20.160: [GC 2094975K->368842K(2294912K), 0.0584340 secs]
20.984: [GC 2081482K->373961K(2259456K), 0.0603860 secs]
21.799: [GC 2085343K->379993K(2287872K), 0.0607510 secs]
22.623: [GC 2074212K->377189K(2291904K), 0.0592030 secs]
23.423: [GC 2072225K->389325K(2287808K), 0.0611200 secs]
24.227: [GC 2079697K->389601K(2289856K), 0.0580910 secs]
25.008: [GC 2081505K->403137K(2285120K), 0.0612120 secs]
25.800: [GC 2090101K->397501K(2287680K), 0.0604760 secs]
26.618: [GC 2083347K->400294K(2281280K), 0.0570660 secs]
27.374: [GC 2089894K->402600K(2284736K), 0.0531360 secs]
28.112: [GC 2092200K->408281K(2286464K), 0.0597610 secs]
28.952: [GC 2107965K->416862K(2289664K), 0.0592060 secs]
29.793: [GC 2116633K->418611K(2291904K), 0.0595970 secs]
30.636: [GC 2130225K->427623K(2296128K), 0.0568120 secs]
31.530: [GC 2139495K->425769K(2295808K), 0.0591690 secs]
32.388: [GC 2145769K->429838K(2300032K), 0.0587120 secs]
33.163: [GC 2149838K->432177K(2299968K), 0.0581330 secs]
33.969: [GC 2163249K->433263K(2304320K), 0.0557480 secs]
34.813: [GC 2164335K->442340K(2308992K), 0.0610210 secs]
35.676: [GC 2186788K->443802K(2312384K), 0.0599730 secs]
36.560: [GC 2188250K->451173K(2315328K), 0.0606640 secs]
37.413: [GC 2205797K->458287K(2317952K), 0.0597400 secs]
38.251: [GC 2211018K->462294K(2320576K), 0.0584080 secs]
39.091: [GC 2223213K->460198K(2323008K), 0.0571120 secs]
39.923: [GC 2222310K->468772K(2322176K), 0.0575130 secs]
40.748: [GC 2235485K->470999K(2325120K), 0.0585460 secs]
41.590: [GC 2236359K->474238K(2326016K), 0.0562870 secs]
42.488: [GC 2247934K->481375K(2328704K), 0.0555770 secs]
43.385: [GC 2253425K->488603K(2330816K), 0.0605070 secs]
44.293: [GC 2266127K->488661K(2332416K), 0.0581630 secs]
45.215: [GC 2266252K->495602K(2333248K), 0.0579810 secs]
46.119: [GC 2278066K->503459K(2333888K), 0.0611640 secs]
46.903: [GC 2285506K->507104K(2331392K), 0.0597390 secs]
47.703: [GC 2285408K->513068K(2325504K), 0.0619650 secs]
48.504: [GC 2291372K->511858K(2333248K), 0.0568600 secs]
49.319: [GC 2287355K->518939K(2331968K), 0.0618190 secs]
50.156: [GC 2295307K->524898K(2331520K), 0.0613890 secs]
51.093: [GC 2299779K->528258K(2323392K), 0.0616320 secs]
51.718: [GC 2304898K->529949K(2332160K), 0.0598660 secs]
52.335: [GC 2306205K->536120K(2324608K), 0.0609430 secs]
52.993: [GC 2312304K->541860K(2329600K), 0.0643410 secs]
53.543: [GC 2315016K->545168K(2321472K), 0.0598100 secs]
53.603: [Full GC 545168K->222709K(2337536K), 0.7339670 secs]
54.820: [GC 1994656K->233195K(2312256K), 0.0066820 secs]
55.313: [GC 1970165K->241378K(2199424K), 0.0094800 secs]
55.826: [GC 1980002K->247239K(2305216K), 0.0136910 secs]
56.363: [GC 1950791K->252052K(2175040K), 0.0151340 secs]
56.870: [GC 1955266K->256248K(2307904K), 0.0159170 secs]
57.430: [GC 1952888K->263281K(2179328K), 0.0204350 secs]
57.985: [GC 1958502K->271628K(2310848K), 0.0236690 secs]
58.563: [GC 1973132K->282068K(2203008K), 0.0282850 secs]
59.072: [GC 1983572K->277309K(2309504K), 0.0285570 secs]
59.573: [GC 1988148K->280929K(2304000K), 0.0286650 secs]
60.043: [GC 1992161K->283832K(2320960K), 0.0305670 secs]
60.558: [GC 2018936K->290482K(2315648K), 0.0327920 secs]
61.093: [GC 2024641K->295544K(2331648K), 0.0351800 secs]
61.593: [GC 2051781K->298839K(2327104K), 0.0365460 secs]
62.100: [GC 2056919K->300087K(2345792K), 0.0359820 secs]
62.625: [GC 2079927K->305324K(2343296K), 0.0414190 secs]
