0.538: [GC 95424K->59877K(365760K), 0.1363610 secs]
0.763: [GC 155301K->119797K(461184K), 0.0928700 secs]
1.277: [GC 310404K->168622K(461184K), 0.0560580 secs]
1.836: [GC 358449K->172545K(652032K), 0.0117150 secs]
2.727: [GC 553668K->174537K(652032K), 0.0104950 secs]
3.652: [GC 555986K->178088K(1109888K), 0.0122290 secs]
5.269: [GC 940148K->184856K(1110208K), 0.0110830 secs]
6.954: [GC 947070K->190223K(1866624K), 0.0096750 secs]
11.018: [GC 1715345K->201587K(1868928K), 0.0103280 secs]
14.462: [GC 1727163K->214675K(2195392K), 0.0132180 secs]
18.702: [GC 2078314K->230367K(2198080K), 0.0175810 secs]
18.719: [Full GC 230367K->179303K(2324096K), 0.5871370 secs]
23.259: [GC 2042006K->201420K(2334592K), 0.0188290 secs]
27.094: [GC 2081694K->211070K(2335488K), 0.0398770 secs]
31.395: [GC 2090722K->222557K(2339584K), 0.0139310 secs]
35.450: [GC 2109619K->232051K(2339136K), 0.0165220 secs]
39.803: [GC 2120115K->244552K(2329280K), 0.0192570 secs]
44.266: [GC 2118352K->257920K(2334464K), 0.0212600 secs]
48.451: [GC 2133210K->268237K(2292992K), 0.0246540 secs]
52.810: [GC 2098334K->280174K(2290944K), 0.0270410 secs]
56.921: [GC 2110058K->288996K(2291648K), 0.0242760 secs]
