0.530: [GC 95424K->59898K(365760K), 0.0895230 secs]
0.701: [GC 155322K->119826K(461184K), 0.0702160 secs]
1.126: [GC 310419K->169790K(461184K), 0.0887580 secs]
1.524: [GC 360551K->174156K(652032K), 0.0221350 secs]
2.171: [GC 555412K->179603K(652032K), 0.0124500 secs]
2.705: [GC 560231K->186531K(1108352K), 0.0165200 secs]
3.875: [GC 949923K->189129K(1108992K), 0.0506250 secs]
5.073: [GC 950716K->197225K(1865664K), 0.0207690 secs]
7.445: [GC 1722793K->210078K(1868224K), 0.0153390 secs]
9.651: [GC 1736348K->220782K(2196736K), 0.0161110 secs]
12.598: [GC 2084997K->232253K(2199104K), 0.0226380 secs]
12.621: [Full GC 232253K->180230K(2331840K), 0.5991430 secs]
15.878: [GC 2045093K->199073K(2341824K), 0.0498630 secs]
18.627: [GC 2077985K->207042K(2343488K), 0.0159930 secs]
21.377: [GC 2086840K->219834K(2343552K), 0.0238730 secs]
24.268: [GC 2104735K->228582K(2344640K), 0.0247130 secs]
27.127: [GC 2114470K->241214K(2339072K), 0.0209140 secs]
29.900: [GC 2118994K->248143K(2334208K), 0.0203640 secs]
32.673: [GC 2125539K->256352K(2321024K), 0.0881290 secs]
35.496: [GC 2103205K->272867K(2328576K), 0.0261990 secs]
38.252: [GC 2119664K->279780K(2279296K), 0.0289180 secs]
40.899: [GC 2075678K->288372K(2280000K), 0.0295420 secs]
43.683: [GC 2085803K->296833K(2276160K), 0.0294250 secs]
46.499: [GC 2058369K->299437K(2254848K), 0.0310120 secs]
49.214: [GC 2059357K->313209K(2254272K), 0.0335420 secs]
51.771: [GC 2033369K->319042K(2234496K), 0.0349670 secs]
54.445: [GC 2039217K->321676K(2235648K), 0.0357010 secs]
56.884: [GC 2001310K->327653K(2201792K), 0.0363270 secs]
59.455: [GC 2007628K->326755K(2222144K), 0.0368400 secs]
