1.165: [GC 94828K->30501K(365760K), 0.0580360 secs]
1.388: [GC 125925K->63162K(461184K), 0.0594170 secs]
1.773: [GC 254010K->135273K(461184K), 0.1489070 secs]
2.230: [GC 326121K->197860K(652032K), 0.1681990 secs]
2.398: [Full GC 197860K->197825K(818048K), 0.4613390 secs]
3.575: [GC 579521K->237143K(818048K), 0.0394150 secs]
3.855: [GC 618708K->254920K(1075264K), 0.0180310 secs]
4.199: [GC 827080K->252839K(1093440K), 0.0177300 secs]
4.474: [GC 824140K->257281K(1307840K), 0.0190950 secs]
4.831: [GC 1068292K->271394K(1329088K), 0.0294430 secs]
5.186: [GC 1083193K->273717K(1491968K), 0.0239950 secs]
5.637: [GC 1270709K->281616K(1505920K), 0.0249390 secs]
6.054: [GC 1278608K->286492K(1703616K), 0.0284340 secs]
6.585: [GC 1483631K->293034K(1709760K), 0.0310790 secs]
7.111: [GC 1491882K->295594K(1940288K), 0.0394650 secs]
7.747: [GC 1720660K->301369K(1943872K), 0.0355750 secs]
8.374: [GC 1726611K->304298K(2203840K), 0.0395220 secs]
9.083: [GC 1985194K->312068K(2208576K), 0.0427740 secs]
9.860: [GC 1991144K->317144K(2328640K), 0.0436960 secs]
10.680: [GC 2109672K->327617K(2321280K), 0.0489140 secs]
11.520: [GC 2122049K->337769K(2311104K), 0.0516150 secs]
12.369: [GC 2097403K->340119K(2286912K), 0.0459750 secs]
13.252: [GC 2099150K->347605K(2301952K), 0.0477800 secs]
14.164: [GC 2085061K->343504K(2263680K), 0.0497240 secs]
15.029: [GC 2082256K->354984K(2297728K), 0.0527790 secs]
15.867: [GC 2080287K->364097K(2266112K), 0.0547970 secs]
16.766: [GC 2090196K->369313K(2286912K), 0.0509410 secs]
17.654: [GC 2075472K->370238K(2246528K), 0.0527390 secs]
18.469: [GC 2076990K->370905K(2287360K), 0.0560180 secs]
19.320: [GC 2070617K->380222K(2243072K), 0.0571190 secs]
20.160: [GC 2078876K->383986K(2283328K), 0.0891560 secs]
21.015: [GC 2074637K->388661K(2237056K), 0.0902680 secs]
21.849: [GC 2081072K->398162K(2280192K), 0.0624230 secs]
22.703: [GC 2084446K->407639K(2238848K), 0.0625360 secs]
23.549: [GC 2094679K->406317K(2281280K), 0.0596680 secs]
24.367: [GC 2089209K->419819K(2279488K), 0.0620600 secs]
25.225: [GC 2102787K->420132K(2280128K), 0.0625340 secs]
26.068: [GC 2103092K->419344K(2228096K), 0.0614290 secs]
26.890: [GC 2102246K->430919K(2277184K), 0.0634100 secs]
27.745: [GC 2113329K->434377K(2277376K), 0.0595040 secs]
28.619: [GC 2115851K->434412K(2277952K), 0.0591500 secs]
29.490: [GC 2122101K->439980K(2279488K), 0.0608520 secs]
30.335: [GC 2129580K->441220K(2282112K), 0.0633930 secs]
31.267: [GC 2138240K->443771K(2284352K), 0.0604350 secs]
32.078: [GC 2141162K->454938K(2290560K), 0.0644070 secs]
32.952: [GC 2162138K->460994K(2290880K), 0.0640740 secs]
33.841: [GC 2167199K->462852K(2292416K), 0.0641530 secs]
34.744: [GC 2170217K->469008K(2292480K), 0.0663520 secs]
35.644: [GC 2177749K->471904K(2292800K), 0.0667440 secs]
36.478: [GC 2180138K->478532K(2268992K), 0.0674170 secs]
37.353: [GC 2187716K->478818K(2293568K), 0.0659250 secs]
38.226: [GC 2186814K->486284K(2265088K), 0.0649500 secs]
39.133: [GC 2193779K->489594K(2292288K), 0.0633510 secs]
40.045: [GC 2199083K->495209K(2291328K), 0.0650470 secs]
40.986: [GC 2204732K->493985K(2292032K), 0.0636340 secs]
41.876: [GC 2208413K->498627K(2292480K), 0.0654890 secs]
42.735: [GC 2213571K->505327K(2297856K), 0.0647430 secs]
43.606: [GC 2227887K->509076K(2297344K), 0.0639930 secs]
44.516: [GC 2230108K->512066K(2300736K), 0.0632750 secs]
45.381: [GC 2239140K->507727K(2300224K), 0.0605020 secs]
46.226: [GC 2235182K->510669K(2303360K), 0.0615800 secs]
47.081: [GC 2242055K->521756K(2302656K), 0.0628410 secs]
47.925: [GC 2253788K->523232K(2304384K), 0.0608690 secs]
48.830: [GC 2258707K->522509K(2303616K), 0.0607890 secs]
49.719: [GC 2257049K->531658K(2307904K), 0.0635240 secs]
50.634: [GC 2273964K->537576K(2307968K), 0.0627450 secs]
51.600: [GC 2279564K->537628K(2310528K), 0.0617300 secs]
52.525: [GC 2283446K->541074K(2310592K), 0.0622630 secs]
52.587: [Full GC 541074K->207778K(2312960K), 0.6147930 secs]
54.081: [GC 1953979K->236298K(2285056K), 0.0155610 secs]
54.972: [GC 1955960K->239079K(2174272K), 0.0189800 secs]
55.824: [GC 1958538K->262491K(2282752K), 0.0243190 secs]
56.621: [GC 1953627K->268438K(2174656K), 0.0321130 secs]
57.449: [GC 1958060K->286206K(2289216K), 0.0380470 secs]
58.276: [GC 1979090K->288641K(2197120K), 0.0391710 secs]
59.154: [GC 1982017K->291376K(2286080K), 0.0404070 secs]
59.984: [GC 1988045K->297574K(2281344K), 0.0456590 secs]
60.828: [GC 1994677K->315451K(2288832K), 0.0494010 secs]
61.688: [GC 2026505K->315357K(2287744K), 0.0517230 secs]
62.572: [GC 2026653K->319532K(2302528K), 0.0543410 secs]
