0.535: [GC 95424K->60488K(365760K), 0.0816520 secs]
0.706: [GC 155912K->122677K(461184K), 0.0898520 secs]
0.918: [GC 313525K->173634K(461184K), 0.0491040 secs]
1.542: [GC 364189K->173754K(652032K), 0.0146090 secs]
3.788: [GC 554675K->181398K(652032K), 0.0312810 secs]
5.430: [GC 561670K->182844K(1111616K), 0.0231170 secs]
10.060: [GC 945702K->183512K(1112064K), 0.0189630 secs]
13.875: [GC 945165K->183402K(1874624K), 0.0077390 secs]
22.535: [GC 1709034K->188026K(1874880K), 0.0082080 secs]
29.850: [GC 1712298K->188211K(2192896K), 0.0045930 secs]
41.968: [GC 2034158K->190557K(2193536K), 0.0054770 secs]
50.372: [GC 2036798K->191789K(2195456K), 0.0037630 secs]
60.179: [GC 2045058K->194015K(2196224K), 0.0061490 secs]
