0.530: [GC 95424K->59882K(365760K), 0.0821270 secs]
0.694: [GC 155306K->119834K(461184K), 0.1237910 secs]
0.956: [GC 310682K->174484K(461184K), 0.0392840 secs]
1.434: [GC 364614K->176609K(652032K), 0.0529630 secs]
2.418: [GC 557482K->183579K(652032K), 0.0154450 secs]
3.191: [GC 565275K->185189K(1111360K), 0.0106130 secs]
4.645: [GC 946136K->185087K(1111936K), 0.0129660 secs]
6.135: [GC 947903K->186056K(1874240K), 0.0102870 secs]
9.184: [GC 1711280K->190255K(1874496K), 0.0068980 secs]
11.987: [GC 1714535K->188737K(2193856K), 0.0070790 secs]
16.391: [GC 2036545K->193776K(2194112K), 0.0046860 secs]
19.993: [GC 2040945K->194294K(2195520K), 0.0054120 secs]
23.959: [GC 2048758K->195152K(2195840K), 0.0052510 secs]
27.774: [GC 2048780K->198066K(2199424K), 0.0037060 secs]
31.233: [GC 2062706K->199602K(2200128K), 0.0037850 secs]
34.867: [GC 2064242K->201046K(2204608K), 0.0052180 secs]
38.734: [GC 2078038K->203837K(2050112K), 0.0078390 secs]
42.550: [GC 1991549K->205152K(1963712K), 0.0114450 secs]
46.340: [GC 1908064K->205166K(1881664K), 0.0063290 secs]
49.949: [GC 1826931K->209086K(1807360K), 0.0102160 secs]
53.256: [GC 1754814K->213330K(1735936K), 0.0052920 secs]
56.363: [GC 1686290K->215241K(1666176K), 0.0090990 secs]
59.468: [GC 1617764K->217706K(1600384K), 0.0097530 secs]
