1.164: [GC 94827K->30541K(365760K), 0.0785820 secs]
1.405: [GC 125965K->63162K(461184K), 0.0490580 secs]
1.775: [GC 254010K->130897K(461184K), 0.1159520 secs]
2.190: [GC 321745K->193492K(652032K), 0.1769020 secs]
2.367: [Full GC 193492K->193452K(812416K), 0.4576350 secs]
3.413: [GC 575148K->240264K(812416K), 0.0284760 secs]
3.568: [GC 621960K->246164K(1071040K), 0.0108320 secs]
3.881: [GC 814612K->249974K(1083392K), 0.0127390 secs]
4.044: [GC 818422K->254624K(1304064K), 0.0148970 secs]
4.384: [GC 1061024K->258930K(1317760K), 0.0186630 secs]
4.703: [GC 1065330K->265634K(1469568K), 0.0204540 secs]
5.001: [GC 1244909K->266978K(1484800K), 0.0203630 secs]
5.308: [GC 1248098K->269649K(1666112K), 0.0223710 secs]
5.675: [GC 1448913K->272121K(1675136K), 0.0238670 secs]
6.035: [GC 1451385K->276819K(1890880K), 0.0248060 secs]
6.468: [GC 1680403K->279725K(1896512K), 0.0262510 secs]
6.897: [GC 1683309K->282028K(2147840K), 0.0279940 secs]
7.416: [GC 1938924K->287260K(2151168K), 0.0288370 secs]
7.878: [GC 1944156K->290696K(2342464K), 0.0305450 secs]
8.392: [GC 2136392K->292654K(2345600K), 0.0305190 secs]
8.962: [GC 2138350K->300602K(2360960K), 0.0303540 secs]
9.523: [GC 2158650K->298618K(2331840K), 0.0230870 secs]
10.094: [GC 2156666K->297559K(2363712K), 0.0252830 secs]
10.742: [GC 2159127K->298612K(2330496K), 0.0255660 secs]
11.340: [GC 2158874K->301990K(2362880K), 0.0254680 secs]
11.929: [GC 2168392K->298016K(2360320K), 0.0210320 secs]
12.470: [GC 2164448K->302322K(2369600K), 0.0264570 secs]
13.042: [GC 2178008K->302693K(2367808K), 0.0212400 secs]
13.692: [GC 2179544K->299869K(2371968K), 0.0204250 secs]
14.300: [GC 2182109K->305409K(2371456K), 0.0263670 secs]
14.917: [GC 2187436K->307418K(2375104K), 0.0216310 secs]
15.603: [GC 2193346K->313005K(2374208K), 0.0218730 secs]
16.222: [GC 2200365K->313243K(2376960K), 0.0216190 secs]
16.832: [GC 2205083K->317672K(2375936K), 0.0217900 secs]
17.460: [GC 2209189K->328882K(2379776K), 0.0195510 secs]
18.119: [GC 2224812K->320000K(2379200K), 0.0219420 secs]
18.710: [GC 2215903K->326242K(2380864K), 0.0240390 secs]
19.302: [GC 2227298K->331026K(2381376K), 0.0214160 secs]
19.971: [GC 2230964K->337691K(2383808K), 0.0217340 secs]
20.694: [GC 2240747K->339667K(2384576K), 0.0246300 secs]
21.478: [GC 2244179K->343492K(2381760K), 0.0239740 secs]
22.194: [GC 2244665K->350350K(2380544K), 0.0266070 secs]
22.939: [GC 2251662K->347567K(2376192K), 0.0254830 secs]
23.642: [GC 2237850K->362577K(2378368K), 0.0273070 secs]
24.382: [GC 2253905K->355705K(2365696K), 0.0288470 secs]
25.052: [GC 2232953K->361977K(2360256K), 0.0265970 secs]
25.732: [GC 2239970K->369650K(2364736K), 0.0288160 secs]
26.411: [GC 2239218K->366860K(2350272K), 0.0298570 secs]
27.063: [GC 2236035K->364954K(2368448K), 0.0279030 secs]
27.709: [GC 2235098K->369187K(2367104K), 0.0255580 secs]
28.356: [GC 2239331K->375531K(2364992K), 0.0275740 secs]
29.012: [GC 2243435K->374629K(2366656K), 0.0342640 secs]
29.737: [GC 2242533K->378313K(2364736K), 0.0303670 secs]
30.443: [GC 2246729K->383441K(2365952K), 0.0288090 secs]
31.137: [GC 2251857K->385338K(2365824K), 0.0349650 secs]
31.834: [GC 2255546K->390411K(2366784K), 0.0292900 secs]
32.542: [GC 2260619K->390467K(2367232K), 0.0292780 secs]
33.362: [GC 2260710K->396273K(2367872K), 0.0312450 secs]
34.162: [GC 2267552K->398529K(2368896K), 0.0286430 secs]
34.942: [GC 2269470K->407381K(2363072K), 0.0308990 secs]
35.867: [GC 2279701K->406282K(2364864K), 0.0298920 secs]
36.693: [GC 2270505K->412344K(2359040K), 0.0323580 secs]
37.499: [GC 2278200K->406255K(2364288K), 0.0319280 secs]
38.342: [GC 2266785K->414494K(2363072K), 0.0348410 secs]
39.172: [GC 2274621K->414830K(2363456K), 0.0316260 secs]
40.023: [GC 2274391K->419799K(2352064K), 0.0339520 secs]
40.920: [GC 2281111K->417942K(2364224K), 0.0319570 secs]
41.790: [GC 2278585K->428658K(2362752K), 0.0315950 secs]
42.578: [GC 2289756K->435916K(2357504K), 0.0329540 secs]
43.415: [GC 2290300K->427149K(2360128K), 0.0320030 secs]
44.293: [GC 2281997K->427284K(2357248K), 0.0325740 secs]
45.120: [GC 2283924K->432773K(2359104K), 0.0322020 secs]
46.053: [GC 2288917K->435947K(2359744K), 0.0310050 secs]
46.942: [GC 2297643K->437097K(2361664K), 0.0312350 secs]
47.850: [GC 2297920K->443364K(2363264K), 0.0298750 secs]
48.692: [GC 2307823K->443686K(2364672K), 0.0290210 secs]
49.552: [GC 2308682K->449215K(2363712K), 0.0315070 secs]
50.422: [GC 2317135K->447726K(2365632K), 0.0299980 secs]
51.305: [GC 2316718K->450327K(2367296K), 0.0309600 secs]
52.251: [GC 2322621K->464186K(2365568K), 0.0320440 secs]
53.103: [GC 2336338K->459175K(2368960K), 0.0318380 secs]
53.882: [GC 2328742K->470682K(2366784K), 0.0338130 secs]
54.685: [GC 2340671K->474766K(2359616K), 0.0338100 secs]
55.496: [GC 2335225K->476514K(2358016K), 0.0349350 secs]
56.360: [GC 2337506K->478694K(2357504K), 0.0367060 secs]
57.254: [GC 2331139K->478131K(2347392K), 0.0364620 secs]
58.152: [GC 2329933K->489748K(2352064K), 0.0372330 secs]
58.999: [GC 2334515K->492558K(2350592K), 0.0367910 secs]
59.882: [GC 2336748K->490225K(2349760K), 0.0381320 secs]
60.733: [GC 2325973K->498368K(2344832K), 0.0393450 secs]
61.592: [GC 2334278K->499047K(2344448K), 0.0393050 secs]
62.465: [GC 2325735K->502981K(2332608K), 0.0381600 secs]
62.504: [Full GC 502981K->235980K(2383296K), 0.7433680 secs]
