0.544: [GC 95424K->59893K(365760K), 0.0737650 secs]
0.705: [GC 155317K->119845K(461184K), 0.0947250 secs]
1.266: [GC 308788K->166775K(461184K), 0.0849260 secs]
1.699: [GC 356904K->169281K(652032K), 0.0245910 secs]
2.595: [GC 550492K->176769K(652032K), 0.0171600 secs]
3.541: [GC 557337K->182047K(1108352K), 0.0191300 secs]
5.469: [GC 944414K->190329K(1108736K), 0.0126400 secs]
7.342: [GC 951965K->198655K(1863232K), 0.0182590 secs]
11.070: [GC 1725355K->215839K(1866240K), 0.0577300 secs]
14.630: [GC 1740671K->228691K(2198656K), 0.0211790 secs]
18.753: [GC 2096830K->238383K(2201472K), 0.0216060 secs]
18.775: [Full GC 238383K->177928K(2321280K), 0.4893590 secs]
23.345: [GC 2047010K->203934K(2328640K), 0.0144910 secs]
28.031: [GC 2084404K->221038K(2330816K), 0.0382130 secs]
32.505: [GC 2102382K->232443K(2332736K), 0.0192500 secs]
37.127: [GC 2118269K->257325K(2333696K), 0.0164710 secs]
41.725: [GC 2143160K->268984K(2328960K), 0.0178000 secs]
46.336: [GC 2150414K->283454K(2328704K), 0.0222980 secs]
51.003: [GC 2165131K->297368K(2296576K), 0.0257550 secs]
55.392: [GC 2137543K->307993K(2285824K), 0.0291980 secs]
59.805: [GC 2147535K->319569K(2294144K), 0.0235310 secs]
