0.540: [GC 95424K->59882K(365760K), 0.0874130 secs]
0.715: [GC 155306K->119814K(461184K), 0.1170150 secs]
1.214: [GC 310587K->166894K(461184K), 0.0629560 secs]
1.556: [GC 356899K->170327K(652032K), 0.0103850 secs]
2.242: [GC 552023K->177472K(652032K), 0.0254310 secs]
2.893: [GC 559168K->182313K(1108672K), 0.0093150 secs]
4.200: [GC 944798K->189517K(1108864K), 0.0135050 secs]
5.405: [GC 952909K->195396K(1864960K), 0.0118070 secs]
7.895: [GC 1722180K->208426K(1867456K), 0.0274150 secs]
10.180: [GC 1734634K->222221K(2197632K), 0.0195650 secs]
13.032: [GC 2088983K->234567K(2199872K), 0.0410410 secs]
13.073: [Full GC 234567K->177202K(2324544K), 0.4910440 secs]
16.414: [GC 2044850K->202089K(2332032K), 0.0185850 secs]
19.439: [GC 2081687K->219045K(2335104K), 0.0177860 secs]
22.200: [GC 2098589K->229744K(2337088K), 0.0255790 secs]
24.977: [GC 2113475K->239508K(2326400K), 0.0189150 secs]
27.913: [GC 2122920K->257968K(2312320K), 0.0230650 secs]
30.766: [GC 2110512K->267183K(2300096K), 0.0290290 secs]
33.778: [GC 2118153K->279943K(2303488K), 0.0235390 secs]
36.616: [GC 2106880K->293341K(2302336K), 0.0263300 secs]
39.430: [GC 2121949K->299584K(2275968K), 0.0284090 secs]
42.112: [GC 2082121K->304075K(2268800K), 0.0285860 secs]
44.760: [GC 2087918K->314148K(2255040K), 0.0307670 secs]
47.411: [GC 2053750K->313122K(2233280K), 0.0314710 secs]
50.061: [GC 2051084K->322906K(2237184K), 0.0331240 secs]
52.602: [GC 2023820K->323855K(2205504K), 0.0322880 secs]
55.113: [GC 2024600K->330455K(2221888K), 0.0346490 secs]
57.570: [GC 1996886K->332624K(2180224K), 0.0368610 secs]
60.012: [GC 1998555K->334680K(2211136K), 0.0380890 secs]
