1.180: [GC 95424K->31604K(365760K), 0.0550490 secs]
1.397: [GC 127028K->64064K(461184K), 0.0538570 secs]
1.774: [GC 254912K->134647K(461184K), 0.1634100 secs]
2.240: [GC 325495K->197226K(652032K), 0.1818850 secs]
2.422: [Full GC 197226K->197214K(814976K), 0.4575070 secs]
3.522: [GC 578910K->233629K(814976K), 0.0361820 secs]
3.759: [GC 615214K->244805K(1112064K), 0.0523370 secs]
4.100: [GC 835711K->247432K(1111808K), 0.0163000 secs]
4.397: [GC 840136K->253480K(1412480K), 0.0907990 secs]
4.934: [GC 1149032K->262224K(1408832K), 0.0234060 secs]
5.366: [GC 1156721K->273051K(1607552K), 0.0189490 secs]
5.925: [GC 1403035K->276522K(1636992K), 0.0252500 secs]
6.492: [GC 1405034K->282637K(1852608K), 0.0301360 secs]
7.207: [GC 1657566K->295203K(1876352K), 0.0366330 secs]
7.938: [GC 1670706K->307302K(2124864K), 0.0324140 secs]
8.825: [GC 1939814K->324076K(2140544K), 0.0370580 secs]
9.680: [GC 1955028K->321315K(2336576K), 0.0409490 secs]
10.677: [GC 2137428K->329497K(2329856K), 0.0430780 secs]
11.637: [GC 2146500K->329605K(2321088K), 0.0466260 secs]
12.601: [GC 2115333K->340732K(2309056K), 0.0519370 secs]
13.596: [GC 2125633K->351290K(2295936K), 0.0591380 secs]
14.611: [GC 2093887K->366386K(2292992K), 0.0635290 secs]
15.588: [GC 2109123K->369215K(2269184K), 0.0677030 secs]
16.598: [GC 2059709K->372999K(2243584K), 0.0692460 secs]
17.603: [GC 2064509K->375756K(2258368K), 0.0681880 secs]
18.551: [GC 2034764K->381071K(2209344K), 0.0703190 secs]
19.554: [GC 2039897K->384201K(2253312K), 0.0710340 secs]
20.497: [GC 2026569K->398114K(2201856K), 0.0758890 secs]
21.465: [GC 2039555K->401258K(2243072K), 0.0797810 secs]
22.446: [GC 2023347K->408388K(2184960K), 0.0773970 secs]
23.363: [GC 2030592K->413494K(2238336K), 0.0783440 secs]
24.360: [GC 2024422K->423961K(2181120K), 0.0815610 secs]
25.326: [GC 2034626K->425161K(2232384K), 0.0815850 secs]
26.271: [GC 2022217K->431103K(2167808K), 0.0831400 secs]
27.128: [GC 2028711K->437548K(2231104K), 0.0822350 secs]
28.036: [GC 2030613K->439991K(2232256K), 0.0817160 secs]
28.966: [GC 2033081K->440803K(2228032K), 0.0803110 secs]
29.862: [GC 2035555K->442942K(2230336K), 0.0810970 secs]
30.790: [GC 2037223K->447775K(2230336K), 0.0786550 secs]
31.714: [GC 2050463K->450001K(2232128K), 0.0814630 secs]
32.674: [GC 2051398K->461422K(2240384K), 0.0828020 secs]
33.602: [GC 2073690K->468406K(2240000K), 0.0815800 secs]
34.592: [GC 2080897K->457099K(2231872K), 0.0772940 secs]
35.554: [GC 2075335K->466812K(2237888K), 0.0789140 secs]
36.502: [GC 2084549K->470514K(2241344K), 0.0776630 secs]
37.436: [GC 2105135K->469696K(2247936K), 0.0778360 secs]
38.386: [GC 2106176K->479106K(2247936K), 0.0792470 secs]
39.344: [GC 2131126K->479993K(2254400K), 0.0753280 secs]
40.335: [GC 2131579K->485336K(2258816K), 0.0743900 secs]
41.329: [GC 2154256K->507281K(2265152K), 0.0747850 secs]
42.296: [GC 2176635K->494384K(2270720K), 0.0757330 secs]
43.311: [GC 2172976K->506026K(2272192K), 0.0775200 secs]
44.236: [GC 2184085K->509543K(2275008K), 0.0758430 secs]
45.158: [GC 2193566K->506422K(2276160K), 0.0815070 secs]
46.143: [GC 2190682K->510403K(2275648K), 0.0776320 secs]
47.098: [GC 2200026K->515620K(2276224K), 0.0792490 secs]
48.103: [GC 2204911K->522295K(2282688K), 0.0773510 secs]
49.095: [GC 2222501K->529873K(2282560K), 0.0775680 secs]
50.018: [GC 2229920K->528200K(2286336K), 0.0775030 secs]
50.965: [GC 2234580K->531986K(2287296K), 0.0736690 secs]
51.881: [GC 2239378K->533473K(2289024K), 0.0751260 secs]
52.835: [GC 2245473K->542957K(2289664K), 0.0782900 secs]
53.770: [GC 2254403K->544251K(2292160K), 0.0762650 secs]
54.649: [GC 2260795K->548731K(2291776K), 0.0745700 secs]
54.723: [Full GC 548731K->218145K(2300800K), 0.6271240 secs]
56.228: [GC 1934689K->243820K(2269312K), 0.0143610 secs]
57.081: [GC 1929303K->251448K(2145664K), 0.0208110 secs]
57.894: [GC 1935477K->262693K(2263488K), 0.0249170 secs]
58.703: [GC 1911492K->280684K(2139456K), 0.0355410 secs]
59.546: [GC 1929939K->293743K(2272384K), 0.0397590 secs]
60.426: [GC 1946363K->297408K(2158656K), 0.0435720 secs]
61.305: [GC 1948491K->309355K(2271424K), 0.0497740 secs]
62.180: [GC 1968480K->314373K(2264768K), 0.0890200 secs]
63.121: [GC 1973395K->319701K(2276224K), 0.1028510 secs]
