0.545: [GC 95424K->59873K(365760K), 0.0803090 secs]
0.709: [GC 155297K->119793K(461184K), 0.0645390 secs]
1.040: [GC 309913K->167234K(461184K), 0.0741550 secs]
1.398: [GC 356815K->169841K(652032K), 0.0108540 secs]
1.844: [GC 550700K->176327K(652032K), 0.0168610 secs]
2.357: [GC 557225K->180253K(1109120K), 0.0169840 secs]
3.342: [GC 942898K->183415K(1109248K), 0.0540560 secs]
4.385: [GC 945236K->187873K(1868608K), 0.0223550 secs]
6.667: [GC 1712992K->200282K(1870016K), 0.0289780 secs]
8.836: [GC 1726331K->206358K(2196992K), 0.0148560 secs]
11.326: [GC 2067666K->215583K(2198144K), 0.0163880 secs]
11.343: [Full GC 215583K->182570K(2332672K), 0.5974370 secs]
14.465: [GC 2042839K->204174K(2337792K), 0.0296740 secs]
16.996: [GC 2075744K->222989K(2339968K), 0.0160650 secs]
19.513: [GC 2094642K->235452K(2342400K), 0.0194960 secs]
22.014: [GC 2112733K->243150K(2326976K), 0.0208870 secs]
24.324: [GC 2120495K->250110K(2327552K), 0.0619690 secs]
26.742: [GC 2103370K->256060K(2316864K), 0.0329410 secs]
29.062: [GC 2108886K->261401K(2311680K), 0.0295370 secs]
31.366: [GC 2084295K->271582K(2302784K), 0.0308280 secs]
33.770: [GC 2095294K->274366K(2292416K), 0.0481420 secs]
36.189: [GC 2062107K->277800K(2272512K), 0.0446970 secs]
38.577: [GC 2064873K->286512K(2274560K), 0.0362090 secs]
40.945: [GC 2040496K->293819K(2254272K), 0.0410650 secs]
43.349: [GC 2046440K->300923K(2253696K), 0.0329140 secs]
45.662: [GC 2013841K->303264K(2223744K), 0.0897660 secs]
48.016: [GC 2016353K->309702K(2237248K), 0.0480060 secs]
50.307: [GC 1987737K->313343K(2193536K), 0.0508100 secs]
52.591: [GC 1990528K->317632K(2231680K), 0.0523210 secs]
54.683: [GC 1975371K->319448K(2168896K), 0.0562300 secs]
56.791: [GC 1977297K->324030K(2232448K), 0.0518400 secs]
58.831: [GC 1976918K->327647K(2165568K), 0.0749010 secs]
60.894: [GC 1980639K->330372K(2233216K), 0.0368970 secs]
