0.535: [GC 95424K->59882K(365760K), 0.0901160 secs]
0.708: [GC 155306K->119822K(461184K), 0.1051990 secs]
1.082: [GC 309922K->168784K(461184K), 0.0630930 secs]
1.396: [GC 359560K->173854K(652032K), 0.0264170 secs]
1.885: [GC 554268K->182309K(652032K), 0.0309610 secs]
2.348: [GC 563062K->185470K(1107904K), 0.0110970 secs]
3.309: [GC 947126K->189302K(1108608K), 0.0150160 secs]
4.161: [GC 951119K->192947K(1867904K), 0.0134230 secs]
6.025: [GC 1717415K->205275K(1869184K), 0.0092360 secs]
7.739: [GC 1730408K->216288K(2194880K), 0.0138230 secs]
9.915: [GC 2075719K->231295K(2196736K), 0.0181020 secs]
9.933: [Full GC 231295K->181694K(2328384K), 0.4956030 secs]
12.510: [GC 2041514K->202741K(2337344K), 0.0082760 secs]
14.620: [GC 2077683K->220115K(2338112K), 0.0132520 secs]
16.718: [GC 2095443K->228726K(2342592K), 0.0172090 secs]
18.881: [GC 2109509K->241936K(2328768K), 0.0198240 secs]
21.030: [GC 2124256K->254080K(2324672K), 0.0230730 secs]
23.119: [GC 2111092K->261091K(2323968K), 0.0325480 secs]
25.256: [GC 2117993K->274840K(2298880K), 0.0280430 secs]
27.382: [GC 2089752K->277227K(2296576K), 0.0745480 secs]
29.513: [GC 2090623K->286584K(2276672K), 0.0290700 secs]
31.577: [GC 2054495K->285478K(2259264K), 0.0284770 secs]
33.624: [GC 2052981K->291503K(2261440K), 0.0303770 secs]
35.613: [GC 2022822K->295919K(2233472K), 0.0325380 secs]
37.606: [GC 2027112K->302100K(2244224K), 0.0329620 secs]
39.524: [GC 1999592K->309623K(2212224K), 0.0350510 secs]
41.412: [GC 2006115K->312114K(2227520K), 0.0347260 secs]
43.306: [GC 1973989K->320157K(2184000K), 0.0367290 secs]
45.189: [GC 1983361K->323793K(2217280K), 0.0378980 secs]
47.036: [GC 1960036K->327265K(2159680K), 0.0372940 secs]
48.891: [GC 1964297K->329111K(2213376K), 0.0375150 secs]
50.720: [GC 1952710K->329980K(2143104K), 0.0366480 secs]
52.556: [GC 1953133K->327617K(2217792K), 0.0349730 secs]
54.393: [GC 1951638K->338961K(2145472K), 0.0369720 secs]
56.264: [GC 1963405K->345162K(2214400K), 0.0378560 secs]
58.118: [GC 1969308K->337618K(2137856K), 0.0356180 secs]
59.964: [GC 1961852K->344879K(2215744K), 0.0367080 secs]
