1.164: [GC 95424K->31574K(365760K), 0.0867080 secs]
1.410: [GC 126998K->64067K(461184K), 0.0831810 secs]
1.811: [GC 254915K->131813K(461184K), 0.0800840 secs]
2.189: [GC 322661K->194360K(652032K), 0.1871050 secs]
2.376: [Full GC 194360K->194325K(814976K), 0.5653360 secs]
3.790: [GC 576021K->241726K(814976K), 0.0406570 secs]
4.073: [GC 622215K->253904K(1087232K), 0.0556350 secs]
4.427: [GC 824989K->258591K(1088128K), 0.0332950 secs]
4.708: [GC 829186K->265068K(1309312K), 0.0228260 secs]
5.126: [GC 1086282K->269356K(1331776K), 0.0224680 secs]
5.531: [GC 1089279K->280262K(1487424K), 0.0259520 secs]
6.062: [GC 1278388K->281020K(1504384K), 0.0269560 secs]
6.591: [GC 1279551K->288022K(1677376K), 0.0320280 secs]
7.269: [GC 1472497K->295657K(1688768K), 0.0370810 secs]
7.901: [GC 1478368K->304721K(1887616K), 0.0370690 secs]
8.629: [GC 1684510K->308542K(1893568K), 0.0382420 secs]
9.360: [GC 1688413K->325054K(2104448K), 0.0415430 secs]
10.195: [GC 1908090K->319069K(2115264K), 0.0426740 secs]
10.980: [GC 1902703K->322357K(2268928K), 0.0460320 secs]
11.892: [GC 2052629K->333949K(2275072K), 0.0510880 secs]
12.787: [GC 2064285K->335864K(2308992K), 0.0504010 secs]
13.690: [GC 2092627K->344637K(2281280K), 0.0479950 secs]
14.565: [GC 2100309K->352059K(2297536K), 0.0643740 secs]
15.444: [GC 2086101K->357299K(2268160K), 0.0581330 secs]
16.320: [GC 2092833K->364598K(2286848K), 0.0543840 secs]
17.225: [GC 2077916K->371887K(2254656K), 0.0884320 secs]
18.170: [GC 2084910K->373349K(2278528K), 0.0579170 secs]
19.079: [GC 2066056K->373742K(2232320K), 0.0626120 secs]
19.962: [GC 2068206K->377747K(2279616K), 0.0727300 secs]
20.834: [GC 2067103K->381290K(2223872K), 0.0726140 secs]
21.752: [GC 2069669K->382352K(2281792K), 0.0552610 secs]
22.606: [GC 2073930K->394738K(2279616K), 0.0557110 secs]
23.480: [GC 2086587K->397229K(2281792K), 0.0609090 secs]
24.321: [GC 2091437K->401423K(2281536K), 0.0594290 secs]
25.225: [GC 2095577K->402109K(2279296K), 0.0594600 secs]
26.119: [GC 2097587K->402203K(2280768K), 0.0626510 secs]
27.019: [GC 2097105K->410184K(2283584K), 0.0611620 secs]
27.898: [GC 2115054K->414495K(2283648K), 0.0577820 secs]
28.735: [GC 2119532K->417575K(2290624K), 0.0579210 secs]
29.663: [GC 2135176K->423929K(2290048K), 0.0610360 secs]
30.533: [GC 2141389K->432814K(2297216K), 0.0574430 secs]
31.430: [GC 2157849K->435019K(2297408K), 0.0592570 secs]
32.371: [GC 2160788K->439436K(2297984K), 0.0596730 secs]
33.236: [GC 2167373K->440620K(2298368K), 0.0639010 secs]
34.108: [GC 2167706K->444458K(2299584K), 0.0615330 secs]
35.019: [GC 2176496K->450293K(2299456K), 0.0619440 secs]
35.911: [GC 2182818K->452434K(2302656K), 0.0632200 secs]
36.767: [GC 2190055K->459724K(2303296K), 0.0625760 secs]
37.680: [GC 2197612K->465591K(2304256K), 0.0632710 secs]
38.557: [GC 2204902K->462811K(2278720K), 0.0605110 secs]
39.420: [GC 2201344K->471020K(2304128K), 0.0640100 secs]
40.298: [GC 2211401K->481180K(2304000K), 0.0616620 secs]
41.161: [GC 2220980K->472163K(2304384K), 0.0781040 secs]
42.059: [GC 2213170K->479373K(2304960K), 0.0617740 secs]
42.932: [GC 2220389K->479452K(2306560K), 0.0610070 secs]
43.829: [GC 2225194K->488560K(2306304K), 0.0630300 secs]
44.735: [GC 2233798K->500101K(2307904K), 0.0622450 secs]
45.638: [GC 2249154K->496402K(2308544K), 0.0813950 secs]
46.587: [GC 2244867K->506012K(2310592K), 0.0565050 secs]
47.450: [GC 2259377K->506961K(2311168K), 0.0644160 secs]
48.340: [GC 2259437K->508462K(2311360K), 0.0579270 secs]
49.302: [GC 2265283K->509213K(2312000K), 0.0585130 secs]
50.269: [GC 2265163K->520785K(2316096K), 0.0571270 secs]
51.185: [GC 2281592K->521319K(2300544K), 0.0618610 secs]
52.076: [GC 2283488K->518211K(2315712K), 0.0589930 secs]
52.936: [GC 2281475K->527213K(2315456K), 0.0563070 secs]
53.857: [GC 2289802K->522084K(2316608K), 0.0566080 secs]
53.913: [Full GC 522084K->216143K(2343424K), 0.6049220 secs]
55.390: [GC 1980944K->234145K(2227776K), 0.0119680 secs]
56.255: [GC 1999456K->248726K(2311936K), 0.0181180 secs]
57.122: [GC 1966486K->265332K(2211200K), 0.0240780 secs]
57.971: [GC 1982199K->272024K(2316928K), 0.0269270 secs]
58.801: [GC 1981664K->286036K(2224640K), 0.0308760 secs]
59.659: [GC 1995331K->297912K(2319936K), 0.0369320 secs]
60.505: [GC 2012627K->299959K(2314496K), 0.0366480 secs]
61.443: [GC 2014460K->297441K(2319680K), 0.0377540 secs]
62.276: [GC 2022479K->305865K(2315008K), 0.0404340 secs]
63.171: [GC 2032239K->311764K(2328768K), 0.0433960 secs]
