0.543: [GC 95424K->59897K(365760K), 0.0816750 secs]
0.705: [GC 155321K->118401K(461184K), 0.0638400 secs]
1.147: [GC 307410K->163111K(461184K), 0.0751600 secs]
1.527: [GC 353731K->169216K(652032K), 0.0116630 secs]
2.160: [GC 550657K->174096K(652032K), 0.0112820 secs]
2.763: [GC 553964K->180223K(1106688K), 0.0104480 secs]
4.080: [GC 942291K->189911K(1107264K), 0.0168080 secs]
5.258: [GC 951932K->198879K(1860096K), 0.0222890 secs]
7.689: [GC 1723994K->218183K(1863808K), 0.0241660 secs]
9.797: [GC 1744949K->238279K(2204160K), 0.0236790 secs]
12.388: [GC 2109178K->258332K(2206720K), 0.0274740 secs]
12.416: [Full GC 258332K->177201K(2334656K), 0.4798030 secs]
15.445: [GC 2048893K->212038K(2333568K), 0.0135990 secs]
17.913: [GC 2090279K->224712K(2336000K), 0.0161530 secs]
20.446: [GC 2103188K->241019K(2334144K), 0.0193870 secs]
23.203: [GC 2117583K->258692K(2339264K), 0.0240530 secs]
25.630: [GC 2134772K->272804K(2309952K), 0.0292620 secs]
28.167: [GC 2120221K->289453K(2317696K), 0.0251190 secs]
30.807: [GC 2137945K->301826K(2288896K), 0.0280180 secs]
33.342: [GC 2107200K->313445K(2299072K), 0.0306610 secs]
36.008: [GC 2117581K->321942K(2251584K), 0.0324130 secs]
38.519: [GC 2071341K->330090K(2239872K), 0.0366720 secs]
40.883: [GC 2078762K->339146K(2251520K), 0.0318240 secs]
43.199: [GC 2056678K->353162K(2232256K), 0.0352510 secs]
45.466: [GC 2071645K->362855K(2222976K), 0.0383840 secs]
47.659: [GC 2032818K->365518K(2195968K), 0.0375410 secs]
49.886: [GC 2035779K->371709K(2203776K), 0.0395520 secs]
52.037: [GC 1998032K->372782K(2160576K), 0.0396060 secs]
54.211: [GC 1999454K->370020K(2195712K), 0.0389800 secs]
56.290: [GC 1970622K->376749K(2137536K), 0.0400360 secs]
58.326: [GC 1976564K->379754K(2184384K), 0.0409760 secs]
60.399: [GC 1957920K->379920K(2115392K), 0.0413170 secs]
