0.538: [GC 95424K->59890K(365760K), 0.0936180 secs]
0.712: [GC 155314K->119822K(461184K), 0.0784330 secs]
1.130: [GC 308809K->165594K(461184K), 0.0626090 secs]
1.412: [GC 355644K->170088K(652032K), 0.0251400 secs]
1.922: [GC 550423K->180682K(652032K), 0.0134880 secs]
2.427: [GC 562378K->193151K(1104640K), 0.0146320 secs]
3.445: [GC 956543K->205625K(1106240K), 0.0312500 secs]
4.378: [GC 969017K->218411K(1857408K), 0.0179890 secs]
6.383: [GC 1745171K->234416K(1861312K), 0.0205610 secs]
8.218: [GC 1760169K->248529K(2203648K), 0.0246750 secs]
8.243: [Full GC 248529K->176349K(2330496K), 0.5027440 secs]
11.013: [GC 2050584K->211180K(2333760K), 0.0492120 secs]
13.227: [GC 2084980K->232111K(2339456K), 0.0364680 secs]
15.429: [GC 2112850K->246992K(2334464K), 0.0213310 secs]
17.673: [GC 2128779K->260879K(2314368K), 0.0243520 secs]
19.842: [GC 2110235K->274762K(2296576K), 0.0309910 secs]
21.999: [GC 2125166K->288114K(2313344K), 0.0225780 secs]
24.165: [GC 2125036K->302520K(2312576K), 0.0336550 secs]
26.312: [GC 2140642K->309405K(2285952K), 0.0268990 secs]
28.482: [GC 2108993K->319414K(2290944K), 0.0298400 secs]
30.560: [GC 2117815K->327832K(2259840K), 0.0308010 secs]
32.618: [GC 2079198K->333489K(2257280K), 0.0323900 secs]
34.712: [GC 2085104K->343734K(2237504K), 0.0347490 secs]
36.747: [GC 2046012K->347889K(2222016K), 0.0363510 secs]
38.746: [GC 2049228K->351555K(2217728K), 0.0362720 secs]
40.759: [GC 2009466K->355156K(2184576K), 0.0384450 secs]
42.719: [GC 2012177K->359812K(2201344K), 0.0393730 secs]
44.661: [GC 1980331K->359986K(2153216K), 0.0396550 secs]
46.583: [GC 1981874K->365103K(2192576K), 0.0393780 secs]
48.473: [GC 1961123K->368835K(2130752K), 0.0403160 secs]
50.343: [GC 1964753K->372110K(2189376K), 0.0395380 secs]
52.222: [GC 1956033K->373968K(2119552K), 0.0407180 secs]
54.079: [GC 1958448K->373392K(2191680K), 0.0391340 secs]
55.945: [GC 1956384K->376184K(2114048K), 0.0398730 secs]
57.845: [GC 1959802K->381326K(2190016K), 0.0403800 secs]
59.725: [GC 1964557K->382251K(2188864K), 0.0403000 secs]
