1.171: [GC 95424K->31580K(365760K), 0.0556080 secs]
1.393: [GC 127004K->64056K(461184K), 0.0772730 secs]
1.786: [GC 254904K->131799K(461184K), 0.0693340 secs]
2.153: [GC 322647K->194410K(652032K), 0.2012760 secs]
2.354: [Full GC 194410K->194386K(812608K), 0.4597540 secs]
3.432: [GC 576082K->231613K(812608K), 0.0264880 secs]
3.681: [GC 611941K->241648K(1061760K), 0.0127060 secs]
4.043: [GC 806297K->247732K(1080128K), 0.0181850 secs]
4.388: [GC 812468K->254003K(1275264K), 0.0204600 secs]
4.834: [GC 1042448K->266561K(1298816K), 0.0224020 secs]
5.277: [GC 1056267K->272698K(1447936K), 0.0283150 secs]
5.875: [GC 1224831K->282528K(1457984K), 0.0308350 secs]
6.439: [GC 1236192K->290440K(1636608K), 0.0329510 secs]
7.141: [GC 1419043K->298287K(1641408K), 0.0379320 secs]
7.834: [GC 1427428K->303860K(1839488K), 0.0409990 secs]
8.649: [GC 1624004K->314577K(1846656K), 0.0449810 secs]
9.433: [GC 1634822K->316196K(2068096K), 0.0457420 secs]
10.351: [GC 1847977K->326087K(2076224K), 0.0518880 secs]
11.287: [GC 1858887K->333307K(2240768K), 0.0547690 secs]
12.356: [GC 2020005K->345283K(2251264K), 0.0611110 secs]
13.394: [GC 2030789K->356785K(2266624K), 0.0654720 secs]
14.379: [GC 2045658K->364426K(2245248K), 0.0635240 secs]
15.358: [GC 2053748K->367765K(2250496K), 0.0662880 secs]
16.359: [GC 2017661K->373005K(2207680K), 0.0662280 secs]
17.316: [GC 2024197K->379298K(2239616K), 0.0669420 secs]
18.252: [GC 2003438K->378445K(2178752K), 0.0652080 secs]
19.186: [GC 2002984K->383494K(2241472K), 0.0645660 secs]
20.110: [GC 2002566K->384820K(2242432K), 0.0654040 secs]
21.041: [GC 2003726K->394374K(2240320K), 0.0670190 secs]
21.985: [GC 2010360K->401266K(2177280K), 0.0683190 secs]
22.927: [GC 2016709K->395238K(2243456K), 0.0662210 secs]
23.942: [GC 2012253K->397135K(2165568K), 0.0642330 secs]
24.915: [GC 2013298K->393067K(2243584K), 0.0690730 secs]
25.907: [GC 2017390K->400293K(2235776K), 0.0643240 secs]
26.845: [GC 2025643K->409240K(2246912K), 0.0635620 secs]
27.803: [GC 2050274K->415167K(2241984K), 0.0706040 secs]
28.756: [GC 2056518K->427421K(2258688K), 0.0709070 secs]
29.743: [GC 2088572K->427294K(2257920K), 0.0676130 secs]
30.753: [GC 2088442K->445652K(2264960K), 0.0694490 secs]
31.756: [GC 2117979K->438702K(2266944K), 0.0683640 secs]
32.748: [GC 2111386K->450978K(2270656K), 0.0721970 secs]
33.794: [GC 2128574K->462661K(2245888K), 0.0736670 secs]
34.790: [GC 2141682K->458859K(2269632K), 0.0711950 secs]
35.785: [GC 2132971K->456546K(2231424K), 0.0695640 secs]
36.725: [GC 2129697K->456475K(2271680K), 0.0686420 secs]
37.726: [GC 2132276K->463544K(2268800K), 0.0701640 secs]
38.707: [GC 2138993K->471289K(2268864K), 0.0721730 secs]
39.708: [GC 2149370K->474434K(2269888K), 0.0733470 secs]
40.695: [GC 2151855K->479130K(2273728K), 0.0721860 secs]
41.692: [GC 2161042K->480767K(2244608K), 0.0700980 secs]
42.729: [GC 2163033K->480592K(2276480K), 0.0696630 secs]
43.741: [GC 2164414K->487563K(2245248K), 0.0719250 secs]
44.760: [GC 2172128K->500998K(2271616K), 0.0744980 secs]
45.724: [GC 2185081K->507053K(2273152K), 0.0757750 secs]
46.713: [GC 2191033K->508809K(2275328K), 0.0749310 secs]
47.755: [GC 2193750K->516642K(2255040K), 0.0767180 secs]
48.748: [GC 2201904K->520736K(2274944K), 0.0754410 secs]
49.732: [GC 2204439K->523073K(2275136K), 0.0743130 secs]
50.711: [GC 2206622K->526957K(2275136K), 0.0766920 secs]
51.732: [GC 2211482K->534039K(2259392K), 0.0771560 secs]
52.745: [GC 2217626K->532516K(2274432K), 0.0762120 secs]
53.764: [GC 2213025K->540350K(2273600K), 0.0778730 secs]
54.737: [GC 2221028K->535142K(2270848K), 0.0742690 secs]
55.718: [GC 2217895K->539298K(2272256K), 0.0739970 secs]
56.718: [GC 2221762K->547674K(2275584K), 0.0771580 secs]
57.693: [GC 2236140K->551671K(2275520K), 0.1517000 secs]
58.751: [GC 2241116K->555061K(2276800K), 0.0830770 secs]
59.710: [GC 2248611K->555669K(2278016K), 0.0910050 secs]
59.801: [Full GC 555669K->213258K(2284352K), 0.6212920 secs]
61.338: [GC 1906911K->242135K(2252224K), 0.0233810 secs]
62.274: [GC 1905384K->253505K(2125504K), 0.0321530 secs]
