0.532: [GC 95424K->60480K(365760K), 0.1266520 secs]
0.749: [GC 155904K->122677K(461184K), 0.0668460 secs]
1.453: [GC 313174K->166189K(461184K), 0.0492810 secs]
2.229: [GC 356764K->170228K(652032K), 0.0110470 secs]
3.561: [GC 551924K->172596K(652032K), 0.0144460 secs]
4.902: [GC 552988K->175051K(1111360K), 0.0137770 secs]
8.396: [GC 938443K->179198K(1111936K), 0.0131320 secs]
11.487: [GC 942590K->183588K(1869952K), 0.0111930 secs]
18.001: [GC 1709195K->193848K(1871680K), 0.0279470 secs]
23.849: [GC 1719119K->203063K(2194560K), 0.0201090 secs]
32.152: [GC 2060915K->215122K(2196224K), 0.0227300 secs]
32.175: [Full GC 215122K->177727K(2317376K), 0.7124730 secs]
40.396: [GC 2034700K->196566K(2324032K), 0.0108850 secs]
48.314: [GC 2068182K->205063K(2325568K), 0.0244500 secs]
56.402: [GC 2075453K->218721K(2324352K), 0.0180730 secs]
