0.531: [GC 95424K->59882K(365760K), 0.0756910 secs]
0.688: [GC 155306K->119810K(461184K), 0.0752030 secs]
1.164: [GC 310214K->166576K(461184K), 0.0602130 secs]
1.606: [GC 356952K->170794K(652032K), 0.0689850 secs]
2.486: [GC 550794K->173990K(652032K), 0.0102910 secs]
3.287: [GC 555686K->177691K(1109376K), 0.0108120 secs]
5.038: [GC 940390K->184053K(1109696K), 0.0126380 secs]
6.591: [GC 946221K->188449K(1866496K), 0.0117930 secs]
9.866: [GC 1715020K->202901K(1868608K), 0.0246560 secs]
12.959: [GC 1729619K->213701K(2197568K), 0.0352760 secs]
16.761: [GC 2077764K->224857K(2199168K), 0.0334330 secs]
16.794: [Full GC 224857K->176608K(2317632K), 0.4878380 secs]
21.023: [GC 2041760K->193699K(2326400K), 0.0191710 secs]
24.876: [GC 2071779K->207882K(2327808K), 0.0630720 secs]
28.740: [GC 2084470K->221434K(2328192K), 0.0451370 secs]
32.647: [GC 2105218K->235969K(2329664K), 0.0235340 secs]
36.462: [GC 2120114K->246810K(2333376K), 0.0155550 secs]
40.153: [GC 2135956K->254114K(2316096K), 0.0237890 secs]
43.931: [GC 2144285K->261251K(2323520K), 0.0261400 secs]
47.801: [GC 2136435K->268343K(2315584K), 0.0187960 secs]
51.490: [GC 2144439K->277373K(2305024K), 0.0210580 secs]
55.313: [GC 2121522K->280796K(2297600K), 0.0211080 secs]
59.091: [GC 2125715K->293830K(2283520K), 0.0251110 secs]
