1.163: [GC 95424K->31568K(365760K), 0.0589520 secs]
1.386: [GC 126992K->65316K(461184K), 0.0879150 secs]
1.794: [GC 256164K->135887K(461184K), 0.1292180 secs]
2.224: [GC 326735K->198474K(652032K), 0.1161430 secs]
2.340: [Full GC 198474K->198469K(818176K), 0.4593400 secs]
3.421: [GC 580165K->228773K(818176K), 0.0293990 secs]
3.657: [GC 610469K->236349K(1075328K), 0.0144320 secs]
3.913: [GC 804221K->237345K(1092416K), 0.0117820 secs]
4.136: [GC 805217K->238439K(1299456K), 0.0152010 secs]
4.405: [GC 1037991K->242256K(1319744K), 0.0143600 secs]
4.671: [GC 1041808K->247707K(1463872K), 0.0156650 secs]
5.052: [GC 1214875K->252049K(1479808K), 0.0169710 secs]
5.472: [GC 1219217K->257931K(1627904K), 0.0195370 secs]
5.981: [GC 1396661K->260833K(1644288K), 0.0191360 secs]
6.477: [GC 1400353K->271352K(1808384K), 0.0200540 secs]
7.077: [GC 1584888K->272023K(1818368K), 0.0202940 secs]
7.818: [GC 1584051K->283861K(1989824K), 0.0240770 secs]
8.617: [GC 1769493K->287449K(1997440K), 0.0255080 secs]
9.324: [GC 1773081K->298353K(2116480K), 0.0284000 secs]
10.100: [GC 1897521K->306688K(2124736K), 0.0284510 secs]
10.884: [GC 1905692K->312182K(2254720K), 0.0337140 secs]
11.638: [GC 2031734K->317981K(2260608K), 0.0259630 secs]
12.337: [GC 2037533K->318174K(2322368K), 0.0274990 secs]
13.018: [GC 2093097K->324004K(2292736K), 0.0291920 secs]
13.786: [GC 2099748K->329628K(2311808K), 0.0281350 secs]
14.513: [GC 2085780K->338474K(2283392K), 0.0295280 secs]
15.253: [GC 2095146K->343365K(2301888K), 0.0289230 secs]
15.986: [GC 2079557K->346771K(2265280K), 0.0292040 secs]
16.754: [GC 2081186K->351255K(2297216K), 0.0315780 secs]
17.510: [GC 2074349K->356862K(2253696K), 0.0300090 secs]
18.266: [GC 2079998K->358811K(2296960K), 0.0293330 secs]
18.976: [GC 2076827K->360351K(2241664K), 0.0313540 secs]
19.800: [GC 2078367K->367399K(2297344K), 0.0310720 secs]
20.653: [GC 2087271K->367320K(2296000K), 0.0287420 secs]
21.543: [GC 2087192K->378253K(2297792K), 0.0316030 secs]
22.438: [GC 2102889K->380774K(2296000K), 0.0300640 secs]
23.292: [GC 2105894K->382643K(2303744K), 0.0289890 secs]
23.988: [GC 2118323K->387420K(2302144K), 0.0300680 secs]
24.676: [GC 2123100K->394330K(2307392K), 0.0301430 secs]
25.285: [GC 2137114K->396947K(2307008K), 0.0316920 secs]
25.938: [GC 2138298K->405987K(2310400K), 0.0294380 secs]
26.559: [GC 2153763K->400669K(2310720K), 0.0286650 secs]
27.253: [GC 2148445K->403925K(2310208K), 0.0311880 secs]
27.915: [GC 2158421K->411499K(2310528K), 0.0316680 secs]
28.603: [GC 2165995K->413366K(2317120K), 0.0298510 secs]
29.291: [GC 2180534K->413958K(2318016K), 0.0302900 secs]
30.041: [GC 2180753K->423909K(2322560K), 0.0288850 secs]
30.884: [GC 2201509K->426803K(2323584K), 0.0285280 secs]
31.774: [GC 2204403K->427139K(2329920K), 0.0295640 secs]
32.702: [GC 2214147K->438034K(2329920K), 0.0301130 secs]
33.620: [GC 2223986K->446430K(2332544K), 0.0316400 secs]
34.572: [GC 2238366K->448945K(2331712K), 0.0312690 secs]
35.483: [GC 2240881K->456098K(2335232K), 0.0308660 secs]
36.457: [GC 2253346K->458087K(2334528K), 0.0303360 secs]
37.470: [GC 2255335K->463775K(2338176K), 0.0327190 secs]
38.542: [GC 2265887K->470634K(2337728K), 0.0305340 secs]
39.440: [GC 2272746K->479105K(2332928K), 0.0317380 secs]
40.283: [GC 2274923K->488548K(2336576K), 0.0329080 secs]
41.166: [GC 2284491K->488981K(2321856K), 0.0346000 secs]
42.051: [GC 2270485K->484547K(2329216K), 0.0326120 secs]
42.942: [GC 2266051K->490793K(2329152K), 0.0340230 secs]
43.849: [GC 2273193K->496832K(2320576K), 0.0327150 secs]
44.800: [GC 2279232K->503187K(2321984K), 0.0355070 secs]
45.713: [GC 2275859K->505112K(2313344K), 0.0357210 secs]
46.628: [GC 2277784K->514593K(2316224K), 0.0367490 secs]
47.558: [GC 2276897K->514441K(2303232K), 0.0359110 secs]
48.551: [GC 2276559K->520721K(2317312K), 0.0362300 secs]
49.514: [GC 2280081K->526766K(2302784K), 0.0367300 secs]
50.514: [GC 2286126K->533776K(2313344K), 0.0382570 secs]
51.460: [GC 2287376K->538277K(2300160K), 0.0377430 secs]
52.398: [GC 2291373K->541355K(2313024K), 0.0360630 secs]
52.434: [Full GC 541355K->211468K(2338880K), 0.6206000 secs]
53.957: [GC 1961484K->232531K(2217600K), 0.0111650 secs]
54.922: [GC 1981663K->247967K(2311040K), 0.0266120 secs]
55.892: [GC 1955871K->259412K(2202368K), 0.0164480 secs]
56.855: [GC 1967316K->267690K(2316096K), 0.0166090 secs]
57.851: [GC 1970794K->280032K(2218176K), 0.0222090 secs]
58.819: [GC 1983136K->289338K(2317504K), 0.0227380 secs]
59.895: [GC 1997882K->302549K(2312064K), 0.0264610 secs]
61.045: [GC 2010861K->308038K(2317120K), 0.0268310 secs]
62.111: [GC 2027398K->315115K(2313920K), 0.0283310 secs]
