0.544: [GC 95424K->59893K(365760K), 0.0891930 secs]
0.719: [GC 155317K->119821K(461184K), 0.0858510 secs]
1.116: [GC 310669K->165469K(461184K), 0.0479910 secs]
1.427: [GC 355929K->172140K(652032K), 0.0120650 secs]
1.967: [GC 552012K->174228K(652032K), 0.0111470 secs]
2.490: [GC 555352K->178653K(1108928K), 0.0104210 secs]
3.618: [GC 942045K->191115K(1109440K), 0.0159650 secs]
4.634: [GC 954197K->202534K(1859968K), 0.0192370 secs]
6.771: [GC 1728109K->219550K(1864448K), 0.0255500 secs]
8.770: [GC 1744480K->232102K(2197376K), 0.0279990 secs]
11.243: [GC 2101200K->247816K(2203008K), 0.0288200 secs]
11.272: [Full GC 247816K->178229K(2331456K), 0.4893020 secs]
14.175: [GC 2048934K->212107K(2334592K), 0.0206180 secs]
16.696: [GC 2092450K->234771K(2338560K), 0.0321240 secs]
19.133: [GC 2115125K->245111K(2330368K), 0.0375070 secs]
21.599: [GC 2114825K->257523K(2333184K), 0.0436560 secs]
24.116: [GC 2128499K->263244K(2301824K), 0.0476140 secs]
26.587: [GC 2095414K->276269K(2314432K), 0.0540520 secs]
29.029: [GC 2108830K->288337K(2267328K), 0.0596200 secs]
31.373: [GC 2068561K->303661K(2262464K), 0.0644300 secs]
33.768: [GC 2083324K->315273K(2263616K), 0.0633560 secs]
36.122: [GC 2059559K->324333K(2248448K), 0.0672230 secs]
38.508: [GC 2069085K->328302K(2242368K), 0.0686870 secs]
40.885: [GC 2031598K->334593K(2216448K), 0.0737870 secs]
43.251: [GC 2037853K->337611K(2224704K), 0.0742240 secs]
45.459: [GC 2002490K->342107K(2186176K), 0.0772030 secs]
47.647: [GC 2005970K->349264K(2207616K), 0.0798860 secs]
49.805: [GC 1980099K->357608K(2167552K), 0.0837120 secs]
52.029: [GC 1988645K->358715K(2191488K), 0.0839900 secs]
54.177: [GC 1955515K->361793K(2134912K), 0.0868550 secs]
56.352: [GC 1958168K->361442K(2186688K), 0.0850150 secs]
58.501: [GC 1938274K->363730K(2113664K), 0.0856450 secs]
60.665: [GC 1942027K->369636K(2184000K), 0.0847850 secs]
