0.530: [GC 95424K->59890K(365760K), 0.0852790 secs]
0.699: [GC 155314K->119826K(461184K), 0.0969020 secs]
1.083: [GC 308794K->166309K(461184K), 0.0710620 secs]
1.371: [GC 356986K->171107K(652032K), 0.0109680 secs]
1.827: [GC 552007K->175943K(652032K), 0.0181610 secs]
2.254: [GC 557031K->182277K(1107968K), 0.0102970 secs]
3.192: [GC 945353K->193369K(1108736K), 0.0538980 secs]
4.061: [GC 956491K->207139K(1859136K), 0.0203750 secs]
5.919: [GC 1733923K->228385K(1864064K), 0.0198380 secs]
7.552: [GC 1754512K->243695K(2206592K), 0.0268040 secs]
9.639: [GC 2109956K->260987K(2158336K), 0.0476600 secs]
9.687: [Full GC 260987K->172963K(2284224K), 0.5611510 secs]
12.253: [GC 2039836K->206647K(2331328K), 0.0227310 secs]
14.357: [GC 2075638K->229114K(2329152K), 0.0296200 secs]
16.424: [GC 2097540K->244808K(2322112K), 0.0426270 secs]
18.500: [GC 2104666K->257060K(2326016K), 0.0338700 secs]
20.587: [GC 2117175K->260972K(2293504K), 0.0310080 secs]
22.619: [GC 2082418K->276112K(2306624K), 0.0284600 secs]
24.619: [GC 2099216K->284038K(2260288K), 0.0312300 secs]
26.556: [GC 2052608K->298241K(2258304K), 0.0336330 secs]
28.534: [GC 2068737K->306507K(2253888K), 0.0328370 secs]
30.476: [GC 2036439K->313506K(2234816K), 0.0347350 secs]
32.415: [GC 2044575K->318748K(2233536K), 0.0356420 secs]
34.347: [GC 2008055K->324455K(2204800K), 0.0366240 secs]
36.211: [GC 2014560K->328453K(2216000K), 0.0371690 secs]
38.030: [GC 1981164K->332918K(2175872K), 0.0385030 secs]
39.861: [GC 1985057K->333616K(2203648K), 0.0385500 secs]
41.724: [GC 1956614K->341992K(2155392K), 0.0407980 secs]
43.595: [GC 1965303K->345823K(2188352K), 0.0427560 secs]
45.390: [GC 1939566K->343097K(2123264K), 0.0405530 secs]
47.157: [GC 1935864K->349724K(2187264K), 0.0420000 secs]
48.976: [GC 1933196K->348860K(2113152K), 0.0494140 secs]
50.762: [GC 1931573K->354696K(2188160K), 0.0446700 secs]
52.516: [GC 1935797K->358460K(2115392K), 0.0442180 secs]
54.294: [GC 1938082K->355077K(2191040K), 0.0553830 secs]
56.065: [GC 1936943K->358702K(2113664K), 0.0443750 secs]
57.813: [GC 1940286K->363276K(2187904K), 0.0473130 secs]
59.583: [GC 1947029K->361569K(2186496K), 0.0497660 secs]
