1.164: [GC 95424K->31596K(365760K), 0.0547830 secs]
1.384: [GC 127020K->65336K(461184K), 0.0699530 secs]
1.779: [GC 256184K->135923K(461184K), 0.0812640 secs]
2.160: [GC 326771K->198518K(652032K), 0.1355180 secs]
2.295: [Full GC 198518K->198504K(825024K), 0.5545820 secs]
3.459: [GC 580200K->237609K(825024K), 0.0501470 secs]
3.719: [GC 618876K->245559K(1057792K), 0.0138040 secs]
4.025: [GC 786960K->256289K(1073280K), 0.0155540 secs]
4.331: [GC 799585K->258493K(1239552K), 0.0204490 secs]
4.745: [GC 993343K->264908K(1258176K), 0.0255650 secs]
5.138: [GC 999863K->274015K(1378560K), 0.0265910 secs]
5.587: [GC 1144916K->279480K(1388352K), 0.0242440 secs]
6.045: [GC 1150163K->288297K(1536640K), 0.0332270 secs]
6.565: [GC 1308731K->287537K(1539264K), 0.0418070 secs]
7.106: [GC 1307241K->295754K(1710784K), 0.0355080 secs]
7.764: [GC 1485664K->306513K(1714880K), 0.0369740 secs]
8.423: [GC 1497100K->316947K(1901504K), 0.0850540 secs]
9.207: [GC 1687043K->320593K(1910912K), 0.0708760 secs]
9.966: [GC 1690510K->330188K(2075648K), 0.0580550 secs]
10.792: [GC 1855356K->341401K(2086080K), 0.0470930 secs]
11.592: [GC 1866360K->345167K(2262784K), 0.0532570 secs]
12.500: [GC 2035781K->361403K(2270976K), 0.0537490 secs]
13.385: [GC 2051113K->367678K(2277952K), 0.0573920 secs]
14.310: [GC 2051925K->369802K(2247680K), 0.0582020 secs]
15.188: [GC 2054659K->374105K(2267776K), 0.0615550 secs]
16.119: [GC 2030901K->390175K(2231936K), 0.0645020 secs]
17.031: [GC 2047189K->385784K(2256256K), 0.0626360 secs]
17.916: [GC 2014839K->391656K(2200960K), 0.0651860 secs]
18.808: [GC 2021000K->398029K(2248320K), 0.0659830 secs]
19.677: [GC 2011784K->399308K(2186560K), 0.0663810 secs]
20.554: [GC 2012013K->406808K(2247040K), 0.0683630 secs]
21.431: [GC 2013574K->410506K(2181248K), 0.0670760 secs]
22.318: [GC 2016194K->417961K(2246272K), 0.0688570 secs]
23.190: [GC 2021347K->411165K(2170048K), 0.0636900 secs]
24.068: [GC 2013592K->406707K(2251712K), 0.0611880 secs]
24.930: [GC 2018931K->409849K(2167552K), 0.0596090 secs]
25.759: [GC 2020454K->420705K(2248448K), 0.0631680 secs]
26.643: [GC 2044641K->424733K(2243776K), 0.0631430 secs]
27.541: [GC 2047140K->426533K(2264896K), 0.0588420 secs]
28.458: [GC 2078495K->431067K(2261120K), 0.0596100 secs]
29.350: [GC 2083222K->442586K(2275008K), 0.0630800 secs]
30.244: [GC 2112035K->450166K(2272704K), 0.0653190 secs]
31.164: [GC 2120700K->458064K(2285120K), 0.0671610 secs]
32.129: [GC 2141674K->459652K(2285632K), 0.0663680 secs]
33.030: [GC 2143455K->465012K(2289536K), 0.0651500 secs]
33.981: [GC 2153050K->474471K(2266304K), 0.0687680 secs]
34.953: [GC 2162437K->475654K(2286720K), 0.0676090 secs]
35.872: [GC 2158766K->478355K(2287616K), 0.0670450 secs]
36.816: [GC 2162531K->480486K(2286464K), 0.0674410 secs]
37.747: [GC 2164390K->489314K(2287104K), 0.0692390 secs]
38.672: [GC 2172391K->490128K(2287488K), 0.0683520 secs]
39.588: [GC 2173744K->492684K(2258112K), 0.0699890 secs]
40.490: [GC 2175936K->500241K(2286144K), 0.0697700 secs]
41.392: [GC 2182950K->498709K(2286080K), 0.0674880 secs]
42.295: [GC 2181435K->501000K(2284928K), 0.0677330 secs]
43.227: [GC 2189852K->502275K(2285568K), 0.0645400 secs]
44.185: [GC 2190357K->510313K(2291328K), 0.0679340 secs]
45.151: [GC 2209338K->516846K(2291904K), 0.0683280 secs]
46.073: [GC 2215840K->524942K(2297344K), 0.0689610 secs]
47.042: [GC 2230566K->525671K(2298176K), 0.0702010 secs]
47.987: [GC 2229920K->528956K(2295744K), 0.0678640 secs]
48.924: [GC 2236028K->537358K(2297280K), 0.0694860 secs]
49.855: [GC 2244165K->544681K(2298624K), 0.0701020 secs]
50.731: [GC 2252032K->543837K(2283200K), 0.0687960 secs]
51.680: [GC 2250378K->547466K(2300096K), 0.0686390 secs]
52.624: [GC 2255812K->553139K(2299328K), 0.0702160 secs]
53.547: [GC 2261932K->553907K(2300096K), 0.0686440 secs]
54.474: [GC 2264834K->557968K(2299712K), 0.0685310 secs]
55.379: [GC 2268312K->566554K(2300864K), 0.0698680 secs]
56.317: [GC 2279096K->567276K(2301760K), 0.0708580 secs]
57.213: [GC 2278278K->572254K(2300480K), 0.0696300 secs]
57.283: [Full GC 572254K->219659K(2322304K), 0.7301580 secs]
58.868: [GC 1931549K->240982K(2183936K), 0.0133570 secs]
59.712: [GC 1952879K->259647K(2281344K), 0.0216530 secs]
60.539: [GC 1910423K->272820K(2153920K), 0.0287480 secs]
61.391: [GC 1923492K->287531K(2286272K), 0.0345700 secs]
62.257: [GC 1925870K->299537K(2168512K), 0.0396300 secs]
63.109: [GC 1937784K->312424K(2290112K), 0.0434610 secs]
