0.541: [GC 95424K->60488K(365760K), 0.0939000 secs]
0.721: [GC 155912K->121085K(461184K), 0.0753750 secs]
1.656: [GC 310823K->165071K(461184K), 0.0527130 secs]
2.278: [GC 354330K->172885K(652032K), 0.0341270 secs]
3.852: [GC 553771K->174162K(652032K), 0.0252460 secs]
5.361: [GC 554411K->174599K(1110400K), 0.0105690 secs]
9.076: [GC 937607K->177121K(1110784K), 0.0131450 secs]
12.331: [GC 938417K->177524K(1872512K), 0.0152930 secs]
20.979: [GC 1703099K->181522K(1872768K), 0.0063060 secs]
28.526: [GC 1707538K->184286K(2195264K), 0.0059210 secs]
38.680: [GC 2037150K->184607K(2195840K), 0.0117160 secs]
49.233: [GC 2036360K->188470K(2198016K), 0.0091670 secs]
60.090: [GC 2047763K->191887K(2199168K), 0.0093200 secs]
