0.539: [GC 95424K->60480K(365760K), 0.0974660 secs]
0.723: [GC 155904K->122677K(461184K), 0.0824980 secs]
1.179: [GC 313525K->166846K(461184K), 0.0425890 secs]
1.673: [GC 356002K->174777K(652032K), 0.0202480 secs]
2.591: [GC 556473K->176716K(652032K), 0.0177950 secs]
3.406: [GC 558412K->179048K(1111936K), 0.0189110 secs]
5.119: [GC 941664K->179908K(1112064K), 0.0166630 secs]
6.513: [GC 943300K->180073K(1874432K), 0.0248790 secs]
10.127: [GC 1706857K->185696K(1874624K), 0.0065200 secs]
13.464: [GC 1712357K->187311K(2194432K), 0.0091950 secs]
17.498: [GC 2038237K->191003K(2194688K), 0.0088450 secs]
21.579: [GC 2040571K->195992K(2196864K), 0.0109320 secs]
26.114: [GC 2055245K->197803K(2197888K), 0.0118020 secs]
30.255: [GC 2056206K->203256K(2201280K), 0.0086750 secs]
34.667: [GC 2072252K->208847K(2203008K), 0.0094100 secs]
39.190: [GC 2079256K->210589K(2046848K), 0.0188660 secs]
43.195: [GC 1992285K->215743K(1961472K), 0.0107670 secs]
46.804: [GC 1912461K->223137K(1884032K), 0.0108960 secs]
46.815: [Full GC 223137K->182444K(2018944K), 0.7402640 secs]
51.127: [GC 1798789K->191665K(2225472K), 0.0086020 secs]
54.768: [GC 1963249K->195101K(2240512K), 0.0219350 secs]
58.464: [GC 1984477K->196209K(2237184K), 0.0094720 secs]
