1.162: [GC 95424K->31564K(365760K), 0.0654440 secs]
1.382: [GC 126988K->65288K(461184K), 0.1033530 secs]
1.776: [GC 256136K->135867K(461184K), 0.1165090 secs]
2.170: [GC 326715K->198438K(652032K), 0.1513780 secs]
2.321: [Full GC 198438K->198427K(815296K), 0.4562010 secs]
3.352: [GC 580123K->239471K(815296K), 0.0263670 secs]
3.493: [GC 621167K->242548K(1091200K), 0.0118760 secs]
3.686: [GC 824564K->245797K(1103104K), 0.0148080 secs]
3.939: [GC 827813K->253552K(1356800K), 0.0298680 secs]
4.426: [GC 1107248K->262217K(1370624K), 0.0257250 secs]
4.719: [GC 1115913K->265625K(1555200K), 0.0251360 secs]
5.046: [GC 1325568K->265176K(1569216K), 0.0268570 secs]
5.367: [GC 1326808K->268460K(1789632K), 0.0269180 secs]
5.744: [GC 1568053K->271187K(1801152K), 0.0267150 secs]
6.127: [GC 1571188K->275676K(2061056K), 0.0290920 secs]
6.614: [GC 1848654K->273930K(2070016K), 0.0278730 secs]
7.088: [GC 1847434K->272916K(2344960K), 0.0268710 secs]
7.643: [GC 2140116K->278224K(2360512K), 0.0276850 secs]
8.156: [GC 2144587K->284666K(2372928K), 0.0288020 secs]
8.697: [GC 2162973K->280695K(2354304K), 0.0302150 secs]
9.335: [GC 2158447K->286118K(2377536K), 0.0308890 secs]
10.125: [GC 2166970K->299473K(2374976K), 0.0382570 secs]
10.937: [GC 2180047K->298893K(2375296K), 0.0295760 secs]
11.747: [GC 2177937K->302187K(2352768K), 0.0287280 secs]
12.531: [GC 2180106K->299907K(2376448K), 0.0271400 secs]
13.288: [GC 2180125K->307268K(2374400K), 0.0263570 secs]
14.076: [GC 2187431K->310666K(2375744K), 0.0286630 secs]
14.835: [GC 2195018K->318780K(2375424K), 0.0343910 secs]
15.625: [GC 2203132K->324963K(2371584K), 0.0360460 secs]
16.462: [GC 2202237K->332549K(2370560K), 0.0369750 secs]
17.258: [GC 2210821K->340308K(2355968K), 0.0399070 secs]
18.015: [GC 2195668K->343676K(2357632K), 0.0434090 secs]
18.831: [GC 2197644K->348525K(2343424K), 0.0461540 secs]
19.571: [GC 2178413K->354284K(2341824K), 0.0413250 secs]
20.278: [GC 2184172K->356630K(2332032K), 0.0486990 secs]
20.986: [GC 2160918K->356043K(2312640K), 0.0489020 secs]
21.750: [GC 2158798K->367122K(2324672K), 0.0480950 secs]
22.575: [GC 2154977K->369566K(2304320K), 0.0487520 secs]
23.375: [GC 2157626K->364854K(2326080K), 0.0479240 secs]
24.141: [GC 2145718K->364990K(2286848K), 0.0467380 secs]
24.906: [GC 2145854K->370687K(2324416K), 0.0496820 secs]
25.601: [GC 2151295K->376950K(2324672K), 0.0528920 secs]
26.299: [GC 2157240K->386854K(2321856K), 0.0510070 secs]
27.060: [GC 2163622K->378242K(2281920K), 0.0482570 secs]
27.771: [GC 2153937K->381457K(2326912K), 0.0464910 secs]
28.446: [GC 2162840K->394679K(2322816K), 0.0477500 secs]
29.146: [GC 2177655K->393120K(2327872K), 0.0478680 secs]
29.826: [GC 2183968K->399180K(2326336K), 0.0470600 secs]
30.550: [GC 2190028K->404924K(2333184K), 0.0506620 secs]
31.266: [GC 2206076K->404153K(2331072K), 0.0451820 secs]
32.066: [GC 2205005K->411985K(2338880K), 0.0454990 secs]
32.757: [GC 2223569K->416421K(2337088K), 0.0482980 secs]
33.492: [GC 2228005K->420914K(2343424K), 0.0494250 secs]
34.205: [GC 2240087K->424932K(2342080K), 0.0489800 secs]
34.943: [GC 2243549K->432334K(2345856K), 0.0509800 secs]
35.725: [GC 2256142K->434710K(2347136K), 0.0503890 secs]
36.433: [GC 2258167K->439162K(2345856K), 0.0502830 secs]
37.147: [GC 2260388K->438344K(2328000K), 0.0498670 secs]
37.855: [GC 2259476K->445395K(2345024K), 0.0514670 secs]
38.555: [GC 2266988K->443562K(2345472K), 0.0513210 secs]
39.246: [GC 2264293K->453371K(2346368K), 0.0517000 secs]
40.026: [GC 2277307K->456298K(2347136K), 0.0509830 secs]
40.704: [GC 2280234K->450608K(2347072K), 0.0470540 secs]
41.421: [GC 2274250K->458214K(2328512K), 0.0505990 secs]
42.155: [GC 2281427K->454038K(2347072K), 0.0388830 secs]
42.816: [GC 2279174K->460953K(2347200K), 0.0434560 secs]
43.547: [GC 2286169K->461663K(2348992K), 0.0391420 secs]
44.202: [GC 2289055K->463410K(2348928K), 0.0388900 secs]
44.877: [GC 2290802K->461281K(2346880K), 0.0383790 secs]
45.516: [GC 2286177K->474190K(2348032K), 0.0347050 secs]
46.220: [GC 2299086K->463092K(2346176K), 0.0322220 secs]
46.868: [GC 2287220K->466473K(2303104K), 0.0330490 secs]
47.556: [GC 2290601K->472072K(2347328K), 0.0324270 secs]
48.201: [GC 2295112K->475249K(2304896K), 0.0354560 secs]
48.236: [Full GC 475249K->226083K(2334080K), 0.7252390 secs]
49.582: [GC 2049011K->235252K(2360448K), 0.0079130 secs]
50.247: [GC 2043380K->241681K(2270656K), 0.0093700 secs]
50.914: [GC 2048626K->247300K(2360576K), 0.0131980 secs]
51.565: [GC 2042500K->242765K(2258816K), 0.0123920 secs]
52.203: [GC 2037965K->249040K(2362304K), 0.0112380 secs]
52.796: [GC 2041575K->253642K(2268416K), 0.0136780 secs]
53.396: [GC 2047562K->254092K(2361664K), 0.0193870 secs]
54.006: [GC 2051148K->260643K(2358528K), 0.0210320 secs]
54.622: [GC 2056648K->270905K(2361920K), 0.0234730 secs]
55.232: [GC 2080505K->277128K(2360384K), 0.0419770 secs]
55.837: [GC 2086209K->282472K(2374912K), 0.0348780 secs]
56.455: [GC 2110568K->281955K(2373248K), 0.0256040 secs]
57.056: [GC 2110051K->284299K(2381824K), 0.0305270 secs]
57.685: [GC 2122955K->288007K(2380736K), 0.0312720 secs]
58.251: [GC 2126663K->289898K(2385984K), 0.0347310 secs]
58.929: [GC 2133738K->292643K(2386432K), 0.0366260 secs]
59.528: [GC 2136483K->296919K(2385920K), 0.0367260 secs]
60.136: [GC 2140247K->306087K(2364160K), 0.0396420 secs]
60.747: [GC 2148667K->311140K(2376000K), 0.0390510 secs]
61.369: [GC 2141028K->312800K(2354752K), 0.0417750 secs]
62.008: [GC 2142688K->315545K(2372160K), 0.0434280 secs]
62.618: [GC 2135193K->320449K(2347904K), 0.0439710 secs]
