0.527: [GC 95424K->59885K(365760K), 0.1456370 secs]
0.755: [GC 155309K->119813K(461184K), 0.0791000 secs]
1.197: [GC 308933K->164832K(461184K), 0.0852170 secs]
1.637: [GC 354751K->172539K(652032K), 0.0149790 secs]
2.362: [GC 552904K->188915K(652032K), 0.0160230 secs]
3.032: [GC 570304K->202786K(1103872K), 0.0241090 secs]
4.450: [GC 966178K->227941K(1104832K), 0.0309990 secs]
5.755: [GC 990096K->240543K(1863552K), 0.0211310 secs]
8.421: [GC 1765407K->269979K(1865472K), 0.0292670 secs]
8.451: [Full GC 269979K->176841K(1993152K), 0.5975190 secs]
11.459: [GC 1699767K->213368K(2325504K), 0.0133440 secs]
14.497: [GC 2063032K->242039K(2324160K), 0.0223780 secs]
17.495: [GC 2090993K->266675K(2305088K), 0.0287000 secs]
20.505: [GC 2095245K->285996K(2314752K), 0.0319710 secs]
23.520: [GC 2115008K->305139K(2251392K), 0.0367290 secs]
26.395: [GC 2071283K->320110K(2242688K), 0.0362430 secs]
29.336: [GC 2086254K->341524K(2259776K), 0.0328110 secs]
32.157: [GC 2081172K->353782K(2249856K), 0.0351740 secs]
35.114: [GC 2093430K->356677K(2235968K), 0.0354290 secs]
37.874: [GC 2050117K->370756K(2220608K), 0.0395510 secs]
40.636: [GC 2064196K->378429K(2206336K), 0.0412360 secs]
43.298: [GC 2017981K->389792K(2185792K), 0.0439960 secs]
45.958: [GC 2028382K->388949K(2183168K), 0.0439790 secs]
48.527: [GC 1977043K->385760K(2130560K), 0.0432500 secs]
51.082: [GC 1974112K->388401K(2174848K), 0.0434170 secs]
53.629: [GC 1950257K->391635K(2109952K), 0.0447340 secs]
56.153: [GC 1953491K->391713K(2168320K), 0.0438340 secs]
58.642: [GC 1935649K->398651K(2099008K), 0.0458000 secs]
