0.528: [GC 95424K->59882K(365760K), 0.0741660 secs]
0.683: [GC 155306K->119806K(461184K), 0.1082930 secs]
1.160: [GC 308770K->164971K(461184K), 0.0836160 secs]
1.591: [GC 354971K->172545K(652032K), 0.0669770 secs]
2.364: [GC 552915K->188599K(652032K), 0.0184070 secs]
3.035: [GC 570035K->202190K(1104064K), 0.0263150 secs]
4.454: [GC 965582K->226686K(1104960K), 0.0331560 secs]
5.767: [GC 989001K->239322K(1863040K), 0.0233730 secs]
8.442: [GC 1764186K->268926K(1864960K), 0.0315240 secs]
10.960: [GC 1792424K->283872K(2195584K), 0.0345570 secs]
10.995: [Full GC 283872K->172659K(2313472K), 0.5693790 secs]
14.544: [GC 2020467K->215739K(2263296K), 0.0221750 secs]
17.574: [GC 2063547K->246711K(2315648K), 0.0287000 secs]
20.658: [GC 2096621K->281658K(2306560K), 0.0270520 secs]
23.768: [GC 2132053K->303608K(2283456K), 0.0322570 secs]
26.764: [GC 2118392K->318165K(2297600K), 0.0411990 secs]
29.774: [GC 2131157K->346114K(2281280K), 0.0293420 secs]
32.748: [GC 2145922K->360547K(2284672K), 0.0329240 secs]
35.834: [GC 2159426K->369184K(2244864K), 0.0338920 secs]
38.727: [GC 2118304K->384868K(2258304K), 0.0389920 secs]
41.689: [GC 2133599K->397633K(2204032K), 0.0418950 secs]
44.415: [GC 2078694K->405266K(2211520K), 0.0432530 secs]
47.190: [GC 2087186K->409391K(2184960K), 0.0446350 secs]
49.804: [GC 2027812K->398956K(2142272K), 0.0411080 secs]
52.463: [GC 2017900K->409356K(2173376K), 0.0447320 secs]
55.004: [GC 1993945K->406587K(2115968K), 0.0427130 secs]
57.636: [GC 1991611K->414821K(2162560K), 0.0449020 secs]
60.139: [GC 1973733K->415949K(2099200K), 0.0446650 secs]
