1.113: [GC 94438K->31850K(365760K), 0.0683580 secs]
1.349: [GC 127274K->64989K(461184K), 0.0927730 secs]
1.761: [GC 255837K->132979K(461184K), 0.0764310 secs]
2.134: [GC 323827K->195799K(652032K), 0.1161580 secs]
2.251: [Full GC 195799K->195759K(821568K), 0.5972250 secs]
4.046: [GC 577455K->232581K(821568K), 0.0244650 secs]
5.078: [GC 614277K->249926K(1026048K), 0.0154700 secs]
6.407: [GC 778438K->263652K(1051584K), 0.0191140 secs]
7.626: [GC 792164K->272134K(1160576K), 0.0213650 secs]
9.194: [GC 947526K->293330K(1189760K), 0.0274160 secs]
10.685: [GC 968722K->309188K(1278592K), 0.0329260 secs]
12.369: [GC 1067716K->319755K(1288384K), 0.0335350 secs]
13.986: [GC 1078283K->330227K(1368128K), 0.0378160 secs]
15.745: [GC 1156723K->344308K(1381376K), 0.0399280 secs]
17.566: [GC 1170804K->351964K(1453696K), 0.0450030 secs]
19.337: [GC 1235036K->359998K(1469120K), 0.0413260 secs]
21.122: [GC 1242084K->368781K(1536256K), 0.0481670 secs]
23.138: [GC 1303821K->378738K(1551488K), 0.0470240 secs]
25.094: [GC 1313778K->384124K(1596992K), 0.0523640 secs]
27.143: [GC 1348557K->389253K(1611136K), 0.0502910 secs]
29.293: [GC 1354181K->383204K(1662336K), 0.0518430 secs]
31.387: [GC 1386532K->394898K(1667776K), 0.0494980 secs]
33.592: [GC 1398226K->397626K(1714176K), 0.0511860 secs]
35.835: [GC 1439806K->402494K(1718336K), 0.0500050 secs]
38.094: [GC 1443349K->401529K(1759296K), 0.0501900 secs]
40.464: [GC 1486649K->409906K(1761664K), 0.0500450 secs]
42.795: [GC 1495026K->416302K(1792896K), 0.0527520 secs]
45.217: [GC 1531812K->423585K(1793856K), 0.0526190 secs]
47.592: [GC 1538649K->425499K(1828288K), 0.0540450 secs]
50.082: [GC 1574363K->429386K(1828480K), 0.0540610 secs]
52.607: [GC 1578250K->428469K(1857152K), 0.0538450 secs]
55.202: [GC 1610229K->429195K(1859392K), 0.0525300 secs]
57.726: [GC 1610955K->436302K(1884864K), 0.0543310 secs]
60.334: [GC 1651150K->435960K(1887040K), 0.0528610 secs]
62.912: [GC 1650808K->435936K(1902976K), 0.0521000 secs]
