0.552: [GC 95424K->59869K(365760K), 0.1030800 secs]
0.739: [GC 155293K->119825K(461184K), 0.0987730 secs]
1.230: [GC 308745K->164015K(461184K), 0.0413220 secs]
1.643: [GC 354479K->170030K(652032K), 0.0597450 secs]
2.565: [GC 551726K->177752K(652032K), 0.0397130 secs]
3.425: [GC 558635K->183680K(1107776K), 0.0285550 secs]
5.075: [GC 946813K->197395K(1108096K), 0.0155300 secs]
6.634: [GC 960682K->206967K(1858944K), 0.0143780 secs]
9.852: [GC 1733421K->234621K(1863232K), 0.0271380 secs]
12.768: [GC 1761136K->251120K(2201728K), 0.0256760 secs]
16.496: [GC 2112130K->270908K(2154240K), 0.0354900 secs]
16.532: [Full GC 270908K->176587K(2275648K), 0.4834880 secs]
20.433: [GC 2037642K->210394K(2325824K), 0.0136550 secs]
24.014: [GC 2076369K->227738K(2323776K), 0.0312950 secs]
27.702: [GC 2093496K->239533K(2326336K), 0.0238820 secs]
31.423: [GC 2109616K->263279K(2326016K), 0.0676590 secs]
35.361: [GC 2132503K->276867K(2326336K), 0.0675610 secs]
39.339: [GC 2149089K->294543K(2325440K), 0.0333240 secs]
43.358: [GC 2166765K->307508K(2294080K), 0.0574480 secs]
47.308: [GC 2139163K->312043K(2279040K), 0.0284540 secs]
51.365: [GC 2142752K->328059K(2292096K), 0.0257600 secs]
55.187: [GC 2138105K->345429K(2292288K), 0.0290600 secs]
59.099: [GC 2155842K->353412K(2256960K), 0.0312250 secs]
