0.533: [GC 95424K->59874K(365760K), 0.0982030 secs]
0.715: [GC 155298K->119790K(461184K), 0.1005430 secs]
1.119: [GC 308704K->164205K(461184K), 0.0588080 secs]
1.428: [GC 354667K->169413K(652032K), 0.0107740 secs]
2.008: [GC 549240K->177076K(652032K), 0.0115150 secs]
2.538: [GC 558566K->184045K(1107200K), 0.0102000 secs]
3.647: [GC 945965K->195809K(1107840K), 0.0181940 secs]
4.671: [GC 959201K->204258K(1859392K), 0.0244710 secs]
6.954: [GC 1730578K->222990K(1863424K), 0.0172060 secs]
9.123: [GC 1748272K->242045K(2205952K), 0.0213630 secs]
11.882: [GC 2114421K->264111K(2207616K), 0.0311900 secs]
11.914: [Full GC 264111K->175725K(2338752K), 0.5683030 secs]
15.151: [GC 2047918K->203383K(2339200K), 0.0137790 secs]
17.843: [GC 2078838K->229752K(2339776K), 0.0189270 secs]
20.535: [GC 2105960K->247217K(2328448K), 0.0228740 secs]
23.139: [GC 2110395K->264457K(2335616K), 0.0271910 secs]
25.750: [GC 2126879K->276279K(2306944K), 0.0320970 secs]
28.332: [GC 2111927K->288688K(2302528K), 0.0235390 secs]
30.923: [GC 2123270K->302582K(2295424K), 0.0272140 secs]
33.445: [GC 2105215K->312427K(2294272K), 0.0290030 secs]
35.985: [GC 2114816K->318128K(2271104K), 0.0303470 secs]
38.449: [GC 2075717K->324829K(2261440K), 0.0406630 secs]
40.910: [GC 2081866K->338031K(2244224K), 0.0352930 secs]
43.320: [GC 2046708K->340833K(2227840K), 0.0358580 secs]
45.731: [GC 2048526K->349099K(2221760K), 0.0373660 secs]
48.091: [GC 2010018K->351927K(2191040K), 0.0386410 secs]
50.445: [GC 2012416K->354628K(2205632K), 0.0386180 secs]
52.738: [GC 1975604K->358203K(2158528K), 0.0398200 secs]
55.040: [GC 1979006K->365570K(2189440K), 0.0417690 secs]
57.293: [GC 1953089K->366900K(2131520K), 0.0411460 secs]
59.546: [GC 1954586K->365760K(2188288K), 0.0410500 secs]
