1.160: [GC 95424K->31596K(365760K), 0.0576760 secs]
1.373: [GC 127020K->64068K(461184K), 0.0798170 secs]
1.747: [GC 254916K->132819K(461184K), 0.0731410 secs]
2.099: [GC 323667K->195410K(652032K), 0.2311630 secs]
2.330: [Full GC 195410K->195397K(815936K), 0.5600500 secs]
3.569: [GC 575781K->230038K(815936K), 0.0377440 secs]
3.830: [GC 610730K->237652K(1061824K), 0.0155940 secs]
4.168: [GC 794874K->249088K(1079040K), 0.0524900 secs]
4.529: [GC 807173K->253890K(1274432K), 0.0206450 secs]
4.960: [GC 1041468K->261650K(1301440K), 0.0248350 secs]
5.404: [GC 1049172K->270442K(1444544K), 0.0271210 secs]
5.934: [GC 1221600K->284775K(1459264K), 0.0324880 secs]
6.475: [GC 1237735K->291184K(1638912K), 0.0367990 secs]
7.130: [GC 1419440K->301058K(1644608K), 0.0405120 secs]
7.828: [GC 1429254K->307961K(1840832K), 0.0452950 secs]
8.606: [GC 1624377K->318150K(1849664K), 0.0506550 secs]
9.396: [GC 1634566K->325090K(2065280K), 0.0541370 secs]
10.304: [GC 1844555K->333202K(2076352K), 0.0593430 secs]
11.200: [GC 1854482K->346489K(2235392K), 0.0628520 secs]
12.229: [GC 2015097K->358412K(2249472K), 0.0705470 secs]
13.245: [GC 2027020K->365113K(2252224K), 0.0728420 secs]
14.322: [GC 2020921K->374565K(2224320K), 0.0699030 secs]
15.418: [GC 2030373K->374886K(2238336K), 0.0734410 secs]
16.492: [GC 1993190K->382793K(2188032K), 0.0732150 secs]
17.556: [GC 1999555K->393275K(2221696K), 0.0779720 secs]
18.603: [GC 1980466K->396849K(2165376K), 0.0776090 secs]
19.647: [GC 1984049K->401365K(2214848K), 0.0778000 secs]
20.721: [GC 1966532K->408845K(2148416K), 0.0806420 secs]
21.730: [GC 1974349K->408284K(2211840K), 0.0826950 secs]
22.661: [GC 1961122K->414170K(2134976K), 0.0837370 secs]
23.633: [GC 1968114K->421340K(2210176K), 0.0823910 secs]
24.624: [GC 1971292K->423534K(2211200K), 0.0786320 secs]
25.649: [GC 1971817K->427332K(2207488K), 0.0845970 secs]
26.684: [GC 1978308K->431392K(2209344K), 0.0792870 secs]
27.757: [GC 1981734K->433843K(2207040K), 0.0782100 secs]
28.819: [GC 1992051K->433111K(2210240K), 0.0788940 secs]
29.839: [GC 1990980K->435797K(2208000K), 0.0764290 secs]
30.859: [GC 2009229K->430417K(2212416K), 0.0737780 secs]
31.895: [GC 2004575K->436120K(2225536K), 0.0739460 secs]
32.945: [GC 2039142K->436805K(2229632K), 0.0682070 secs]
34.001: [GC 2038771K->441464K(2237632K), 0.0727680 secs]
35.084: [GC 2065636K->445319K(2241856K), 0.0734770 secs]
36.144: [GC 2070855K->451357K(2246976K), 0.0713940 secs]
37.179: [GC 2094980K->457947K(2251456K), 0.0736300 secs]
38.232: [GC 2102046K->467587K(2259456K), 0.0766720 secs]
39.315: [GC 2129465K->475449K(2262336K), 0.0751380 secs]
40.377: [GC 2137610K->477684K(2267648K), 0.0757320 secs]
41.469: [GC 2150348K->479999K(2270656K), 0.0783430 secs]
42.632: [GC 2153340K->491387K(2275200K), 0.0778160 secs]
43.727: [GC 2170415K->488668K(2245824K), 0.0750100 secs]
44.788: [GC 2168183K->494269K(2277120K), 0.0769690 secs]
45.845: [GC 2177661K->501729K(2275584K), 0.0819240 secs]
46.915: [GC 2185098K->502893K(2279488K), 0.0779380 secs]
48.018: [GC 2188496K->506393K(2278720K), 0.0779840 secs]
49.053: [GC 2191738K->508958K(2280256K), 0.0783770 secs]
50.077: [GC 2198558K->517709K(2279680K), 0.0827350 secs]
51.087: [GC 2205870K->528156K(2273408K), 0.0942840 secs]
52.132: [GC 2209948K->523995K(2277120K), 0.0806900 secs]
53.136: [GC 2204885K->537714K(2271168K), 0.0829940 secs]
54.223: [GC 2213618K->536017K(2255232K), 0.0820880 secs]
55.306: [GC 2211921K->541390K(2272192K), 0.0800660 secs]
56.388: [GC 2214294K->545211K(2254464K), 0.0839490 secs]
57.438: [GC 2216648K->542616K(2274304K), 0.0805570 secs]
58.493: [GC 2216127K->542036K(2244160K), 0.0802070 secs]
59.549: [GC 2215970K->549232K(2271680K), 0.0830360 secs]
60.616: [GC 2224752K->552932K(2270336K), 0.0801760 secs]
61.772: [GC 2228452K->555213K(2275968K), 0.0769870 secs]
62.844: [GC 2237014K->562100K(2274496K), 0.0827670 secs]
