0.532: [GC 95424K->59877K(365760K), 0.0832510 secs]
0.698: [GC 155301K->119821K(461184K), 0.1390020 secs]
1.313: [GC 309941K->175005K(461184K), 0.0534710 secs]
1.713: [GC 364376K->175271K(652032K), 0.0283710 secs]
2.772: [GC 555717K->178045K(652032K), 0.0116030 secs]
3.551: [GC 558149K->180094K(1113280K), 0.0230250 secs]
5.363: [GC 942301K->184420K(1113536K), 0.0136370 secs]
7.245: [GC 946682K->188007K(1871936K), 0.0150000 secs]
10.905: [GC 1714759K->196876K(1873536K), 0.0101080 secs]
14.423: [GC 1722066K->203921K(2192512K), 0.0088380 secs]
19.231: [GC 2057064K->215390K(2194304K), 0.0133080 secs]
23.918: [GC 2069149K->228825K(2198656K), 0.0143400 secs]
23.933: [Full GC 228825K->183341K(2326976K), 0.5915910 secs]
28.928: [GC 2050564K->200347K(2329152K), 0.0092510 secs]
33.121: [GC 2067494K->217416K(2333376K), 0.0128360 secs]
37.389: [GC 2098284K->227375K(2337344K), 0.0155720 secs]
41.828: [GC 2108101K->234637K(2339968K), 0.0162690 secs]
46.251: [GC 2118808K->239966K(2323712K), 0.0229740 secs]
50.596: [GC 2124127K->247674K(2327040K), 0.0532330 secs]
55.054: [GC 2111337K->255661K(2319744K), 0.0205470 secs]
59.045: [GC 2119221K->260779K(2309952K), 0.0208880 secs]
