0.541: [GC 95424K->59882K(365760K), 0.0758170 secs]
0.703: [GC 155306K->119258K(461184K), 0.0985570 secs]
1.196: [GC 310106K->174927K(461184K), 0.0870930 secs]
1.544: [GC 364360K->175952K(652032K), 0.0235750 secs]
2.271: [GC 557283K->180550K(652032K), 0.0298380 secs]
2.943: [GC 561237K->187188K(1111104K), 0.0296910 secs]
4.166: [GC 948934K->192091K(1112192K), 0.0133410 secs]
5.370: [GC 953770K->196437K(1868736K), 0.0146070 secs]
7.901: [GC 1722758K->206415K(1870912K), 0.0302260 secs]
10.287: [GC 1733105K->215990K(2194304K), 0.0219680 secs]
13.208: [GC 2075749K->222196K(2196736K), 0.0139640 secs]
13.222: [Full GC 222196K->181706K(2325376K), 0.4916510 secs]
16.329: [GC 2040461K->202921K(2331712K), 0.0094110 secs]
19.173: [GC 2074045K->212560K(2334464K), 0.0204680 secs]
21.849: [GC 2084705K->215835K(2332928K), 0.0127220 secs]
24.444: [GC 2096094K->219161K(2336000K), 0.0126580 secs]
27.269: [GC 2100560K->223129K(2345664K), 0.0234900 secs]
30.170: [GC 2118358K->232212K(2347136K), 0.0161810 secs]
33.005: [GC 2127238K->236447K(2342144K), 0.0240150 secs]
35.804: [GC 2123732K->241106K(2331584K), 0.0366850 secs]
38.751: [GC 2129835K->248695K(2329024K), 0.0300950 secs]
41.620: [GC 2116020K->255649K(2325376K), 0.0266370 secs]
44.494: [GC 2123531K->256370K(2315776K), 0.0200670 secs]
47.390: [GC 2097808K->263799K(2306880K), 0.0232830 secs]
50.271: [GC 2104384K->269202K(2298880K), 0.0249650 secs]
53.001: [GC 2079334K->274321K(2287104K), 0.0369200 secs]
55.749: [GC 2084817K->278064K(2283584K), 0.0375300 secs]
58.482: [GC 2056597K->287568K(2264512K), 0.0468700 secs]
