1.181: [GC 95424K->31612K(365760K), 0.0452330 secs]
1.386: [GC 127036K->64080K(461184K), 0.0803870 secs]
1.791: [GC 254928K->131823K(461184K), 0.0674760 secs]
2.161: [GC 322671K->194394K(652032K), 0.0991710 secs]
2.260: [Full GC 194394K->194368K(817920K), 0.4687530 secs]
3.378: [GC 576064K->237119K(817920K), 0.0265160 secs]
3.704: [GC 618529K->248719K(1061696K), 0.0303220 secs]
4.017: [GC 800527K->257674K(1071232K), 0.0129670 secs]
4.276: [GC 808086K->265889K(1243776K), 0.0145270 secs]
4.619: [GC 1020257K->266644K(1266240K), 0.0173220 secs]
4.965: [GC 1021012K->271719K(1386752K), 0.0180110 secs]
5.346: [GC 1167783K->277468K(1400704K), 0.0183480 secs]
5.792: [GC 1172884K->286928K(1543296K), 0.0216810 secs]
6.297: [GC 1329791K->287357K(1549888K), 0.0225500 secs]
6.767: [GC 1329235K->294627K(1706176K), 0.0213460 secs]
7.317: [GC 1490839K->294245K(1710272K), 0.0224680 secs]
7.837: [GC 1492133K->301016K(1876160K), 0.0253770 secs]
8.454: [GC 1661749K->301728K(1880832K), 0.0244850 secs]
9.030: [GC 1661245K->308313K(1998912K), 0.0262720 secs]
9.693: [GC 1783257K->314699K(2004224K), 0.0265350 secs]
10.320: [GC 1788942K->318061K(2131520K), 0.0298410 secs]
10.999: [GC 1913789K->329166K(2134528K), 0.0325980 secs]
11.663: [GC 1923998K->326525K(2265408K), 0.0255600 secs]
12.462: [GC 2053496K->336566K(2269568K), 0.0251650 secs]
13.214: [GC 2062846K->351079K(2319872K), 0.0282000 secs]
13.995: [GC 2126439K->352583K(2298688K), 0.0276560 secs]
14.824: [GC 2127443K->358690K(2313856K), 0.0274770 secs]
15.630: [GC 2116359K->367205K(2291328K), 0.0286010 secs]
16.496: [GC 2126263K->368643K(2305792K), 0.0427840 secs]
17.374: [GC 2109166K->370543K(2272064K), 0.0288230 secs]
18.270: [GC 2111527K->369834K(2305600K), 0.0286310 secs]
19.033: [GC 2104164K->381772K(2270656K), 0.0317710 secs]
19.845: [GC 2115912K->381799K(2302784K), 0.0304910 secs]
20.671: [GC 2110971K->389647K(2265344K), 0.0307740 secs]
21.555: [GC 2119823K->390302K(2302528K), 0.0309390 secs]
22.402: [GC 2118228K->394874K(2301952K), 0.0309270 secs]
23.256: [GC 2122212K->405562K(2296896K), 0.0321440 secs]
24.110: [GC 2126634K->408547K(2264768K), 0.0338190 secs]
24.998: [GC 2130271K->405402K(2300480K), 0.0325520 secs]
25.899: [GC 2127450K->407404K(2251328K), 0.0310660 secs]
26.794: [GC 2127818K->413544K(2297216K), 0.0306680 secs]
27.640: [GC 2137523K->408651K(2294272K), 0.0284080 secs]
28.495: [GC 2133165K->420173K(2303552K), 0.0303050 secs]
29.348: [GC 2156517K->422409K(2300608K), 0.0315910 secs]
30.203: [GC 2158825K->428650K(2309312K), 0.0327350 secs]
31.037: [GC 2178346K->429490K(2307584K), 0.0316320 secs]
31.883: [GC 2178010K->437120K(2316224K), 0.0420760 secs]
32.727: [GC 2198336K->436252K(2313920K), 0.0355650 secs]
33.586: [GC 2195865K->439115K(2321152K), 0.0319430 secs]
34.425: [GC 2207638K->449387K(2319872K), 0.0405180 secs]
35.329: [GC 2219225K->454389K(2324736K), 0.0350660 secs]
36.227: [GC 2231541K->456410K(2323072K), 0.0377550 secs]
37.081: [GC 2231758K->466028K(2328768K), 0.0381540 secs]
37.896: [GC 2249991K->467366K(2327808K), 0.0312030 secs]
38.763: [GC 2251250K->473718K(2331328K), 0.0310720 secs]
39.624: [GC 2262414K->481257K(2330560K), 0.0318990 secs]
40.553: [GC 2269246K->489103K(2327808K), 0.0332180 secs]
41.452: [GC 2273178K->491849K(2325888K), 0.0336750 secs]
42.339: [GC 2275821K->493510K(2324160K), 0.0337020 secs]
43.265: [GC 2268663K->500792K(2318336K), 0.0337520 secs]
44.164: [GC 2274937K->511426K(2312704K), 0.0364940 secs]
45.066: [GC 2270914K->514783K(2310848K), 0.0351650 secs]
45.925: [GC 2274248K->509132K(2312768K), 0.0383100 secs]
46.800: [GC 2259020K->514741K(2295424K), 0.0360320 secs]
47.687: [GC 2263255K->523468K(2307392K), 0.0362270 secs]
48.638: [GC 2265520K->527926K(2294336K), 0.0365970 secs]
49.503: [GC 2270756K->536427K(2301376K), 0.0367060 secs]
50.343: [GC 2268075K->540815K(2287296K), 0.0368090 secs]
51.209: [GC 2273283K->542015K(2300544K), 0.0365560 secs]
52.093: [GC 2268061K->548119K(2281344K), 0.0372100 secs]
52.131: [Full GC 548119K->227130K(2331392K), 0.6350500 secs]
53.578: [GC 1952454K->243231K(2320192K), 0.0123080 secs]
54.446: [GC 1936283K->265376K(2202752K), 0.0190590 secs]
55.316: [GC 1957876K->272136K(2322048K), 0.0225120 secs]
56.164: [GC 1945992K->284478K(2325184K), 0.0185230 secs]
56.953: [GC 1957947K->296585K(2316032K), 0.0294500 secs]
57.832: [GC 1969814K->300451K(2321088K), 0.0259190 secs]
58.676: [GC 1975267K->304528K(2318784K), 0.0285040 secs]
59.499: [GC 1991959K->320247K(2324544K), 0.0422760 secs]
60.327: [GC 2008551K->319449K(2329344K), 0.0259490 secs]
61.116: [GC 2030314K->324228K(2334912K), 0.0280480 secs]
61.967: [GC 2034388K->337611K(2353152K), 0.0301320 secs]
62.853: [GC 2071115K->335331K(2354624K), 0.0290570 secs]
