0.527: [GC 95424K->59877K(365760K), 0.0859540 secs]
0.693: [GC 155301K->118285K(461184K), 0.1011730 secs]
0.903: [GC 309133K->171871K(461184K), 0.0580230 secs]
1.223: [GC 361807K->171966K(652032K), 0.0316460 secs]
1.748: [GC 553453K->173025K(652032K), 0.0150800 secs]
2.121: [GC 554096K->175210K(1111296K), 0.0318240 secs]
3.054: [GC 938412K->182670K(1111680K), 0.0203760 secs]
3.890: [GC 946062K->185557K(1869632K), 0.0124400 secs]
5.769: [GC 1711267K->192380K(1871040K), 0.0092820 secs]
7.472: [GC 1717452K->197488K(2198400K), 0.0509720 secs]
9.726: [GC 2056001K->207779K(2198528K), 0.0204940 secs]
11.864: [GC 2065172K->216636K(2202816K), 0.0122270 secs]
11.876: [Full GC 216636K->190636K(2342208K), 0.5926620 secs]
14.665: [GC 2057507K->211015K(2342336K), 0.0152840 secs]
16.863: [GC 2078656K->221274K(2344512K), 0.0238430 secs]
19.110: [GC 2099005K->230306K(2345472K), 0.0346870 secs]
21.409: [GC 2109468K->233683K(2356480K), 0.0138770 secs]
23.712: [GC 2123342K->241640K(2335552K), 0.0228430 secs]
25.978: [GC 2130537K->248401K(2344384K), 0.0168400 secs]
28.162: [GC 2122680K->253391K(2331584K), 0.0439120 secs]
30.469: [GC 2126725K->258293K(2331712K), 0.0202900 secs]
32.814: [GC 2108611K->264029K(2319296K), 0.0359540 secs]
35.204: [GC 2114417K->267207K(2318144K), 0.0292430 secs]
37.583: [GC 2092132K->270889K(2299776K), 0.0691440 secs]
39.822: [GC 2094873K->274220K(2306368K), 0.0523220 secs]
42.095: [GC 2073839K->273818K(2278272K), 0.0216630 secs]
44.484: [GC 2073720K->281054K(2296192K), 0.0234580 secs]
46.574: [GC 2061193K->284026K(2268032K), 0.0244080 secs]
48.676: [GC 2063925K->285388K(2291136K), 0.0247320 secs]
50.828: [GC 2049298K->290268K(2247808K), 0.0256620 secs]
52.938: [GC 2053860K->295345K(2289728K), 0.0257500 secs]
55.025: [GC 2053926K->299258K(2242880K), 0.0260100 secs]
57.116: [GC 2057831K->303483K(2288896K), 0.0258720 secs]
59.263: [GC 2058026K->309155K(2246528K), 0.0269220 secs]
