0.526: [GC 95424K->59882K(365760K), 0.0794920 secs]
0.687: [GC 155306K->119810K(461184K), 0.1233360 secs]
0.931: [GC 310658K->174515K(461184K), 0.0958810 secs]
1.295: [GC 365033K->179578K(652032K), 0.0456850 secs]
1.756: [GC 560628K->187818K(652032K), 0.0197960 secs]
2.172: [GC 567712K->192809K(1110976K), 0.0250340 secs]
3.042: [GC 954891K->194746K(1111232K), 0.0145360 secs]
3.858: [GC 956417K->198192K(1871616K), 0.0284400 secs]
5.624: [GC 1723505K->206741K(1872640K), 0.0149400 secs]
7.207: [GC 1731186K->215553K(2192256K), 0.0160170 secs]
9.202: [GC 2069306K->223712K(2194368K), 0.0233260 secs]
9.225: [Full GC 223712K->188762K(2335040K), 0.6009110 secs]
11.758: [GC 2043114K->215272K(2339456K), 0.0496570 secs]
13.754: [GC 2082565K->230472K(2342272K), 0.0558810 secs]
15.780: [GC 2098504K->238887K(2350400K), 0.0578050 secs]
17.880: [GC 2116470K->249218K(2333376K), 0.0259040 secs]
19.952: [GC 2125376K->258473K(2333120K), 0.0219840 secs]
22.036: [GC 2111966K->266754K(2327488K), 0.0482620 secs]
24.103: [GC 2120190K->271134K(2315008K), 0.0382830 secs]
26.182: [GC 2090982K->276752K(2303808K), 0.0254340 secs]
28.184: [GC 2096907K->280512K(2298752K), 0.0309540 secs]
30.169: [GC 2066807K->282312K(2276224K), 0.0390990 secs]
32.174: [GC 2068988K->288287K(2285120K), 0.0364840 secs]
34.114: [GC 2046968K->293823K(2259200K), 0.0291740 secs]
36.245: [GC 2050936K->298377K(2269952K), 0.0887970 secs]
38.229: [GC 2026825K->303684K(2238848K), 0.0338010 secs]
40.153: [GC 2032402K->311257K(2252864K), 0.0374020 secs]
42.035: [GC 2007734K->311304K(2208576K), 0.0414960 secs]
43.959: [GC 2007420K->314514K(2251904K), 0.0448680 secs]
45.885: [GC 1997458K->319042K(2196288K), 0.0880590 secs]
47.810: [GC 2001390K->322128K(2249472K), 0.0326590 secs]
49.715: [GC 1996781K->321071K(2250816K), 0.0320420 secs]
51.633: [GC 1995600K->325675K(2247936K), 0.0323910 secs]
53.534: [GC 2001685K->328240K(2249536K), 0.0320580 secs]
55.429: [GC 2004709K->335648K(2252032K), 0.0329310 secs]
57.355: [GC 2016102K->338923K(2252672K), 0.0332420 secs]
59.247: [GC 2020282K->339238K(2250816K), 0.0317600 secs]
