1.156: [GC 95424K->31652K(365760K), 0.0968390 secs]
1.411: [GC 127076K->65408K(461184K), 0.0938540 secs]
1.805: [GC 256256K->133639K(461184K), 0.0811700 secs]
2.172: [GC 324487K->196226K(652032K), 0.1581700 secs]
2.330: [Full GC 196226K->196193K(817216K), 0.5641650 secs]
3.381: [GC 576564K->241933K(817216K), 0.0289720 secs]
3.683: [GC 622456K->258600K(1054720K), 0.0174960 secs]
3.968: [GC 813272K->263813K(1073280K), 0.0186760 secs]
4.225: [GC 819177K->270300K(1273408K), 0.0260670 secs]
4.608: [GC 1046297K->278252K(1287360K), 0.0232230 secs]
4.980: [GC 1052565K->280212K(1442176K), 0.0387110 secs]
5.452: [GC 1221980K->282183K(1447488K), 0.0283650 secs]
5.894: [GC 1223235K->285360K(1611072K), 0.0286240 secs]
6.437: [GC 1403656K->295276K(1622144K), 0.0308370 secs]
6.966: [GC 1414239K->296422K(1818624K), 0.0667930 secs]
7.640: [GC 1607179K->295372K(1821440K), 0.0376380 secs]
8.260: [GC 1606509K->303842K(2047488K), 0.0406370 secs]
9.019: [GC 1840097K->310041K(2051776K), 0.0392350 secs]
9.756: [GC 1846807K->318505K(2214208K), 0.0472170 secs]
10.588: [GC 2011382K->317493K(2221696K), 0.0540160 secs]
11.365: [GC 2011317K->325977K(2334528K), 0.0522360 secs]
12.224: [GC 2126452K->331441K(2307456K), 0.0427450 secs]
13.092: [GC 2130776K->332559K(2336128K), 0.0422250 secs]
13.906: [GC 2128748K->336383K(2336320K), 0.0680220 secs]
14.743: [GC 2132167K->344717K(2333824K), 0.0407470 secs]
15.583: [GC 2139372K->350342K(2309760K), 0.0446360 secs]
16.407: [GC 2143850K->353860K(2326848K), 0.1302630 secs]
17.291: [GC 2137819K->352913K(2297536K), 0.0464170 secs]
18.076: [GC 2135877K->356654K(2327168K), 0.0446560 secs]
18.947: [GC 2135856K->366064K(2300992K), 0.0527490 secs]
19.852: [GC 2146929K->376641K(2317632K), 0.0608980 secs]
20.694: [GC 2144264K->373176K(2288448K), 0.0648150 secs]
21.492: [GC 2140416K->384398K(2314112K), 0.0570010 secs]
22.336: [GC 2143667K->380419K(2317760K), 0.0574030 secs]
23.180: [GC 2140737K->387693K(2316928K), 0.0676240 secs]
24.039: [GC 2145661K->389207K(2281728K), 0.0515600 secs]
24.863: [GC 2148810K->391899K(2318784K), 0.0431300 secs]
25.677: [GC 2153447K->394252K(2281728K), 0.0819120 secs]
26.516: [GC 2156146K->398794K(2318336K), 0.0660820 secs]
27.349: [GC 2163960K->397393K(2316352K), 0.0622850 secs]
28.194: [GC 2161827K->403635K(2320896K), 0.0604210 secs]
29.046: [GC 2175445K->408744K(2318848K), 0.0823060 secs]
29.879: [GC 2182029K->414814K(2326336K), 0.0556600 secs]
30.724: [GC 2196005K->422516K(2326336K), 0.0460140 secs]
31.552: [GC 2204567K->432875K(2320256K), 0.0501950 secs]
32.353: [GC 2205622K->428563K(2324480K), 0.0537600 secs]
33.164: [GC 2201971K->429191K(2321408K), 0.0479490 secs]
33.966: [GC 2202023K->432101K(2323136K), 0.0454980 secs]
34.752: [GC 2205648K->434334K(2322176K), 0.0586120 secs]
35.602: [GC 2211112K->442438K(2324416K), 0.0487720 secs]
36.374: [GC 2221126K->446829K(2328576K), 0.0573560 secs]
37.210: [GC 2229250K->445912K(2309760K), 0.0485810 secs]
38.033: [GC 2228315K->450263K(2329024K), 0.0479340 secs]
38.880: [GC 2233057K->455798K(2328576K), 0.0662370 secs]
39.743: [GC 2239489K->460369K(2328640K), 0.0546990 secs]
40.545: [GC 2241994K->459726K(2312064K), 0.0536050 secs]
41.385: [GC 2243109K->467499K(2328192K), 0.0593420 secs]
42.206: [GC 2250471K->468576K(2329024K), 0.0545770 secs]
43.010: [GC 2250324K->475411K(2329344K), 0.0631320 secs]
43.857: [GC 2259521K->472684K(2307904K), 0.0648600 secs]
44.689: [GC 2255955K->473009K(2329088K), 0.0626540 secs]
45.537: [GC 2256257K->472429K(2328704K), 0.0599170 secs]
46.346: [GC 2255725K->474909K(2331008K), 0.0612020 secs]
47.236: [GC 2261272K->482597K(2303168K), 0.0591170 secs]
48.064: [GC 2268281K->480469K(2330368K), 0.0562580 secs]
48.885: [GC 2266984K->487566K(2330752K), 0.0558220 secs]
49.757: [GC 2273421K->492193K(2330048K), 0.0578210 secs]
50.611: [GC 2280580K->501548K(2330688K), 0.0573270 secs]
51.455: [GC 2289944K->503234K(2331520K), 0.0593890 secs]
52.287: [GC 2295979K->504386K(2331584K), 0.0530520 secs]
53.121: [GC 2297588K->509705K(2334528K), 0.0585770 secs]
53.989: [GC 2308757K->512976K(2335040K), 0.0624880 secs]
54.052: [Full GC 512976K->238826K(2379968K), 0.7345250 secs]
55.597: [GC 2038436K->255912K(2360832K), 0.0123580 secs]
56.382: [GC 2036041K->267886K(2275712K), 0.0188890 secs]
57.206: [GC 2048198K->279954K(2361152K), 0.0334210 secs]
58.042: [GC 2041705K->290417K(2363776K), 0.0291460 secs]
58.872: [GC 2052303K->298265K(2357824K), 0.0379650 secs]
59.735: [GC 2060608K->305595K(2361088K), 0.0402950 secs]
60.578: [GC 2067707K->308289K(2358912K), 0.0427960 secs]
61.422: [GC 2080002K->313332K(2362560K), 0.0456890 secs]
62.229: [GC 2084997K->322743K(2374592K), 0.0497930 secs]
63.062: [GC 2112591K->323708K(2374272K), 0.0513520 secs]
