0.543: [GC 95424K->59885K(365760K), 0.0723070 secs]
0.703: [GC 155309K->119813K(461184K), 0.0746370 secs]
1.274: [GC 310280K->165458K(461184K), 0.0759660 secs]
2.091: [GC 354461K->170507K(652032K), 0.0193070 secs]
3.763: [GC 552203K->173017K(652032K), 0.0101030 secs]
5.644: [GC 553104K->175437K(1109760K), 0.0085380 secs]
8.929: [GC 938801K->179026K(1109888K), 0.0102550 secs]
12.567: [GC 942418K->182556K(1869248K), 0.0083100 secs]
19.932: [GC 1707445K->192904K(1870528K), 0.0077480 secs]
27.534: [GC 1719688K->197382K(2197696K), 0.0093110 secs]
36.418: [GC 2056896K->208042K(2198272K), 0.0119550 secs]
46.490: [GC 2068522K->219736K(2202752K), 0.0097970 secs]
46.500: [Full GC 219736K->178943K(2312576K), 0.5004520 secs]
55.810: [GC 2049912K->194303K(2313920K), 0.0065520 secs]
