0.530: [GC 95424K->59890K(365760K), 0.0874790 secs]
0.699: [GC 155314K->119830K(461184K), 0.0891760 secs]
1.170: [GC 310367K->166518K(461184K), 0.0577410 secs]
1.655: [GC 355755K->170728K(652032K), 0.0173710 secs]
2.559: [GC 550952K->173441K(652032K), 0.0206730 secs]
3.443: [GC 553777K->176017K(1109824K), 0.0094750 secs]
5.180: [GC 939409K->178626K(1110016K), 0.0204690 secs]
6.798: [GC 942018K->182829K(1869312K), 0.0146210 secs]
9.918: [GC 1709474K->193345K(1870720K), 0.0082460 secs]
13.062: [GC 1720029K->201208K(2196096K), 0.0116140 secs]
16.669: [GC 2061237K->211583K(2197440K), 0.0258900 secs]
20.122: [GC 2071485K->219021K(2204096K), 0.0098100 secs]
20.131: [Full GC 219021K->177498K(2328896K), 0.5937450 secs]
24.269: [GC 2049766K->194099K(2329984K), 0.0073570 secs]
27.939: [GC 2064568K->206081K(2328640K), 0.0106180 secs]
31.693: [GC 2087322K->217110K(2331968K), 0.0186860 secs]
35.199: [GC 2097677K->222619K(2341056K), 0.0143530 secs]
38.898: [GC 2111808K->232116K(2324608K), 0.0167870 secs]
42.660: [GC 2121748K->238525K(2326528K), 0.0178970 secs]
46.322: [GC 2108706K->242331K(2314496K), 0.0182660 secs]
50.037: [GC 2112070K->251544K(2310720K), 0.0206670 secs]
53.626: [GC 2093271K->252906K(2297664K), 0.0204440 secs]
57.377: [GC 2094786K->262339K(2294656K), 0.0223390 secs]
