1.163: [GC 95424K->31588K(365760K), 0.0601060 secs]
1.384: [GC 127012K->65352K(461184K), 0.0625040 secs]
1.765: [GC 256200K->133087K(461184K), 0.0684910 secs]
2.132: [GC 323935K->195722K(652032K), 0.1299120 secs]
2.262: [Full GC 195722K->195689K(822784K), 0.5696440 secs]
3.517: [GC 577385K->225653K(822784K), 0.0311860 secs]
3.874: [GC 607349K->233591K(1042304K), 0.0175460 secs]
4.142: [GC 765687K->237272K(1059712K), 0.0169310 secs]
4.337: [GC 769368K->240734K(1235072K), 0.0197850 secs]
4.560: [GC 961182K->245735K(1242240K), 0.0176260 secs]
4.799: [GC 964857K->244317K(1370880K), 0.0216910 secs]
5.063: [GC 1107357K->249915K(1377408K), 0.0204390 secs]
5.333: [GC 1112955K->256182K(1540416K), 0.0643840 secs]
5.682: [GC 1285202K->256469K(1537600K), 0.0243500 secs]
5.977: [GC 1286677K->263590K(1736256K), 0.0243870 secs]
6.469: [GC 1503718K->267330K(1745216K), 0.0339660 secs]
6.959: [GC 1507458K->268001K(1979904K), 0.0434670 secs]
7.551: [GC 1740787K->277415K(1982016K), 0.0305210 secs]
8.103: [GC 1751911K->277587K(2145728K), 0.0323230 secs]
8.719: [GC 1913006K->287582K(2151680K), 0.0393090 secs]
9.305: [GC 1923275K->290577K(2330240K), 0.0682150 secs]
10.009: [GC 2098802K->296923K(2332032K), 0.0348890 secs]
10.733: [GC 2104574K->307900K(2352128K), 0.0402000 secs]
11.481: [GC 2135389K->314950K(2339456K), 0.0364200 secs]
12.204: [GC 2142534K->315151K(2343232K), 0.0529090 secs]
12.955: [GC 2123407K->317290K(2321024K), 0.0648970 secs]
13.711: [GC 2125546K->320775K(2336640K), 0.0436000 secs]
14.438: [GC 2114823K->324740K(2311296K), 0.0654590 secs]
15.211: [GC 2118788K->330857K(2329984K), 0.0415250 secs]
15.982: [GC 2111465K->335828K(2301888K), 0.0471190 secs]
16.731: [GC 2116436K->343348K(2323904K), 0.0428610 secs]
17.487: [GC 2111540K->348280K(2296192K), 0.0436540 secs]
18.233: [GC 2116472K->354975K(2316864K), 0.0464990 secs]
18.952: [GC 2108465K->358581K(2285760K), 0.0469220 secs]
19.641: [GC 2112949K->363096K(2315008K), 0.0465000 secs]
20.333: [GC 2109400K->365777K(2276992K), 0.0470310 secs]
21.006: [GC 2111227K->370726K(2313600K), 0.0461120 secs]
21.633: [GC 2113446K->376463K(2276160K), 0.0469700 secs]
22.283: [GC 2119183K->378906K(2313792K), 0.0509220 secs]
22.929: [GC 2120154K->382859K(2272448K), 0.0478740 secs]
23.569: [GC 2122767K->386141K(2314048K), 0.0480760 secs]
24.221: [GC 2128733K->386818K(2271616K), 0.0467450 secs]
24.907: [GC 2129410K->389435K(2316096K), 0.0469390 secs]
25.603: [GC 2137372K->402322K(2312640K), 0.0487700 secs]
26.196: [GC 2150354K->403664K(2318912K), 0.0477900 secs]
26.763: [GC 2158800K->408370K(2317248K), 0.0471220 secs]
27.351: [GC 2163376K->412501K(2321280K), 0.0478930 secs]
28.067: [GC 2175509K->427351K(2320128K), 0.0473430 secs]
28.825: [GC 2190359K->423400K(2324416K), 0.0466380 secs]
29.597: [GC 2192535K->427801K(2326208K), 0.0462970 secs]
30.403: [GC 2198681K->431058K(2326400K), 0.0491390 secs]
31.222: [GC 2208786K->433954K(2328384K), 0.0472360 secs]
32.076: [GC 2210509K->443980K(2334976K), 0.0483270 secs]
32.891: [GC 2229117K->444915K(2335232K), 0.0495070 secs]
33.714: [GC 2230445K->452396K(2335872K), 0.0525850 secs]
34.511: [GC 2241004K->456000K(2336320K), 0.0490550 secs]
35.301: [GC 2242880K->458835K(2338176K), 0.0494590 secs]
36.081: [GC 2249555K->464026K(2338304K), 0.0510680 secs]
36.836: [GC 2253686K->473507K(2335040K), 0.0520990 secs]
37.412: [GC 2260671K->475162K(2323392K), 0.0502980 secs]
37.963: [GC 2262212K->476882K(2336512K), 0.0484130 secs]
38.549: [GC 2263762K->478250K(2320000K), 0.0513240 secs]
39.084: [GC 2265130K->484198K(2336192K), 0.0492280 secs]
39.632: [GC 2271974K->487787K(2335296K), 0.0497300 secs]
40.251: [GC 2275563K->490499K(2337152K), 0.0498700 secs]
40.804: [GC 2282179K->494040K(2336960K), 0.0492990 secs]
41.404: [GC 2285715K->497971K(2340288K), 0.0487170 secs]
42.001: [GC 2293939K->501513K(2339904K), 0.0465030 secs]
42.565: [GC 2297481K->507641K(2341632K), 0.0463180 secs]
43.166: [GC 2306105K->505419K(2341504K), 0.0448610 secs]
43.726: [GC 2302436K->509344K(2341120K), 0.0436670 secs]
43.769: [Full GC 509344K->217393K(2367040K), 0.7211440 secs]
45.032: [GC 2014641K->231012K(2262016K), 0.0075470 secs]
45.567: [GC 2028260K->238601K(2337216K), 0.0103540 secs]
46.096: [GC 1991945K->244128K(2231232K), 0.0123830 secs]
46.582: [GC 1996095K->244686K(2336000K), 0.0147460 secs]
47.162: [GC 1983694K->254280K(2338496K), 0.0293030 secs]
47.722: [GC 1993288K->258833K(2332608K), 0.0204940 secs]
48.264: [GC 1997638K->266802K(2335936K), 0.0227530 secs]
48.795: [GC 2006578K->271690K(2332288K), 0.0351450 secs]
49.316: [GC 2021770K->277103K(2336512K), 0.0270180 secs]
49.941: [GC 2027183K->276840K(2342272K), 0.0284630 secs]
50.603: [GC 2048012K->282453K(2345984K), 0.0288410 secs]
51.250: [GC 2053653K->293844K(2362112K), 0.0363460 secs]
51.900: [GC 2085628K->296723K(2361280K), 0.0340370 secs]
52.589: [GC 2087933K->301610K(2366912K), 0.0371170 secs]
53.328: [GC 2100266K->310706K(2343168K), 0.0398880 secs]
54.052: [GC 2109219K->313077K(2358272K), 0.0408010 secs]
54.807: [GC 2095651K->314786K(2327040K), 0.0422430 secs]
55.551: [GC 2099234K->319465K(2356544K), 0.0423040 secs]
56.260: [GC 2096431K->325072K(2326848K), 0.0423610 secs]
57.031: [GC 2103376K->336483K(2348608K), 0.0455560 secs]
57.771: [GC 2102883K->337828K(2318208K), 0.0450560 secs]
58.502: [GC 2104228K->342000K(2346432K), 0.0452730 secs]
59.195: [GC 2099177K->345061K(2314048K), 0.0447610 secs]
59.994: [GC 2103909K->346565K(2346560K), 0.0480290 secs]
60.767: [GC 2101957K->348329K(2307648K), 0.0426490 secs]
61.559: [GC 2103721K->348468K(2348480K), 0.0455900 secs]
62.362: [GC 2106164K->350040K(2302784K), 0.0485900 secs]
