0.545: [GC 95424K->59881K(365760K), 0.1146940 secs]
0.747: [GC 155305K->119845K(461184K), 0.1190450 secs]
1.257: [GC 310541K->167530K(461184K), 0.0717080 secs]
1.588: [GC 357402K->169121K(652032K), 0.0213330 secs]
2.272: [GC 550595K->175488K(652032K), 0.0500590 secs]
2.920: [GC 555671K->178642K(1109568K), 0.0427970 secs]
4.168: [GC 941020K->184672K(1109568K), 0.0229840 secs]
5.380: [GC 947430K->196445K(1863680K), 0.0140200 secs]
7.883: [GC 1722706K->214442K(1867264K), 0.0247290 secs]
10.145: [GC 1741226K->233006K(2201152K), 0.0335990 secs]
13.019: [GC 2098503K->245779K(2202944K), 0.0260970 secs]
13.045: [Full GC 245779K->178863K(2326336K), 0.4834200 secs]
16.159: [GC 2044519K->205465K(2328000K), 0.0337790 secs]
18.918: [GC 2079054K->225311K(2329792K), 0.0255520 secs]
21.742: [GC 2098393K->238491K(2332608K), 0.0146770 secs]
24.480: [GC 2120087K->258773K(2333824K), 0.0234720 secs]
27.369: [GC 2139900K->272442K(2315648K), 0.0294040 secs]
30.067: [GC 2130425K->284726K(2324864K), 0.0379250 secs]
32.763: [GC 2142410K->294268K(2274944K), 0.0327580 secs]
35.402: [GC 2101382K->306217K(2268608K), 0.0529730 secs]
38.130: [GC 2113071K->318159K(2279168K), 0.0337190 secs]
40.640: [GC 2100870K->326973K(2263808K), 0.0297320 secs]
43.259: [GC 2108835K->332517K(2259008K), 0.0413630 secs]
45.818: [GC 2076083K->344136K(2243456K), 0.0370830 secs]
48.357: [GC 2087848K->352741K(2232576K), 0.0522520 secs]
50.809: [GC 2049533K->360134K(2212224K), 0.0368500 secs]
53.329: [GC 2057052K->358399K(2215040K), 0.0353570 secs]
55.682: [GC 2012974K->362276K(2172480K), 0.0365990 secs]
58.201: [GC 2017834K->369655K(2198656K), 0.0597970 secs]
60.629: [GC 1991674K->373458K(2150528K), 0.0413570 secs]
