0.538: [GC 95424K->59890K(365760K), 0.0934030 secs]
0.721: [GC 155314K->119830K(461184K), 0.1102580 secs]
1.142: [GC 310579K->167442K(461184K), 0.0412500 secs]
1.404: [GC 356735K->172551K(652032K), 0.0129290 secs]
1.870: [GC 554247K->177356K(652032K), 0.0149270 secs]
2.312: [GC 557204K->183075K(1108544K), 0.0128970 secs]
3.204: [GC 945086K->190477K(1109056K), 0.0284960 secs]
4.052: [GC 953756K->199265K(1863296K), 0.0147690 secs]
5.889: [GC 1725132K->217872K(1866560K), 0.0176160 secs]
7.538: [GC 1742847K->237290K(2204608K), 0.0361960 secs]
9.677: [GC 2103893K->254538K(2204992K), 0.0337590 secs]
9.711: [Full GC 254538K->178513K(2343040K), 0.5806370 secs]
12.284: [GC 2045329K->210448K(2342272K), 0.0334760 secs]
14.383: [GC 2082010K->228743K(2342976K), 0.0229840 secs]
16.479: [GC 2101319K->243944K(2339456K), 0.0334770 secs]
18.512: [GC 2111108K->261597K(2344576K), 0.0266730 secs]
20.559: [GC 2130175K->268027K(2301696K), 0.0656240 secs]
22.601: [GC 2091655K->281696K(2298560K), 0.0327850 secs]
24.628: [GC 2106055K->289360K(2303936K), 0.0574740 secs]
26.637: [GC 2088445K->300144K(2292416K), 0.0693430 secs]
28.645: [GC 2100855K->310599K(2279424K), 0.0340970 secs]
30.558: [GC 2069742K->327623K(2279232K), 0.0376220 secs]
32.486: [GC 2087460K->335361K(2242112K), 0.0571340 secs]
34.377: [GC 2035661K->337564K(2229504K), 0.0383380 secs]
36.234: [GC 2036383K->345380K(2223168K), 0.0394820 secs]
38.071: [GC 1994373K->348576K(2190592K), 0.0396130 secs]
39.925: [GC 1999230K->350470K(2207040K), 0.0409070 secs]
41.829: [GC 1960014K->351145K(2153600K), 0.0407200 secs]
43.628: [GC 1961384K->357838K(2194368K), 0.0454140 secs]
45.414: [GC 1940049K->360584K(2131904K), 0.0425610 secs]
47.203: [GC 1941973K->363899K(2189952K), 0.0434530 secs]
48.974: [GC 1928100K->368629K(2113280K), 0.0433510 secs]
50.703: [GC 1932465K->369235K(2192256K), 0.0417480 secs]
52.434: [GC 1931451K->371291K(2107264K), 0.0420990 secs]
54.198: [GC 1933491K->373042K(2192768K), 0.0408310 secs]
55.976: [GC 1937604K->377686K(2190080K), 0.0430000 secs]
57.735: [GC 1942794K->379429K(2193152K), 0.0423860 secs]
59.475: [GC 1951276K->372808K(2191680K), 0.0407850 secs]
