1.148: [GC 94789K->30517K(365760K), 0.1118490 secs]
1.418: [GC 125941K->63170K(461184K), 0.0865360 secs]
1.798: [GC 254018K->133745K(461184K), 0.1269050 secs]
2.201: [GC 324593K->196352K(652032K), 0.1817990 secs]
2.383: [Full GC 196352K->196338K(815424K), 0.5464670 secs]
3.445: [GC 577198K->238903K(815424K), 0.0468210 secs]
3.678: [GC 619427K->253198K(1087296K), 0.0284750 secs]
4.044: [GC 831719K->256212K(1097920K), 0.0180380 secs]
4.370: [GC 835500K->259241K(1369408K), 0.1142140 secs]
4.984: [GC 1112021K->273671K(1366400K), 0.0413340 secs]
5.447: [GC 1126305K->281112K(1548992K), 0.0207650 secs]
6.005: [GC 1346129K->280795K(1574336K), 0.0618890 secs]
6.596: [GC 1346569K->294218K(1826240K), 0.0667430 secs]
7.340: [GC 1612254K->302420K(1830080K), 0.0589970 secs]
8.050: [GC 1621114K->315330K(2110656K), 0.0456170 secs]
8.882: [GC 1910523K->318886K(2121280K), 0.0396280 secs]
9.685: [GC 1912340K->327375K(2316608K), 0.0847430 secs]
10.625: [GC 2108574K->333805K(2310528K), 0.0457860 secs]
11.507: [GC 2114923K->348158K(2289664K), 0.0430320 secs]
12.416: [GC 2082814K->346857K(2276352K), 0.0538860 secs]
13.322: [GC 2080394K->350869K(2280256K), 0.0685300 secs]
14.194: [GC 2051899K->360744K(2247872K), 0.0570210 secs]
15.094: [GC 2061553K->368586K(2263616K), 0.0409030 secs]
15.944: [GC 2038528K->371538K(2222912K), 0.0481910 secs]
16.835: [GC 2042454K->380773K(2253312K), 0.0760250 secs]
17.729: [GC 2026747K->386216K(2207168K), 0.0620010 secs]
18.615: [GC 2032694K->392221K(2244544K), 0.0400300 secs]
19.440: [GC 2017598K->398156K(2189056K), 0.0521010 secs]
20.313: [GC 2023098K->405771K(2241088K), 0.0391060 secs]
21.124: [GC 2019256K->411085K(2178176K), 0.0389910 secs]
21.930: [GC 2025172K->410640K(2243392K), 0.0379960 secs]
22.696: [GC 2024040K->413802K(2172992K), 0.0381540 secs]
23.532: [GC 2027164K->415423K(2243776K), 0.0388060 secs]
24.364: [GC 2032581K->421059K(2240576K), 0.0404570 secs]
25.168: [GC 2038262K->423866K(2244608K), 0.0783800 secs]
26.027: [GC 2047765K->431339K(2242176K), 0.0429300 secs]
26.868: [GC 2056598K->431021K(2250432K), 0.0383610 secs]
27.717: [GC 2069821K->438941K(2249600K), 0.0602110 secs]
28.538: [GC 2078025K->441223K(2258176K), 0.0415100 secs]
29.379: [GC 2095464K->447859K(2258112K), 0.0385290 secs]
30.219: [GC 2102009K->442782K(2264512K), 0.0606240 secs]
31.081: [GC 2110156K->446393K(2264704K), 0.0492850 secs]
31.905: [GC 2115408K->453237K(2271552K), 0.0441260 secs]
32.723: [GC 2135557K->458373K(2272128K), 0.0367130 secs]
33.591: [GC 2140734K->462841K(2280000K), 0.0492830 secs]
34.475: [GC 2159902K->472139K(2280192K), 0.0364880 secs]
35.338: [GC 2170127K->470475K(2286144K), 0.0371070 secs]
36.203: [GC 2179266K->476689K(2286976K), 0.0367690 secs]
37.066: [GC 2185994K->478884K(2292288K), 0.0345710 secs]
37.930: [GC 2197639K->483517K(2292672K), 0.0358580 secs]
38.828: [GC 2203574K->487567K(2296960K), 0.0347890 secs]
39.691: [GC 2215254K->488756K(2297408K), 0.0350020 secs]
40.560: [GC 2217559K->487923K(2303040K), 0.0346770 secs]
41.414: [GC 2222619K->498052K(2302784K), 0.0357530 secs]
42.280: [GC 2233743K->507524K(2303424K), 0.0378620 secs]
43.113: [GC 2246690K->516519K(2303040K), 0.0378960 secs]
43.991: [GC 2256103K->518066K(2306688K), 0.0369100 secs]
44.863: [GC 2259817K->524769K(2294144K), 0.0362520 secs]
45.725: [GC 2267105K->528534K(2303488K), 0.0369450 secs]
46.568: [GC 2264852K->533749K(2292480K), 0.0396920 secs]
47.415: [GC 2271780K->545782K(2297472K), 0.0401250 secs]
48.265: [GC 2274346K->542766K(2285952K), 0.0382160 secs]
49.122: [GC 2271816K->552646K(2295680K), 0.0396350 secs]
50.012: [GC 2276934K->551699K(2297856K), 0.0388770 secs]
50.051: [Full GC 551699K->217514K(2330688K), 0.7154280 secs]
51.592: [GC 1940403K->242990K(2298688K), 0.0117260 secs]
52.398: [GC 1934260K->260240K(2185856K), 0.0178240 secs]
53.245: [GC 1952291K->269426K(2298112K), 0.0177940 secs]
54.081: [GC 1936626K->284510K(2302144K), 0.0209650 secs]
54.925: [GC 1950185K->294159K(2294848K), 0.0224810 secs]
55.690: [GC 1960617K->298604K(2298816K), 0.0232450 secs]
56.516: [GC 1965175K->310452K(2293440K), 0.0279820 secs]
57.312: [GC 1989142K->316860K(2299520K), 0.0285760 secs]
58.171: [GC 1996251K->333655K(2316352K), 0.0320800 secs]
59.027: [GC 2036804K->337166K(2316480K), 0.0389850 secs]
59.857: [GC 2039871K->338608K(2321280K), 0.0835850 secs]
60.768: [GC 2044806K->344436K(2284800K), 0.0509230 secs]
61.633: [GC 2050762K->348432K(2313600K), 0.0349240 secs]
62.505: [GC 2044688K->350259K(2279744K), 0.0351970 secs]
