0.525: [GC 95424K->59877K(365760K), 0.0772420 secs]
0.684: [GC 155301K->119825K(461184K), 0.0851950 secs]
1.142: [GC 308784K->166115K(461184K), 0.1284670 secs]
1.617: [GC 356618K->172106K(652032K), 0.0577450 secs]
2.515: [GC 552642K->179462K(652032K), 0.0242770 secs]
3.254: [GC 559549K->185618K(1108096K), 0.0181300 secs]
4.873: [GC 947809K->199208K(1108352K), 0.0550570 secs]
6.372: [GC 961184K->208027K(1859648K), 0.0332870 secs]
9.364: [GC 1734811K->230949K(1863744K), 0.0318050 secs]
12.246: [GC 1757127K->249314K(2206848K), 0.0268050 secs]
12.273: [Full GC 249314K->170665K(2320128K), 0.5684820 secs]
16.317: [GC 2039472K->208536K(2275328K), 0.0147640 secs]
19.636: [GC 2077850K->239894K(2321600K), 0.0656780 secs]
23.138: [GC 2113494K->262889K(2318016K), 0.0269290 secs]
26.607: [GC 2135896K->276843K(2303168K), 0.0249310 secs]
29.880: [GC 2129870K->287312K(2312384K), 0.0275320 secs]
33.136: [GC 2139156K->296701K(2290240K), 0.0551330 secs]
36.445: [GC 2126385K->310619K(2279488K), 0.0237090 secs]
39.654: [GC 2140885K->323628K(2280000K), 0.0270100 secs]
42.901: [GC 2127211K->333672K(2276544K), 0.0283060 secs]
46.080: [GC 2138583K->344335K(2254016K), 0.0316250 secs]
49.166: [GC 2105207K->351039K(2249408K), 0.0332830 secs]
52.297: [GC 2111832K->358951K(2229376K), 0.0346320 secs]
55.350: [GC 2070531K->361350K(2211072K), 0.0350170 secs]
58.509: [GC 2072531K->366856K(2210816K), 0.0374730 secs]
