0.542: [GC 95424K->59882K(365760K), 0.0847550 secs]
0.716: [GC 155306K->119806K(461184K), 0.0786970 secs]
1.118: [GC 308876K->164213K(461184K), 0.1101620 secs]
1.506: [GC 354717K->170150K(652032K), 0.0121150 secs]
2.141: [GC 550104K->177625K(652032K), 0.0123960 secs]
2.742: [GC 559101K->183450K(1107840K), 0.0123530 secs]
3.928: [GC 946425K->193612K(1108160K), 0.0238280 secs]
5.021: [GC 955622K->201241K(1861248K), 0.0828600 secs]
7.477: [GC 1727104K->222936K(1864704K), 0.0211640 secs]
9.806: [GC 1749123K->234608K(2199104K), 0.0259750 secs]
12.825: [GC 2104608K->261102K(2203648K), 0.0315550 secs]
12.857: [Full GC 261102K->175740K(2323968K), 0.4776850 secs]
16.122: [GC 2044656K->207169K(2326976K), 0.0288530 secs]
18.917: [GC 2088693K->223027K(2330368K), 0.0243450 secs]
21.780: [GC 2103067K->248486K(2335616K), 0.0238920 secs]
24.510: [GC 2135275K->267273K(2331840K), 0.0264920 secs]
27.269: [GC 2154058K->282921K(2302912K), 0.0411210 secs]
29.948: [GC 2130991K->300792K(2292928K), 0.0415330 secs]
32.623: [GC 2148951K->317231K(2296960K), 0.1055870 secs]
35.403: [GC 2140948K->328192K(2296512K), 0.0373810 secs]
38.128: [GC 2153536K->340416K(2266816K), 0.0361730 secs]
40.738: [GC 2117698K->347234K(2267968K), 0.0319060 secs]
43.270: [GC 2124269K->355247K(2242496K), 0.0338790 secs]
45.763: [GC 2080775K->355364K(2224000K), 0.0341560 secs]
48.277: [GC 2079389K->359299K(2226432K), 0.0363060 secs]
50.717: [GC 2045693K->370684K(2199744K), 0.0371770 secs]
53.184: [GC 2056467K->373285K(2204992K), 0.0377880 secs]
55.580: [GC 2015540K->379017K(2165824K), 0.0384780 secs]
58.004: [GC 2021656K->383170K(2188032K), 0.0405340 secs]
60.341: [GC 1989918K->384413K(2135168K), 0.0399810 secs]
