1.157: [GC 95424K->31576K(365760K), 0.0955830 secs]
1.409: [GC 127000K->65288K(461184K), 0.0702010 secs]
1.779: [GC 256136K->137407K(461184K), 0.0890440 secs]
2.150: [GC 328255K->200022K(652032K), 0.1386870 secs]
2.289: [Full GC 200022K->199984K(825472K), 0.5671210 secs]
3.497: [GC 581680K->234175K(825472K), 0.0364520 secs]
3.815: [GC 615871K->251408K(1054144K), 0.0139260 secs]
4.123: [GC 797264K->258070K(1075648K), 0.0150460 secs]
4.426: [GC 803926K->264834K(1272768K), 0.0414770 secs]
4.897: [GC 1021186K->272304K(1277248K), 0.0194240 secs]
5.306: [GC 1028615K->281058K(1429632K), 0.0798040 secs]
5.875: [GC 1192044K->288642K(1430208K), 0.0393670 secs]
6.403: [GC 1198630K->298582K(1621248K), 0.0670330 secs]
7.045: [GC 1397237K->310630K(1627072K), 0.0324530 secs]
7.651: [GC 1410598K->315765K(1833152K), 0.0295650 secs]
8.387: [GC 1613621K->326544K(1843008K), 0.0339050 secs]
9.157: [GC 1623211K->335675K(2052352K), 0.0354540 secs]
10.032: [GC 1829928K->345383K(2064576K), 0.0397820 secs]
10.893: [GC 1840551K->359381K(2204736K), 0.0419830 secs]
11.809: [GC 1982421K->362702K(2220352K), 0.0411520 secs]
12.655: [GC 1985742K->372179K(2257152K), 0.0442560 secs]
13.582: [GC 2017427K->379414K(2222976K), 0.0397830 secs]
14.551: [GC 2025171K->385501K(2242240K), 0.0400430 secs]
15.561: [GC 1993558K->386596K(2189312K), 0.0396820 secs]
16.499: [GC 1996580K->398001K(2231360K), 0.0416110 secs]
17.496: [GC 1980987K->402083K(2170176K), 0.0414030 secs]
18.490: [GC 1986723K->403791K(2229248K), 0.0410880 secs]
19.484: [GC 1974242K->411824K(2159744K), 0.0423090 secs]
20.496: [GC 1983152K->413468K(2227136K), 0.0434630 secs]
21.426: [GC 1977756K->418508K(2152384K), 0.0422950 secs]
22.392: [GC 1982788K->423510K(2228160K), 0.0433440 secs]
23.440: [GC 1985958K->426939K(2150592K), 0.0417980 secs]
24.431: [GC 1989505K->423471K(2231104K), 0.0410000 secs]
25.412: [GC 1992815K->430570K(2149184K), 0.0420550 secs]
26.407: [GC 1998225K->432080K(2230528K), 0.0408040 secs]
27.386: [GC 2010448K->435445K(2225472K), 0.0414780 secs]
28.372: [GC 2012683K->439760K(2238144K), 0.0409500 secs]
29.414: [GC 2035181K->439576K(2234176K), 0.0411810 secs]
30.436: [GC 2034899K->449291K(2247424K), 0.0418510 secs]
31.501: [GC 2064262K->451087K(2243904K), 0.0409470 secs]
32.559: [GC 2066255K->456316K(2258368K), 0.0417000 secs]
33.572: [GC 2088350K->451704K(2255744K), 0.0396170 secs]
34.598: [GC 2084111K->463518K(2263424K), 0.0421160 secs]
35.672: [GC 2107349K->467124K(2261632K), 0.0421210 secs]
36.742: [GC 2112628K->468035K(2272320K), 0.0405000 secs]
37.841: [GC 2127274K->475318K(2271168K), 0.0424540 secs]
38.906: [GC 2134269K->478739K(2278976K), 0.0408510 secs]
39.972: [GC 2148890K->474570K(2277376K), 0.0404930 secs]
41.041: [GC 2145290K->476692K(2282560K), 0.0400680 secs]
42.113: [GC 2154265K->483551K(2280512K), 0.0402130 secs]
43.171: [GC 2160626K->497816K(2283904K), 0.0439010 secs]
44.249: [GC 2181079K->500722K(2285632K), 0.0435700 secs]
45.338: [GC 2184574K->502499K(2287680K), 0.0429590 secs]
46.306: [GC 2186424K->498335K(2262272K), 0.0410560 secs]
47.355: [GC 2182311K->511118K(2285248K), 0.0438120 secs]
48.398: [GC 2195470K->507326K(2286272K), 0.0412030 secs]
49.439: [GC 2191678K->520248K(2286784K), 0.0446460 secs]
50.501: [GC 2205981K->518911K(2288512K), 0.0433070 secs]
51.578: [GC 2205887K->531712K(2283584K), 0.0462950 secs]
52.641: [GC 2213760K->534147K(2276096K), 0.0454270 secs]
53.731: [GC 2216195K->536759K(2281792K), 0.0454330 secs]
54.762: [GC 2210365K->539545K(2268096K), 0.0445860 secs]
55.803: [GC 2213450K->538825K(2283520K), 0.0432470 secs]
56.822: [GC 2213129K->544764K(2265536K), 0.0449800 secs]
57.853: [GC 2217759K->547649K(2281920K), 0.0434740 secs]
58.933: [GC 2221697K->549014K(2282176K), 0.0448540 secs]
60.043: [GC 2221335K->554877K(2282496K), 0.0447610 secs]
61.111: [GC 2231293K->557686K(2282432K), 0.0445780 secs]
62.135: [GC 2232769K->557173K(2282944K), 0.0428280 secs]
