0.538: [GC 95424K->59877K(365760K), 0.0790740 secs]
0.702: [GC 155301K->119805K(461184K), 0.0783680 secs]
1.090: [GC 309009K->164586K(461184K), 0.1001070 secs]
1.438: [GC 353843K->173583K(652032K), 0.0138420 secs]
1.983: [GC 554346K->192962K(652032K), 0.0262780 secs]
2.486: [GC 572861K->210388K(1102080K), 0.0181560 secs]
3.507: [GC 972570K->229831K(1103424K), 0.0243950 secs]
4.444: [GC 992648K->242215K(1861696K), 0.0445970 secs]
6.450: [GC 1766558K->268676K(1863104K), 0.0378720 secs]
6.488: [Full GC 268676K->172638K(1985984K), 0.5009860 secs]
8.702: [GC 1696558K->212842K(2324928K), 0.0201810 secs]
10.895: [GC 2070826K->246537K(2309248K), 0.0355060 secs]
13.037: [GC 2103366K->269872K(2296064K), 0.0460190 secs]
15.217: [GC 2094929K->299161K(2308224K), 0.0536760 secs]
17.365: [GC 2125209K->315709K(2267904K), 0.0544470 secs]
19.472: [GC 2101437K->335173K(2266560K), 0.0464470 secs]
21.572: [GC 2120901K->352749K(2255168K), 0.0527330 secs]
23.631: [GC 2097773K->365953K(2256640K), 0.0581290 secs]
25.680: [GC 2110977K->372176K(2221184K), 0.0597520 secs]
27.639: [GC 2059600K->383917K(2216960K), 0.0654010 secs]
29.611: [GC 2071341K->388878K(2195648K), 0.0658670 secs]
31.515: [GC 2015771K->389671K(2164096K), 0.0671110 secs]
33.407: [GC 2018471K->391869K(2180096K), 0.0668400 secs]
35.255: [GC 1979672K->390918K(2124800K), 0.0665700 secs]
37.093: [GC 1979142K->390278K(2174208K), 0.0662790 secs]
38.903: [GC 1955999K->386912K(2099136K), 0.0641640 secs]
40.716: [GC 1951692K->388440K(2175104K), 0.0650130 secs]
42.540: [GC 1950103K->394034K(2101440K), 0.0674210 secs]
44.333: [GC 1955762K->400146K(2170176K), 0.0703290 secs]
46.147: [GC 1953938K->400717K(2172096K), 0.0687290 secs]
47.983: [GC 1954509K->401575K(2170048K), 0.0709900 secs]
49.796: [GC 1955367K->403121K(2171072K), 0.0706580 secs]
51.619: [GC 1955021K->403645K(2168640K), 0.0689530 secs]
53.432: [GC 1960893K->399432K(2170688K), 0.0658480 secs]
55.236: [GC 1956680K->405052K(2174080K), 0.0691760 secs]
57.083: [GC 1972748K->407275K(2174208K), 0.0702360 secs]
58.924: [GC 1975467K->404161K(2179072K), 0.0673780 secs]
60.751: [GC 1982946K->405094K(2180608K), 0.0687360 secs]
