0.534: [GC 95424K->59882K(365760K), 0.0916950 secs]
0.708: [GC 155306K->119798K(461184K), 0.1073860 secs]
1.116: [GC 308845K->164642K(461184K), 0.0873690 secs]
1.432: [GC 354716K->171902K(652032K), 0.0158960 secs]
1.941: [GC 553017K->187715K(652032K), 0.0246350 secs]
2.397: [GC 567695K->202140K(1103552K), 0.0267160 secs]
3.343: [GC 964619K->221965K(1104768K), 0.0465970 secs]
4.219: [GC 985348K->237033K(1861824K), 0.0195500 secs]
6.054: [GC 1761606K->263550K(1862784K), 0.0267990 secs]
7.681: [GC 1789165K->285925K(2194432K), 0.0327780 secs]
7.714: [Full GC 285925K->173242K(2319040K), 0.5796650 secs]
10.246: [GC 2023738K->219113K(2322176K), 0.0176650 secs]
12.185: [GC 2069609K->252877K(2312256K), 0.0247260 secs]
14.180: [GC 2096205K->277860K(2318592K), 0.0340240 secs]
16.144: [GC 2121188K->301816K(2282496K), 0.0407010 secs]
18.081: [GC 2109048K->322228K(2290816K), 0.0307210 secs]
20.029: [GC 2129460K->340536K(2259584K), 0.0352180 secs]
21.908: [GC 2097080K->353044K(2270912K), 0.0382200 secs]
23.771: [GC 2109588K->359668K(2214976K), 0.0400830 secs]
25.589: [GC 2051700K->373803K(2227200K), 0.0434800 secs]
27.384: [GC 2064746K->378303K(2192128K), 0.0446960 secs]
29.112: [GC 2003775K->378633K(2165440K), 0.0438380 secs]
30.920: [GC 2002549K->379628K(2177792K), 0.0437780 secs]
32.595: [GC 1960940K->379471K(2122112K), 0.0437610 secs]
34.267: [GC 1960448K->380005K(2169728K), 0.0433730 secs]
35.901: [GC 1936183K->376197K(2093760K), 0.0428840 secs]
37.546: [GC 1932421K->378291K(2169600K), 0.0439080 secs]
39.193: [GC 1926963K->384603K(2094656K), 0.0455850 secs]
40.813: [GC 1933275K->390117K(2166016K), 0.0464370 secs]
42.448: [GC 1930725K->390409K(2167232K), 0.0443720 secs]
44.105: [GC 1929259K->390979K(2162944K), 0.0437730 secs]
45.744: [GC 1931966K->392748K(2165312K), 0.0444010 secs]
47.384: [GC 1932969K->393639K(2163968K), 0.0443170 secs]
49.034: [GC 1940243K->390312K(2167040K), 0.0427080 secs]
50.663: [GC 1938472K->396346K(2170752K), 0.0445980 secs]
52.332: [GC 1956722K->396377K(2172032K), 0.0443410 secs]
53.988: [GC 1957209K->391892K(2174528K), 0.0430670 secs]
55.642: [GC 1966612K->395041K(2177600K), 0.0437070 secs]
57.326: [GC 1969228K->399296K(2187136K), 0.0442690 secs]
59.010: [GC 1991360K->392318K(2188608K), 0.0425590 secs]
60.693: [GC 1984382K->396407K(2193280K), 0.0432500 secs]
