1.152: [GC 94790K->30489K(365760K), 0.0636210 secs]
1.374: [GC 125913K->63382K(461184K), 0.0676890 secs]
1.738: [GC 254230K->135509K(461184K), 0.1028140 secs]
2.117: [GC 326357K->198120K(652032K), 0.1163920 secs]
2.234: [Full GC 198120K->198075K(825472K), 0.5662440 secs]
3.670: [GC 579771K->236344K(825472K), 0.0427820 secs]
4.397: [GC 616210K->258271K(1051200K), 0.0450890 secs]
5.299: [GC 801119K->274607K(1070784K), 0.0289540 secs]
6.102: [GC 817252K->286171K(1222272K), 0.0331130 secs]
7.122: [GC 1007366K->299635K(1243904K), 0.0399790 secs]
8.115: [GC 1019990K->313494K(1365376K), 0.0433950 secs]
9.237: [GC 1151382K->322594K(1374208K), 0.0467480 secs]
10.395: [GC 1158995K->338405K(1493952K), 0.0550260 secs]
11.654: [GC 1285669K->351120K(1508096K), 0.0592300 secs]
12.894: [GC 1298384K->363558K(1632640K), 0.0642510 secs]
14.318: [GC 1418961K->372363K(1649984K), 0.0688210 secs]
15.727: [GC 1426935K->376550K(1785536K), 0.0730810 secs]
17.316: [GC 1549315K->387520K(1800640K), 0.0744850 secs]
18.897: [GC 1560981K->393726K(1897536K), 0.0786310 secs]
20.579: [GC 1649150K->397779K(1912192K), 0.0779940 secs]
22.230: [GC 1653203K->399494K(2016640K), 0.0816310 secs]
23.994: [GC 1746502K->408063K(2024576K), 0.0808810 secs]
25.780: [GC 1755071K->407544K(2133120K), 0.0815550 secs]
27.670: [GC 1855416K->413662K(2136960K), 0.0898220 secs]
29.586: [GC 1861534K->417993K(2195712K), 0.0833760 secs]
31.553: [GC 1921481K->426146K(2112640K), 0.0809300 secs]
33.532: [GC 1929634K->428900K(2192320K), 0.0857860 secs]
35.501: [GC 1924836K->428979K(2193728K), 0.0828000 secs]
37.498: [GC 1924915K->428979K(2191360K), 0.0831240 secs]
39.446: [GC 1924979K->435082K(2192576K), 0.0824390 secs]
41.475: [GC 1931082K->435649K(2193280K), 0.0818950 secs]
43.438: [GC 1933889K->440490K(2194048K), 0.0814630 secs]
45.384: [GC 1938730K->436655K(2189184K), 0.0816440 secs]
47.349: [GC 1937327K->428988K(2192448K), 0.0814750 secs]
49.337: [GC 1927721K->436345K(2194944K), 0.0812050 secs]
51.310: [GC 1951097K->436347K(2195584K), 0.0809900 secs]
53.333: [GC 1951099K->439571K(2207104K), 0.0829990 secs]
55.381: [GC 1973651K->446664K(2206720K), 0.0816280 secs]
57.392: [GC 1980744K->451865K(2217280K), 0.0844540 secs]
59.416: [GC 1996422K->439142K(2149888K), 0.0810190 secs]
61.490: [GC 1984998K->445717K(2217984K), 0.0828210 secs]
