0.556: [GC 95424K->60484K(365760K), 0.0833820 secs]
0.727: [GC 155908K->122673K(461184K), 0.0938470 secs]
1.328: [GC 311660K->168145K(461184K), 0.0710170 secs]
1.858: [GC 357848K->171897K(652032K), 0.0184020 secs]
2.811: [GC 553455K->175233K(652032K), 0.0145930 secs]
3.764: [GC 556926K->179049K(1111104K), 0.0211930 secs]
5.661: [GC 941885K->184670K(1111744K), 0.0147290 secs]
7.481: [GC 948025K->190325K(1868096K), 0.0118730 secs]
11.505: [GC 1716820K->205956K(1870464K), 0.0177510 secs]
14.927: [GC 1732740K->214531K(2194688K), 0.0188670 secs]
19.385: [GC 2076359K->225167K(2196608K), 0.0205930 secs]
19.405: [Full GC 225167K->179349K(2330112K), 0.7451090 secs]
24.495: [GC 2041105K->200510K(2339776K), 0.0112830 secs]
28.764: [GC 2077538K->211822K(2341824K), 0.0181700 secs]
33.204: [GC 2088231K->222787K(2345536K), 0.0239510 secs]
37.557: [GC 2107240K->230702K(2345152K), 0.0294150 secs]
42.093: [GC 2114744K->240156K(2338816K), 0.0357460 secs]
46.645: [GC 2115820K->250488K(2335360K), 0.0407160 secs]
51.122: [GC 2125628K->256802K(2319104K), 0.0448970 secs]
55.621: [GC 2100150K->267019K(2319232K), 0.0500290 secs]
60.213: [GC 2110020K->275500K(2292096K), 0.0543030 secs]
