0.526: [GC 95424K->59882K(365760K), 0.0946480 secs]
0.702: [GC 155306K->119806K(461184K), 0.1109280 secs]
1.182: [GC 310427K->170081K(461184K), 0.0493450 secs]
1.533: [GC 359991K->173926K(652032K), 0.0113690 secs]
2.192: [GC 555622K->180743K(652032K), 0.0307690 secs]
2.769: [GC 561854K->185137K(1109184K), 0.0837480 secs]
3.983: [GC 947921K->191176K(1109312K), 0.0521830 secs]
5.139: [GC 952717K->196501K(1865664K), 0.0373850 secs]
7.612: [GC 1721875K->212341K(1868096K), 0.0172220 secs]
9.858: [GC 1738669K->222516K(2196672K), 0.0204830 secs]
12.564: [GC 2087337K->232748K(2198848K), 0.0704850 secs]
12.634: [Full GC 232748K->177999K(2321984K), 0.5848470 secs]
15.855: [GC 2042500K->195453K(2332672K), 0.0174650 secs]
18.638: [GC 2075127K->216585K(2334272K), 0.0206070 secs]
21.459: [GC 2095251K->226283K(2333824K), 0.0155350 secs]
24.406: [GC 2111370K->239887K(2334528K), 0.0295380 secs]
27.358: [GC 2124126K->254051K(2324416K), 0.0342040 secs]
30.175: [GC 2126670K->256800K(2320000K), 0.0381000 secs]
32.932: [GC 2129168K->270487K(2304128K), 0.0315730 secs]
35.783: [GC 2107461K->286024K(2314560K), 0.0398410 secs]
38.547: [GC 2122486K->295653K(2268864K), 0.0355550 secs]
41.207: [GC 2088013K->304599K(2271360K), 0.0410690 secs]
43.880: [GC 2097056K->308369K(2262976K), 0.0302710 secs]
46.497: [GC 2061799K->316700K(2244608K), 0.0462830 secs]
49.137: [GC 2069866K->318904K(2244416K), 0.0343890 secs]
51.670: [GC 2034163K->324281K(2214016K), 0.0450960 secs]
54.333: [GC 2038392K->330580K(2226880K), 0.0445540 secs]
56.881: [GC 2010237K->334190K(2188992K), 0.0445820 secs]
59.382: [GC 2014361K->338039K(2212992K), 0.0509270 secs]
