1.176: [GC 95424K->31588K(365760K), 0.0652640 secs]
1.399: [GC 127012K->65352K(461184K), 0.0703050 secs]
1.789: [GC 256200K->136411K(461184K), 0.0970200 secs]
2.186: [GC 327259K->199030K(652032K), 0.1566730 secs]
2.343: [Full GC 199030K->199008K(819840K), 0.4635140 secs]
3.446: [GC 580541K->236218K(819840K), 0.0301550 secs]
3.814: [GC 615991K->248847K(1067456K), 0.0181270 secs]
4.110: [GC 811535K->257870K(1086912K), 0.0214580 secs]
4.386: [GC 819816K->260610K(1298112K), 0.0239050 secs]
4.843: [GC 1057071K->269668K(1314240K), 0.0265970 secs]
5.215: [GC 1066574K->271981K(1469568K), 0.0268650 secs]
5.642: [GC 1244435K->284323K(1481472K), 0.0309040 secs]
6.085: [GC 1257059K->292214K(1683968K), 0.0362250 secs]
6.580: [GC 1463990K->292936K(1688064K), 0.0349770 secs]
7.095: [GC 1464743K->299416K(1921600K), 0.0374640 secs]
7.743: [GC 1702997K->306438K(1926528K), 0.0377870 secs]
8.417: [GC 1708467K->314377K(2186752K), 0.0415730 secs]
9.177: [GC 1970948K->322966K(2194624K), 0.0454380 secs]
9.937: [GC 1980566K->322129K(2319808K), 0.0449890 secs]
10.766: [GC 2095569K->336419K(2311808K), 0.0489220 secs]
11.624: [GC 2108737K->336087K(2305280K), 0.0490470 secs]
12.426: [GC 2077216K->345337K(2276608K), 0.0484980 secs]
13.313: [GC 2086475K->345489K(2298752K), 0.0451690 secs]
14.140: [GC 2068742K->352686K(2259328K), 0.0486150 secs]
15.008: [GC 2075950K->350286K(2297024K), 0.0455830 secs]
15.822: [GC 2063757K->360209K(2252224K), 0.0509950 secs]
16.647: [GC 2074099K->363883K(2293056K), 0.0509990 secs]
17.465: [GC 2070658K->373296K(2251008K), 0.0555410 secs]
18.265: [GC 2080145K->377164K(2287488K), 0.0530140 secs]
19.097: [GC 2075437K->386368K(2248192K), 0.0543180 secs]
19.891: [GC 2084372K->390275K(2283456K), 0.0563790 secs]
20.689: [GC 2079408K->387008K(2226944K), 0.0522770 secs]
21.477: [GC 2074470K->394807K(2285184K), 0.0555070 secs]
22.289: [GC 2085755K->399960K(2283264K), 0.0552850 secs]
23.091: [GC 2090718K->408981K(2286784K), 0.0570280 secs]
23.942: [GC 2106509K->414806K(2286080K), 0.0579040 secs]
24.779: [GC 2111941K->421770K(2290432K), 0.0583800 secs]
25.616: [GC 2124251K->422530K(2290752K), 0.0569840 secs]
26.477: [GC 2124417K->420982K(2285248K), 0.0554430 secs]
27.368: [GC 2125288K->426032K(2288192K), 0.0570460 secs]
28.230: [GC 2130175K->428275K(2291328K), 0.0580210 secs]
29.126: [GC 2144022K->438811K(2294144K), 0.0560020 secs]
29.958: [GC 2154597K->439474K(2299584K), 0.0552090 secs]
30.825: [GC 2165168K->446433K(2301568K), 0.0605050 secs]
31.724: [GC 2170882K->460757K(2296704K), 0.0608700 secs]
32.557: [GC 2180025K->465114K(2283072K), 0.0653350 secs]
33.424: [GC 2186202K->466839K(2291712K), 0.0648720 secs]
34.271: [GC 2175255K->475465K(2273600K), 0.0666120 secs]
35.175: [GC 2183881K->477811K(2287040K), 0.0677260 secs]
36.082: [GC 2173858K->481146K(2262144K), 0.0646120 secs]
36.951: [GC 2177311K->487266K(2283840K), 0.0622520 secs]
37.767: [GC 2177513K->494971K(2262272K), 0.0667130 secs]
38.655: [GC 2186235K->499295K(2278464K), 0.0670390 secs]
39.516: [GC 2179201K->501824K(2253184K), 0.0685690 secs]
40.393: [GC 2181530K->505175K(2278080K), 0.0714880 secs]
41.206: [GC 2180766K->505944K(2245824K), 0.0675000 secs]
42.030: [GC 2183000K->507891K(2279488K), 0.0671970 secs]
42.906: [GC 2186394K->507493K(2243648K), 0.0650980 secs]
43.767: [GC 2186021K->520643K(2277312K), 0.0697440 secs]
44.634: [GC 2200195K->512265K(2276992K), 0.0628570 secs]
45.508: [GC 2191817K->512594K(2280896K), 0.0641870 secs]
46.343: [GC 2198416K->522372K(2279808K), 0.0647650 secs]
47.199: [GC 2209348K->525507K(2285504K), 0.0610940 secs]
48.014: [GC 2219656K->534787K(2283840K), 0.0636870 secs]
48.855: [GC 2228585K->535602K(2289152K), 0.0630800 secs]
49.672: [GC 2237263K->549223K(2287296K), 0.0648840 secs]
50.556: [GC 2251038K->549025K(2293952K), 0.0643240 secs]
51.418: [GC 2259624K->552202K(2292928K), 0.0641860 secs]
51.482: [Full GC 552202K->221535K(2308160K), 0.6260220 secs]
52.921: [GC 1933432K->242639K(2281088K), 0.0151630 secs]
53.744: [GC 1927496K->264943K(2167744K), 0.0206530 secs]
54.578: [GC 1951021K->268026K(2279168K), 0.0214010 secs]
55.345: [GC 1924934K->278227K(2152448K), 0.0245540 secs]
56.175: [GC 1935244K->282236K(2284416K), 0.0266310 secs]
57.022: [GC 1937982K->293181K(2166208K), 0.0306560 secs]
57.846: [GC 1948853K->304721K(2285760K), 0.0338820 secs]
58.679: [GC 1967103K->304110K(2279360K), 0.0336770 secs]
59.466: [GC 1966825K->313981K(2287360K), 0.0383150 secs]
60.294: [GC 1991901K->323577K(2282432K), 0.0386860 secs]
61.136: [GC 2002634K->326189K(2302080K), 0.0456520 secs]
61.920: [GC 2029716K->344164K(2299008K), 0.0526600 secs]
62.756: [GC 2047908K->342067K(2308096K), 0.0514000 secs]
