0.540: [GC 95424K->59877K(365760K), 0.0895630 secs]
0.718: [GC 155301K->119809K(461184K), 0.1366140 secs]
1.593: [GC 310583K->162498K(461184K), 0.0645800 secs]
2.426: [GC 351560K->168209K(652032K), 0.0411950 secs]
4.070: [GC 548725K->178434K(652032K), 0.0213540 secs]
5.747: [GC 560130K->190057K(1104512K), 0.0125370 secs]
9.034: [GC 953449K->207180K(1106048K), 0.0224060 secs]
12.245: [GC 970572K->224023K(1864000K), 0.0231540 secs]
18.935: [GC 1750615K->244694K(1864192K), 0.0307980 secs]
25.169: [GC 1769471K->266671K(2203328K), 0.0335790 secs]
25.206: [Full GC 266671K->173820K(2308928K), 0.4764910 secs]
33.518: [GC 2035836K->218674K(2266944K), 0.0229350 secs]
41.532: [GC 2080690K->251473K(2309056K), 0.0572170 secs]
49.471: [GC 2116689K->276457K(2305856K), 0.0363360 secs]
57.656: [GC 2141673K->307274K(2312832K), 0.0416790 secs]
