0.526: [GC 95424K->59898K(365760K), 0.1073670 secs]
0.714: [GC 155322K->119842K(461184K), 0.1061380 secs]
1.496: [GC 310616K->162785K(461184K), 0.0622520 secs]
2.251: [GC 351726K->168823K(652032K), 0.0159600 secs]
3.746: [GC 550519K->178339K(652032K), 0.0143680 secs]
5.280: [GC 559949K->190399K(1104448K), 0.0119180 secs]
8.306: [GC 952110K->207379K(1106112K), 0.0975320 secs]
11.368: [GC 970771K->224150K(1863872K), 0.0232230 secs]
17.617: [GC 1748956K->246886K(1864128K), 0.0494210 secs]
23.500: [GC 1773414K->264763K(2203520K), 0.0404710 secs]
23.540: [Full GC 264763K->173892K(2313152K), 0.5641050 secs]
31.515: [GC 2035268K->218817K(2270400K), 0.0309720 secs]
39.170: [GC 2080193K->253537K(2312576K), 0.0329650 secs]
46.725: [GC 2117984K->276576K(2309120K), 0.0339290 secs]
54.565: [GC 2139879K->308987K(2317120K), 0.0280090 secs]
