1.157: [GC 95424K->31564K(365760K), 0.0557040 secs]
1.371: [GC 126988K->65312K(461184K), 0.0515510 secs]
1.731: [GC 256160K->135887K(461184K), 0.1221640 secs]
2.150: [GC 326735K->198490K(652032K), 0.1172020 secs]
2.267: [Full GC 198490K->198441K(825344K), 0.5612260 secs]
3.856: [GC 580137K->226903K(825344K), 0.0209520 secs]
4.632: [GC 608599K->231475K(1039936K), 0.0126520 secs]
5.909: [GC 761971K->238648K(1063232K), 0.0525900 secs]
7.261: [GC 768171K->244809K(1181824K), 0.0238510 secs]
9.072: [GC 932105K->254645K(1212864K), 0.0559700 secs]
10.845: [GC 940695K->264117K(1275776K), 0.0180520 secs]
12.732: [GC 1041077K->270696K(1295296K), 0.0238990 secs]
14.870: [GC 1047656K->282053K(1364352K), 0.0269230 secs]
17.464: [GC 1131397K->295127K(1372864K), 0.0308300 secs]
19.754: [GC 1144471K->299936K(1439808K), 0.0282720 secs]
22.055: [GC 1207968K->307682K(1448064K), 0.0283540 secs]
24.587: [GC 1215714K->314326K(1502976K), 0.0305800 secs]
27.540: [GC 1267990K->320642K(1512704K), 0.0315760 secs]
30.538: [GC 1274306K->327389K(1543424K), 0.0345610 secs]
33.882: [GC 1301789K->333531K(1553664K), 0.0343980 secs]
37.398: [GC 1307931K->340105K(1583296K), 0.0383310 secs]
40.864: [GC 1333897K->345530K(1590592K), 0.0337410 secs]
44.497: [GC 1339322K->353292K(1614592K), 0.0353040 secs]
48.138: [GC 1364236K->358934K(1621312K), 0.0360530 secs]
51.262: [GC 1369878K->366650K(1643840K), 0.0370150 secs]
53.905: [GC 1394490K->371914K(1648960K), 0.0370230 secs]
56.835: [GC 1399754K->376229K(1668032K), 0.0376240 secs]
60.121: [GC 1419301K->383295K(1670592K), 0.0389080 secs]
