0.541: [GC 95424K->59869K(365760K), 0.0829000 secs]
0.712: [GC 155293K->119789K(461184K), 0.1733190 secs]
1.160: [GC 309909K->167254K(461184K), 0.1178630 secs]
1.562: [GC 356797K->169744K(652032K), 0.0102760 secs]
2.025: [GC 550603K->176301K(652032K), 0.0158830 secs]
2.558: [GC 556772K->181950K(1108224K), 0.0210490 secs]
3.616: [GC 944829K->183476K(1108800K), 0.0121030 secs]
4.677: [GC 946645K->187159K(1868480K), 0.0101990 secs]
7.010: [GC 1713143K->199700K(1869760K), 0.0127880 secs]
9.133: [GC 1725057K->207840K(2196352K), 0.0142830 secs]
11.874: [GC 2069299K->218510K(2197952K), 0.0165020 secs]
11.890: [Full GC 218510K->183759K(2326080K), 0.4962670 secs]
14.901: [GC 2044702K->208500K(2332224K), 0.0138260 secs]
17.467: [GC 2083508K->220990K(2334080K), 0.0203700 secs]
19.980: [GC 2095931K->236658K(2338176K), 0.0337830 secs]
22.527: [GC 2117992K->243106K(2324352K), 0.0304400 secs]
24.986: [GC 2124260K->246501K(2327488K), 0.0325710 secs]
27.489: [GC 2109987K->253459K(2316160K), 0.0349360 secs]
29.960: [GC 2115536K->262203K(2309952K), 0.0402190 secs]
32.347: [GC 2095758K->268656K(2302656K), 0.0442540 secs]
34.808: [GC 2102374K->272957K(2292480K), 0.0461220 secs]
37.158: [GC 2072151K->279458K(2279168K), 0.0478730 secs]
39.627: [GC 2078616K->288753K(2271168K), 0.0535830 secs]
42.062: [GC 2049497K->297726K(2258752K), 0.0561110 secs]
44.459: [GC 2059889K->300674K(2250176K), 0.0594800 secs]
46.818: [GC 2018812K->303574K(2221888K), 0.0600100 secs]
49.175: [GC 2021222K->307314K(2235392K), 0.0619080 secs]
51.475: [GC 1992842K->311610K(2190720K), 0.0626490 secs]
53.721: [GC 1996224K->313386K(2233088K), 0.0627380 secs]
56.008: [GC 1981863K->317336K(2171584K), 0.0628700 secs]
58.338: [GC 1986816K->323117K(2231680K), 0.0626260 secs]
60.550: [GC 1987395K->321426K(2232832K), 0.0595160 secs]
