0.543: [GC 95424K->59890K(365760K), 0.1434760 secs]
0.773: [GC 155314K->119814K(461184K), 0.0633330 secs]
1.106: [GC 309953K->168970K(461184K), 0.0420170 secs]
1.388: [GC 359686K->175788K(652032K), 0.0406840 secs]
1.897: [GC 557317K->178289K(652032K), 0.0167740 secs]
2.375: [GC 558935K->182625K(1109696K), 0.0118120 secs]
3.315: [GC 945238K->186594K(1109888K), 0.0129840 secs]
4.207: [GC 949986K->194390K(1866944K), 0.0153280 secs]
6.107: [GC 1719412K->206996K(1869312K), 0.0229630 secs]
7.846: [GC 1731894K->219772K(2195008K), 0.0304450 secs]
10.082: [GC 2082630K->240546K(2197568K), 0.0401430 secs]
10.123: [Full GC 240546K->183692K(2331520K), 0.4956500 secs]
12.696: [GC 2047415K->214884K(2340864K), 0.0658440 secs]
14.902: [GC 2094982K->227065K(2342272K), 0.0280160 secs]
17.076: [GC 2107555K->246011K(2341120K), 0.0370310 secs]
19.265: [GC 2125942K->254851K(2340800K), 0.0375220 secs]
21.402: [GC 2135350K->265432K(2317120K), 0.0437410 secs]
23.571: [GC 2110076K->279957K(2328960K), 0.0499270 secs]
25.737: [GC 2124291K->286772K(2286464K), 0.0515670 secs]
27.829: [GC 2089600K->290294K(2283328K), 0.0473090 secs]
29.907: [GC 2092081K->297136K(2283904K), 0.0514350 secs]
31.984: [GC 2068084K->302343K(2264128K), 0.0542720 secs]
34.038: [GC 2072359K->310685K(2265024K), 0.0575740 secs]
36.079: [GC 2046941K->314363K(2240832K), 0.0600710 secs]
38.070: [GC 2050321K->319641K(2248832K), 0.0620340 secs]
40.047: [GC 2021784K->318889K(2211200K), 0.0623890 secs]
41.987: [GC 2020704K->321756K(2240192K), 0.0622240 secs]
43.927: [GC 1999968K->326083K(2195072K), 0.0658790 secs]
45.837: [GC 2003118K->324167K(2233792K), 0.0649590 secs]
47.722: [GC 1983983K->336559K(2183104K), 0.0696550 secs]
49.628: [GC 1997274K->339459K(2225472K), 0.0683100 secs]
51.512: [GC 1983202K->340090K(2163776K), 0.0690120 secs]
53.375: [GC 1983615K->344905K(2228288K), 0.0673510 secs]
55.249: [GC 1988195K->345055K(2156032K), 0.0635480 secs]
57.146: [GC 1987783K->350743K(2227008K), 0.0651730 secs]
59.020: [GC 1996241K->351729K(2225088K), 0.0629630 secs]
60.870: [GC 1995753K->352918K(2228608K), 0.0633450 secs]
