1.159: [GC 94827K->30489K(365760K), 0.0621400 secs]
1.389: [GC 125913K->63422K(461184K), 0.0784720 secs]
1.791: [GC 254270K->135533K(461184K), 0.0776630 secs]
2.168: [GC 326381K->198112K(652032K), 0.1609050 secs]
2.329: [Full GC 198112K->198075K(825216K), 0.5881950 secs]
3.687: [GC 578948K->244395K(825216K), 0.0290110 secs]
3.946: [GC 626061K->254197K(1058880K), 0.0168830 secs]
4.277: [GC 797685K->261891K(1073344K), 0.0187170 secs]
4.559: [GC 805827K->267063K(1242176K), 0.0195300 secs]
4.961: [GC 1002970K->273810K(1260992K), 0.0197180 secs]
5.316: [GC 1011410K->281263K(1377088K), 0.0229420 secs]
5.766: [GC 1151631K->284310K(1388032K), 0.0242260 secs]
6.231: [GC 1155140K->288570K(1519424K), 0.0269370 secs]
6.792: [GC 1299630K->292709K(1526720K), 0.0527220 secs]
7.314: [GC 1304181K->300980K(1692928K), 0.0377420 secs]
7.947: [GC 1477345K->300984K(1696832K), 0.0354330 secs]
8.550: [GC 1476967K->303365K(1879680K), 0.0370630 secs]
9.244: [GC 1659925K->310485K(1882752K), 0.0390210 secs]
9.914: [GC 1666912K->317759K(2014528K), 0.0414070 secs]
10.696: [GC 1801068K->324314K(2020928K), 0.0429270 secs]
11.505: [GC 1805953K->324470K(2164928K), 0.0445020 secs]
12.349: [GC 1944550K->334272K(2167232K), 0.0431790 secs]
13.240: [GC 1953226K->343685K(2311360K), 0.0445520 secs]
14.134: [GC 2102909K->343169K(2315520K), 0.0443030 secs]
15.020: [GC 2103690K->352424K(2327488K), 0.0479970 secs]
15.946: [GC 2121357K->356421K(2297792K), 0.0481940 secs]
16.836: [GC 2126757K->360841K(2324416K), 0.0496150 secs]
17.723: [GC 2121936K->368217K(2293696K), 0.0510760 secs]
18.599: [GC 2128933K->375023K(2316736K), 0.0540050 secs]
19.481: [GC 2123116K->374956K(2282112K), 0.0532810 secs]
20.366: [GC 2123097K->379037K(2316864K), 0.0541580 secs]
21.293: [GC 2123292K->384962K(2282816K), 0.0537510 secs]
22.241: [GC 2128266K->389946K(2312000K), 0.0561040 secs]
23.104: [GC 2126436K->395745K(2277888K), 0.0573450 secs]
23.981: [GC 2130836K->396114K(2312576K), 0.0567020 secs]
24.850: [GC 2128860K->404183K(2276480K), 0.0582810 secs]
25.806: [GC 2136570K->416931K(2304576K), 0.0603870 secs]
26.719: [GC 2141690K->413894K(2308032K), 0.0573120 secs]
27.659: [GC 2137731K->421196K(2307136K), 0.0579850 secs]
28.551: [GC 2145645K->423294K(2307904K), 0.0571260 secs]
29.497: [GC 2146186K->432615K(2306368K), 0.0796220 secs]
30.453: [GC 2156135K->430171K(2263808K), 0.0868830 secs]
31.379: [GC 2151866K->436533K(2307200K), 0.0612460 secs]
32.239: [GC 2161630K->438931K(2305216K), 0.0589850 secs]
33.099: [GC 2164501K->447151K(2307840K), 0.0580200 secs]
34.017: [GC 2177984K->450390K(2306752K), 0.0603620 secs]
34.892: [GC 2182554K->451818K(2314560K), 0.0592870 secs]
35.777: [GC 2195370K->460506K(2313920K), 0.0650670 secs]
36.680: [GC 2202312K->461218K(2319168K), 0.0892330 secs]
37.656: [GC 2212322K->466553K(2319104K), 0.0645330 secs]
38.511: [GC 2217359K->476683K(2319424K), 0.0620550 secs]
39.466: [GC 2226792K->478949K(2303040K), 0.0624650 secs]
40.383: [GC 2230021K->482657K(2319104K), 0.0597080 secs]
41.247: [GC 2229541K->487176K(2300800K), 0.0624500 secs]
42.152: [GC 2234163K->490852K(2317824K), 0.0619760 secs]
43.087: [GC 2235921K->498076K(2303296K), 0.0619300 secs]
43.978: [GC 2244252K->495694K(2317952K), 0.0611520 secs]
44.927: [GC 2238725K->506197K(2301696K), 0.0637940 secs]
45.794: [GC 2249051K->503180K(2317760K), 0.0628710 secs]
46.672: [GC 2244546K->507610K(2293888K), 0.0619680 secs]
47.541: [GC 2250778K->506807K(2316544K), 0.0573450 secs]
48.446: [GC 2251203K->510445K(2314816K), 0.0578600 secs]
49.358: [GC 2254553K->512360K(2318848K), 0.0610930 secs]
50.242: [GC 2262154K->523840K(2317568K), 0.0608260 secs]
51.135: [GC 2273114K->526243K(2322688K), 0.0619600 secs]
52.038: [GC 2281690K->525278K(2304064K), 0.0607050 secs]
52.957: [GC 2280469K->528710K(2323776K), 0.0581650 secs]
53.875: [GC 2285742K->535645K(2322432K), 0.0613320 secs]
54.787: [GC 2292633K->543109K(2324928K), 0.0569540 secs]
55.707: [GC 2304514K->546690K(2324928K), 0.0617920 secs]
55.769: [Full GC 546690K->218252K(2349568K), 0.7204170 secs]
57.404: [GC 1979020K->241618K(2322368K), 0.0139240 secs]
58.219: [GC 1975016K->263996K(2233088K), 0.0220910 secs]
59.063: [GC 1999036K->264211K(2320832K), 0.0257840 secs]
59.958: [GC 1974592K->273791K(2218688K), 0.0298390 secs]
60.811: [GC 1984639K->287115K(2326976K), 0.0328170 secs]
61.638: [GC 1997292K->302346K(2247552K), 0.0362130 secs]
62.542: [GC 2013514K->296670K(2323200K), 0.0383410 secs]
