0.531: [GC 95424K->60496K(365760K), 0.0898380 secs]
0.708: [GC 155920K->121173K(461184K), 0.0784170 secs]
1.175: [GC 310715K->163051K(461184K), 0.0621830 secs]
1.542: [GC 353328K->164991K(652032K), 0.0206230 secs]
2.179: [GC 546687K->173933K(652032K), 0.0288180 secs]
2.832: [GC 553788K->182854K(1106304K), 0.0269560 secs]
4.159: [GC 945935K->199891K(1107840K), 0.0232440 secs]
5.419: [GC 961546K->212866K(1860096K), 0.0222610 secs]
8.089: [GC 1738843K->235394K(1863040K), 0.0315580 secs]
10.460: [GC 1760889K->247811K(2206720K), 0.0338200 secs]
10.494: [Full GC 247811K->174418K(2335680K), 0.6983960 secs]
14.011: [GC 2041428K->201771K(2278080K), 0.0155830 secs]
16.667: [GC 2069035K->233941K(2331968K), 0.0312360 secs]
19.500: [GC 2098489K->258105K(2332736K), 0.0429370 secs]
22.357: [GC 2121895K->275753K(2286784K), 0.0498960 secs]
25.133: [GC 2092713K->298669K(2287744K), 0.0536270 secs]
27.934: [GC 2114697K->317315K(2279360K), 0.0520840 secs]
30.616: [GC 2095807K->329673K(2281728K), 0.0586050 secs]
33.337: [GC 2109354K->336071K(2245760K), 0.0604600 secs]
35.892: [GC 2060714K->348163K(2245184K), 0.0640350 secs]
38.525: [GC 2072978K->353505K(2220992K), 0.0667330 secs]
41.025: [GC 2020451K->362185K(2201344K), 0.0714550 secs]
43.548: [GC 2028400K->362437K(2198784K), 0.0687370 secs]
45.901: [GC 1977907K->363293K(2152448K), 0.0713720 secs]
48.366: [GC 1979363K->371230K(2182656K), 0.0771580 secs]
50.767: [GC 1950592K->373761K(2127168K), 0.0754630 secs]
53.223: [GC 1954131K->374141K(2172736K), 0.0754960 secs]
55.666: [GC 1928445K->378875K(2105280K), 0.0789210 secs]
58.007: [GC 1931554K->370365K(2173568K), 0.0735920 secs]
60.201: [GC 1912588K->373620K(2080384K), 0.0743590 secs]
