0.530: [GC 95424K->59882K(365760K), 0.0947240 secs]
0.708: [GC 155306K->119830K(461184K), 0.0679260 secs]
1.055: [GC 309134K->164541K(461184K), 0.0389210 secs]
1.303: [GC 355031K->167192K(652032K), 0.0238730 secs]
1.759: [GC 547910K->174422K(652032K), 0.0277100 secs]
2.213: [GC 554515K->186136K(1104768K), 0.0299380 secs]
3.159: [GC 949501K->199346K(1106880K), 0.0648890 secs]
4.044: [GC 961824K->213551K(1859008K), 0.0273820 secs]
5.910: [GC 1738979K->242499K(1862208K), 0.0333650 secs]
7.559: [GC 1767348K->263200K(2195776K), 0.0385570 secs]
7.598: [Full GC 263200K->176663K(2323520K), 0.5876360 secs]
10.177: [GC 2029614K->213728K(2327488K), 0.0322250 secs]
12.149: [GC 2068195K->242956K(2323904K), 0.0365620 secs]
14.163: [GC 2095841K->262182K(2321216K), 0.0407450 secs]
16.154: [GC 2115335K->278589K(2287296K), 0.0474260 secs]
18.144: [GC 2085023K->292012K(2273344K), 0.0495340 secs]
20.130: [GC 2099265K->313662K(2279424K), 0.0482840 secs]
22.092: [GC 2093243K->325034K(2277952K), 0.0529720 secs]
24.030: [GC 2104815K->338925K(2246976K), 0.0591010 secs]
25.944: [GC 2063695K->344396K(2242176K), 0.0611350 secs]
27.816: [GC 2067442K->351078K(2221568K), 0.0645960 secs]
29.622: [GC 2020921K->357250K(2200128K), 0.0660680 secs]
31.435: [GC 2025238K->361312K(2199488K), 0.0681620 secs]
33.215: [GC 1981811K->361456K(2156096K), 0.0679180 secs]
34.993: [GC 1981294K->360446K(2190144K), 0.0681530 secs]
36.734: [GC 1951798K->365404K(2130560K), 0.0705630 secs]
38.452: [GC 1955945K->369005K(2179136K), 0.0703090 secs]
40.149: [GC 1936829K->374306K(2116416K), 0.0713400 secs]
41.876: [GC 1942198K->368683K(2177920K), 0.0707600 secs]
43.607: [GC 1924415K->368670K(2090112K), 0.0688850 secs]
45.324: [GC 1925071K->369777K(2179968K), 0.0688300 secs]
47.054: [GC 1929525K->374121K(2176704K), 0.0699270 secs]
48.754: [GC 1932972K->378689K(2179776K), 0.0710350 secs]
50.507: [GC 1944581K->379749K(2177472K), 0.0710340 secs]
52.239: [GC 1945403K->381352K(2186304K), 0.0700040 secs]
53.980: [GC 1960811K->385897K(2184448K), 0.0729890 secs]
55.728: [GC 1963549K->387343K(2192640K), 0.0714920 secs]
57.452: [GC 1978511K->386902K(2190912K), 0.0700340 secs]
59.203: [GC 1977451K->390124K(2197760K), 0.0704100 secs]
