1.165: [GC 95424K->31580K(365760K), 0.0518720 secs]
1.379: [GC 127004K->64056K(461184K), 0.0590030 secs]
1.758: [GC 254904K->134627K(461184K), 0.1091490 secs]
2.166: [GC 325475K->197254K(652032K), 0.1687440 secs]
2.335: [Full GC 197254K->197205K(822080K), 0.5782340 secs]
3.657: [GC 577648K->230156K(822080K), 0.0309490 secs]
3.985: [GC 611852K->246373K(1050944K), 0.0180660 secs]
4.329: [GC 789454K->251915K(1070464K), 0.0217690 secs]
4.651: [GC 796580K->263593K(1240960K), 0.0250220 secs]
5.099: [GC 1005995K->267425K(1259968K), 0.0264430 secs]
5.528: [GC 1010385K->274243K(1388096K), 0.0281160 secs]
6.064: [GC 1158689K->279160K(1397312K), 0.0331220 secs]
6.577: [GC 1162650K->289492K(1551616K), 0.0383360 secs]
7.196: [GC 1325456K->301458K(1556288K), 0.0421420 secs]
7.805: [GC 1337662K->307699K(1731008K), 0.0456610 secs]
8.483: [GC 1510170K->317139K(1739648K), 0.0490550 secs]
9.203: [GC 1520007K->312840K(1942720K), 0.0481320 secs]
10.062: [GC 1709640K->322672K(1949312K), 0.0543550 secs]
10.869: [GC 1719472K->334596K(2093632K), 0.0581220 secs]
11.797: [GC 1867012K->340834K(2104768K), 0.0623590 secs]
12.713: [GC 1871360K->348111K(2267136K), 0.0652560 secs]
13.733: [GC 2031311K->355896K(2275392K), 0.0629760 secs]
14.725: [GC 2039608K->366642K(2266816K), 0.0665640 secs]
15.722: [GC 2032655K->379846K(2238528K), 0.0731030 secs]
16.707: [GC 2045584K->384527K(2248704K), 0.0723420 secs]
17.678: [GC 2014145K->391773K(2207616K), 0.0762600 secs]
18.674: [GC 2021106K->397212K(2235904K), 0.0791020 secs]
19.652: [GC 1997311K->403604K(2183168K), 0.0805390 secs]
20.636: [GC 2003127K->410048K(2227840K), 0.0814610 secs]
21.635: [GC 1989125K->417657K(2169536K), 0.0822540 secs]
22.598: [GC 1997153K->421537K(2220288K), 0.0834910 secs]
23.567: [GC 1983365K->421226K(2151488K), 0.0818250 secs]
24.503: [GC 1982518K->423811K(2221504K), 0.0836260 secs]
25.454: [GC 1981275K->423229K(2143296K), 0.0821560 secs]
26.387: [GC 1982087K->432153K(2220736K), 0.0816890 secs]
27.302: [GC 1990498K->434604K(2220480K), 0.0820880 secs]
28.253: [GC 1994218K->438593K(2222080K), 0.0841220 secs]
29.192: [GC 2002690K->440029K(2222592K), 0.0823840 secs]
30.148: [GC 2002539K->442744K(2219584K), 0.0823930 secs]
31.092: [GC 2013744K->444571K(2221568K), 0.0810290 secs]
32.071: [GC 2015179K->447792K(2227648K), 0.0808090 secs]
33.064: [GC 2037805K->449795K(2229440K), 0.0781510 secs]
33.978: [GC 2039875K->458321K(2242112K), 0.0798250 secs]
34.972: [GC 2069101K->459802K(2241856K), 0.0802310 secs]
35.936: [GC 2070139K->459170K(2249088K), 0.0776570 secs]
36.926: [GC 2085122K->470792K(2249344K), 0.0817540 secs]
37.938: [GC 2096691K->467688K(2256320K), 0.0768670 secs]
38.921: [GC 2110504K->468887K(2258496K), 0.0789420 secs]
39.921: [GC 2111661K->476146K(2267008K), 0.0815160 secs]
40.904: [GC 2133294K->473610K(2267200K), 0.0787170 secs]
41.867: [GC 2129134K->479814K(2271680K), 0.0769280 secs]
42.844: [GC 2147282K->479878K(2271872K), 0.0747760 secs]
43.831: [GC 2146329K->478052K(2279424K), 0.0725150 secs]
44.843: [GC 2154784K->490384K(2278784K), 0.0775100 secs]
45.877: [GC 2167188K->492142K(2281792K), 0.0771460 secs]
46.878: [GC 2173974K->487937K(2280448K), 0.0721720 secs]
47.874: [GC 2170751K->499215K(2285504K), 0.0751760 secs]
48.907: [GC 2190415K->499481K(2285632K), 0.0754060 secs]
49.895: [GC 2190392K->516461K(2287744K), 0.0797020 secs]
50.914: [GC 2210891K->524338K(2281024K), 0.0816670 secs]
51.958: [GC 2218168K->528928K(2283968K), 0.0817040 secs]
52.998: [GC 2214649K->530948K(2272384K), 0.0814550 secs]
54.025: [GC 2216530K->535129K(2283776K), 0.0812940 secs]
55.047: [GC 2217915K->539126K(2268224K), 0.0821110 secs]
56.038: [GC 2222075K->544945K(2281088K), 0.0828760 secs]
57.072: [GC 2224670K->545563K(2266560K), 0.0873250 secs]
58.065: [GC 2224722K->550077K(2282944K), 0.0833410 secs]
59.101: [GC 2230909K->557638K(2272192K), 0.0861320 secs]
60.145: [GC 2237907K->561875K(2276928K), 0.0859620 secs]
61.117: [GC 2235058K->562480K(2279040K), 0.0856830 secs]
62.128: [GC 2234380K->570250K(2275904K), 0.0848380 secs]
63.128: [GC 2240070K->574037K(2263360K), 0.0841430 secs]
