0.551: [GC 95424K->59885K(365760K), 0.0807090 secs]
0.719: [GC 155309K->119801K(461184K), 0.0718970 secs]
1.353: [GC 309962K->167586K(461184K), 0.0980440 secs]
2.139: [GC 357499K->171281K(652032K), 0.0136460 secs]
3.796: [GC 552977K->173183K(652032K), 0.0110880 secs]
5.331: [GC 554879K->174422K(1110400K), 0.0480190 secs]
9.178: [GC 935960K->175970K(1110528K), 0.0176350 secs]
12.871: [GC 939234K->178694K(1871680K), 0.0095860 secs]
21.267: [GC 1703334K->186735K(1872320K), 0.0077320 secs]
28.502: [GC 1712668K->191410K(2195264K), 0.0076770 secs]
38.174: [GC 2046431K->200162K(2196032K), 0.0100080 secs]
48.160: [GC 2054486K->205007K(2201472K), 0.0106950 secs]
58.390: [GC 2071823K->212948K(2201920K), 0.0130810 secs]
58.403: [Full GC 212948K->177438K(2307904K), 0.4929540 secs]
