0.542: [GC 95424K->60492K(365760K), 0.0774630 secs]
0.709: [GC 155916K->122673K(461184K), 0.0670120 secs]
1.233: [GC 312939K->166718K(461184K), 0.0480450 secs]
1.624: [GC 357165K->170786K(652032K), 0.0139870 secs]
2.542: [GC 552448K->173279K(652032K), 0.0151350 secs]
3.314: [GC 554975K->174956K(1111936K), 0.0107080 secs]
4.966: [GC 936977K->176620K(1112192K), 0.0144530 secs]
6.575: [GC 939129K->178382K(1873024K), 0.0105140 secs]
9.808: [GC 1705166K->183831K(1873664K), 0.0175430 secs]
12.729: [GC 1710566K->188509K(2194176K), 0.0126590 secs]
16.494: [GC 2041075K->199228K(2195200K), 0.0189220 secs]
20.354: [GC 2050799K->208035K(2197824K), 0.0242730 secs]
23.776: [GC 2071195K->213066K(2199104K), 0.0130750 secs]
23.789: [Full GC 213066K->177394K(2333312K), 0.7458370 secs]
28.169: [GC 2039864K->191929K(2338624K), 0.0094880 secs]
32.027: [GC 2066342K->198020K(2340160K), 0.0133680 secs]
35.949: [GC 2073766K->207524K(2346368K), 0.0199660 secs]
39.714: [GC 2096699K->211413K(2346432K), 0.0276160 secs]
43.348: [GC 2100757K->217821K(2353792K), 0.0729620 secs]
47.145: [GC 2114354K->223190K(2332352K), 0.0227780 secs]
51.114: [GC 2119787K->227788K(2346240K), 0.0458900 secs]
54.800: [GC 2113695K->232205K(2330112K), 0.0452440 secs]
58.505: [GC 2117947K->238438K(2334528K), 0.0506750 secs]
