1.178: [GC 95424K->31612K(365760K), 0.0571480 secs]
1.398: [GC 127036K->65336K(461184K), 0.1564000 secs]
1.875: [GC 256184K->138503K(461184K), 0.0794970 secs]
2.253: [GC 329351K->201130K(652032K), 0.1455990 secs]
2.398: [Full GC 201130K->201102K(819776K), 0.4661020 secs]
3.500: [GC 582798K->232054K(819776K), 0.0259430 secs]
3.749: [GC 613750K->239458K(1089664K), 0.0185330 secs]
4.046: [GC 817762K->246490K(1105856K), 0.0198500 secs]
4.321: [GC 824307K->251641K(1340800K), 0.0263180 secs]
4.595: [GC 1089849K->250166K(1358528K), 0.0199470 secs]
4.854: [GC 1087185K->263032K(1547712K), 0.0262340 secs]
5.171: [GC 1307576K->259985K(1557120K), 0.0257840 secs]
5.464: [GC 1304529K->261360K(1771008K), 0.0226850 secs]
5.855: [GC 1541936K->263096K(1784832K), 0.0241010 secs]
6.235: [GC 1543672K->267357K(2027008K), 0.0249910 secs]
6.705: [GC 1805947K->273107K(2040192K), 0.0294480 secs]
7.148: [GC 1813203K->277472K(2332032K), 0.0305960 secs]
7.855: [GC 2110176K->276649K(2335808K), 0.0312660 secs]
8.575: [GC 2108059K->289612K(2364608K), 0.0368570 secs]
9.349: [GC 2149054K->288955K(2355200K), 0.0370200 secs]
10.154: [GC 2149179K->294579K(2364416K), 0.0388770 secs]
10.954: [GC 2144947K->305914K(2345728K), 0.0339410 secs]
11.765: [GC 2156279K->306988K(2359424K), 0.0356510 secs]
12.616: [GC 2148652K->312467K(2339328K), 0.0380600 secs]
13.512: [GC 2154131K->322261K(2348800K), 0.0422530 secs]
14.425: [GC 2147918K->333023K(2341696K), 0.0455150 secs]
15.198: [GC 2158712K->332948K(2337088K), 0.0453710 secs]
15.929: [GC 2136724K->339431K(2322560K), 0.0452330 secs]
16.666: [GC 2143207K->339679K(2328000K), 0.0478240 secs]
17.347: [GC 2123743K->338978K(2298496K), 0.0469760 secs]
17.943: [GC 2123042K->347121K(2325248K), 0.0465130 secs]
18.552: [GC 2122609K->348111K(2292480K), 0.0458170 secs]
19.100: [GC 2123599K->349987K(2326272K), 0.0458190 secs]
19.709: [GC 2122787K->359400K(2294336K), 0.0501090 secs]
20.309: [GC 2132200K->362321K(2323712K), 0.0501290 secs]
20.994: [GC 2130513K->368975K(2289920K), 0.0516420 secs]
21.640: [GC 2137167K->372127K(2323712K), 0.0523150 secs]
22.269: [GC 2139103K->379319K(2323392K), 0.0522250 secs]
22.945: [GC 2146295K->383459K(2322688K), 0.0517010 secs]
23.623: [GC 2150208K->389333K(2285312K), 0.0516980 secs]
24.283: [GC 2156373K->392845K(2326016K), 0.0509960 secs]
24.870: [GC 2164749K->391101K(2322560K), 0.0475680 secs]
25.442: [GC 2161873K->400267K(2325952K), 0.0464560 secs]
26.045: [GC 2178201K->401847K(2323456K), 0.0458360 secs]
26.591: [GC 2180727K->404905K(2332544K), 0.0467650 secs]
27.136: [GC 2194175K->406900K(2330112K), 0.0470650 secs]
27.702: [GC 2197812K->411271K(2337600K), 0.0477980 secs]
28.259: [GC 2211847K->409307K(2336320K), 0.0472970 secs]
28.786: [GC 2208113K->416914K(2342208K), 0.0461100 secs]
29.355: [GC 2226450K->416248K(2341056K), 0.0455260 secs]
29.955: [GC 2225784K->425723K(2346880K), 0.0464500 secs]
30.571: [GC 2242497K->430581K(2346496K), 0.0491150 secs]
31.149: [GC 2248245K->430664K(2350016K), 0.0458630 secs]
31.805: [GC 2253448K->435590K(2349312K), 0.0444370 secs]
32.456: [GC 2258374K->439013K(2352512K), 0.0449790 secs]
33.085: [GC 2265957K->446461K(2351936K), 0.0440940 secs]
33.730: [GC 2271972K->446829K(2354048K), 0.0730230 secs]
34.354: [GC 2275826K->453014K(2353600K), 0.0447700 secs]
34.999: [GC 2282436K->458976K(2355200K), 0.0448630 secs]
35.665: [GC 2292174K->462025K(2355136K), 0.0456160 secs]
36.308: [GC 2295881K->464819K(2357952K), 0.0469990 secs]
36.984: [GC 2302963K->467068K(2358080K), 0.0484160 secs]
37.629: [GC 2305212K->478207K(2353984K), 0.0487610 secs]
38.275: [GC 2312959K->480369K(2350912K), 0.0505340 secs]
38.919: [GC 2314772K->486217K(2351040K), 0.0511830 secs]
39.462: [GC 2312692K->488698K(2345856K), 0.0500210 secs]
40.018: [GC 2316154K->488006K(2353792K), 0.0518410 secs]
40.562: [GC 2314502K->491335K(2339456K), 0.0511990 secs]
41.110: [GC 2317831K->499728K(2350912K), 0.0508670 secs]
41.705: [GC 2325584K->501072K(2351552K), 0.0506220 secs]
42.275: [GC 2326928K->506884K(2353856K), 0.0522370 secs]
42.855: [GC 2335364K->510059K(2354304K), 0.0510960 secs]
43.470: [GC 2337545K->513567K(2352128K), 0.0491690 secs]
43.529: [Full GC 513567K->213221K(2349120K), 0.6264560 secs]
44.733: [GC 2041829K->225404K(2260032K), 0.0093610 secs]
45.355: [GC 2054012K->238501K(2325952K), 0.0160960 secs]
45.969: [GC 2028695K->245603K(2243328K), 0.0184980 secs]
46.598: [GC 2037347K->255135K(2329024K), 0.0221750 secs]
47.297: [GC 2039554K->260591K(2251072K), 0.0251710 secs]
48.025: [GC 2043502K->267633K(2331136K), 0.0283880 secs]
48.775: [GC 2055537K->271239K(2265152K), 0.0330780 secs]
49.512: [GC 2057687K->277030K(2331712K), 0.0333460 secs]
50.255: [GC 2072614K->284469K(2326976K), 0.0363850 secs]
51.003: [GC 2079782K->290548K(2335616K), 0.0390540 secs]
51.728: [GC 2097226K->290838K(2335360K), 0.0426120 secs]
52.455: [GC 2097686K->298015K(2341888K), 0.0420810 secs]
53.176: [GC 2110063K->302721K(2322496K), 0.0466810 secs]
53.825: [GC 2116481K->303999K(2335360K), 0.0479120 secs]
54.423: [GC 2104938K->308752K(2316864K), 0.0502770 secs]
55.043: [GC 2110864K->311376K(2329408K), 0.0517050 secs]
55.705: [GC 2101072K->312770K(2301312K), 0.0519150 secs]
56.324: [GC 2102466K->319024K(2328256K), 0.0501230 secs]
56.959: [GC 2103485K->322680K(2299584K), 0.0494900 secs]
57.625: [GC 2107896K->334077K(2321280K), 0.0517090 secs]
58.255: [GC 2110077K->327596K(2325056K), 0.0507980 secs]
58.807: [GC 2103596K->337567K(2324288K), 0.0518810 secs]
59.335: [GC 2114079K->335075K(2290752K), 0.0513910 secs]
59.865: [GC 2111587K->339803K(2326784K), 0.0486720 secs]
60.367: [GC 2119067K->339982K(2288256K), 0.0483080 secs]
60.895: [GC 2119189K->347469K(2325376K), 0.0495860 secs]
61.455: [GC 2130317K->348473K(2323328K), 0.0467520 secs]
62.044: [GC 2131321K->352714K(2330752K), 0.0475370 secs]
62.788: [GC 2146698K->350920K(2328768K), 0.0474530 secs]
