0.534: [GC 95424K->59877K(365760K), 0.0939830 secs]
0.725: [GC 155301K->119805K(461184K), 0.0973060 secs]
1.153: [GC 310169K->170275K(461184K), 0.0711170 secs]
1.466: [GC 360748K->174331K(652032K), 0.0114220 secs]
1.975: [GC 556027K->178525K(652032K), 0.0120050 secs]
2.492: [GC 559190K->180962K(1109696K), 0.0107500 secs]
3.489: [GC 943504K->184961K(1110016K), 0.0323350 secs]
4.478: [GC 948032K->189434K(1868544K), 0.0462290 secs]
6.627: [GC 1714190K->207268K(1870080K), 0.0137420 secs]
8.517: [GC 1731617K->220656K(2195584K), 0.0188750 secs]
10.955: [GC 2080404K->234601K(2196608K), 0.0226850 secs]
10.978: [Full GC 234601K->182025K(2327680K), 0.4933140 secs]
13.899: [GC 2041489K->215229K(2335680K), 0.0435090 secs]
16.322: [GC 2092537K->225445K(2336896K), 0.0145100 secs]
18.735: [GC 2102692K->234385K(2344128K), 0.0170940 secs]
21.116: [GC 2119846K->247539K(2336896K), 0.0198170 secs]
23.526: [GC 2131983K->258177K(2321984K), 0.0227580 secs]
25.986: [GC 2112476K->268595K(2327232K), 0.0249700 secs]
28.450: [GC 2122032K->275092K(2290368K), 0.0254840 secs]
30.876: [GC 2084605K->285798K(2300160K), 0.0287790 secs]
33.246: [GC 2094800K->291376K(2267520K), 0.0297110 secs]
35.484: [GC 2051611K->295027K(2259456K), 0.0301620 secs]
37.810: [GC 2055755K->301675K(2250944K), 0.0319050 secs]
40.019: [GC 2018524K->307256K(2227776K), 0.0325360 secs]
42.271: [GC 2023962K->310455K(2232704K), 0.0337020 secs]
44.366: [GC 1986382K->313216K(2193920K), 0.0336820 secs]
46.523: [GC 1989521K->316467K(2219712K), 0.0395960 secs]
48.625: [GC 1962204K->320672K(2165568K), 0.0366300 secs]
50.755: [GC 1967486K->315622K(2221056K), 0.0342450 secs]
52.874: [GC 1951836K->322517K(2153344K), 0.0348350 secs]
54.967: [GC 1958208K->326782K(2217856K), 0.0357450 secs]
57.073: [GC 1957523K->334687K(2153024K), 0.0372430 secs]
59.176: [GC 1963912K->333769K(2217920K), 0.0352100 secs]
