0.532: [GC 95424K->59882K(365760K), 0.0970780 secs]
0.717: [GC 155306K->119830K(461184K), 0.0951740 secs]
1.110: [GC 310179K->168524K(461184K), 0.0456220 secs]
1.369: [GC 359125K->174438K(652032K), 0.0202280 secs]
1.830: [GC 555069K->177657K(652032K), 0.0485480 secs]
2.280: [GC 557966K->181139K(1109952K), 0.0109380 secs]
3.156: [GC 944375K->186401K(1109952K), 0.0239260 secs]
4.005: [GC 949010K->192587K(1867008K), 0.0102530 secs]
5.806: [GC 1718887K->211658K(1869312K), 0.0253110 secs]
7.447: [GC 1737759K->230119K(2199168K), 0.0589810 secs]
9.616: [GC 2090542K->246669K(2198976K), 0.0278460 secs]
9.644: [Full GC 246669K->179275K(2333952K), 0.5761700 secs]
12.226: [GC 2039912K->206731K(2340608K), 0.0172480 secs]
14.270: [GC 2079450K->223132K(2339072K), 0.0226230 secs]
16.333: [GC 2095831K->233470K(2342976K), 0.0300910 secs]
18.452: [GC 2109858K->243639K(2332096K), 0.0212880 secs]
20.525: [GC 2121487K->261443K(2320896K), 0.0299780 secs]
22.624: [GC 2108663K->269888K(2328768K), 0.0374750 secs]
24.709: [GC 2117933K->274549K(2289088K), 0.0359800 secs]
26.781: [GC 2076141K->282831K(2296320K), 0.0329130 secs]
28.771: [GC 2085089K->293901K(2270272K), 0.0371360 secs]
30.735: [GC 2045794K->298554K(2261568K), 0.0485620 secs]
32.658: [GC 2051074K->297494K(2252864K), 0.0522220 secs]
34.596: [GC 2005937K->304806K(2224704K), 0.0380750 secs]
36.475: [GC 2013627K->308964K(2234496K), 0.0357920 secs]
38.330: [GC 1979895K->310677K(2193216K), 0.0438320 secs]
40.188: [GC 1981755K->311347K(2224832K), 0.0451420 secs]
42.016: [GC 1955875K->316179K(2168512K), 0.0372800 secs]
43.840: [GC 1960874K->317763K(2221760K), 0.0359430 secs]
45.642: [GC 1950284K->320941K(2155264K), 0.0358500 secs]
47.442: [GC 1954192K->324041K(2221120K), 0.0414100 secs]
49.267: [GC 1951384K->321401K(2146048K), 0.0433860 secs]
51.040: [GC 1949456K->330328K(2221248K), 0.0376300 secs]
52.837: [GC 1959074K->338441K(2220416K), 0.0377270 secs]
54.627: [GC 1967217K->336132K(2219328K), 0.0364140 secs]
56.426: [GC 1971204K->340273K(2221568K), 0.0362950 secs]
58.262: [GC 1974596K->343669K(2222912K), 0.0362950 secs]
60.071: [GC 1986669K->349456K(2225088K), 0.0368470 secs]
