1.168: [GC 95424K->31604K(365760K), 0.0486810 secs]
1.372: [GC 127028K->64060K(461184K), 0.0749950 secs]
1.743: [GC 254908K->136215K(461184K), 0.1292120 secs]
2.151: [GC 327063K->198834K(652032K), 0.1125150 secs]
2.263: [Full GC 198834K->198764K(819840K), 0.4574650 secs]
3.556: [GC 580460K->241627K(819840K), 0.0268800 secs]
3.794: [GC 621471K->249667K(1072576K), 0.0140040 secs]
4.118: [GC 813113K->261137K(1088576K), 0.0235500 secs]
4.484: [GC 823159K->263924K(1277760K), 0.0165190 secs]
4.976: [GC 1051892K->271082K(1305856K), 0.0173680 secs]
5.390: [GC 1058760K->278171K(1433344K), 0.0183390 secs]
5.896: [GC 1217077K->281307K(1450816K), 0.0197690 secs]
6.414: [GC 1220092K->282456K(1587328K), 0.0211620 secs]
6.978: [GC 1375320K->287671K(1600960K), 0.0207120 secs]
7.530: [GC 1380535K->297197K(1755840K), 0.0223530 secs]
8.136: [GC 1543553K->306199K(1760576K), 0.0250090 secs]
8.775: [GC 1553756K->310185K(1929728K), 0.0275580 secs]
9.488: [GC 1720627K->316608K(1936192K), 0.0286300 secs]
10.210: [GC 1725871K->328441K(2053888K), 0.0327320 secs]
10.934: [GC 1847667K->335452K(2064064K), 0.0328470 secs]
11.700: [GC 1854828K->347964K(2194432K), 0.0477500 secs]
12.581: [GC 1986961K->344428K(2204096K), 0.0304190 secs]
13.412: [GC 1984848K->353280K(2299392K), 0.0332640 secs]
14.245: [GC 2081949K->355444K(2264640K), 0.0316270 secs]
15.125: [GC 2085285K->362417K(2292160K), 0.0319640 secs]
15.981: [GC 2074882K->366837K(2252480K), 0.0314460 secs]
16.821: [GC 2079617K->371991K(2286592K), 0.0322090 secs]
17.651: [GC 2069585K->375719K(2243968K), 0.0336810 secs]
18.557: [GC 2074660K->380697K(2281088K), 0.0340000 secs]
19.436: [GC 2067901K->388019K(2238144K), 0.0341420 secs]
20.265: [GC 2073931K->393338K(2276288K), 0.0346250 secs]
21.157: [GC 2069368K->395349K(2225024K), 0.0363820 secs]
22.020: [GC 2071412K->407640K(2273216K), 0.0352660 secs]
22.919: [GC 2078320K->403501K(2275584K), 0.0353360 secs]
23.757: [GC 2073515K->408255K(2270208K), 0.0362280 secs]
24.582: [GC 2081023K->414891K(2273152K), 0.0362310 secs]
25.428: [GC 2087422K->426405K(2279360K), 0.0361480 secs]
26.309: [GC 2106337K->429164K(2280064K), 0.0398320 secs]
27.205: [GC 2110700K->427095K(2275200K), 0.0372860 secs]
28.036: [GC 2109603K->431418K(2278336K), 0.0494420 secs]
28.911: [GC 2114441K->439839K(2281536K), 0.0583090 secs]
29.800: [GC 2134320K->454497K(2283520K), 0.0505730 secs]
30.691: [GC 2148748K->449308K(2287168K), 0.0362930 secs]
31.558: [GC 2152284K->454094K(2289024K), 0.0352390 secs]
32.512: [GC 2155650K->467061K(2291776K), 0.0391480 secs]
33.382: [GC 2175453K->463660K(2293056K), 0.0351860 secs]
34.230: [GC 2171918K->469522K(2294592K), 0.0404590 secs]
35.092: [GC 2182597K->469683K(2294848K), 0.0468290 secs]
35.977: [GC 2182906K->471648K(2297344K), 0.0424570 secs]
36.852: [GC 2190727K->474274K(2297472K), 0.0523430 secs]
37.758: [GC 2193096K->479870K(2300480K), 0.0380890 secs]
38.672: [GC 2204777K->475731K(2300864K), 0.0366730 secs]
39.571: [GC 2200819K->487973K(2304256K), 0.0380000 secs]
40.476: [GC 2219841K->489850K(2304320K), 0.0548460 secs]
41.361: [GC 2222029K->492092K(2307200K), 0.0385880 secs]
42.264: [GC 2230625K->496670K(2306816K), 0.0457200 secs]
43.194: [GC 2235242K->504358K(2311552K), 0.0376140 secs]
44.019: [GC 2249225K->507821K(2310912K), 0.0818560 secs]
44.877: [GC 2252972K->514223K(2315136K), 0.0475420 secs]
45.801: [GC 2264311K->520825K(2314688K), 0.0501690 secs]
46.700: [GC 2271228K->517429K(2315392K), 0.0508400 secs]
47.617: [GC 2268848K->517104K(2315840K), 0.0549760 secs]
48.550: [GC 2269945K->520439K(2316544K), 0.0360380 secs]
49.470: [GC 2274834K->523145K(2316992K), 0.0342740 secs]
50.383: [GC 2275968K->526407K(2317056K), 0.0326470 secs]
51.273: [GC 2282260K->533809K(2317440K), 0.0355890 secs]
52.181: [GC 2288493K->543905K(2317504K), 0.0371780 secs]
52.218: [Full GC 543905K->217710K(2345920K), 0.6274690 secs]
53.705: [GC 1974154K->243872K(2234368K), 0.0102590 secs]
54.608: [GC 2001195K->251642K(2314304K), 0.0132540 secs]
55.425: [GC 1962234K->260225K(2203840K), 0.0151150 secs]
56.291: [GC 1969439K->274324K(2318080K), 0.0201950 secs]
57.071: [GC 1972950K->283054K(2215872K), 0.0324350 secs]
57.978: [GC 1981744K->287647K(2320256K), 0.0312100 secs]
58.861: [GC 1990288K->300792K(2237696K), 0.0319410 secs]
59.732: [GC 2002970K->305290K(2321088K), 0.0247890 secs]
60.650: [GC 2018278K->319674K(2314624K), 0.0281230 secs]
61.569: [GC 2033108K->315925K(2332096K), 0.0275340 secs]
62.454: [GC 2047430K->323774K(2329216K), 0.0345660 secs]
