0.526: [GC 95424K->59885K(365760K), 0.0948360 secs]
0.702: [GC 155309K->119805K(461184K), 0.0668750 secs]
1.031: [GC 309925K->167254K(461184K), 0.0782840 secs]
1.369: [GC 357194K->169744K(652032K), 0.0136290 secs]
1.804: [GC 550575K->176006K(652032K), 0.0265190 secs]
2.313: [GC 556899K->179869K(1109184K), 0.0844580 secs]
3.346: [GC 941692K->183406K(1109312K), 0.0886760 secs]
4.347: [GC 945905K->188382K(1868224K), 0.0110130 secs]
6.347: [GC 1713483K->201597K(1869696K), 0.0130430 secs]
8.183: [GC 1727465K->208975K(2196800K), 0.0133340 secs]
10.570: [GC 2070553K->218049K(2198144K), 0.0156380 secs]
10.585: [Full GC 218049K->182472K(2328768K), 0.5995740 secs]
13.397: [GC 2044351K->206549K(2334656K), 0.0295660 secs]
15.573: [GC 2081530K->220675K(2336832K), 0.0403360 secs]
17.887: [GC 2095336K->232052K(2342272K), 0.0162890 secs]
20.152: [GC 2115184K->242068K(2328000K), 0.0371130 secs]
22.429: [GC 2125059K->247606K(2328192K), 0.0286550 secs]
24.670: [GC 2109473K->257363K(2322304K), 0.0325750 secs]
26.915: [GC 2119172K->269327K(2304256K), 0.0246650 secs]
29.068: [GC 2092672K->276681K(2303616K), 0.0251300 secs]
31.255: [GC 2099482K->282684K(2281472K), 0.0266420 secs]
33.429: [GC 2062012K->287946K(2269952K), 0.0503640 secs]
35.572: [GC 2065555K->293722K(2260928K), 0.0455840 secs]
37.690: [GC 2029736K->299165K(2238784K), 0.0430040 secs]
39.787: [GC 2034444K->307529K(2239552K), 0.0346560 secs]
41.867: [GC 2001394K->312799K(2210432K), 0.0344700 secs]
43.938: [GC 2006665K->318228K(2220480K), 0.0352440 secs]
45.916: [GC 1971797K->321753K(2173312K), 0.0359140 secs]
47.879: [GC 1975973K->323275K(2215040K), 0.0489170 secs]
49.831: [GC 1954258K->325457K(2148928K), 0.0358960 secs]
51.810: [GC 1958225K->324825K(2217536K), 0.0346990 secs]
53.760: [GC 1951882K->331662K(2145728K), 0.0352300 secs]
55.723: [GC 1960152K->334978K(2217152K), 0.0357010 secs]
57.634: [GC 1961288K->331242K(2137088K), 0.0338380 secs]
59.576: [GC 1959208K->338815K(2215104K), 0.0354800 secs]
