0.534: [GC 95424K->59890K(365760K), 0.0844400 secs]
0.705: [GC 155314K->119826K(461184K), 0.1455660 secs]
1.131: [GC 309943K->169774K(461184K), 0.0516500 secs]
1.396: [GC 359455K->176212K(652032K), 0.0226580 secs]
1.866: [GC 556747K->179706K(652032K), 0.0124690 secs]
2.268: [GC 559489K->183315K(1109696K), 0.0096280 secs]
3.194: [GC 945110K->188822K(1109888K), 0.0175290 secs]
4.020: [GC 950994K->193867K(1867520K), 0.0655420 secs]
5.872: [GC 1718743K->212411K(1869376K), 0.0470580 secs]
7.532: [GC 1737170K->226178K(2199552K), 0.0164530 secs]
9.599: [GC 2087817K->235707K(2198336K), 0.0313950 secs]
9.630: [Full GC 235707K->181931K(2333440K), 0.5842450 secs]
12.212: [GC 2044168K->213991K(2340864K), 0.0511030 secs]
14.310: [GC 2087510K->226256K(2340800K), 0.0169360 secs]
16.364: [GC 2100391K->231897K(2347200K), 0.0195250 secs]
18.429: [GC 2113505K->245797K(2336320K), 0.0218530 secs]
20.520: [GC 2127818K->257310K(2326976K), 0.0287940 secs]
22.569: [GC 2112484K->265623K(2329536K), 0.0242260 secs]
24.629: [GC 2121621K->270743K(2302272K), 0.0440590 secs]
26.683: [GC 2086884K->281278K(2305920K), 0.0294680 secs]
28.754: [GC 2098076K->288204K(2279296K), 0.0410440 secs]
30.784: [GC 2058171K->296863K(2274880K), 0.0324450 secs]
32.785: [GC 2066601K->302112K(2256704K), 0.0517610 secs]
34.730: [GC 2023688K->305084K(2234752K), 0.0336950 secs]
36.639: [GC 2025553K->311259K(2237888K), 0.0351600 secs]
38.535: [GC 1991120K->312173K(2201152K), 0.0349000 secs]
40.424: [GC 1992706K->322336K(2220544K), 0.0371250 secs]
42.278: [GC 1967847K->318140K(2164288K), 0.0362920 secs]
44.151: [GC 1963836K->323799K(2222016K), 0.0363360 secs]
45.952: [GC 1956263K->324397K(2152640K), 0.0352570 secs]
47.762: [GC 1957651K->328993K(2223104K), 0.0353370 secs]
49.581: [GC 1959911K->330706K(2150336K), 0.0370240 secs]
51.392: [GC 1962957K->331900K(2225472K), 0.0354800 secs]
53.197: [GC 1965742K->336562K(2150912K), 0.0376870 secs]
55.018: [GC 1971470K->334193K(2226816K), 0.0514690 secs]
56.883: [GC 1976093K->338990K(2221888K), 0.0415740 secs]
58.723: [GC 1980584K->343149K(2229376K), 0.0475320 secs]
60.576: [GC 1996305K->341642K(2226112K), 0.0426810 secs]
