1.158: [GC 95424K->31596K(365760K), 0.1092960 secs]
1.421: [GC 127020K->64040K(461184K), 0.0592030 secs]
1.776: [GC 254888K->134663K(461184K), 0.0914390 secs]
2.147: [GC 325511K->197210K(652032K), 0.1857970 secs]
2.333: [Full GC 197210K->197176K(819904K), 0.5704420 secs]
3.614: [GC 578872K->240072K(819904K), 0.0308590 secs]
3.837: [GC 621161K->249634K(1065600K), 0.0172250 secs]
4.084: [GC 804584K->258501K(1079488K), 0.0226690 secs]
4.359: [GC 813776K->265734K(1287680K), 0.0311320 secs]
4.746: [GC 1049539K->272494K(1300736K), 0.0230260 secs]
5.119: [GC 1056703K->272006K(1443584K), 0.0284650 secs]
5.583: [GC 1220985K->277278K(1457920K), 0.0270170 secs]
6.083: [GC 1226531K->283617K(1628544K), 0.0381350 secs]
6.669: [GC 1411524K->291071K(1635008K), 0.0347700 secs]
7.280: [GC 1418636K->297146K(1824960K), 0.0355300 secs]
7.952: [GC 1614752K->304847K(1831168K), 0.0348060 secs]
8.639: [GC 1621443K->305340K(2039872K), 0.0507750 secs]
9.445: [GC 1824316K->307971K(2044864K), 0.0657150 secs]
10.264: [GC 1826689K->314917K(2207168K), 0.0449070 secs]
11.119: [GC 1991517K->320309K(2213440K), 0.0488490 secs]
12.011: [GC 1996793K->329800K(2328256K), 0.0512590 secs]
12.914: [GC 2114682K->346456K(2314816K), 0.0478140 secs]
13.793: [GC 2130460K->341047K(2317632K), 0.0486270 secs]
14.708: [GC 2102898K->341494K(2282432K), 0.0480090 secs]
15.623: [GC 2103259K->347453K(2314752K), 0.0519910 secs]
16.497: [GC 2101358K->350858K(2279168K), 0.0493220 secs]
17.348: [GC 2104458K->367152K(2302592K), 0.0576390 secs]
18.275: [GC 2103987K->376689K(2280320K), 0.0579460 secs]
19.142: [GC 2114033K->372912K(2298752K), 0.0591630 secs]
20.013: [GC 2093371K->375912K(2255936K), 0.0573140 secs]
20.878: [GC 2094841K->385175K(2293888K), 0.0628450 secs]
21.729: [GC 2098199K->387533K(2254144K), 0.0615860 secs]
22.594: [GC 2099942K->388763K(2295360K), 0.0628870 secs]
23.508: [GC 2097645K->395996K(2249152K), 0.0618570 secs]
24.401: [GC 2104259K->398022K(2296320K), 0.0611520 secs]
25.337: [GC 2108747K->406405K(2249856K), 0.0613510 secs]
26.239: [GC 2117049K->412179K(2295104K), 0.0624390 secs]
27.116: [GC 2124809K->412125K(2294464K), 0.0624700 secs]
27.998: [GC 2123651K->414235K(2296576K), 0.0622510 secs]
28.911: [GC 2131544K->420507K(2296320K), 0.0658420 secs]
29.827: [GC 2138773K->422103K(2299072K), 0.0620620 secs]
30.690: [GC 2148362K->422096K(2300288K), 0.0607960 secs]
31.559: [GC 2148601K->431305K(2304512K), 0.0591550 secs]
32.438: [GC 2166591K->428044K(2304064K), 0.0582810 secs]
33.362: [GC 2164428K->437382K(2310336K), 0.0604290 secs]
34.218: [GC 2184326K->447016K(2309184K), 0.0653060 secs]
35.126: [GC 2193960K->449225K(2317056K), 0.0638740 secs]
36.017: [GC 2202556K->462873K(2305728K), 0.0659660 secs]
36.903: [GC 2217881K->460948K(2313408K), 0.0673300 secs]
37.807: [GC 2207558K->469049K(2297920K), 0.0697880 secs]
38.727: [GC 2217017K->474216K(2308992K), 0.0649950 secs]
39.660: [GC 2213013K->471788K(2310528K), 0.0658540 secs]
40.557: [GC 2210947K->474478K(2307648K), 0.0624610 secs]
41.501: [GC 2214531K->484726K(2309248K), 0.0679110 secs]
42.382: [GC 2225052K->489534K(2308160K), 0.0664880 secs]
43.277: [GC 2227244K->487957K(2309824K), 0.0691740 secs]
44.210: [GC 2225803K->495421K(2309056K), 0.0705840 secs]
45.078: [GC 2233697K->498156K(2291072K), 0.0698040 secs]
45.977: [GC 2235427K->500996K(2308544K), 0.0711940 secs]
46.921: [GC 2236956K->504355K(2308928K), 0.0736640 secs]
47.801: [GC 2240324K->509482K(2306816K), 0.0679810 secs]
48.679: [GC 2245245K->516543K(2307904K), 0.0649510 secs]
49.501: [GC 2252921K->518019K(2309568K), 0.0657430 secs]
50.357: [GC 2256920K->525172K(2309696K), 0.0706860 secs]
51.259: [GC 2264406K->524778K(2305856K), 0.0650140 secs]
52.171: [GC 2262904K->530431K(2308032K), 0.0626370 secs]
53.087: [GC 2269688K->531007K(2309056K), 0.0621970 secs]
53.963: [GC 2276090K->535762K(2310912K), 0.0673250 secs]
54.907: [GC 2281401K->538491K(2312768K), 0.0648270 secs]
55.841: [GC 2288672K->550066K(2314240K), 0.0571360 secs]
55.898: [Full GC 550066K->224406K(2343680K), 0.7235980 secs]
57.435: [GC 1975095K->245993K(2313920K), 0.0144890 secs]
58.349: [GC 1966115K->260773K(2209408K), 0.0208960 secs]
59.254: [GC 1980700K->267595K(2310784K), 0.0302740 secs]
60.093: [GC 1959997K->275524K(2195328K), 0.0277820 secs]
60.954: [GC 1966781K->282115K(2315456K), 0.0286760 secs]
61.825: [GC 1971053K->290714K(2208640K), 0.0371580 secs]
62.687: [GC 1981206K->308782K(2317696K), 0.0432250 secs]
