0.535: [GC 95424K->59897K(365760K), 0.0806610 secs]
0.704: [GC 155321K->119829K(461184K), 0.1086090 secs]
1.183: [GC 308949K->164978K(461184K), 0.0509130 secs]
1.580: [GC 354896K->172661K(652032K), 0.0128860 secs]
2.305: [GC 553026K->188732K(652032K), 0.0170840 secs]
2.980: [GC 570122K->202551K(1104000K), 0.0166660 secs]
4.399: [GC 965943K->227091K(1104960K), 0.0308540 secs]
5.709: [GC 989246K->239527K(1863360K), 0.0355440 secs]
8.396: [GC 1764391K->269418K(1865280K), 0.0500560 secs]
8.446: [Full GC 269418K->176853K(1994176K), 0.5995240 secs]
11.462: [GC 1699779K->213444K(2326848K), 0.0262000 secs]
14.521: [GC 2063364K->242147K(2325504K), 0.0410570 secs]
17.545: [GC 2092067K->266751K(2306240K), 0.0561860 secs]
20.589: [GC 2096255K->286000K(2315968K), 0.0680860 secs]
23.657: [GC 2115504K->307244K(2250944K), 0.0746670 secs]
26.578: [GC 2071318K->322387K(2241792K), 0.0685860 secs]
29.559: [GC 2086867K->343247K(2261376K), 0.0731540 secs]
32.434: [GC 2082767K->355761K(2250176K), 0.0810690 secs]
35.449: [GC 2094354K->358176K(2238208K), 0.0798070 secs]
38.274: [GC 2052896K->372678K(2222336K), 0.0892460 secs]
41.095: [GC 2066391K->380934K(2208256K), 0.0944640 secs]
43.818: [GC 2022022K->391540K(2187520K), 0.0990450 secs]
46.541: [GC 2032628K->391120K(2185408K), 0.0980970 secs]
49.163: [GC 1979568K->389789K(2135104K), 0.0977740 secs]
51.785: [GC 1980189K->391400K(2176128K), 0.0995910 secs]
54.385: [GC 1953050K->393351K(2110528K), 0.0987860 secs]
56.974: [GC 1955591K->394641K(2169728K), 0.1020400 secs]
59.521: [GC 1937391K->400616K(2100096K), 0.1048660 secs]
