0.524: [GC 95424K->59898K(365760K), 0.0906650 secs]
0.696: [GC 155322K->119810K(461184K), 0.0851280 secs]
1.150: [GC 308774K->164912K(461184K), 0.0906390 secs]
1.588: [GC 354912K->172717K(652032K), 0.0436310 secs]
2.336: [GC 553087K->188977K(652032K), 0.0202890 secs]
3.008: [GC 570413K->202323K(1104128K), 0.0507130 secs]
4.450: [GC 965715K->226978K(1104960K), 0.0424220 secs]
5.769: [GC 989293K->239431K(1863104K), 0.0233430 secs]
8.440: [GC 1764551K->269435K(1864768K), 0.0310210 secs]
8.472: [Full GC 269435K->176737K(1989888K), 0.5965350 secs]
11.482: [GC 1700607K->211311K(2323328K), 0.0298380 secs]
14.539: [GC 2062063K->241999K(2295616K), 0.0232840 secs]
17.544: [GC 2092751K->266571K(2302336K), 0.0292380 secs]
20.560: [GC 2094965K->285892K(2312192K), 0.0325650 secs]
23.584: [GC 2115396K->305955K(2262784K), 0.0383160 secs]
26.492: [GC 2086051K->315480K(2272128K), 0.0323510 secs]
29.420: [GC 2095234K->332155K(2246400K), 0.0369150 secs]
32.193: [GC 2060027K->340689K(2245120K), 0.0383410 secs]
35.110: [GC 2068561K->338864K(2224064K), 0.0374970 secs]
37.844: [GC 2014384K->349733K(2201856K), 0.0408110 secs]
40.567: [GC 2024934K->354023K(2199872K), 0.0413600 secs]
43.164: [GC 1981543K->364199K(2168320K), 0.0444480 secs]
45.791: [GC 1991719K->365812K(2178496K), 0.0436180 secs]
48.357: [GC 1948148K->359245K(2118144K), 0.0431570 secs]
50.874: [GC 1941335K->365061K(2172480K), 0.0435850 secs]
53.401: [GC 1926149K->366519K(2104192K), 0.0442040 secs]
55.926: [GC 1927284K->365282K(2169216K), 0.0434040 secs]
58.410: [GC 1913314K->370596K(2093120K), 0.0449750 secs]
