1.108: [GC 95424K->31586K(365760K), 0.0548260 secs]
1.332: [GC 127010K->64837K(461184K), 0.0532720 secs]
1.703: [GC 255685K->132768K(461184K), 0.1193840 secs]
2.120: [GC 323616K->195621K(652032K), 0.1614840 secs]
2.282: [Full GC 195621K->195601K(820480K), 0.5898740 secs]
4.123: [GC 577297K->231383K(820480K), 0.0389170 secs]
5.139: [GC 613079K->247113K(1030784K), 0.0167140 secs]
6.413: [GC 780745K->262165K(1056192K), 0.0191790 secs]
7.628: [GC 795797K->273396K(1177088K), 0.0278390 secs]
9.254: [GC 963060K->290479K(1204480K), 0.0289380 secs]
10.813: [GC 980143K->305035K(1298368K), 0.0326540 secs]
12.536: [GC 1083659K->315699K(1307072K), 0.0334040 secs]
14.159: [GC 1094323K->330344K(1390912K), 0.0393140 secs]
15.974: [GC 1181928K->343411K(1404992K), 0.0402750 secs]
17.875: [GC 1194995K->353759K(1481408K), 0.0461400 secs]
19.810: [GC 1265695K->360612K(1498048K), 0.0430020 secs]
21.720: [GC 1272548K->363908K(1571008K), 0.0478110 secs]
23.754: [GC 1333060K->375077K(1584704K), 0.0472340 secs]
25.812: [GC 1344229K->372499K(1634880K), 0.0486100 secs]
27.978: [GC 1377107K->382591K(1645440K), 0.0503150 secs]
30.141: [GC 1386540K->390282K(1692736K), 0.0554460 secs]
32.407: [GC 1430538K->396208K(1701888K), 0.0498110 secs]
34.617: [GC 1436464K->402384K(1748608K), 0.0526390 secs]
36.993: [GC 1479867K->407601K(1754432K), 0.0508180 secs]
39.306: [GC 1486833K->412788K(1800832K), 0.0543860 secs]
41.609: [GC 1533556K->411870K(1804032K), 0.0520710 secs]
43.979: [GC 1531742K->419032K(1837184K), 0.0540630 secs]
46.395: [GC 1572090K->421036K(1837952K), 0.0529910 secs]
48.862: [GC 1575404K->426013K(1870592K), 0.0545700 secs]
51.449: [GC 1614813K->428815K(1871488K), 0.0547140 secs]
53.973: [GC 1616448K->428176K(1898048K), 0.0514650 secs]
56.645: [GC 1649469K->435730K(1901568K), 0.0551620 secs]
59.322: [GC 1658770K->439473K(1932736K), 0.0565460 secs]
61.994: [GC 1697137K->439762K(1934016K), 0.0543340 secs]
