0.529: [GC 95424K->59869K(365760K), 0.0698850 secs]
0.679: [GC 155293K->119797K(461184K), 0.0822060 secs]
1.058: [GC 310645K->165515K(461184K), 0.0840780 secs]
1.410: [GC 356090K->172386K(652032K), 0.0282320 secs]
1.951: [GC 552258K->174567K(652032K), 0.0553720 secs]
2.479: [GC 554946K->179131K(1108992K), 0.0220090 secs]
3.477: [GC 941240K->187037K(1109440K), 0.0423890 secs]
4.446: [GC 949334K->194026K(1864512K), 0.0157220 secs]
6.476: [GC 1719482K->212187K(1867264K), 0.0566310 secs]
8.328: [GC 1738008K->225357K(2198848K), 0.0712570 secs]
10.590: [GC 2093558K->243730K(2200448K), 0.0239070 secs]
10.614: [Full GC 243730K->176974K(2326464K), 0.5834620 secs]
13.388: [GC 2044463K->206251K(2334656K), 0.0211200 secs]
15.604: [GC 2087587K->224027K(2336512K), 0.0504320 secs]
17.769: [GC 2106768K->243244K(2329216K), 0.0226000 secs]
19.948: [GC 2117609K->261135K(2336064K), 0.0440180 secs]
22.119: [GC 2134909K->272643K(2306752K), 0.0312720 secs]
24.238: [GC 2117800K->284416K(2303296K), 0.0226090 secs]
26.270: [GC 2129637K->294317K(2298560K), 0.0248070 secs]
28.413: [GC 2110204K->307614K(2297536K), 0.0286520 secs]
30.528: [GC 2124218K->320569K(2265536K), 0.0316040 secs]
32.610: [GC 2085134K->326973K(2266112K), 0.0326880 secs]
34.586: [GC 2093118K->329570K(2245120K), 0.0329470 secs]
36.619: [GC 2045302K->338408K(2227712K), 0.0348570 secs]
38.598: [GC 2054864K->340769K(2223680K), 0.0366670 secs]
40.522: [GC 2011042K->346811K(2190976K), 0.0376240 secs]
42.449: [GC 2017637K->348036K(2207552K), 0.0369560 secs]
44.354: [GC 1982135K->355478K(2163008K), 0.0395540 secs]
46.307: [GC 1989746K->354081K(2195136K), 0.0389180 secs]
48.179: [GC 1959223K->359460K(2136064K), 0.0405510 secs]
50.038: [GC 1964429K->364841K(2186752K), 0.0412950 secs]
51.938: [GC 1948777K->369056K(2119744K), 0.0425740 secs]
53.816: [GC 1954720K->368584K(2186240K), 0.0409120 secs]
55.651: [GC 1944636K->371953K(2109312K), 0.0411720 secs]
57.469: [GC 1949156K->375485K(2185856K), 0.0419350 secs]
59.303: [GC 1950402K->376883K(2108800K), 0.0415650 secs]
