0.547: [GC 95424K->59874K(365760K), 0.0814610 secs]
0.717: [GC 155298K->119818K(461184K), 0.0930710 secs]
1.115: [GC 310661K->166285K(461184K), 0.0390660 secs]
1.389: [GC 356901K->170274K(652032K), 0.0321720 secs]
1.912: [GC 551465K->178090K(652032K), 0.0162400 secs]
2.399: [GC 559753K->185600K(1107328K), 0.0209940 secs]
3.388: [GC 948167K->198251K(1108032K), 0.0223010 secs]
4.293: [GC 960304K->208779K(1858624K), 0.0214130 secs]
6.258: [GC 1735563K->227008K(1863104K), 0.0278660 secs]
8.049: [GC 1753370K->250283K(2205952K), 0.0359870 secs]
10.329: [GC 2119019K->272071K(2161856K), 0.0503840 secs]
10.379: [Full GC 272071K->176969K(2290432K), 0.4808250 secs]
12.992: [GC 2046007K->207290K(2335744K), 0.0273270 secs]
15.193: [GC 2078081K->233911K(2334464K), 0.0358070 secs]
17.400: [GC 2106044K->248415K(2325120K), 0.0448280 secs]
19.580: [GC 2108027K->263116K(2330624K), 0.0453300 secs]
21.734: [GC 2124352K->269680K(2289920K), 0.0456400 secs]
23.880: [GC 2088432K->284641K(2281856K), 0.0549750 secs]
26.018: [GC 2102692K->296381K(2291968K), 0.0478270 secs]
28.164: [GC 2091288K->313044K(2287936K), 0.0549210 secs]
30.299: [GC 2109106K->325065K(2259520K), 0.0701620 secs]
32.385: [GC 2069288K->332550K(2256640K), 0.0760530 secs]
34.458: [GC 2077715K->338809K(2233984K), 0.0819340 secs]
36.456: [GC 2030127K->343031K(2213760K), 0.0841460 secs]
38.453: [GC 2034183K->350357K(2211712K), 0.0862610 secs]
40.419: [GC 1994291K->354992K(2178624K), 0.0918360 secs]
42.464: [GC 2000090K->355642K(2195968K), 0.0919850 secs]
44.380: [GC 1962106K->357038K(2138944K), 0.0907770 secs]
46.306: [GC 1963560K->359150K(2193664K), 0.0917760 secs]
48.239: [GC 1948562K->365097K(2123200K), 0.0914530 secs]
50.128: [GC 1954039K->369288K(2190528K), 0.0911820 secs]
52.018: [GC 1950518K->363602K(2107008K), 0.0868860 secs]
53.910: [GC 1944305K->372708K(2191936K), 0.0911530 secs]
55.793: [GC 1956069K->367581K(2107008K), 0.0827880 secs]
57.672: [GC 1951017K->377211K(2192640K), 0.0904980 secs]
59.526: [GC 1966952K->381629K(2190336K), 0.0898520 secs]
