1.161: [GC 94827K->30509K(365760K), 0.0575180 secs]
1.377: [GC 125933K->63166K(461184K), 0.0758010 secs]
1.744: [GC 254014K->133717K(461184K), 0.1475700 secs]
2.167: [GC 324565K->196328K(652032K), 0.1120690 secs]
2.279: [Full GC 196328K->196278K(819648K), 0.5511980 secs]
3.482: [GC 577215K->233531K(819648K), 0.0285000 secs]
3.722: [GC 615227K->244584K(1060864K), 0.0151160 secs]
4.097: [GC 797063K->261319K(1078144K), 0.0160230 secs]
4.420: [GC 813829K->260767K(1253120K), 0.0220580 secs]
4.862: [GC 1019157K->271879K(1274368K), 0.0298050 secs]
5.286: [GC 1030825K->275854K(1406528K), 0.0267260 secs]
5.833: [GC 1182431K->281309K(1417728K), 0.0339630 secs]
6.378: [GC 1186734K->287945K(1567168K), 0.0283800 secs]
6.943: [GC 1348407K->297359K(1575488K), 0.0320600 secs]
7.505: [GC 1356744K->307868K(1744000K), 0.0399810 secs]
8.171: [GC 1530539K->313260K(1752256K), 0.0317810 secs]
8.857: [GC 1535635K->319154K(1936448K), 0.0381240 secs]
9.665: [GC 1718386K->328061K(1945344K), 0.0627930 secs]
10.466: [GC 1725710K->331133K(2087872K), 0.0339600 secs]
11.293: [GC 1861396K->338814K(2097088K), 0.0338590 secs]
12.113: [GC 1868895K->348972K(2234432K), 0.0409430 secs]
13.032: [GC 2006150K->357882K(2242944K), 0.0347500 secs]
13.976: [GC 2015862K->363594K(2276096K), 0.0366000 secs]
14.906: [GC 2047306K->372759K(2239680K), 0.0355300 secs]
15.812: [GC 2055239K->375813K(2265152K), 0.0356600 secs]
16.664: [GC 2034108K->381567K(2216768K), 0.0357670 secs]
17.543: [GC 2041727K->379958K(2263872K), 0.0361220 secs]
18.472: [GC 2029406K->397367K(2216256K), 0.0389730 secs]
19.363: [GC 2046861K->400558K(2253120K), 0.0387420 secs]
20.210: [GC 2032201K->405515K(2199488K), 0.0389510 secs]
21.107: [GC 2036795K->402441K(2254848K), 0.0388760 secs]
22.006: [GC 2031177K->405414K(2187584K), 0.0391330 secs]
22.880: [GC 2033105K->412870K(2252736K), 0.0387890 secs]
23.761: [GC 2040775K->417070K(2252032K), 0.0404910 secs]
24.637: [GC 2045186K->423519K(2256192K), 0.0389000 secs]
25.513: [GC 2057707K->421384K(2192704K), 0.0384820 secs]
26.388: [GC 2055083K->431083K(2255552K), 0.0393750 secs]
27.290: [GC 2067548K->437860K(2254528K), 0.0384520 secs]
28.157: [GC 2074335K->441381K(2261952K), 0.0386930 secs]
29.046: [GC 2086783K->441334K(2261120K), 0.0387590 secs]
29.969: [GC 2087548K->443896K(2262720K), 0.0403720 secs]
30.845: [GC 2096504K->451721K(2262464K), 0.0409230 secs]
31.747: [GC 2105047K->457758K(2270784K), 0.0403120 secs]
32.638: [GC 2121649K->460782K(2270016K), 0.0401060 secs]
33.542: [GC 2125650K->462428K(2270784K), 0.0398670 secs]
34.449: [GC 2134349K->464806K(2271232K), 0.0398990 secs]
35.377: [GC 2136081K->475429K(2278080K), 0.0397320 secs]
36.266: [GC 2156873K->476170K(2276992K), 0.0400440 secs]
37.216: [GC 2158986K->479417K(2282688K), 0.0396130 secs]
38.112: [GC 2171589K->495144K(2282240K), 0.0413080 secs]
39.047: [GC 2187989K->492028K(2286912K), 0.0397800 secs]
39.945: [GC 2192256K->497061K(2288640K), 0.0395820 secs]
40.848: [GC 2198008K->501982K(2290688K), 0.0397110 secs]
41.781: [GC 2209482K->505932K(2291328K), 0.0404260 secs]
42.686: [GC 2213408K->512846K(2295872K), 0.0400850 secs]
43.656: [GC 2226611K->516432K(2295424K), 0.0409070 secs]
44.584: [GC 2230904K->518737K(2298688K), 0.0392740 secs]
45.546: [GC 2239249K->529544K(2298624K), 0.0424230 secs]
46.492: [GC 2248625K->527441K(2299200K), 0.0398710 secs]
47.386: [GC 2248447K->533439K(2300096K), 0.0399140 secs]
48.345: [GC 2256135K->536897K(2300544K), 0.0397970 secs]
49.255: [GC 2262389K->546357K(2301568K), 0.0405560 secs]
50.117: [GC 2270936K->542131K(2303168K), 0.0388880 secs]
51.005: [GC 2270771K->554795K(2301824K), 0.0415370 secs]
51.915: [GC 2282752K->552348K(2303296K), 0.0414480 secs]
52.817: [GC 2277470K->554210K(2289792K), 0.0399800 secs]
53.716: [GC 2279429K->553064K(2301312K), 0.0395650 secs]
53.756: [Full GC 553064K->210041K(2330624K), 0.6977880 secs]
55.317: [GC 1934087K->242566K(2209920K), 0.0132940 secs]
56.225: [GC 1967410K->251153K(2294336K), 0.0224760 secs]
57.086: [GC 1922821K->271675K(2185664K), 0.0187850 secs]
57.984: [GC 1944251K->281630K(2300480K), 0.0210990 secs]
58.853: [GC 1944775K->290086K(2194816K), 0.0234370 secs]
59.770: [GC 1952753K->296799K(2303104K), 0.0254040 secs]
60.666: [GC 1963047K->306864K(2216000K), 0.0288190 secs]
61.566: [GC 1973568K->315404K(2304064K), 0.0297290 secs]
62.459: [GC 1993191K->321258K(2297280K), 0.0306470 secs]
