0.527: [GC 95424K->59885K(365760K), 0.0959030 secs]
0.703: [GC 155309K->119821K(461184K), 0.1022860 secs]
1.293: [GC 310185K->172958K(461184K), 0.0424790 secs]
1.858: [GC 363155K->174080K(652032K), 0.0190590 secs]
2.799: [GC 555776K->175936K(652032K), 0.0401050 secs]
3.491: [GC 555868K->177926K(1111936K), 0.0108120 secs]
5.357: [GC 939977K->183404K(1112064K), 0.0211160 secs]
6.984: [GC 946504K->187595K(1869696K), 0.0107310 secs]
10.650: [GC 1712904K->197280K(1871616K), 0.0095910 secs]
14.351: [GC 1722442K->204609K(2194176K), 0.0439400 secs]
18.711: [GC 2062436K->213510K(2196096K), 0.0528710 secs]
22.706: [GC 2071291K->224774K(2202176K), 0.0123430 secs]
22.718: [Full GC 224774K->181656K(2327808K), 0.5944130 secs]
27.603: [GC 2054232K->206288K(2329920K), 0.0131370 secs]
31.395: [GC 2078333K->213832K(2331328K), 0.0155200 secs]
35.389: [GC 2097185K->218734K(2334464K), 0.0255900 secs]
39.201: [GC 2101863K->224299K(2344896K), 0.0210430 secs]
43.372: [GC 2121245K->231891K(2327808K), 0.0301120 secs]
47.956: [GC 2129363K->237939K(2336320K), 0.0267370 secs]
52.465: [GC 2122944K->244216K(2327872K), 0.0234220 secs]
57.167: [GC 2128022K->252176K(2320512K), 0.0330470 secs]
