0.537: [GC 95424K->59890K(365760K), 0.0834910 secs]
0.709: [GC 155314K->119830K(461184K), 0.1059770 secs]
1.247: [GC 310190K->173241K(461184K), 0.0796200 secs]
1.658: [GC 364089K->175570K(652032K), 0.0170080 secs]
2.357: [GC 555907K->179594K(652032K), 0.0605240 secs]
2.994: [GC 560058K->186322K(1109760K), 0.0446620 secs]
4.207: [GC 948429K->190930K(1110720K), 0.0140410 secs]
5.366: [GC 954276K->196917K(1867392K), 0.0124470 secs]
7.948: [GC 1723701K->210664K(1869632K), 0.0262750 secs]
10.186: [GC 1736357K->218862K(2196480K), 0.0190900 secs]
12.982: [GC 2081774K->231458K(2198016K), 0.0224480 secs]
13.022: [Full GC 231458K->181225K(2328384K), 0.5904610 secs]
16.225: [GC 2043126K->203277K(2338240K), 0.0101720 secs]
18.959: [GC 2080760K->216071K(2338944K), 0.0191230 secs]
21.738: [GC 2092692K->218669K(2341184K), 0.0141980 secs]
24.546: [GC 2103539K->230874K(2340992K), 0.0186160 secs]
27.391: [GC 2116129K->240002K(2340224K), 0.0380300 secs]
30.314: [GC 2122824K->248589K(2336384K), 0.0246100 secs]
33.135: [GC 2132749K->252379K(2324608K), 0.0320140 secs]
36.040: [GC 2109463K->258631K(2319552K), 0.0252820 secs]
38.982: [GC 2115019K->270124K(2303424K), 0.0257610 secs]
41.706: [GC 2091148K->273210K(2298688K), 0.0273700 secs]
44.378: [GC 2095034K->277400K(2286848K), 0.0317650 secs]
47.130: [GC 2061550K->286752K(2276224K), 0.0371660 secs]
49.809: [GC 2070762K->289645K(2267200K), 0.0290080 secs]
52.488: [GC 2035965K->297657K(2248512K), 0.0318890 secs]
55.144: [GC 2043563K->306181K(2244544K), 0.0439570 secs]
57.697: [GC 2010799K->302912K(2206912K), 0.0371910 secs]
60.286: [GC 2007362K->312808K(2238016K), 0.0325540 secs]
