1.179: [GC 95424K->31604K(365760K), 0.0910170 secs]
1.430: [GC 127028K->64056K(461184K), 0.0592720 secs]
1.807: [GC 254904K->134643K(461184K), 0.1076990 secs]
2.213: [GC 325491K->197222K(652032K), 0.1238390 secs]
2.337: [Full GC 197222K->197176K(818368K), 0.4558860 secs]
3.459: [GC 577396K->236919K(818368K), 0.0289430 secs]
3.670: [GC 618593K->245328K(1068544K), 0.0124100 secs]
4.010: [GC 806293K->250837K(1084096K), 0.0188580 secs]
4.304: [GC 810663K->256323K(1270848K), 0.0141670 secs]
4.667: [GC 1035548K->262697K(1296576K), 0.0161710 secs]
5.033: [GC 1041287K->271626K(1432448K), 0.0219830 secs]
5.467: [GC 1205427K->275885K(1444672K), 0.0214650 secs]
5.887: [GC 1210290K->277224K(1594496K), 0.0202820 secs]
6.386: [GC 1374579K->282067K(1605888K), 0.0241590 secs]
6.918: [GC 1379025K->285994K(1769792K), 0.0221120 secs]
7.567: [GC 1553666K->290005K(1779136K), 0.0458810 secs]
8.123: [GC 1558677K->291337K(1978496K), 0.0269990 secs]
8.776: [GC 1757655K->302355K(1982144K), 0.0278550 secs]
9.444: [GC 1767343K->302909K(2128256K), 0.0302050 secs]
10.161: [GC 1909010K->307942K(2132992K), 0.0504790 secs]
10.930: [GC 1913111K->316114K(2293696K), 0.0309200 secs]
11.743: [GC 2076515K->327990K(2297984K), 0.0288730 secs]
12.518: [GC 2089590K->327855K(2328704K), 0.0272630 secs]
13.271: [GC 2114607K->339281K(2307200K), 0.0381890 secs]
14.072: [GC 2124287K->341189K(2318272K), 0.0302600 secs]
14.869: [GC 2108736K->353885K(2297792K), 0.0309880 secs]
15.644: [GC 2120521K->357994K(2304192K), 0.0312560 secs]
16.490: [GC 2100320K->358277K(2272896K), 0.0468860 secs]
17.361: [GC 2100268K->379939K(2288960K), 0.0462480 secs]
18.235: [GC 2097566K->373025K(2255872K), 0.0455750 secs]
19.082: [GC 2091072K->374437K(2292288K), 0.0425780 secs]
19.941: [GC 2083253K->378466K(2243840K), 0.0338230 secs]
20.761: [GC 2087826K->378475K(2295552K), 0.0510720 secs]
21.658: [GC 2088328K->382137K(2240960K), 0.0365170 secs]
22.484: [GC 2093117K->392322K(2290816K), 0.0341240 secs]
23.334: [GC 2101658K->395618K(2291008K), 0.0341030 secs]
24.182: [GC 2105836K->407101K(2294976K), 0.0366260 secs]
25.030: [GC 2120871K->404083K(2296448K), 0.0346940 secs]
25.993: [GC 2118667K->406710K(2292096K), 0.0344090 secs]
26.882: [GC 2122002K->409031K(2294336K), 0.0339830 secs]
27.757: [GC 2125959K->414710K(2292160K), 0.0340980 secs]
28.606: [GC 2140308K->421548K(2295232K), 0.0330510 secs]
29.504: [GC 2146287K->426064K(2302016K), 0.0319590 secs]
30.370: [GC 2168703K->435748K(2304896K), 0.0345840 secs]
31.286: [GC 2177754K->440002K(2309632K), 0.0351790 secs]
32.190: [GC 2194627K->452711K(2313152K), 0.0331290 secs]
33.065: [GC 2208480K->454946K(2316224K), 0.0328910 secs]
33.959: [GC 2211395K->452127K(2317312K), 0.0349680 secs]
34.864: [GC 2207914K->459162K(2316928K), 0.0352420 secs]
35.756: [GC 2215442K->466333K(2298816K), 0.0360280 secs]
36.647: [GC 2224054K->468813K(2315968K), 0.0344160 secs]
37.494: [GC 2224635K->468267K(2291968K), 0.0338970 secs]
38.325: [GC 2223451K->467893K(2318080K), 0.0346870 secs]
39.277: [GC 2225904K->471621K(2315584K), 0.0346920 secs]
40.144: [GC 2229764K->483929K(2315008K), 0.0371350 secs]
40.984: [GC 2244126K->486665K(2316032K), 0.0359860 secs]
41.839: [GC 2245704K->486925K(2321408K), 0.0470830 secs]
42.714: [GC 2250833K->499056K(2312000K), 0.0439670 secs]
43.612: [GC 2264880K->503692K(2318208K), 0.0387360 secs]
44.505: [GC 2262920K->509674K(2307072K), 0.0379470 secs]
45.419: [GC 2269103K->508169K(2318272K), 0.0347890 secs]
46.281: [GC 2265016K->518370K(2307904K), 0.0389310 secs]
47.150: [GC 2275346K->519256K(2315328K), 0.0362460 secs]
47.971: [GC 2272410K->526386K(2304960K), 0.0372190 secs]
48.839: [GC 2280150K->524905K(2314688K), 0.0369000 secs]
49.677: [GC 2274846K->538828K(2307904K), 0.0395030 secs]
50.570: [GC 2289286K->537620K(2309184K), 0.0389690 secs]
51.485: [GC 2279423K->540891K(2295808K), 0.0380610 secs]
52.365: [GC 2283468K->547273K(2307392K), 0.0381580 secs]
52.403: [Full GC 547273K->216766K(2337088K), 0.6177260 secs]
53.799: [GC 1954635K->240710K(2214016K), 0.0106670 secs]
54.636: [GC 1979701K->260995K(2308800K), 0.0149960 secs]
55.478: [GC 1956240K->266720K(2195840K), 0.0166400 secs]
56.350: [GC 1961557K->278898K(2312768K), 0.0178320 secs]
57.176: [GC 1966977K->287058K(2209280K), 0.0215880 secs]
57.965: [GC 1974419K->297699K(2314688K), 0.0241590 secs]
58.847: [GC 1990777K->298268K(2309568K), 0.0236430 secs]
59.714: [GC 1990568K->310429K(2314304K), 0.0256080 secs]
60.581: [GC 2015381K->309382K(2310528K), 0.0263280 secs]
61.433: [GC 2015366K->314566K(2325952K), 0.0483920 secs]
62.309: [GC 2040772K->323316K(2322304K), 0.0301400 secs]
