0.535: [GC 95424K->59877K(365760K), 0.1081840 secs]
0.730: [GC 155301K->119813K(461184K), 0.0814570 secs]
1.462: [GC 309930K->168740K(461184K), 0.0691660 secs]
2.270: [GC 358754K->171797K(652032K), 0.0508290 secs]
4.107: [GC 552053K->173046K(652032K), 0.0380030 secs]
5.699: [GC 553623K->174580K(1110784K), 0.0109710 secs]
9.668: [GC 937451K->176644K(1110848K), 0.0120080 secs]
13.422: [GC 939220K->177326K(1872384K), 0.0080420 secs]
22.041: [GC 1702372K->184902K(1872832K), 0.0088470 secs]
30.197: [GC 1711686K->188828K(2195136K), 0.0104540 secs]
40.268: [GC 2042648K->196979K(2195904K), 0.0140490 secs]
50.364: [GC 2051891K->202011K(2200000K), 0.0081910 secs]
60.039: [GC 2067143K->208017K(2200960K), 0.0086240 secs]
