0.526: [GC 95424K->59898K(365760K), 0.0901540 secs]
0.698: [GC 155322K->119830K(461184K), 0.0908880 secs]
1.254: [GC 310116K->168565K(461184K), 0.0397580 secs]
1.674: [GC 357491K->173333K(652032K), 0.0159040 secs]
2.587: [GC 553392K->175772K(652032K), 0.0106100 secs]
3.364: [GC 556691K->176990K(1110016K), 0.0233640 secs]
5.300: [GC 938440K->179547K(1110336K), 0.0136010 secs]
7.062: [GC 942619K->182613K(1870848K), 0.0077600 secs]
10.509: [GC 1708757K->192365K(1871744K), 0.0090130 secs]
13.820: [GC 1718509K->196145K(2195392K), 0.0176760 secs]
17.927: [GC 2052713K->203528K(2196096K), 0.0109010 secs]
22.117: [GC 2059774K->212595K(2200384K), 0.0085480 secs]
26.046: [GC 2079071K->215256K(2202048K), 0.0117670 secs]
26.058: [Full GC 215256K->178846K(2329408K), 0.6059900 secs]
30.262: [GC 2045157K->194583K(2332032K), 0.0066670 secs]
34.095: [GC 2071423K->202100K(2334656K), 0.0095350 secs]
38.011: [GC 2079301K->209955K(2339328K), 0.0108650 secs]
42.055: [GC 2100327K->216285K(2340160K), 0.0132550 secs]
46.226: [GC 2105075K->225583K(2343616K), 0.0316100 secs]
50.486: [GC 2117892K->229325K(2326336K), 0.0150290 secs]
54.490: [GC 2121505K->237696K(2331520K), 0.0169950 secs]
58.341: [GC 2112206K->237710K(2315904K), 0.0161020 secs]
