1.214: [GC 94828K->30501K(365760K), 0.0685610 secs]
1.447: [GC 125925K->63166K(461184K), 0.0657400 secs]
1.829: [GC 254014K->133757K(461184K), 0.1665670 secs]
2.293: [GC 324605K->196316K(652032K), 0.1271320 secs]
2.420: [Full GC 196316K->196310K(814976K), 0.4512500 secs]
3.442: [GC 578006K->229375K(814976K), 0.0283030 secs]
3.648: [GC 611071K->238992K(1077312K), 0.0129170 secs]
3.932: [GC 813136K->243184K(1094464K), 0.0147510 secs]
4.185: [GC 817328K->249770K(1302912K), 0.0144960 secs]
4.454: [GC 1064874K->249671K(1328640K), 0.0146380 secs]
4.686: [GC 1063239K->252969K(1483904K), 0.0145290 secs]
5.006: [GC 1245609K->254873K(1498752K), 0.0150210 secs]
5.289: [GC 1247513K->260072K(1672704K), 0.0177220 secs]
5.645: [GC 1443063K->261971K(1683200K), 0.0180240 secs]
5.987: [GC 1446099K->262598K(1869568K), 0.0164240 secs]
6.369: [GC 1650630K->263868K(1882944K), 0.0189250 secs]
6.749: [GC 1651900K->271090K(2104256K), 0.0204030 secs]
7.215: [GC 1883570K->273094K(2107392K), 0.0210380 secs]
7.640: [GC 1885574K->278182K(2272448K), 0.0213300 secs]
8.145: [GC 2052874K->282664K(2275456K), 0.0228540 secs]
8.635: [GC 2057745K->282391K(2368576K), 0.0248820 secs]
9.194: [GC 2147543K->286817K(2338752K), 0.0189870 secs]
9.738: [GC 2151969K->297488K(2364672K), 0.0179020 secs]
10.251: [GC 2162000K->295642K(2365312K), 0.0180440 secs]
10.803: [GC 2160154K->304276K(2367360K), 0.0205670 secs]
11.425: [GC 2171796K->313608K(2359808K), 0.0205290 secs]
12.007: [GC 2181128K->314194K(2357952K), 0.0209360 secs]
12.589: [GC 2166354K->317576K(2345408K), 0.0221990 secs]
13.195: [GC 2169736K->324210K(2351104K), 0.0245360 secs]
13.789: [GC 2163186K->327652K(2338304K), 0.0240440 secs]
14.411: [GC 2166628K->334150K(2343296K), 0.0256830 secs]
15.065: [GC 2156846K->341613K(2333376K), 0.0249600 secs]
15.725: [GC 2165613K->344622K(2332352K), 0.0259080 secs]
16.445: [GC 2148270K->348748K(2315968K), 0.0271070 secs]
17.095: [GC 2151431K->345383K(2331392K), 0.0247680 secs]
17.775: [GC 2139121K->349925K(2301312K), 0.0259880 secs]
18.411: [GC 2143717K->352095K(2330176K), 0.0267850 secs]
19.078: [GC 2143071K->355945K(2300160K), 0.0268970 secs]
19.735: [GC 2146921K->357600K(2330944K), 0.0257150 secs]
20.426: [GC 2147840K->364839K(2296576K), 0.0279500 secs]
21.128: [GC 2154056K->369976K(2330176K), 0.0271320 secs]
21.800: [GC 2161784K->375092K(2328960K), 0.0277020 secs]
22.465: [GC 2166900K->380608K(2331584K), 0.0280020 secs]
23.138: [GC 2174993K->385778K(2331456K), 0.0274870 secs]
23.830: [GC 2180914K->389151K(2333248K), 0.0254840 secs]
24.500: [GC 2187487K->390709K(2333440K), 0.0319850 secs]
25.178: [GC 2189045K->395112K(2333120K), 0.0270760 secs]
25.866: [GC 2197288K->409144K(2333440K), 0.0276690 secs]
26.563: [GC 2210483K->405411K(2337920K), 0.0261360 secs]
27.229: [GC 2210019K->410536K(2337216K), 0.0274660 secs]
27.923: [GC 2215144K->414654K(2336640K), 0.0277620 secs]
28.585: [GC 2218535K->418745K(2319104K), 0.0291540 secs]
29.265: [GC 2222649K->423570K(2335424K), 0.0294020 secs]
29.926: [GC 2225298K->427852K(2319104K), 0.0277910 secs]
30.557: [GC 2228325K->432347K(2332928K), 0.0279220 secs]
31.204: [GC 2229225K->430873K(2334208K), 0.0284000 secs]
31.894: [GC 2228290K->433574K(2329600K), 0.0278420 secs]
32.516: [GC 2232096K->444461K(2331968K), 0.0283280 secs]
33.170: [GC 2242914K->446128K(2334976K), 0.0269240 secs]
33.800: [GC 2250300K->445748K(2336256K), 0.0259330 secs]
34.380: [GC 2250273K->447465K(2336576K), 0.0259050 secs]
34.917: [GC 2256233K->454331K(2337600K), 0.0271580 secs]
35.499: [GC 2262320K->453715K(2341120K), 0.0368470 secs]
36.045: [GC 2268179K->459582K(2341056K), 0.0273000 secs]
36.623: [GC 2274046K->460285K(2343040K), 0.0258360 secs]
37.155: [GC 2277693K->466066K(2342912K), 0.0269330 secs]
37.705: [GC 2281541K->468539K(2344512K), 0.0252120 secs]
38.266: [GC 2287579K->476705K(2344384K), 0.0273820 secs]
38.817: [GC 2296609K->484036K(2344896K), 0.0261780 secs]
39.385: [GC 2306628K->483965K(2344640K), 0.0254200 secs]
39.962: [GC 2306557K->484465K(2347776K), 0.0250570 secs]
40.544: [GC 2311025K->489438K(2347392K), 0.0264560 secs]
41.086: [GC 2315998K->495724K(2348864K), 0.0265420 secs]
41.624: [GC 2324915K->502235K(2348352K), 0.0267300 secs]
41.651: [Full GC 502235K->216177K(2373184K), 0.7139190 secs]
43.012: [GC 2045489K->234032K(2355008K), 0.0077800 secs]
43.639: [GC 2045872K->245652K(2283584K), 0.0113570 secs]
44.325: [GC 2056645K->252053K(2354304K), 0.0155150 secs]
44.974: [GC 2044536K->261791K(2357184K), 0.0267040 secs]
45.643: [GC 2055967K->268691K(2352896K), 0.0160840 secs]
46.358: [GC 2061242K->275711K(2355136K), 0.0180130 secs]
47.123: [GC 2070079K->285867K(2352896K), 0.0198990 secs]
47.853: [GC 2088043K->294537K(2355520K), 0.0206040 secs]
48.605: [GC 2096713K->291715K(2363136K), 0.0206070 secs]
49.469: [GC 2105118K->304330K(2365184K), 0.0244570 secs]
50.305: [GC 2117354K->304469K(2361472K), 0.0240280 secs]
51.125: [GC 2110761K->311741K(2345088K), 0.0255750 secs]
51.958: [GC 2118518K->319931K(2347072K), 0.0278400 secs]
52.795: [GC 2105748K->319958K(2332416K), 0.0276820 secs]
53.548: [GC 2105471K->324905K(2337408K), 0.0294140 secs]
54.312: [GC 2090537K->325887K(2313920K), 0.0303040 secs]
55.105: [GC 2090658K->329600K(2335744K), 0.0346210 secs]
55.861: [GC 2084864K->332678K(2302208K), 0.0326410 secs]
56.624: [GC 2087016K->338874K(2335296K), 0.0355900 secs]
57.368: [GC 2090194K->341109K(2336000K), 0.0373200 secs]
58.055: [GC 2092917K->345894K(2335936K), 0.0319130 secs]
58.765: [GC 2097146K->354426K(2336000K), 0.0310330 secs]
59.454: [GC 2106874K->351912K(2331712K), 0.0287890 secs]
60.073: [GC 2104808K->351386K(2334080K), 0.0280480 secs]
60.758: [GC 2104282K->355854K(2334016K), 0.0284960 secs]
61.388: [GC 2117710K->361200K(2335680K), 0.0270930 secs]
61.975: [GC 2122405K->365431K(2341696K), 0.0269190 secs]
62.557: [GC 2141495K->370251K(2343104K), 0.0275130 secs]
63.187: [GC 2146315K->368281K(2351104K), 0.0256650 secs]
