0.526: [GC 95424K->59869K(365760K), 0.0696100 secs]
0.678: [GC 155293K->119817K(461184K), 0.0995600 secs]
1.237: [GC 310506K->163637K(461184K), 0.0547690 secs]
1.802: [GC 353707K->169282K(652032K), 0.0789690 secs]
2.846: [GC 550701K->177744K(652032K), 0.0313810 secs]
4.021: [GC 558935K->185248K(1106816K), 0.0148230 secs]
6.288: [GC 948640K->195580K(1107520K), 0.0289610 secs]
8.659: [GC 957539K->204925K(1859328K), 0.0174720 secs]
13.835: [GC 1731709K->224012K(1863360K), 0.0409300 secs]
18.941: [GC 1749931K->240401K(2200000K), 0.0591470 secs]
19.000: [Full GC 240401K->176616K(2313600K), 0.5863760 secs]
25.581: [GC 2050563K->198554K(2318272K), 0.0139440 secs]
31.831: [GC 2072116K->224766K(2322944K), 0.0209970 secs]
38.240: [GC 2107963K->244955K(2325312K), 0.0221410 secs]
44.607: [GC 2127427K->264315K(2330048K), 0.0161630 secs]
51.194: [GC 2154427K->283402K(2325760K), 0.0213090 secs]
57.431: [GC 2173514K->298273K(2300672K), 0.0252700 secs]
