0.540: [GC 95424K->59882K(365760K), 0.0920780 secs]
0.716: [GC 155306K->119818K(461184K), 0.1633220 secs]
1.354: [GC 310429K->163488K(461184K), 0.0732430 secs]
1.951: [GC 353411K->168831K(652032K), 0.0459290 secs]
2.975: [GC 550308K->177749K(652032K), 0.0131920 secs]
4.068: [GC 558434K->184166K(1107328K), 0.0097380 secs]
6.124: [GC 947299K->194148K(1107712K), 0.0120980 secs]
8.183: [GC 957167K->205143K(1859072K), 0.0136470 secs]
12.391: [GC 1730879K->225859K(1863424K), 0.0193760 secs]
16.733: [GC 1752643K->241861K(2202752K), 0.0239060 secs]
16.757: [Full GC 241861K->175982K(2314496K), 0.4901490 secs]
22.398: [GC 2046686K->208187K(2317760K), 0.0117110 secs]
27.431: [GC 2080827K->226778K(2318976K), 0.0208010 secs]
32.660: [GC 2106458K->252506K(2321728K), 0.0219200 secs]
37.981: [GC 2132186K->282548K(2318144K), 0.0210240 secs]
43.279: [GC 2160524K->301974K(2323200K), 0.0256880 secs]
48.656: [GC 2180246K->319472K(2298624K), 0.0349780 secs]
53.852: [GC 2173168K->341010K(2302464K), 0.0245660 secs]
59.011: [GC 2194706K->357388K(2276352K), 0.0282240 secs]
