1.186: [GC 95424K->31572K(365760K), 0.0581730 secs]
1.408: [GC 126996K->64056K(461184K), 0.0777220 secs]
1.803: [GC 254904K->134655K(461184K), 0.1189650 secs]
2.218: [GC 325503K->197238K(652032K), 0.1137400 secs]
2.331: [Full GC 197238K->197191K(821888K), 0.5674930 secs]
3.661: [GC 578887K->225289K(821888K), 0.0270760 secs]
4.046: [GC 606985K->228018K(1048576K), 0.0104720 secs]
4.573: [GC 768626K->232217K(1070016K), 0.0160100 secs]
5.121: [GC 772825K->235575K(1208704K), 0.0161780 secs]
5.972: [GC 948279K->243935K(1236736K), 0.0201010 secs]
6.845: [GC 956639K->250535K(1310272K), 0.0225920 secs]
7.842: [GC 1066407K->257603K(1330048K), 0.0263690 secs]
8.822: [GC 1073475K->264969K(1412096K), 0.0264910 secs]
9.926: [GC 1175049K->266613K(1422144K), 0.0307310 secs]
11.082: [GC 1176693K->273305K(1512448K), 0.0343370 secs]
12.304: [GC 1273753K->277418K(1515712K), 0.0343930 secs]
13.552: [GC 1277866K->284505K(1607552K), 0.0393210 secs]
14.907: [GC 1373401K->292201K(1612608K), 0.0431160 secs]
16.212: [GC 1381097K->301969K(1675200K), 0.0484880 secs]
17.722: [GC 1446673K->309352K(1684032K), 0.0519450 secs]
19.466: [GC 1454056K->315996K(1755968K), 0.0543130 secs]
21.619: [GC 1522972K->327499K(1762560K), 0.0551740 secs]
23.674: [GC 1534475K->333841K(1830464K), 0.0565270 secs]
25.867: [GC 1600017K->338621K(1838592K), 0.0593980 secs]
28.112: [GC 1604797K->348297K(1905344K), 0.0632470 secs]
30.534: [GC 1673545K->347652K(1913024K), 0.0595880 secs]
32.854: [GC 1672900K->354529K(1962816K), 0.0636320 secs]
35.392: [GC 1725217K->357362K(1967360K), 0.0635000 secs]
37.756: [GC 1728050K->362427K(2017920K), 0.0674070 secs]
40.288: [GC 1780731K->370045K(2020480K), 0.0676480 secs]
42.468: [GC 1788349K->374910K(2072896K), 0.0685000 secs]
45.118: [GC 1842105K->380516K(2075392K), 0.0735800 secs]
47.761: [GC 1848420K->382959K(2132480K), 0.0707170 secs]
50.408: [GC 1905519K->393416K(2133184K), 0.0718690 secs]
53.171: [GC 1915976K->404121K(2178368K), 0.0786500 secs]
55.959: [GC 1969369K->412090K(2182784K), 0.0803060 secs]
58.806: [GC 1977338K->414331K(2233600K), 0.0806100 secs]
61.581: [GC 2025659K->418703K(2236544K), 0.0807440 secs]
