0.529: [GC 95424K->59869K(365760K), 0.0917700 secs]
0.703: [GC 155293K->119817K(461184K), 0.1233970 secs]
1.414: [GC 310112K->169415K(461184K), 0.0596820 secs]
2.175: [GC 360263K->171424K(652032K), 0.0275140 secs]
3.551: [GC 552742K->173343K(652032K), 0.0097460 secs]
4.976: [GC 554674K->175667K(1110400K), 0.0257080 secs]
7.545: [GC 937455K->177511K(1110656K), 0.0193460 secs]
10.246: [GC 940167K->183311K(1869568K), 0.0285190 secs]
16.085: [GC 1710095K->195937K(1871232K), 0.0118600 secs]
22.235: [GC 1722721K->203748K(2195328K), 0.0121970 secs]
30.205: [GC 2063332K->213070K(2196672K), 0.0173390 secs]
30.222: [Full GC 213070K->176740K(2308416K), 0.5907040 secs]
38.285: [GC 2035193K->198166K(2314112K), 0.0289780 secs]
46.239: [GC 2068840K->206977K(2316352K), 0.0132350 secs]
54.538: [GC 2078000K->216002K(2319616K), 0.0105680 secs]
