0.523: [GC 95424K->59882K(365760K), 0.0781160 secs]
0.683: [GC 155306K->119818K(461184K), 0.1148200 secs]
1.177: [GC 310666K->169424K(461184K), 0.1304570 secs]
1.700: [GC 359907K->171519K(652032K), 0.0237900 secs]
2.409: [GC 553215K->172566K(652032K), 0.0252780 secs]
3.187: [GC 553978K->175127K(1110464K), 0.0122650 secs]
4.701: [GC 936784K->177068K(1110784K), 0.0156660 secs]
6.251: [GC 940460K->182589K(1869824K), 0.0120750 secs]
9.301: [GC 1709373K->192028K(1871360K), 0.0139750 secs]
12.380: [GC 1718664K->200749K(2195136K), 0.0169280 secs]
16.151: [GC 2057929K->210289K(2196672K), 0.0174310 secs]
16.168: [Full GC 210289K->176469K(2317632K), 0.5913080 secs]
20.221: [GC 2033863K->188603K(2324864K), 0.0223720 secs]
23.934: [GC 2058995K->201243K(2326144K), 0.0519370 secs]
27.571: [GC 2071808K->208028K(2324608K), 0.0525330 secs]
31.327: [GC 2086443K->218293K(2327040K), 0.0275990 secs]
35.343: [GC 2097667K->226109K(2337600K), 0.0211930 secs]
39.085: [GC 2116640K->234302K(2319232K), 0.0237480 secs]
42.891: [GC 2125388K->240725K(2324544K), 0.0271350 secs]
46.723: [GC 2112551K->248555K(2315200K), 0.0288030 secs]
50.482: [GC 2120531K->256851K(2305920K), 0.0326200 secs]
54.135: [GC 2099092K->259979K(2295744K), 0.0337530 secs]
57.844: [GC 2100725K->266521K(2289728K), 0.0366200 secs]
