1.161: [GC 94788K->30533K(365760K), 0.0464620 secs]
1.364: [GC 125957K->63218K(461184K), 0.0704780 secs]
1.727: [GC 254066K->130969K(461184K), 0.0865130 secs]
2.091: [GC 321817K->193544K(652032K), 0.1545830 secs]
2.245: [Full GC 193544K->193515K(813824K), 0.4678230 secs]
3.309: [GC 575211K->224555K(813824K), 0.0399970 secs]
3.554: [GC 606251K->231674K(1068928K), 0.0185550 secs]
3.790: [GC 795011K->234891K(1083072K), 0.0183500 secs]
3.987: [GC 799435K->232685K(1301696K), 0.0175840 secs]
4.250: [GC 1035373K->233456K(1316800K), 0.0548670 secs]
4.493: [GC 1036144K->234365K(1532800K), 0.0411390 secs]
4.805: [GC 1255613K->243398K(1530048K), 0.0215790 secs]
5.096: [GC 1264646K->245440K(1745984K), 0.0213000 secs]
5.505: [GC 1513280K->254621K(1767808K), 0.0323890 secs]
5.963: [GC 1522461K->261189K(2053952K), 0.0489240 secs]
6.554: [GC 1817477K->267575K(2054848K), 0.0301870 secs]
7.057: [GC 1823863K->273058K(2359616K), 0.0317510 secs]
7.702: [GC 2131618K->282157K(2348352K), 0.0358010 secs]
8.472: [GC 2140703K->292813K(2339648K), 0.0390390 secs]
9.281: [GC 2121421K->299558K(2335744K), 0.0439750 secs]
10.145: [GC 2127481K->311370K(2323328K), 0.0501120 secs]
10.963: [GC 2105546K->317183K(2306112K), 0.0446510 secs]
11.807: [GC 2111359K->327569K(2305536K), 0.0500690 secs]
12.593: [GC 2088721K->334315K(2289152K), 0.0506810 secs]
13.295: [GC 2095467K->334892K(2290176K), 0.0516500 secs]
14.058: [GC 2061996K->341075K(2261376K), 0.0575980 secs]
14.743: [GC 2068179K->351091K(2273408K), 0.0576340 secs]
15.434: [GC 2044535K->349194K(2232064K), 0.0570250 secs]
16.124: [GC 2042694K->348946K(2272192K), 0.0556840 secs]
16.821: [GC 2029435K->355174K(2215936K), 0.0570680 secs]
17.529: [GC 2035814K->358901K(2270720K), 0.0577020 secs]
18.238: [GC 2034037K->365810K(2214336K), 0.0592870 secs]
18.925: [GC 2039193K->370485K(2270784K), 0.0600570 secs]
19.589: [GC 2043253K->376532K(2208768K), 0.0606370 secs]
20.280: [GC 2049300K->386656K(2268608K), 0.0606570 secs]
20.978: [GC 2058912K->383669K(2204032K), 0.0596400 secs]
21.679: [GC 2055874K->388428K(2271360K), 0.0589130 secs]
22.372: [GC 2064765K->395732K(2268224K), 0.0593630 secs]
23.115: [GC 2072470K->400488K(2274560K), 0.0598570 secs]
23.891: [GC 2088872K->404038K(2271104K), 0.0577440 secs]
24.626: [GC 2091141K->407567K(2281664K), 0.0567570 secs]
25.418: [GC 2110735K->412488K(2278528K), 0.0576000 secs]
26.230: [GC 2114290K->420449K(2288192K), 0.0600830 secs]
27.000: [GC 2134366K->420660K(2286976K), 0.0607390 secs]
27.638: [GC 2136244K->424136K(2294464K), 0.0587990 secs]
28.316: [GC 2150728K->428569K(2293440K), 0.0585480 secs]
29.123: [GC 2153997K->434241K(2299264K), 0.0584900 secs]
29.892: [GC 2169356K->438406K(2298048K), 0.0596320 secs]
30.504: [GC 2174022K->437732K(2302336K), 0.0592930 secs]
31.196: [GC 2182436K->444837K(2302784K), 0.0587160 secs]
31.884: [GC 2188504K->445347K(2307136K), 0.0583780 secs]
32.640: [GC 2199331K->448061K(2307904K), 0.0576080 secs]
33.362: [GC 2202045K->456428K(2311296K), 0.0578320 secs]
34.093: [GC 2218668K->460640K(2312256K), 0.0580730 secs]
34.918: [GC 2222880K->464889K(2316352K), 0.0571750 secs]
35.887: [GC 2233124K->469015K(2316864K), 0.0594490 secs]
36.854: [GC 2238935K->484718K(2319616K), 0.0592460 secs]
37.810: [GC 2257830K->486196K(2320704K), 0.0586900 secs]
38.784: [GC 2259192K->486548K(2318080K), 0.0594330 secs]
39.744: [GC 2261716K->494246K(2320000K), 0.0597760 secs]
40.701: [GC 2268807K->499654K(2322624K), 0.0598840 secs]
41.665: [GC 2277574K->503407K(2313664K), 0.0631280 secs]
42.681: [GC 2281327K->512898K(2318016K), 0.0656090 secs]
43.647: [GC 2285147K->517178K(2315712K), 0.0666380 secs]
44.617: [GC 2288749K->523136K(2311744K), 0.0661030 secs]
45.603: [GC 2284416K->525315K(2306112K), 0.0619470 secs]
46.666: [GC 2286274K->532446K(2306240K), 0.0675040 secs]
47.713: [GC 2283230K->541394K(2305728K), 0.0680990 secs]
48.734: [GC 2292178K->539150K(2301760K), 0.0690200 secs]
49.783: [GC 2278414K->542948K(2290368K), 0.0704590 secs]
50.861: [GC 2280652K->547567K(2299712K), 0.0692540 secs]
50.931: [Full GC 547567K->214152K(2320000K), 0.6241930 secs]
52.529: [GC 1947496K->236011K(2191936K), 0.0134860 secs]
53.532: [GC 1969515K->245517K(2287744K), 0.0190070 secs]
54.458: [GC 1929107K->259064K(2166464K), 0.0247180 secs]
55.336: [GC 1943505K->274434K(2294144K), 0.0298310 secs]
56.237: [GC 1951893K->281489K(2182464K), 0.0349990 secs]
57.136: [GC 1958579K->296278K(2296128K), 0.0396470 secs]
58.063: [GC 1980950K->303795K(2289984K), 0.0442460 secs]
58.918: [GC 1988467K->310776K(2295552K), 0.0474180 secs]
59.764: [GC 2008120K->314862K(2290240K), 0.0494760 secs]
60.631: [GC 2011766K->320639K(2308352K), 0.0519650 secs]
61.452: [GC 2039487K->328879K(2307200K), 0.0564630 secs]
62.275: [GC 2046116K->340167K(2308416K), 0.0584840 secs]
