0.535: [GC 95424K->60492K(365760K), 0.0818820 secs]
0.706: [GC 155916K->122657K(461184K), 0.0846340 secs]
1.222: [GC 313505K->164973K(461184K), 0.0735650 secs]
1.643: [GC 355821K->168694K(652032K), 0.0373030 secs]
2.555: [GC 548577K->175668K(652032K), 0.0228890 secs]
3.447: [GC 557219K->180580K(1109760K), 0.0430160 secs]
5.486: [GC 943794K->189629K(1110464K), 0.0247310 secs]
7.310: [GC 951460K->196498K(1864576K), 0.0150260 secs]
11.005: [GC 1723282K->213496K(1867712K), 0.0213930 secs]
14.645: [GC 1738596K->222396K(2198016K), 0.0320070 secs]
19.168: [GC 2088762K->238137K(2200192K), 0.0261100 secs]
19.202: [Full GC 238137K->178606K(2327744K), 0.7449530 secs]
24.370: [GC 2044539K->200693K(2336384K), 0.0143040 secs]
29.106: [GC 2081205K->218845K(2338048K), 0.0302470 secs]
33.945: [GC 2098592K->235352K(2337216K), 0.0382580 secs]
38.556: [GC 2116231K->251984K(2337536K), 0.0538370 secs]
43.559: [GC 2134096K->261269K(2305024K), 0.0379350 secs]
48.832: [GC 2103404K->274422K(2300352K), 0.0525880 secs]
54.239: [GC 2117022K->285259K(2298560K), 0.0832120 secs]
59.173: [GC 2099299K->291479K(2288896K), 0.0509660 secs]
