0.534: [GC 95424K->59890K(365760K), 0.0885510 secs]
0.710: [GC 155314K->119834K(461184K), 0.0751400 secs]
1.162: [GC 310677K->167441K(461184K), 0.0493070 secs]
1.467: [GC 356350K->172470K(652032K), 0.0238110 secs]
2.128: [GC 552530K->179295K(652032K), 0.0133660 secs]
2.680: [GC 559521K->183969K(1108992K), 0.0092970 secs]
3.921: [GC 947011K->194006K(1108992K), 0.0178000 secs]
4.993: [GC 955628K->198852K(1863744K), 0.0109980 secs]
7.429: [GC 1724510K->215977K(1866560K), 0.0149620 secs]
9.560: [GC 1741660K->224522K(2199872K), 0.0197520 secs]
12.264: [GC 2092734K->234932K(2201280K), 0.0248210 secs]
12.288: [Full GC 234932K->174979K(2332160K), 0.5818240 secs]
15.450: [GC 2044740K->201129K(2340288K), 0.0130470 secs]
18.317: [GC 2082146K->215960K(2342528K), 0.0191660 secs]
21.020: [GC 2098252K->229936K(2342656K), 0.0219490 secs]
23.845: [GC 2113654K->240458K(2335936K), 0.0224520 secs]
26.791: [GC 2123941K->253005K(2320640K), 0.0512070 secs]
29.633: [GC 2105537K->264244K(2328448K), 0.0263460 secs]
32.489: [GC 2116140K->270984K(2284672K), 0.0657540 secs]
35.214: [GC 2077085K->284020K(2282496K), 0.0306820 secs]
37.937: [GC 2090740K->288382K(2284736K), 0.0267170 secs]
40.503: [GC 2065252K->297867K(2267200K), 0.0288160 secs]
43.103: [GC 2074407K->304793K(2263808K), 0.0307700 secs]
45.644: [GC 2043832K->310068K(2242112K), 0.0321240 secs]
48.397: [GC 2049861K->314100K(2246784K), 0.0322560 secs]
50.805: [GC 2017133K->317520K(2213760K), 0.0335770 secs]
53.256: [GC 2020945K->320987K(2233408K), 0.0343840 secs]
55.694: [GC 1995121K->326495K(2192896K), 0.0356500 secs]
58.158: [GC 2000788K->327392K(2221952K), 0.0360730 secs]
60.532: [GC 1976160K->329853K(2165248K), 0.0363330 secs]
