1.174: [GC 95424K->31572K(365760K), 0.0580960 secs]
1.391: [GC 126996K->64000K(461184K), 0.0687830 secs]
1.762: [GC 254848K->136139K(461184K), 0.1533630 secs]
2.204: [GC 326987K->198742K(652032K), 0.1954320 secs]
2.399: [Full GC 198742K->198695K(815616K), 0.4550240 secs]
3.515: [GC 579115K->234560K(815616K), 0.0297540 secs]
3.799: [GC 616256K->246726K(1080896K), 0.0156880 secs]
4.156: [GC 825429K->252793K(1100416K), 0.0260360 secs]
4.464: [GC 832697K->259521K(1327680K), 0.0222870 secs]
4.883: [GC 1097127K->269995K(1351424K), 0.0255020 secs]
5.266: [GC 1107487K->272353K(1525056K), 0.0264040 secs]
5.758: [GC 1305249K->280345K(1539584K), 0.0294100 secs]
6.300: [GC 1312696K->285233K(1740416K), 0.0306000 secs]
6.902: [GC 1528007K->289259K(1752256K), 0.0343950 secs]
7.503: [GC 1532075K->304790K(1986560K), 0.0391180 secs]
8.228: [GC 1777872K->310822K(1994432K), 0.0420090 secs]
8.922: [GC 1784998K->318096K(2260032K), 0.0466300 secs]
9.753: [GC 2049093K->330869K(2269440K), 0.0502120 secs]
10.585: [GC 2062197K->330926K(2302400K), 0.0528830 secs]
11.473: [GC 2082253K->336175K(2287744K), 0.0560700 secs]
12.388: [GC 2086943K->344124K(2288512K), 0.0590860 secs]
13.365: [GC 2063345K->350280K(2257728K), 0.0560450 secs]
14.350: [GC 2068915K->363203K(2272512K), 0.0604270 secs]
15.320: [GC 2052803K->368174K(2237376K), 0.0606920 secs]
16.293: [GC 2056536K->372109K(2264192K), 0.0610230 secs]
17.231: [GC 2036935K->374614K(2215104K), 0.0626820 secs]
18.129: [GC 2040300K->384314K(2257152K), 0.0648210 secs]
19.020: [GC 2035140K->392736K(2211904K), 0.0650820 secs]
19.894: [GC 2043936K->394792K(2249728K), 0.0685020 secs]
20.776: [GC 2028759K->403693K(2198592K), 0.0715610 secs]
21.673: [GC 2037455K->399190K(2249344K), 0.0687490 secs]
22.538: [GC 2025686K->406998K(2186688K), 0.0717990 secs]
23.464: [GC 2032087K->413962K(2246848K), 0.0726360 secs]
24.352: [GC 2036685K->421192K(2190464K), 0.0739360 secs]
25.195: [GC 2043500K->427744K(2244800K), 0.0750370 secs]
26.053: [GC 2046719K->439380K(2193408K), 0.0751110 secs]
27.017: [GC 2057935K->437842K(2244672K), 0.0742090 secs]
27.880: [GC 2053970K->437022K(2178176K), 0.0731020 secs]
28.786: [GC 2052652K->434957K(2244928K), 0.0815950 secs]
29.699: [GC 2056013K->440303K(2240000K), 0.0683850 secs]
30.602: [GC 2061080K->452273K(2244416K), 0.0714090 secs]
31.483: [GC 2079901K->453185K(2244288K), 0.0703910 secs]
32.413: [GC 2081287K->452931K(2251520K), 0.0694630 secs]
33.328: [GC 2095787K->462214K(2253312K), 0.0698070 secs]
34.230: [GC 2103456K->461077K(2252608K), 0.0695240 secs]
35.106: [GC 2113537K->469563K(2256832K), 0.0694340 secs]
35.988: [GC 2120958K->478289K(2263040K), 0.0699340 secs]
36.908: [GC 2144382K->484103K(2266368K), 0.0714110 secs]
37.820: [GC 2150507K->480479K(2263616K), 0.0671710 secs]
38.769: [GC 2152718K->486225K(2268416K), 0.0687770 secs]
39.726: [GC 2159704K->487318K(2271296K), 0.0673130 secs]
40.638: [GC 2171247K->494449K(2274816K), 0.0663830 secs]
41.567: [GC 2178983K->498208K(2276992K), 0.0671300 secs]
42.471: [GC 2194848K->500122K(2280256K), 0.0656090 secs]
43.387: [GC 2195565K->503870K(2283200K), 0.0646120 secs]
44.294: [GC 2209571K->506000K(2286336K), 0.0667720 secs]
45.227: [GC 2212074K->513433K(2286848K), 0.0664850 secs]
46.182: [GC 2227033K->515948K(2290112K), 0.0669010 secs]
47.082: [GC 2228828K->524067K(2291456K), 0.0666460 secs]
48.015: [GC 2243922K->527035K(2294144K), 0.0655420 secs]
48.978: [GC 2246739K->524422K(2296640K), 0.0646230 secs]
49.949: [GC 2249340K->534382K(2297920K), 0.0645390 secs]
50.892: [GC 2258763K->542246K(2296320K), 0.0643640 secs]
51.839: [GC 2269013K->544791K(2298048K), 0.0627810 secs]
52.819: [GC 2271850K->544277K(2300288K), 0.0642070 secs]
52.883: [Full GC 544277K->210179K(2304704K), 0.6276190 secs]
54.366: [GC 1941599K->233397K(2177664K), 0.0152920 secs]
55.259: [GC 1964974K->242970K(2266304K), 0.0196390 secs]
56.011: [GC 1917850K->260660K(2147840K), 0.0244410 secs]
56.834: [GC 1935308K->271432K(2271552K), 0.0333530 secs]
57.689: [GC 1935153K->288861K(2165056K), 0.0385440 secs]
58.535: [GC 1951590K->302530K(2275584K), 0.0430060 secs]
59.445: [GC 1973022K->318566K(2269312K), 0.0485870 secs]
60.345: [GC 1989414K->319662K(2275200K), 0.0534600 secs]
61.253: [GC 1999672K->326945K(2271040K), 0.0544270 secs]
62.177: [GC 2008545K->332825K(2285184K), 0.0579930 secs]
63.089: [GC 2029163K->340984K(2285824K), 0.0614260 secs]
