0.557: [GC 95424K->59889K(365760K), 0.0820490 secs]
0.730: [GC 155313K->119813K(461184K), 0.0836630 secs]
1.315: [GC 310388K->163825K(461184K), 0.0478380 secs]
1.922: [GC 353896K->169376K(652032K), 0.0109210 secs]
3.036: [GC 550652K->177604K(652032K), 0.0135550 secs]
4.366: [GC 558731K->184813K(1107072K), 0.0116950 secs]
6.860: [GC 948205K->193728K(1107648K), 0.0159610 secs]
9.177: [GC 956898K->201886K(1860544K), 0.0169150 secs]
14.376: [GC 1728148K->223351K(1864192K), 0.0251530 secs]
19.575: [GC 1750135K->238102K(2201536K), 0.0292210 secs]
25.732: [GC 2110614K->258004K(2204864K), 0.0331450 secs]
25.766: [Full GC 258004K->175285K(2320192K), 0.4749960 secs]
32.364: [GC 2047797K->212201K(2320256K), 0.0207960 secs]
38.630: [GC 2093737K->235995K(2324736K), 0.0306140 secs]
44.812: [GC 2117531K->260319K(2324608K), 0.0300390 secs]
51.397: [GC 2151327K->283340K(2329408K), 0.0325300 secs]
57.936: [GC 2174348K->301561K(2311104K), 0.0414290 secs]
