0.543: [GC 95424K->59882K(365760K), 0.0850420 secs]
0.714: [GC 155306K->118398K(461184K), 0.1271910 secs]
1.312: [GC 308971K->162186K(461184K), 0.0486810 secs]
1.882: [GC 352453K->169769K(652032K), 0.0146730 secs]
2.878: [GC 551258K->178545K(652032K), 0.0154880 secs]
3.953: [GC 559568K->185420K(1106112K), 0.0336190 secs]
6.066: [GC 948632K->196842K(1106304K), 0.0132270 secs]
8.122: [GC 960234K->206109K(1858496K), 0.0138150 secs]
12.361: [GC 1732893K->227518K(1862400K), 0.0185880 secs]
16.726: [GC 1754302K->242622K(2203840K), 0.0216250 secs]
16.748: [Full GC 242622K->172094K(2313152K), 0.4813160 secs]
22.215: [GC 2046718K->203341K(2316352K), 0.0189140 secs]
27.177: [GC 2077243K->221764K(2318144K), 0.0272130 secs]
32.334: [GC 2102980K->250861K(2320576K), 0.0223850 secs]
37.547: [GC 2132141K->276403K(2316352K), 0.0202590 secs]
42.910: [GC 2156467K->294893K(2321664K), 0.0253560 secs]
48.095: [GC 2174957K->315177K(2299136K), 0.0376340 secs]
53.306: [GC 2172713K->328757K(2293568K), 0.0223970 secs]
58.408: [GC 2186293K->356958K(2276992K), 0.0300850 secs]
