1.122: [GC 94897K->31850K(365760K), 0.0544020 secs]
1.344: [GC 127274K->64985K(461184K), 0.0856060 secs]
1.744: [GC 255833K->132991K(461184K), 0.0656780 secs]
2.104: [GC 323839K->195795K(652032K), 0.1150110 secs]
2.219: [Full GC 195795K->195748K(824384K), 0.6342320 secs]
3.975: [GC 577444K->229010K(824384K), 0.0245680 secs]
4.820: [GC 610706K->238149K(1024000K), 0.0142540 secs]
5.988: [GC 756805K->254299K(1047040K), 0.0194980 secs]
7.097: [GC 772955K->260901K(1141376K), 0.0199170 secs]
8.487: [GC 913701K->270460K(1170688K), 0.0218210 secs]
9.873: [GC 922358K->278737K(1234176K), 0.0256930 secs]
11.337: [GC 1003226K->286760K(1244544K), 0.0270450 secs]
12.824: [GC 1012840K->298235K(1311360K), 0.0305120 secs]
14.441: [GC 1086971K->304646K(1318784K), 0.0300670 secs]
16.088: [GC 1093382K->313515K(1377792K), 0.0347700 secs]
17.840: [GC 1153067K->321492K(1387520K), 0.0342100 secs]
19.595: [GC 1161044K->327666K(1442368K), 0.0370680 secs]
21.392: [GC 1211442K->335636K(1452992K), 0.0380700 secs]
23.212: [GC 1219412K->340303K(1488832K), 0.0399870 secs]
25.114: [GC 1248591K->343605K(1499392K), 0.0396940 secs]
26.907: [GC 1251302K->352491K(1536064K), 0.0444440 secs]
28.855: [GC 1287930K->349698K(1542976K), 0.0420330 secs]
30.782: [GC 1285250K->351112K(1580032K), 0.0448950 secs]
32.760: [GC 1321029K->354137K(1580608K), 0.0408430 secs]
34.829: [GC 1324889K->361166K(1612736K), 0.0441580 secs]
36.781: [GC 1367118K->372739K(1613824K), 0.0444170 secs]
38.869: [GC 1376868K->378266K(1641664K), 0.0459750 secs]
40.915: [GC 1410586K->385854K(1642816K), 0.0449970 secs]
43.131: [GC 1418174K->389643K(1672000K), 0.0477770 secs]
45.359: [GC 1448798K->397486K(1672448K), 0.0460710 secs]
47.620: [GC 1457454K->400852K(1699456K), 0.0463050 secs]
49.820: [GC 1487239K->413736K(1700480K), 0.0446660 secs]
52.047: [GC 1501608K->420541K(1729536K), 0.0454640 secs]
54.425: [GC 1534710K->421054K(1731072K), 0.0434220 secs]
56.792: [GC 1535678K->427870K(1753664K), 0.0433150 secs]
59.079: [GC 1564646K->429272K(1754112K), 0.0463300 secs]
61.324: [GC 1566616K->436763K(1775360K), 0.0465730 secs]
