0.525: [GC 95424K->59869K(365760K), 0.0804400 secs]
0.687: [GC 155293K->119805K(461184K), 0.1327950 secs]
0.936: [GC 310653K->174343K(461184K), 0.0630700 secs]
1.669: [GC 364670K->182236K(652032K), 0.0123470 secs]
2.450: [GC 562763K->182785K(652032K), 0.0131120 secs]
2.955: [GC 563312K->184377K(1112512K), 0.0180680 secs]
4.373: [GC 946036K->185889K(1112896K), 0.0144650 secs]
5.573: [GC 948891K->187948K(1874560K), 0.0077770 secs]
8.524: [GC 1713590K->192838K(1874880K), 0.0050390 secs]
11.160: [GC 1717310K->198366K(2191680K), 0.0066930 secs]
14.937: [GC 2046467K->205455K(2192896K), 0.0077940 secs]
18.713: [GC 2052550K->208000K(2196992K), 0.0086290 secs]
18.722: [Full GC 208000K->188881K(2334784K), 0.5946490 secs]
23.348: [GC 2047281K->201991K(2335680K), 0.0104870 secs]
27.533: [GC 2060364K->209975K(2337536K), 0.0088490 secs]
32.014: [GC 2080718K->219055K(2339904K), 0.0111130 secs]
36.785: [GC 2090223K->220723K(2347264K), 0.0111020 secs]
41.439: [GC 2105790K->227182K(2348736K), 0.0204610 secs]
45.688: [GC 2112529K->232659K(2355008K), 0.0125410 secs]
50.137: [GC 2123667K->239803K(2336064K), 0.0244210 secs]
54.460: [GC 2131143K->247547K(2341888K), 0.0162670 secs]
58.852: [GC 2120709K->254880K(2332864K), 0.0182310 secs]
