0.542: [GC 95424K->59882K(365760K), 0.0825000 secs]
0.713: [GC 155306K->119810K(461184K), 0.0805700 secs]
0.917: [GC 310658K->174468K(461184K), 0.0469920 secs]
1.441: [GC 364453K->186053K(652032K), 0.0422950 secs]
2.061: [GC 566358K->187763K(652032K), 0.0096600 secs]
2.673: [GC 569006K->190225K(1111488K), 0.0096830 secs]
3.908: [GC 951610K->193396K(1112192K), 0.0145110 secs]
5.018: [GC 955892K->195921K(1872256K), 0.0102890 secs]
7.415: [GC 1720144K->201728K(1873088K), 0.0097100 secs]
9.649: [GC 1725830K->205669K(2193472K), 0.0092240 secs]
12.522: [GC 2056392K->210713K(2194368K), 0.0148180 secs]
12.537: [Full GC 210713K->190631K(2337984K), 0.4902400 secs]
15.773: [GC 2040606K->215194K(2339392K), 0.0097420 secs]
18.690: [GC 2077146K->219588K(2341632K), 0.0203720 secs]
21.416: [GC 2080587K->222747K(2345920K), 0.0217170 secs]
24.090: [GC 2099324K->229236K(2347904K), 0.0276080 secs]
26.915: [GC 2105717K->238692K(2358528K), 0.0145030 secs]
29.646: [GC 2126710K->244720K(2341376K), 0.0191900 secs]
32.489: [GC 2132119K->249230K(2348288K), 0.0176740 secs]
35.368: [GC 2122587K->251119K(2332032K), 0.0220970 secs]
38.183: [GC 2123897K->253574K(2340928K), 0.0173390 secs]
40.970: [GC 2110004K->255058K(2320192K), 0.0286410 secs]
43.683: [GC 2112166K->257928K(2334144K), 0.0201820 secs]
46.412: [GC 2100279K->261308K(2312384K), 0.0183790 secs]
48.974: [GC 2104513K->263253K(2326848K), 0.0189220 secs]
51.735: [GC 2090178K->268755K(2305088K), 0.0240410 secs]
54.481: [GC 2096484K->271946K(2316544K), 0.0226280 secs]
57.084: [GC 2081209K->277790K(2293248K), 0.0221800 secs]
59.836: [GC 2086403K->282247K(2308928K), 0.0230260 secs]
