1.162: [GC 95424K->31652K(365760K), 0.0888550 secs]
1.413: [GC 127076K->65368K(461184K), 0.0862130 secs]
1.823: [GC 256216K->133119K(461184K), 0.1110300 secs]
2.239: [GC 323967K->195738K(652032K), 0.1427120 secs]
2.382: [Full GC 195738K->195707K(816896K), 0.5698220 secs]
3.504: [GC 577403K->242123K(816896K), 0.0542910 secs]
3.870: [GC 623819K->258847K(1048704K), 0.0127760 secs]
4.324: [GC 810945K->263855K(1070272K), 0.0214570 secs]
4.614: [GC 816871K->267172K(1261184K), 0.0257230 secs]
4.942: [GC 1029693K->272454K(1275648K), 0.0208990 secs]
5.225: [GC 1034905K->276505K(1429696K), 0.0332010 secs]
5.653: [GC 1204377K->284570K(1431680K), 0.0237190 secs]
6.022: [GC 1212153K->296065K(1610304K), 0.0410430 secs]
6.518: [GC 1401630K->296972K(1614016K), 0.0255510 secs]
6.961: [GC 1403502K->297596K(1819328K), 0.0373510 secs]
7.551: [GC 1606588K->305366K(1821952K), 0.0460870 secs]
8.144: [GC 1612461K->308940K(2033920K), 0.0260450 secs]
8.810: [GC 1834508K->314011K(2048256K), 0.0258670 secs]
9.483: [GC 1839014K->320076K(2195904K), 0.0268760 secs]
10.241: [GC 1986633K->319823K(2202560K), 0.0261160 secs]
10.987: [GC 1985945K->332692K(2324480K), 0.0320500 secs]
11.896: [GC 2116349K->329344K(2290688K), 0.0251270 secs]
12.692: [GC 2112413K->337287K(2328768K), 0.0274800 secs]
13.444: [GC 2120184K->342940K(2293952K), 0.0251190 secs]
14.362: [GC 2125356K->351718K(2323520K), 0.0262910 secs]
15.147: [GC 2128505K->350131K(2325824K), 0.0248930 secs]
15.981: [GC 2127060K->356090K(2325632K), 0.0361900 secs]
16.791: [GC 2133878K->362128K(2326080K), 0.0304440 secs]
17.545: [GC 2138468K->359561K(2322240K), 0.0251760 secs]
18.267: [GC 2137459K->367810K(2324160K), 0.0250410 secs]
19.021: [GC 2144717K->366337K(2324416K), 0.0272310 secs]
19.765: [GC 2147617K->367192K(2326208K), 0.0258530 secs]
20.536: [GC 2147648K->374265K(2328768K), 0.0279940 secs]
21.334: [GC 2162489K->379146K(2328960K), 0.0263290 secs]
22.136: [GC 2167370K->383524K(2333440K), 0.0347600 secs]
22.943: [GC 2176676K->385583K(2307200K), 0.0273540 secs]
23.705: [GC 2177723K->387617K(2334080K), 0.0500710 secs]
24.531: [GC 2180616K->393558K(2333312K), 0.0349190 secs]
25.333: [GC 2188178K->400520K(2333888K), 0.0542220 secs]
26.195: [GC 2195764K->399414K(2309952K), 0.0350800 secs]
27.052: [GC 2193623K->402969K(2335552K), 0.0280650 secs]
27.858: [GC 2199612K->404121K(2334528K), 0.0520200 secs]
28.643: [GC 2201123K->413801K(2333952K), 0.0539680 secs]
29.481: [GC 2212521K->414849K(2334656K), 0.0358270 secs]
30.292: [GC 2213258K->423053K(2335680K), 0.0345600 secs]
31.129: [GC 2221642K->420734K(2337088K), 0.0382120 secs]
31.924: [GC 2220542K->425701K(2335424K), 0.0312670 secs]
32.782: [GC 2225878K->425754K(2336256K), 0.0555190 secs]
33.678: [GC 2225514K->431005K(2338432K), 0.0347550 secs]
34.505: [GC 2235757K->436296K(2338304K), 0.0354590 secs]
35.323: [GC 2241328K->436463K(2340160K), 0.0384600 secs]
36.149: [GC 2245380K->438107K(2340864K), 0.0475890 secs]
36.961: [GC 2247720K->444687K(2342144K), 0.0385000 secs]
37.730: [GC 2258067K->445772K(2342592K), 0.0391790 secs]
38.502: [GC 2259718K->448340K(2344576K), 0.0519940 secs]
39.382: [GC 2265564K->454544K(2345088K), 0.0384150 secs]
40.203: [GC 2272903K->454391K(2347456K), 0.0903370 secs]
41.178: [GC 2275514K->460214K(2347584K), 0.0369870 secs]
42.053: [GC 2282396K->466705K(2348928K), 0.0340870 secs]
42.969: [GC 2291684K->473587K(2348736K), 0.0315250 secs]
43.831: [GC 2298563K->471848K(2350016K), 0.0319570 secs]
44.722: [GC 2298172K->475475K(2350400K), 0.0459060 secs]
45.592: [GC 2302867K->476822K(2350592K), 0.0554600 secs]
46.452: [GC 2304555K->478579K(2350784K), 0.0400910 secs]
47.296: [GC 2307109K->485692K(2351936K), 0.0322110 secs]
48.152: [GC 2315688K->483687K(2352256K), 0.0321050 secs]
49.035: [GC 2313651K->491595K(2352896K), 0.0303980 secs]
49.885: [GC 2322906K->489780K(2352960K), 0.0310440 secs]
50.792: [GC 2320155K->489005K(2351808K), 0.0362350 secs]
51.656: [GC 2318742K->494149K(2333824K), 0.0339770 secs]
52.557: [GC 2324457K->498493K(2351232K), 0.0338480 secs]
52.591: [Full GC 498493K->234769K(2410432K), 0.7265880 secs]
54.139: [GC 2062713K->253626K(2326272K), 0.0115720 secs]
54.956: [GC 2082406K->263273K(2387008K), 0.0142330 secs]
55.715: [GC 2056960K->276796K(2314624K), 0.0199690 secs]
56.652: [GC 2070844K->282795K(2391744K), 0.0385210 secs]
57.508: [GC 2073135K->292296K(2326528K), 0.0280970 secs]
58.282: [GC 2082633K->290042K(2391232K), 0.0299330 secs]
59.074: [GC 2082810K->293871K(2388928K), 0.0234370 secs]
59.860: [GC 2085547K->301497K(2392192K), 0.0331070 secs]
60.760: [GC 2103367K->302500K(2391104K), 0.0303670 secs]
61.658: [GC 2103817K->305604K(2401536K), 0.0257730 secs]
62.522: [GC 2122201K->314930K(2398976K), 0.0347310 secs]
63.368: [GC 2131804K->318500K(2406464K), 0.0296390 secs]
