0.533: [GC 95424K->59869K(365760K), 0.0895650 secs]
0.708: [GC 155293K->119809K(461184K), 0.1046510 secs]
1.127: [GC 308957K->164248K(461184K), 0.0979880 secs]
1.473: [GC 354893K->169310K(652032K), 0.0428300 secs]
2.009: [GC 550498K->176861K(652032K), 0.0208050 secs]
2.496: [GC 557022K->187478K(1105472K), 0.0196450 secs]
3.538: [GC 950870K->202428K(1107008K), 0.0203420 secs]
4.488: [GC 964350K->214473K(1857280K), 0.0173660 secs]
6.530: [GC 1740186K->239020K(1861376K), 0.0241350 secs]
8.355: [GC 1764099K->258389K(2202752K), 0.0282870 secs]
8.383: [Full GC 258389K->176446K(2328704K), 0.5864310 secs]
11.151: [GC 2041162K->208828K(2330880K), 0.0212590 secs]
13.313: [GC 2072720K->237185K(2328768K), 0.0249100 secs]
15.488: [GC 2100177K->263311K(2330432K), 0.0278970 secs]
17.661: [GC 2126044K->277845K(2308544K), 0.0352000 secs]
19.863: [GC 2119084K->299581K(2308544K), 0.0417280 secs]
22.038: [GC 2140656K->320050K(2284288K), 0.0323430 secs]
24.165: [GC 2118200K->334806K(2269056K), 0.0397930 secs]
26.287: [GC 2133227K->346577K(2277504K), 0.0295470 secs]
28.365: [GC 2120292K->362908K(2271936K), 0.0330270 secs]
30.616: [GC 2135712K->372417K(2247168K), 0.0360250 secs]
32.812: [GC 2095632K->382700K(2241408K), 0.0492290 secs]
34.984: [GC 2105562K->388270K(2219776K), 0.0390540 secs]
37.142: [GC 2056953K->388225K(2192448K), 0.0381010 secs]
39.288: [GC 2057484K->394731K(2202368K), 0.0408380 secs]
41.328: [GC 2022348K->390809K(2154176K), 0.0387890 secs]
43.356: [GC 2019120K->393480K(2195456K), 0.0381530 secs]
45.376: [GC 1996822K->400911K(2140992K), 0.0414430 secs]
47.375: [GC 2005805K->398316K(2187264K), 0.0400260 secs]
49.353: [GC 1983244K->397946K(2117952K), 0.0409150 secs]
51.282: [GC 1982037K->401845K(2186752K), 0.0419940 secs]
53.092: [GC 1979776K->405694K(2187776K), 0.0422570 secs]
54.890: [GC 1983405K->410788K(2187136K), 0.0421210 secs]
56.681: [GC 1987743K->415968K(2117696K), 0.0429470 secs]
58.536: [GC 1994278K->415736K(2187712K), 0.0426200 secs]
60.369: [GC 1992469K->419396K(2114880K), 0.0434600 secs]
