0.538: [GC 95424K->59890K(365760K), 0.0823730 secs]
0.706: [GC 155314K->119822K(461184K), 0.1083090 secs]
1.110: [GC 309010K->164168K(461184K), 0.0756310 secs]
1.402: [GC 353677K->167193K(652032K), 0.0694920 secs]
1.923: [GC 547059K->174914K(652032K), 0.0115730 secs]
2.377: [GC 555378K->183533K(1106240K), 0.0272440 secs]
3.388: [GC 946092K->199063K(1107520K), 0.0196000 secs]
4.286: [GC 961860K->212702K(1858368K), 0.0223020 secs]
6.261: [GC 1739486K->233198K(1862336K), 0.0270060 secs]
8.042: [GC 1759735K->255463K(2202240K), 0.0515340 secs]
10.308: [GC 2119491K->274134K(2158848K), 0.0333890 secs]
10.341: [Full GC 274134K->174850K(2280128K), 0.4775900 secs]
12.917: [GC 2039137K->210367K(2327424K), 0.0387620 secs]
15.117: [GC 2078523K->231591K(2325504K), 0.0256960 secs]
17.330: [GC 2098636K->263566K(2322688K), 0.0408460 secs]
19.557: [GC 2131214K->287063K(2327040K), 0.0443020 secs]
21.813: [GC 2153669K->303707K(2300800K), 0.0349690 secs]
24.016: [GC 2142951K->320931K(2300992K), 0.0250470 secs]
26.176: [GC 2160544K->339045K(2281152K), 0.0288580 secs]
28.410: [GC 2137912K->352520K(2292288K), 0.0324690 secs]
30.640: [GC 2151282K->360892K(2234816K), 0.0347320 secs]
32.682: [GC 2099456K->374857K(2227648K), 0.0395610 secs]
34.788: [GC 2113513K->385619K(2237248K), 0.0350040 secs]
36.847: [GC 2091247K->393907K(2212992K), 0.0363040 secs]
38.831: [GC 2099129K->403038K(2213696K), 0.0383790 secs]
40.775: [GC 2065053K->408533K(2184256K), 0.0390290 secs]
42.729: [GC 2070965K->413483K(2194304K), 0.0761850 secs]
44.659: [GC 2034859K->409306K(2143552K), 0.0416280 secs]
46.559: [GC 2028749K->418017K(2183424K), 0.0425560 secs]
48.423: [GC 2011305K->419005K(2126400K), 0.0491160 secs]
50.344: [GC 2012004K->423618K(2173888K), 0.0571510 secs]
52.231: [GC 1994054K->427034K(2111744K), 0.0433930 secs]
54.068: [GC 1997783K->430601K(2166976K), 0.0440240 secs]
55.923: [GC 1983242K->432041K(2093440K), 0.0442880 secs]
57.761: [GC 1984848K->429738K(2170304K), 0.0427210 secs]
59.593: [GC 1980377K->433354K(2086144K), 0.0437400 secs]
