1.161: [GC 95424K->31576K(365760K), 0.0872430 secs]
1.404: [GC 127000K->65300K(461184K), 0.0649940 secs]
1.767: [GC 256148K->133047K(461184K), 0.0680930 secs]
2.117: [GC 323895K->195610K(652032K), 0.1859210 secs]
2.303: [Full GC 195610K->195573K(818688K), 0.5759290 secs]
3.545: [GC 575893K->228706K(818688K), 0.0325750 secs]
3.833: [GC 610402K->240490K(1049408K), 0.0151560 secs]
4.186: [GC 786277K->250595K(1068288K), 0.0315370 secs]
4.516: [GC 796415K->258869K(1246272K), 0.0262200 secs]
4.996: [GC 1011445K->268528K(1265280K), 0.0257310 secs]
5.527: [GC 1019622K->282224K(1404800K), 0.0314020 secs]
6.061: [GC 1178196K->292590K(1410752K), 0.0341640 secs]
6.588: [GC 1188542K->301169K(1570624K), 0.0374180 secs]
7.202: [GC 1350632K->308020K(1578752K), 0.0400530 secs]
7.858: [GC 1356891K->314726K(1754496K), 0.0443650 secs]
8.572: [GC 1531686K->323202K(1763968K), 0.0476840 secs]
9.290: [GC 1539339K->335128K(1956672K), 0.0535400 secs]
10.117: [GC 1732722K->343477K(1969408K), 0.0544330 secs]
10.928: [GC 1742131K->347405K(2117632K), 0.0582830 secs]
11.845: [GC 1880490K->354152K(2129408K), 0.0616550 secs]
12.763: [GC 1888165K->363555K(2251392K), 0.0655450 secs]
13.745: [GC 2006557K->364713K(2208576K), 0.0618740 secs]
14.721: [GC 2007508K->369506K(2242816K), 0.0596420 secs]
15.651: [GC 1988450K->378005K(2188928K), 0.0651800 secs]
16.603: [GC 1996612K->390239K(2228416K), 0.0673410 secs]
17.559: [GC 1981844K->393593K(2170880K), 0.0655260 secs]
18.494: [GC 1984978K->394855K(2225408K), 0.0660280 secs]
19.401: [GC 1971415K->393715K(2228096K), 0.0670660 secs]
20.351: [GC 1971483K->394683K(2225728K), 0.0645500 secs]
21.300: [GC 1972173K->398915K(2226944K), 0.0640420 secs]
22.224: [GC 1976731K->401454K(2224896K), 0.0652460 secs]
23.186: [GC 1983250K->404276K(2227136K), 0.0649730 secs]
24.115: [GC 1984317K->412915K(2231360K), 0.0673930 secs]
25.069: [GC 2001314K->414225K(2232000K), 0.0658260 secs]
26.011: [GC 2002189K->416648K(2231936K), 0.0672400 secs]
26.975: [GC 2009338K->421625K(2233280K), 0.0679320 secs]
27.935: [GC 2016019K->418585K(2231744K), 0.0626300 secs]
28.861: [GC 2020781K->414463K(2235392K), 0.0619350 secs]
29.806: [GC 2016703K->416265K(2237056K), 0.0629390 secs]
30.744: [GC 2034085K->428021K(2239296K), 0.0665050 secs]
31.698: [GC 2044981K->442715K(2254720K), 0.0690860 secs]
32.686: [GC 2081259K->448526K(2254848K), 0.0709700 secs]
33.655: [GC 2086089K->447426K(2256960K), 0.0687980 secs]
34.630: [GC 2093211K->455491K(2259136K), 0.0700960 secs]
35.605: [GC 2100920K->464458K(2264192K), 0.0726650 secs]
36.582: [GC 2114640K->465765K(2229376K), 0.0688660 secs]
37.586: [GC 2115778K->466614K(2266176K), 0.0679880 secs]
38.576: [GC 2120563K->476379K(2264256K), 0.0748710 secs]
39.549: [GC 2128967K->481460K(2265984K), 0.0698650 secs]
40.532: [GC 2137564K->487466K(2266240K), 0.0723110 secs]
41.513: [GC 2142671K->487541K(2267072K), 0.0727950 secs]
42.483: [GC 2143945K->495189K(2245696K), 0.0713020 secs]
43.464: [GC 2151034K->496719K(2263552K), 0.0738330 secs]
44.447: [GC 2148687K->491529K(2233344K), 0.0718860 secs]
45.436: [GC 2142124K->500765K(2264512K), 0.0728050 secs]
46.422: [GC 2153767K->507739K(2264256K), 0.0763620 secs]
47.423: [GC 2160449K->513679K(2266496K), 0.0726870 secs]
48.407: [GC 2168235K->518410K(2266688K), 0.0740070 secs]
49.424: [GC 2172990K->515862K(2265152K), 0.0714680 secs]
50.409: [GC 2171257K->521044K(2265920K), 0.0716830 secs]
51.371: [GC 2175803K->526738K(2267648K), 0.0722520 secs]
52.390: [GC 2185378K->522536K(2267200K), 0.0699800 secs]
53.390: [GC 2180717K->526117K(2268864K), 0.0695920 secs]
54.387: [GC 2189913K->537085K(2268160K), 0.0746490 secs]
55.394: [GC 2201807K->534382K(2272640K), 0.0712130 secs]
56.357: [GC 2204986K->542398K(2273408K), 0.0736460 secs]
57.348: [GC 2213433K->548239K(2271808K), 0.0758590 secs]
58.320: [GC 2216664K->547928K(2273408K), 0.0733040 secs]
59.304: [GC 2215439K->546823K(2269312K), 0.0715780 secs]
60.291: [GC 2215273K->556282K(2271488K), 0.0734450 secs]
61.283: [GC 2223660K->558748K(2272256K), 0.0727780 secs]
62.263: [GC 2232579K->561447K(2274304K), 0.0715680 secs]
