0.539: [GC 95424K->59885K(365760K), 0.0918960 secs]
0.719: [GC 155309K->119829K(461184K), 0.0868020 secs]
1.168: [GC 309018K->164229K(461184K), 0.0497750 secs]
1.522: [GC 354640K->167291K(652032K), 0.0156580 secs]
2.116: [GC 548515K->175021K(652032K), 0.0262270 secs]
2.708: [GC 556020K->185513K(1105408K), 0.0133550 secs]
4.015: [GC 947234K->199872K(1107072K), 0.0228640 secs]
5.151: [GC 961375K->212830K(1857792K), 0.0355770 secs]
7.692: [GC 1738400K->235539K(1861696K), 0.0279090 secs]
9.844: [GC 1760517K->248561K(2206464K), 0.0273260 secs]
9.872: [Full GC 248561K->177440K(2332416K), 0.5003470 secs]
13.124: [GC 2048447K->208753K(2332992K), 0.0331790 secs]
15.805: [GC 2081229K->236934K(2332800K), 0.0243680 secs]
18.467: [GC 2109599K->258671K(2335040K), 0.0296680 secs]
21.041: [GC 2132207K->274767K(2315328K), 0.0455740 secs]
23.683: [GC 2126730K->298426K(2319168K), 0.0664760 secs]
26.285: [GC 2150707K->312284K(2289728K), 0.0314730 secs]
28.924: [GC 2122808K->326962K(2276288K), 0.0384990 secs]
31.464: [GC 2138465K->341208K(2284096K), 0.0286880 secs]
34.006: [GC 2128289K->358755K(2283776K), 0.0331810 secs]
36.615: [GC 2146692K->370180K(2246400K), 0.0351610 secs]
39.164: [GC 2103524K->374664K(2245248K), 0.0363670 secs]
41.586: [GC 2108112K->385434K(2223424K), 0.0391300 secs]
43.932: [GC 2063721K->382275K(2198080K), 0.0379290 secs]
46.260: [GC 2060798K->390811K(2206080K), 0.0403460 secs]
48.517: [GC 2026773K->398934K(2173184K), 0.0413420 secs]
50.731: [GC 2034751K->396103K(2190720K), 0.0407220 secs]
52.893: [GC 1995805K->402201K(2139072K), 0.0422240 secs]
55.077: [GC 2001192K->396111K(2184000K), 0.0406560 secs]
57.218: [GC 1972611K->397560K(2112512K), 0.0414950 secs]
59.400: [GC 1974646K->405651K(2178816K), 0.0435760 secs]
