0.541: [GC 95424K->59890K(365760K), 0.0783400 secs]
0.707: [GC 155314K->119810K(461184K), 0.0826060 secs]
1.086: [GC 309153K->164468K(461184K), 0.0816050 secs]
1.388: [GC 354327K->167608K(652032K), 0.0375290 secs]
1.893: [GC 549304K->175214K(652032K), 0.0158140 secs]
2.368: [GC 556612K->185332K(1105600K), 0.0282230 secs]
3.357: [GC 948724K->198922K(1107200K), 0.0291250 secs]
4.284: [GC 960620K->211461K(1857344K), 0.0393950 secs]
6.297: [GC 1738040K->239755K(1861696K), 0.0598280 secs]
8.154: [GC 1765693K->260187K(2198848K), 0.0387480 secs]
8.193: [Full GC 260187K->175435K(2318592K), 0.4953010 secs]
10.899: [GC 2033748K->218785K(2321920K), 0.0227870 secs]
13.087: [GC 2077719K->242426K(2318336K), 0.0333820 secs]
15.326: [GC 2103714K->266374K(2320128K), 0.0280330 secs]
17.564: [GC 2129414K->288243K(2308032K), 0.0381420 secs]
19.767: [GC 2137843K->311201K(2316864K), 0.0478450 secs]
22.014: [GC 2160049K->329305K(2273088K), 0.0487970 secs]
24.191: [GC 2133868K->348196K(2286080K), 0.0472320 secs]
26.341: [GC 2153692K->362581K(2251136K), 0.0539740 secs]
28.404: [GC 2114651K->371409K(2256576K), 0.0567040 secs]
30.494: [GC 2124118K->381994K(2219200K), 0.0608610 secs]
32.509: [GC 2072706K->384502K(2208256K), 0.0610950 secs]
34.568: [GC 2075470K->391152K(2198848K), 0.0648770 secs]
36.581: [GC 2028641K->390124K(2161536K), 0.0649550 secs]
38.540: [GC 2029420K->396678K(2183104K), 0.0665220 secs]
40.427: [GC 1996976K->404462K(2137728K), 0.0693130 secs]
42.317: [GC 2004128K->406775K(2166016K), 0.0692740 secs]
44.182: [GC 1971027K->406309K(2102912K), 0.0698820 secs]
46.061: [GC 1970853K->405573K(2161088K), 0.0689800 secs]
47.877: [GC 1949156K->408657K(2081728K), 0.0696450 secs]
49.744: [GC 1952302K->411547K(2164224K), 0.0697100 secs]
51.591: [GC 1954680K->416798K(2078720K), 0.0689860 secs]
53.427: [GC 1959404K->415680K(2165504K), 0.0687100 secs]
55.304: [GC 1959793K->417456K(2076032K), 0.0684730 secs]
57.196: [GC 1963314K->417956K(2164992K), 0.0672150 secs]
59.053: [GC 1969828K->418457K(2161088K), 0.0674250 secs]
