1.171: [GC 94789K->30509K(365760K), 0.0545840 secs]
1.391: [GC 125933K->63170K(461184K), 0.0780000 secs]
1.770: [GC 254018K->130957K(461184K), 0.0987840 secs]
2.157: [GC 321805K->193548K(652032K), 0.1261750 secs]
2.283: [Full GC 193548K->193505K(817920K), 0.5714110 secs]
3.392: [GC 573876K->230916K(817920K), 0.0288660 secs]
3.720: [GC 611181K->243810K(1044416K), 0.0167830 secs]
4.082: [GC 785878K->254573K(1063232K), 0.0171290 secs]
4.396: [GC 797549K->263381K(1220992K), 0.0198070 secs]
4.842: [GC 994340K->276001K(1242560K), 0.0336120 secs]
5.317: [GC 1006579K->280756K(1385664K), 0.0529250 secs]
5.862: [GC 1154645K->290412K(1387200K), 0.0394250 secs]
6.404: [GC 1164700K->296766K(1543296K), 0.0266840 secs]
6.996: [GC 1324372K->305263K(1551232K), 0.0288160 secs]
7.610: [GC 1333479K->313300K(1715776K), 0.0312240 secs]
8.321: [GC 1496880K->324818K(1724736K), 0.0413630 secs]
9.066: [GC 1508380K->336241K(1898048K), 0.0417190 secs]
9.908: [GC 1682899K->340898K(1911232K), 0.0387590 secs]
10.701: [GC 1686233K->347672K(2033600K), 0.0434010 secs]
11.566: [GC 1805080K->355456K(2045696K), 0.0412110 secs]
12.415: [GC 1812530K->360060K(2175808K), 0.0875790 secs]
13.389: [GC 1934854K->363810K(2183936K), 0.0499770 secs]
14.339: [GC 1938199K->374292K(2248192K), 0.0396110 secs]
15.314: [GC 2006101K->379494K(2198464K), 0.0389860 secs]
16.272: [GC 2012610K->386168K(2239680K), 0.0405700 secs]
17.181: [GC 1998320K->388154K(2179520K), 0.0406400 secs]
18.128: [GC 2000698K->395077K(2235456K), 0.0419760 secs]
19.069: [GC 1994619K->396377K(2168960K), 0.0400040 secs]
20.003: [GC 1996257K->404687K(2234112K), 0.0412370 secs]
20.951: [GC 1998707K->407895K(2168064K), 0.0413890 secs]
21.872: [GC 2002911K->406260K(2237056K), 0.0407410 secs]
22.792: [GC 2001575K->413653K(2167104K), 0.0425750 secs]
23.730: [GC 2009136K->418190K(2234944K), 0.0411140 secs]
24.651: [GC 2013881K->425492K(2234112K), 0.0433100 secs]
25.601: [GC 2021762K->426721K(2236800K), 0.0423700 secs]
26.568: [GC 2027848K->427151K(2237184K), 0.0412360 secs]
27.523: [GC 2026945K->430174K(2237568K), 0.0436510 secs]
28.479: [GC 2035828K->437641K(2238144K), 0.0445970 secs]
29.420: [GC 2045000K->445084K(2244992K), 0.0434160 secs]
30.345: [GC 2060025K->451568K(2244864K), 0.0452440 secs]
31.320: [GC 2066688K->452503K(2246720K), 0.0442520 secs]
32.262: [GC 2068955K->456633K(2198080K), 0.0439210 secs]
33.204: [GC 2073793K->459493K(2248320K), 0.0444440 secs]
34.196: [GC 2078573K->464418K(2246208K), 0.0442790 secs]
35.144: [GC 2084370K->471878K(2247552K), 0.0448620 secs]
36.163: [GC 2094857K->476505K(2246720K), 0.0455540 secs]
37.105: [GC 2100794K->479522K(2253632K), 0.0470410 secs]
38.085: [GC 2110378K->473947K(2208128K), 0.0440070 secs]
39.035: [GC 2105096K->483008K(2252224K), 0.0459530 secs]
39.998: [GC 2115508K->490105K(2250176K), 0.0443560 secs]
40.972: [GC 2123439K->487697K(2256192K), 0.0434070 secs]
41.925: [GC 2132473K->494086K(2256704K), 0.0452630 secs]
42.906: [GC 2137485K->496032K(2261440K), 0.0443070 secs]
43.896: [GC 2150880K->501185K(2261952K), 0.0449130 secs]
44.872: [GC 2155512K->505691K(2267200K), 0.0444270 secs]
45.839: [GC 2169806K->512357K(2267840K), 0.0447960 secs]
46.831: [GC 2175539K->507590K(2269376K), 0.0446700 secs]
47.792: [GC 2176057K->520366K(2271296K), 0.0447570 secs]
48.796: [GC 2189214K->521439K(2273792K), 0.0452480 secs]
49.763: [GC 2193179K->524435K(2274304K), 0.0461670 secs]
50.735: [GC 2197484K->528600K(2273984K), 0.0460900 secs]
51.756: [GC 2203050K->531949K(2274624K), 0.0440880 secs]
52.759: [GC 2205694K->538619K(2277120K), 0.0453140 secs]
53.772: [GC 2217244K->537321K(2257664K), 0.0452950 secs]
54.769: [GC 2215556K->542086K(2277952K), 0.0449120 secs]
55.753: [GC 2221312K->551950K(2276352K), 0.0452140 secs]
56.724: [GC 2232891K->550330K(2279936K), 0.0451720 secs]
57.695: [GC 2235066K->553428K(2279936K), 0.0443220 secs]
58.720: [GC 2236433K->560470K(2280128K), 0.0462060 secs]
59.723: [GC 2244678K->565823K(2274560K), 0.0462040 secs]
60.733: [GC 2250158K->562649K(2281280K), 0.0461750 secs]
61.713: [GC 2246379K->561341K(2262016K), 0.0448300 secs]
62.701: [GC 2244388K->561966K(2279168K), 0.0450210 secs]
