0.533: [GC 95424K->59885K(365760K), 0.0800080 secs]
0.702: [GC 155309K->119821K(461184K), 0.0981630 secs]
1.175: [GC 308774K->164063K(461184K), 0.0716000 secs]
1.571: [GC 354537K->169822K(652032K), 0.0171450 secs]
2.328: [GC 550484K->178038K(652032K), 0.0151210 secs]
3.026: [GC 558737K->184020K(1107648K), 0.0144000 secs]
4.483: [GC 946011K->196108K(1107968K), 0.0155810 secs]
5.837: [GC 959194K->205882K(1859648K), 0.0170500 secs]
8.670: [GC 1731324K->228812K(1863744K), 0.0209150 secs]
11.289: [GC 1754906K->241607K(2203840K), 0.0382140 secs]
11.327: [Full GC 241607K->173048K(2326272K), 0.5797920 secs]
15.267: [GC 2042615K->211052K(2328000K), 0.0140270 secs]
19.135: [GC 2081062K->232019K(2328256K), 0.0189300 secs]
22.545: [GC 2105043K->242444K(2319744K), 0.0213700 secs]
26.018: [GC 2114159K->257853K(2306304K), 0.0254780 secs]
29.164: [GC 2099992K->270113K(2316416K), 0.0274470 secs]
32.222: [GC 2112283K->281790K(2286336K), 0.0348340 secs]
35.396: [GC 2093954K->297316K(2282048K), 0.0263990 secs]
38.556: [GC 2109997K->307999K(2274688K), 0.0289100 secs]
41.608: [GC 2085345K->316922K(2267648K), 0.0302860 secs]
44.643: [GC 2095772K->323046K(2251968K), 0.0318600 secs]
47.724: [GC 2057317K->328195K(2235648K), 0.0334630 secs]
50.710: [GC 2062892K->335609K(2230976K), 0.0351270 secs]
53.543: [GC 2028055K->342393K(2207744K), 0.0364120 secs]
56.451: [GC 2035908K->349520K(2208960K), 0.0383850 secs]
59.356: [GC 1999584K->348046K(2169856K), 0.0375300 secs]
