0.535: [GC 95424K->59890K(365760K), 0.0804100 secs]
0.698: [GC 155314K->119822K(461184K), 0.0740840 secs]
1.110: [GC 308931K->164229K(461184K), 0.0616600 secs]
1.446: [GC 354732K->170228K(652032K), 0.0192720 secs]
2.085: [GC 551761K->177352K(652032K), 0.0493120 secs]
2.736: [GC 558542K->184091K(1107392K), 0.0163430 secs]
3.979: [GC 947483K->196002K(1107968K), 0.0179390 secs]
5.118: [GC 957601K->203949K(1860032K), 0.0245450 secs]
7.575: [GC 1730088K->219377K(1863872K), 0.0208580 secs]
9.933: [GC 1746024K->239834K(2202432K), 0.0301350 secs]
9.963: [Full GC 239834K->175148K(2324672K), 0.4945960 secs]
13.370: [GC 2048808K->209458K(2327488K), 0.0123520 secs]
16.160: [GC 2081585K->232600K(2332352K), 0.0200650 secs]
19.009: [GC 2111501K->246473K(2328896K), 0.0239140 secs]
21.827: [GC 2127305K->264020K(2302784K), 0.0312840 secs]
24.454: [GC 2104652K->276141K(2282176K), 0.0339170 secs]
27.112: [GC 2117508K->292252K(2304384K), 0.0329730 secs]
29.801: [GC 2123292K->305419K(2299904K), 0.0335080 secs]
32.474: [GC 2135168K->317346K(2277376K), 0.0290670 secs]
35.022: [GC 2105869K->326086K(2278592K), 0.0310830 secs]
37.586: [GC 2113350K->331150K(2251072K), 0.0319100 secs]
40.111: [GC 2071082K->341021K(2245056K), 0.0345900 secs]
42.515: [GC 2081325K->347181K(2227072K), 0.0362620 secs]
44.963: [GC 2036176K->355276K(2208576K), 0.0384030 secs]
47.374: [GC 2043995K->354844K(2207488K), 0.0370880 secs]
49.783: [GC 2000028K->356187K(2164864K), 0.0379230 secs]
52.212: [GC 2000595K->364318K(2192000K), 0.0393180 secs]
54.569: [GC 1975817K->362455K(2138240K), 0.0792060 secs]
56.930: [GC 1974387K->365795K(2186624K), 0.0625720 secs]
59.333: [GC 1957276K->369701K(2116160K), 0.0599070 secs]
