1.161: [GC 95424K->31588K(365760K), 0.0632900 secs]
1.387: [GC 127012K->64016K(461184K), 0.0541020 secs]
1.762: [GC 254864K->131735K(461184K), 0.0760380 secs]
2.136: [GC 322583K->194338K(652032K), 0.1567460 secs]
2.293: [Full GC 194338K->194301K(820224K), 0.5780170 secs]
3.569: [GC 575997K->229605K(820224K), 0.0641810 secs]
3.891: [GC 611301K->238192K(1051328K), 0.0210010 secs]
4.257: [GC 778955K->250972K(1065152K), 0.0635070 secs]
4.626: [GC 790920K->259601K(1255104K), 0.0321430 secs]
5.078: [GC 1016532K->269979K(1272576K), 0.0347590 secs]
5.525: [GC 1026653K->277790K(1437952K), 0.0494740 secs]
6.108: [GC 1203102K->281147K(1439424K), 0.0374010 secs]
6.642: [GC 1206459K->287893K(1620864K), 0.0409940 secs]
7.317: [GC 1391689K->293800K(1625600K), 0.0447630 secs]
7.986: [GC 1399208K->310038K(1824064K), 0.0568630 secs]
8.781: [GC 1607879K->327130K(1833984K), 0.0655660 secs]
9.609: [GC 1624308K->330811K(2068544K), 0.0672090 secs]
10.557: [GC 1850107K->343844K(2081088K), 0.0745810 secs]
11.522: [GC 1861230K->352975K(2258112K), 0.0786800 secs]
12.580: [GC 2033225K->365642K(2255424K), 0.0844550 secs]
13.659: [GC 2046337K->364088K(2252544K), 0.0859620 secs]
14.727: [GC 2006882K->376365K(2220928K), 0.0909440 secs]
15.811: [GC 2020781K->385610K(2229312K), 0.0951470 secs]
16.872: [GC 1983856K->391635K(2183104K), 0.0975530 secs]
17.933: [GC 1990995K->394937K(2217856K), 0.0956540 secs]
18.962: [GC 1961214K->395863K(2151360K), 0.0954720 secs]
19.997: [GC 1963991K->399421K(2214208K), 0.0974440 secs]
21.061: [GC 1952153K->403808K(2138176K), 0.0976910 secs]
22.101: [GC 1957216K->408737K(2212544K), 0.1004250 secs]
23.140: [GC 1955489K->413539K(2132608K), 0.1019780 secs]
24.247: [GC 1958484K->414888K(2215296K), 0.0988770 secs]
25.268: [GC 1962353K->413333K(2126016K), 0.0955300 secs]
26.304: [GC 1960308K->418526K(2213440K), 0.0969770 secs]
27.312: [GC 1969047K->427236K(2209600K), 0.0963530 secs]
28.338: [GC 1979108K->426617K(2218240K), 0.0968180 secs]
29.395: [GC 1993018K->428252K(2216576K), 0.0955360 secs]
30.466: [GC 1993439K->436850K(2227072K), 0.0987660 secs]
31.511: [GC 2019234K->443115K(2224192K), 0.0999890 secs]
32.580: [GC 2025113K->450643K(2235904K), 0.0971930 secs]
33.647: [GC 2045812K->448183K(2233920K), 0.0956660 secs]
34.733: [GC 2045047K->456603K(2240128K), 0.0977550 secs]
35.794: [GC 2063735K->453343K(2237888K), 0.0968840 secs]
36.877: [GC 2059224K->459429K(2246784K), 0.0960920 secs]
37.918: [GC 2080618K->467079K(2243136K), 0.0982550 secs]
39.005: [GC 2088839K->469648K(2255808K), 0.0952620 secs]
40.082: [GC 2107249K->470176K(2253248K), 0.0968770 secs]
41.136: [GC 2108640K->479464K(2262976K), 0.0936700 secs]
42.261: [GC 2130793K->477768K(2260480K), 0.0943810 secs]
43.352: [GC 2129928K->486486K(2270016K), 0.0967930 secs]
44.463: [GC 2150998K->491944K(2267392K), 0.0952650 secs]
45.630: [GC 2156456K->495004K(2275712K), 0.0928790 secs]
46.782: [GC 2169541K->494122K(2273536K), 0.0932070 secs]
47.942: [GC 2168938K->500081K(2280128K), 0.0964580 secs]
49.013: [GC 2181871K->507706K(2278272K), 0.0944270 secs]
50.109: [GC 2189901K->507969K(2284352K), 0.0952320 secs]
51.220: [GC 2197802K->509117K(2283328K), 0.0968430 secs]
52.346: [GC 2199933K->521799K(2284608K), 0.0976490 secs]
53.513: [GC 2214820K->527538K(2285888K), 0.1034320 secs]
54.671: [GC 2220052K->532549K(2280960K), 0.1038850 secs]
55.874: [GC 2217555K->533625K(2272704K), 0.0984070 secs]
57.056: [GC 2218474K->535486K(2281728K), 0.1001220 secs]
58.193: [GC 2217148K->538206K(2266048K), 0.0994240 secs]
59.375: [GC 2220223K->543160K(2281856K), 0.1023280 secs]
60.530: [GC 2225183K->537976K(2258752K), 0.0977740 secs]
61.727: [GC 2220936K->545484K(2282752K), 0.0983000 secs]
62.895: [GC 2230040K->550349K(2281344K), 0.0994380 secs]
