0.526: [GC 95424K->59877K(365760K), 0.0722720 secs]
0.680: [GC 155301K->119805K(461184K), 0.0738310 secs]
1.088: [GC 308797K->163649K(461184K), 0.0615860 secs]
1.438: [GC 353942K->168460K(652032K), 0.0473630 secs]
2.143: [GC 548249K->178563K(652032K), 0.0387100 secs]
2.771: [GC 558917K->188759K(1105408K), 0.0139720 secs]
3.911: [GC 951051K->205669K(1106624K), 0.0228970 secs]
4.981: [GC 968039K->213615K(1855488K), 0.0144610 secs]
7.135: [GC 1739924K->228795K(1860160K), 0.0337200 secs]
9.365: [GC 1754883K->252204K(2208448K), 0.0254870 secs]
9.391: [Full GC 252204K->177915K(2337280K), 0.5947970 secs]
12.448: [GC 2056770K->203141K(2339520K), 0.0100660 secs]
14.837: [GC 2082693K->219609K(2336640K), 0.0205870 secs]
17.216: [GC 2100650K->246680K(2334144K), 0.0230940 secs]
19.653: [GC 2126905K->261744K(2317440K), 0.0255190 secs]
21.931: [GC 2115340K->278500K(2315584K), 0.0293100 secs]
24.238: [GC 2132257K->289010K(2303616K), 0.0255470 secs]
26.451: [GC 2111326K->306573K(2312576K), 0.0305280 secs]
28.771: [GC 2128000K->321736K(2271872K), 0.0373170 secs]
30.983: [GC 2102007K->338141K(2277184K), 0.0314390 secs]
33.189: [GC 2120102K->349067K(2255296K), 0.0336650 secs]
35.311: [GC 2081524K->359467K(2250368K), 0.0362400 secs]
37.458: [GC 2091592K->363590K(2229120K), 0.0367480 secs]
39.497: [GC 2042871K->367056K(2204992K), 0.0372400 secs]
41.599: [GC 2046444K->374658K(2208000K), 0.0398040 secs]
43.579: [GC 2010262K->379217K(2172480K), 0.0402660 secs]
45.638: [GC 2014728K->374925K(2196736K), 0.0389660 secs]
47.578: [GC 1978089K->383964K(2144320K), 0.0419840 secs]
49.525: [GC 1986809K->387022K(2181760K), 0.0412700 secs]
51.462: [GC 1960765K->387919K(2119488K), 0.0421370 secs]
53.381: [GC 1960877K->382050K(2183552K), 0.0410410 secs]
55.299: [GC 1945533K->391044K(2106688K), 0.0421310 secs]
57.288: [GC 1955119K->389757K(2183360K), 0.0417950 secs]
59.209: [GC 1951455K->390753K(2098048K), 0.0409930 secs]
