0.527: [GC 95424K->59890K(365760K), 0.0810950 secs]
0.689: [GC 155314K->119838K(461184K), 0.1127160 secs]
1.095: [GC 310686K->164934K(461184K), 0.0420920 secs]
1.348: [GC 354144K->168757K(652032K), 0.0241520 secs]
1.834: [GC 549597K->177585K(652032K), 0.0133680 secs]
2.265: [GC 559115K->186950K(1106112K), 0.0148440 secs]
3.171: [GC 948901K->196785K(1107264K), 0.0161370 secs]
4.025: [GC 958509K->208920K(1857088K), 0.0178030 secs]
5.852: [GC 1734839K->229791K(1861952K), 0.0616260 secs]
7.576: [GC 1756522K->253346K(2204736K), 0.0772260 secs]
9.733: [GC 2121954K->277124K(2162688K), 0.0403640 secs]
9.773: [Full GC 277124K->177782K(2294912K), 0.5770890 secs]
12.339: [GC 2046567K->213663K(2340480K), 0.0380440 secs]
14.349: [GC 2085711K->234705K(2338496K), 0.0196080 secs]
16.334: [GC 2107163K->252222K(2327872K), 0.0375020 secs]
18.377: [GC 2112312K->270503K(2335168K), 0.0388720 secs]
20.446: [GC 2131751K->286252K(2303040K), 0.0340370 secs]
22.432: [GC 2115210K->303416K(2307968K), 0.0270030 secs]
24.429: [GC 2131074K->310062K(2291136K), 0.0278800 secs]
26.419: [GC 2100680K->325912K(2293568K), 0.0318870 secs]
28.405: [GC 2117992K->339225K(2250176K), 0.0358460 secs]
30.300: [GC 2072179K->347106K(2257152K), 0.0370670 secs]
32.219: [GC 2081733K->353186K(2227456K), 0.0391520 secs]
34.036: [GC 2027639K->356160K(2207104K), 0.0394340 secs]
35.873: [GC 2030297K->365856K(2203904K), 0.0418550 secs]
37.626: [GC 1989912K->365472K(2165696K), 0.0414250 secs]
39.400: [GC 1989774K->371596K(2187648K), 0.0439260 secs]
41.121: [GC 1955625K->371226K(2132160K), 0.0426480 secs]
42.843: [GC 1955488K->374187K(2178048K), 0.0433150 secs]
44.507: [GC 1931963K->379599K(2111296K), 0.0440380 secs]
46.202: [GC 1937543K->372596K(2179840K), 0.0423460 secs]
47.907: [GC 1921143K->378487K(2093184K), 0.0428250 secs]
49.628: [GC 1928172K->381225K(2179584K), 0.0427570 secs]
51.285: [GC 1932005K->384356K(2178368K), 0.0430650 secs]
52.933: [GC 1934163K->382257K(2176704K), 0.0422120 secs]
54.618: [GC 1936238K->388061K(2178048K), 0.0432830 secs]
56.289: [GC 1942666K->384942K(2177920K), 0.0415710 secs]
57.989: [GC 1949854K->389734K(2181568K), 0.0425370 secs]
59.687: [GC 1954298K->389979K(2184896K), 0.0414940 secs]
