1.155: [GC 94828K->30505K(365760K), 0.0482560 secs]
1.362: [GC 125929K->63406K(461184K), 0.0592110 secs]
1.716: [GC 254254K->133993K(461184K), 0.0913190 secs]
2.087: [GC 324841K->196580K(652032K), 0.1544910 secs]
2.241: [Full GC 196580K->196558K(822976K), 0.5647510 secs]
3.397: [GC 578155K->230554K(822976K), 0.0290500 secs]
3.657: [GC 612250K->239592K(1055808K), 0.0165370 secs]
3.995: [GC 782531K->261096K(1071808K), 0.0232950 secs]
4.328: [GC 803003K->260985K(1240320K), 0.0262220 secs]
4.770: [GC 1002134K->270240K(1258368K), 0.0381220 secs]
5.227: [GC 1009785K->274635K(1389888K), 0.0296400 secs]
5.747: [GC 1159318K->287418K(1400384K), 0.0344550 secs]
6.258: [GC 1171855K->292038K(1562624K), 0.0409800 secs]
6.891: [GC 1335181K->300928K(1567552K), 0.0423680 secs]
7.520: [GC 1343894K->304479K(1748352K), 0.0457300 secs]
8.256: [GC 1521034K->321459K(1755136K), 0.0550210 secs]
8.984: [GC 1539123K->327972K(1958656K), 0.0569580 secs]
9.843: [GC 1736239K->339250K(1970304K), 0.0620700 secs]
10.663: [GC 1748778K->343975K(2126208K), 0.0652440 secs]
11.542: [GC 1895703K->350291K(2138560K), 0.0682550 secs]
12.464: [GC 1901845K->360884K(2267648K), 0.0729090 secs]
13.476: [GC 2029098K->365455K(2235072K), 0.0690300 secs]
14.533: [GC 2033686K->368095K(2256768K), 0.0692090 secs]
15.488: [GC 2007402K->369500K(2204032K), 0.0703680 secs]
16.443: [GC 2007143K->375905K(2250304K), 0.0708680 secs]
17.406: [GC 1998305K->375540K(2186688K), 0.0710680 secs]
18.311: [GC 1997940K->382593K(2251072K), 0.0719220 secs]
19.264: [GC 1998814K->389449K(2185920K), 0.0779500 secs]
20.237: [GC 2007003K->392357K(2251840K), 0.0734460 secs]
21.176: [GC 2007269K->395076K(2181184K), 0.0741810 secs]
22.113: [GC 2011141K->411235K(2248064K), 0.0875870 secs]
23.088: [GC 2025150K->415370K(2249408K), 0.0730740 secs]
24.081: [GC 2029386K->418769K(2251904K), 0.0752640 secs]
25.029: [GC 2035018K->425804K(2195008K), 0.0756000 secs]
26.003: [GC 2042764K->429863K(2251200K), 0.0762260 secs]
26.973: [GC 2044608K->433037K(2192640K), 0.0766830 secs]
27.918: [GC 2047866K->440222K(2250688K), 0.0765610 secs]
28.858: [GC 2056250K->444280K(2250176K), 0.0798490 secs]
29.803: [GC 2059495K->447199K(2252032K), 0.0798550 secs]
30.775: [GC 2065819K->452569K(2251712K), 0.0806690 secs]
31.737: [GC 2071308K->456571K(2253440K), 0.0793320 secs]
32.662: [GC 2077852K->461240K(2253184K), 0.0814100 secs]
33.636: [GC 2081709K->463728K(2253056K), 0.0808350 secs]
34.618: [GC 2087687K->466861K(2253440K), 0.0759240 secs]
35.592: [GC 2089296K->466696K(2252288K), 0.0772400 secs]
36.583: [GC 2096530K->475895K(2253952K), 0.0801390 secs]
37.545: [GC 2104858K->480623K(2259712K), 0.0787730 secs]
38.500: [GC 2120367K->481791K(2261248K), 0.0782240 secs]
39.475: [GC 2120443K->487461K(2261696K), 0.0797990 secs]
40.440: [GC 2132482K->489257K(2262976K), 0.0770110 secs]
41.393: [GC 2134610K->494872K(2267392K), 0.0796470 secs]
42.380: [GC 2148323K->494213K(2267712K), 0.0783190 secs]
43.356: [GC 2147456K->501019K(2270656K), 0.0813230 secs]
44.327: [GC 2163872K->508676K(2270464K), 0.0796650 secs]
45.304: [GC 2171569K->508255K(2278016K), 0.0787780 secs]
46.331: [GC 2184095K->514159K(2277952K), 0.0787770 secs]
47.366: [GC 2189776K->514775K(2282560K), 0.0795080 secs]
48.359: [GC 2197834K->521427K(2282112K), 0.0790660 secs]
49.343: [GC 2204216K->524754K(2287040K), 0.0767220 secs]
50.336: [GC 2214954K->529914K(2286144K), 0.0737200 secs]
51.294: [GC 2219766K->533862K(2290624K), 0.0745200 secs]
52.275: [GC 2229607K->540323K(2289792K), 0.0764870 secs]
53.301: [GC 2236756K->538714K(2293504K), 0.0744090 secs]
54.315: [GC 2240078K->549474K(2292928K), 0.0780640 secs]
55.302: [GC 2250883K->550438K(2294912K), 0.0714530 secs]
56.306: [GC 2256029K->554756K(2294912K), 0.0754490 secs]
57.303: [GC 2259351K->558406K(2296512K), 0.0761540 secs]
58.254: [GC 2267590K->560034K(2296448K), 0.0742260 secs]
59.202: [GC 2269134K->560314K(2298816K), 0.0722990 secs]
60.229: [GC 2270152K->564197K(2299008K), 0.0731640 secs]
60.302: [Full GC 564197K->206477K(2310592K), 0.6961290 secs]
61.922: [GC 1916513K->236106K(2272448K), 0.0185250 secs]
62.846: [GC 1908268K->248688K(2152832K), 0.0242220 secs]
