0.530: [GC 95424K->60484K(365760K), 0.0906610 secs]
0.708: [GC 155908K->122657K(461184K), 0.0870070 secs]
1.331: [GC 312996K->172197K(461184K), 0.0536290 secs]
1.877: [GC 361566K->173446K(652032K), 0.0232540 secs]
2.822: [GC 554327K->176853K(652032K), 0.0263440 secs]
3.562: [GC 558549K->180827K(1111552K), 0.0120750 secs]
5.475: [GC 942487K->183238K(1112256K), 0.0127810 secs]
7.308: [GC 944904K->187868K(1870912K), 0.0111700 secs]
11.226: [GC 1713015K->200005K(1872512K), 0.0121790 secs]
14.965: [GC 1726441K->205757K(2193600K), 0.0148200 secs]
20.006: [GC 2062045K->218300K(2195072K), 0.0192850 secs]
20.025: [Full GC 218300K->179901K(2327296K), 0.7081930 secs]
25.330: [GC 2036008K->200991K(2335808K), 0.0150390 secs]
30.354: [GC 2072863K->211933K(2336576K), 0.0204410 secs]
35.161: [GC 2082012K->219848K(2342144K), 0.0166650 secs]
40.115: [GC 2100690K->228247K(2340736K), 0.0230200 secs]
45.086: [GC 2108427K->235580K(2340992K), 0.0262050 secs]
49.737: [GC 2115732K->242273K(2329536K), 0.0291370 secs]
54.499: [GC 2122158K->249986K(2325632K), 0.0317430 secs]
58.970: [GC 2104682K->254052K(2316864K), 0.0341980 secs]
