0.533: [GC 95424K->59890K(365760K), 0.0980610 secs]
0.713: [GC 155314K->119818K(461184K), 0.0885720 secs]
1.214: [GC 310173K->173252K(461184K), 0.0810970 secs]
1.604: [GC 362948K->175231K(652032K), 0.0102120 secs]
2.303: [GC 555936K->178174K(652032K), 0.0116500 secs]
2.881: [GC 559596K->182678K(1110976K), 0.0199750 secs]
4.114: [GC 945504K->185774K(1111488K), 0.0124800 secs]
5.203: [GC 947903K->188850K(1869824K), 0.0104500 secs]
7.870: [GC 1715452K->206581K(1871488K), 0.0167670 secs]
10.339: [GC 1731816K->216781K(2193792K), 0.0200450 secs]
13.283: [GC 2075854K->231709K(2195264K), 0.0303850 secs]
13.313: [Full GC 231709K->181811K(2325632K), 0.4915670 secs]
16.599: [GC 2040528K->203896K(2338304K), 0.0162240 secs]
19.320: [GC 2079595K->214827K(2337856K), 0.0207060 secs]
22.288: [GC 2092119K->227611K(2340480K), 0.0332030 secs]
25.043: [GC 2110030K->232090K(2340736K), 0.0351280 secs]
27.780: [GC 2115263K->237407K(2340480K), 0.0325870 secs]
30.553: [GC 2117879K->243969K(2328768K), 0.0404920 secs]
33.303: [GC 2124435K->248845K(2328128K), 0.0412780 secs]
36.190: [GC 2108687K->257248K(2321920K), 0.0482380 secs]
39.173: [GC 2117118K->264051K(2309824K), 0.0517880 secs]
42.106: [GC 2094150K->268379K(2302080K), 0.0548480 secs]
44.902: [GC 2097165K->275792K(2291776K), 0.0585140 secs]
47.555: [GC 2071581K->280828K(2280256K), 0.0600880 secs]
50.303: [GC 2076266K->288829K(2272128K), 0.0649340 secs]
53.040: [GC 2045701K->295110K(2256896K), 0.0697620 secs]
55.813: [GC 2051890K->294612K(2256832K), 0.0661630 secs]
58.383: [GC 2016493K->297919K(2219008K), 0.0697590 secs]
