1.156: [GC 95424K->31572K(365760K), 0.0719290 secs]
1.385: [GC 126996K->64828K(461184K), 0.0566210 secs]
1.739: [GC 255676K->130539K(461184K), 0.0632890 secs]
2.085: [GC 321387K->193094K(652032K), 0.1002930 secs]
2.185: [Full GC 193094K->193067K(820928K), 0.5688740 secs]
3.366: [GC 573582K->233948K(820928K), 0.0320080 secs]
3.629: [GC 615644K->243474K(1039040K), 0.0177410 secs]
3.941: [GC 771547K->256746K(1051136K), 0.0283410 secs]
4.208: [GC 784542K->261465K(1244672K), 0.0618120 secs]
4.583: [GC 986396K->267085K(1240448K), 0.0244800 secs]
4.921: [GC 992485K->267237K(1372480K), 0.0269350 secs]
5.338: [GC 1146252K->282209K(1385664K), 0.0288600 secs]
5.743: [GC 1159935K->276238K(1544320K), 0.0301580 secs]
6.216: [GC 1319921K->283859K(1552960K), 0.0329630 secs]
6.688: [GC 1328203K->288382K(1736832K), 0.0346540 secs]
7.266: [GC 1514114K->294518K(1739968K), 0.0428830 secs]
7.863: [GC 1521322K->303903K(1945728K), 0.0405970 secs]
8.608: [GC 1731999K->309319K(1952768K), 0.0451270 secs]
9.316: [GC 1736488K->317060K(2101440K), 0.0461290 secs]
10.015: [GC 1886276K->321424K(2110272K), 0.0497130 secs]
10.766: [GC 1888849K->327669K(2273792K), 0.0520300 secs]
11.547: [GC 2051126K->331515K(2279552K), 0.0485290 secs]
12.306: [GC 2054134K->335281K(2318784K), 0.0488460 secs]
13.120: [GC 2094897K->341947K(2284928K), 0.0472390 secs]
13.971: [GC 2099636K->349174K(2310336K), 0.0500120 secs]
14.788: [GC 2093706K->348465K(2273792K), 0.0499450 secs]
15.631: [GC 2094412K->353805K(2308928K), 0.0533790 secs]
16.517: [GC 2091351K->364807K(2277376K), 0.0517690 secs]
17.415: [GC 2102899K->358904K(2306944K), 0.0526320 secs]
18.217: [GC 2088871K->368540K(2266304K), 0.0561210 secs]
19.107: [GC 2098104K->371462K(2305536K), 0.0565070 secs]
19.987: [GC 2098646K->370138K(2256640K), 0.0553630 secs]
20.824: [GC 2098442K->376639K(2306112K), 0.0559740 secs]
21.654: [GC 2108223K->385588K(2303168K), 0.0564070 secs]
22.466: [GC 2115747K->387464K(2308288K), 0.0592010 secs]
23.331: [GC 2124964K->390398K(2306880K), 0.0557160 secs]
24.147: [GC 2127959K->393117K(2310336K), 0.0543720 secs]
25.007: [GC 2140672K->396555K(2309568K), 0.0533690 secs]
25.868: [GC 2144318K->404155K(2319360K), 0.0556150 secs]
26.736: [GC 2165497K->408574K(2317568K), 0.0562720 secs]
27.636: [GC 2170383K->412527K(2325120K), 0.0541150 secs]
28.566: [GC 2184501K->411652K(2322944K), 0.0536720 secs]
29.486: [GC 2183704K->424723K(2328448K), 0.0552240 secs]
30.290: [GC 2204947K->425316K(2328192K), 0.0568440 secs]
31.204: [GC 2204506K->430469K(2332992K), 0.0573740 secs]
32.076: [GC 2216671K->439109K(2332608K), 0.0560000 secs]
32.958: [GC 2226821K->444104K(2333632K), 0.0589240 secs]
33.865: [GC 2230900K->449497K(2323904K), 0.0603990 secs]
34.725: [GC 2236813K->449080K(2333824K), 0.0587000 secs]
35.602: [GC 2233848K->465154K(2328000K), 0.0595960 secs]
36.481: [GC 2248829K->458667K(2330240K), 0.0595570 secs]
37.366: [GC 2236200K->461102K(2310656K), 0.0593330 secs]
38.249: [GC 2238878K->467570K(2329152K), 0.0609490 secs]
39.065: [GC 2244924K->473729K(2329024K), 0.0611090 secs]
39.936: [GC 2249883K->478481K(2330752K), 0.0609000 secs]
40.813: [GC 2256887K->477861K(2313856K), 0.0602700 secs]
41.706: [GC 2257573K->485740K(2329792K), 0.0623970 secs]
42.629: [GC 2264205K->494259K(2322560K), 0.0657340 secs]
43.520: [GC 2271856K->498622K(2325504K), 0.0660370 secs]
44.481: [GC 2270586K->503151K(2316864K), 0.0657310 secs]
45.441: [GC 2275439K->509182K(2320384K), 0.0665110 secs]
46.412: [GC 2271229K->510370K(2310336K), 0.0652120 secs]
47.356: [GC 2272789K->516058K(2318016K), 0.0667220 secs]
48.265: [GC 2271800K->518163K(2307072K), 0.0661410 secs]
49.184: [GC 2275347K->517703K(2317824K), 0.0678580 secs]
50.093: [GC 2271175K->527121K(2306112K), 0.0672360 secs]
51.047: [GC 2279448K->527305K(2315456K), 0.0631380 secs]
51.930: [GC 2275777K->529133K(2295680K), 0.0655820 secs]
52.833: [GC 2276930K->529436K(2317248K), 0.0634230 secs]
53.769: [GC 2278807K->534040K(2315008K), 0.0641230 secs]
54.686: [GC 2285182K->544091K(2314304K), 0.0689740 secs]
55.607: [GC 2295680K->549629K(2315072K), 0.0658740 secs]
55.673: [Full GC 549629K->221004K(2351872K), 0.7199780 secs]
57.208: [GC 1972735K->250248K(2327808K), 0.0169210 secs]
58.127: [GC 1976911K->263779K(2229952K), 0.0233720 secs]
59.068: [GC 1990712K->273027K(2327168K), 0.0289550 secs]
59.944: [GC 1977464K->289536K(2330560K), 0.0345670 secs]
60.826: [GC 1994624K->296684K(2323008K), 0.0369580 secs]
61.732: [GC 2002786K->301370K(2327424K), 0.0421150 secs]
62.627: [GC 2007226K->300112K(2326848K), 0.0432120 secs]
