0.527: [GC 95424K->59897K(365760K), 0.0775250 secs]
0.686: [GC 155321K->119849K(461184K), 0.0923860 secs]
1.078: [GC 309053K->164360K(461184K), 0.0555460 secs]
1.384: [GC 353375K->170152K(652032K), 0.0153370 secs]
1.897: [GC 551247K->179968K(652032K), 0.0115640 secs]
2.382: [GC 560800K->188232K(1106688K), 0.0097990 secs]
3.425: [GC 951573K->200801K(1107264K), 0.0139240 secs]
4.379: [GC 963965K->218070K(1860352K), 0.0161440 secs]
6.357: [GC 1743765K->239823K(1863552K), 0.0218130 secs]
8.115: [GC 1765553K->256941K(2204928K), 0.0255440 secs]
8.140: [Full GC 256941K->175439K(2337664K), 0.5967380 secs]
10.901: [GC 2040368K->210621K(2287360K), 0.0128990 secs]
13.051: [GC 2073803K->235989K(2333824K), 0.0195190 secs]
15.227: [GC 2098616K->254585K(2329600K), 0.0879980 secs]
17.464: [GC 2116933K->269396K(2306048K), 0.0293190 secs]
19.603: [GC 2094652K->285829K(2293120K), 0.0543520 secs]
21.753: [GC 2110129K->304183K(2293376K), 0.0287320 secs]
23.822: [GC 2099088K->318383K(2296704K), 0.0317410 secs]
25.909: [GC 2115016K->330319K(2253824K), 0.0343220 secs]
27.956: [GC 2069300K->337179K(2259200K), 0.0369660 secs]
29.976: [GC 2076737K->348548K(2229760K), 0.0391690 secs]
31.913: [GC 2029060K->350988K(2213120K), 0.0398050 secs]
33.834: [GC 2031500K->356184K(2207872K), 0.0406300 secs]
35.699: [GC 1985338K->352782K(2164352K), 0.0396250 secs]
37.578: [GC 1982734K->359660K(2195136K), 0.0418080 secs]
39.424: [GC 1955592K->365456K(2144128K), 0.0456040 secs]
41.322: [GC 1961104K->362629K(2185280K), 0.0497890 secs]
43.154: [GC 1931678K->368020K(2120064K), 0.0488510 secs]
44.978: [GC 1937048K->369622K(2178304K), 0.0482600 secs]
46.771: [GC 1921629K->371288K(2101440K), 0.0614330 secs]
48.592: [GC 1923384K->368909K(2181312K), 0.0446170 secs]
50.336: [GC 1918690K->373373K(2097856K), 0.0436680 secs]
52.154: [GC 1923662K->375759K(2180288K), 0.0429980 secs]
53.952: [GC 1927941K->376682K(2179328K), 0.0428390 secs]
55.775: [GC 1928646K->377533K(2180096K), 0.0429820 secs]
57.588: [GC 1934341K->372596K(2180160K), 0.0410250 secs]
59.393: [GC 1928456K->373442K(2181568K), 0.0404040 secs]
