0.539: [GC 95424K->59906K(365760K), 0.0852130 secs]
0.712: [GC 155330K->119850K(461184K), 0.0714820 secs]
1.062: [GC 309210K->164384K(461184K), 0.0416560 secs]
1.328: [GC 354529K->172308K(652032K), 0.0289450 secs]
1.799: [GC 552624K->180455K(652032K), 0.0142670 secs]
2.218: [GC 560958K->191550K(1105472K), 0.0150400 secs]
3.123: [GC 953790K->206378K(1106752K), 0.0421980 secs]
3.979: [GC 968624K->217255K(1857280K), 0.0438680 secs]
5.811: [GC 1743542K->243686K(1861248K), 0.0244940 secs]
7.455: [GC 1770401K->261677K(2205824K), 0.0311210 secs]
7.487: [Full GC 261677K->173453K(2329600K), 0.4949040 secs]
10.019: [GC 2041012K->213866K(2286592K), 0.0375690 secs]
12.044: [GC 2080567K->244982K(2321216K), 0.0266440 secs]
14.056: [GC 2106358K->266930K(2326784K), 0.0724270 secs]
16.100: [GC 2127920K->287101K(2300800K), 0.0448880 secs]
18.086: [GC 2121539K->304121K(2298432K), 0.0251170 secs]
20.132: [GC 2138047K->322426K(2283840K), 0.0295220 secs]
22.147: [GC 2121253K->338051K(2295616K), 0.0328360 secs]
24.182: [GC 2135717K->349316K(2252480K), 0.0386580 secs]
26.187: [GC 2104108K->365603K(2253824K), 0.0338100 secs]
28.137: [GC 2119792K->372783K(2240768K), 0.0355690 secs]
30.038: [GC 2084426K->376081K(2220160K), 0.0355730 secs]
31.934: [GC 2086526K->386087K(2219456K), 0.0384650 secs]
33.828: [GC 2054137K->392382K(2194112K), 0.0401840 secs]
35.726: [GC 2059875K->399427K(2197568K), 0.0411040 secs]
37.548: [GC 2023781K->405979K(2163392K), 0.0433230 secs]
39.358: [GC 2031043K->406806K(2180672K), 0.0434990 secs]
41.131: [GC 1992628K->411154K(2129664K), 0.0438500 secs]
42.889: [GC 1996182K->411319K(2169600K), 0.0438950 secs]
44.625: [GC 1968074K->404107K(2095104K), 0.0422910 secs]
46.381: [GC 1962552K->408384K(2171584K), 0.0433380 secs]
48.120: [GC 1961920K->409896K(2092480K), 0.0430060 secs]
49.832: [GC 1962674K->411417K(2174208K), 0.0428540 secs]
51.538: [GC 1964932K->415978K(2094272K), 0.0437870 secs]
53.272: [GC 1969670K->417094K(2173760K), 0.0437420 secs]
54.979: [GC 1972737K->412141K(2088704K), 0.0420260 secs]
56.709: [GC 1968242K->414370K(2174976K), 0.0416520 secs]
58.475: [GC 1979234K->417333K(2170368K), 0.0423240 secs]
60.247: [GC 1981257K->424963K(2179712K), 0.0438970 secs]
