1.146: [GC 94789K->30495K(365760K), 0.0727030 secs]
1.381: [GC 125919K->63161K(461184K), 0.1014540 secs]
1.778: [GC 254009K->133731K(461184K), 0.1352240 secs]
2.192: [GC 324579K->196326K(652032K), 0.1112160 secs]
2.303: [Full GC 196326K->196290K(818560K), 0.5575650 secs]
3.518: [GC 577839K->235082K(818560K), 0.0372220 secs]
3.812: [GC 615415K->245797K(1062272K), 0.0166520 secs]
4.208: [GC 803208K->255371K(1080640K), 0.0226910 secs]
4.609: [GC 813259K->265119K(1259136K), 0.0249150 secs]
5.106: [GC 1035423K->276759K(1284352K), 0.0328570 secs]
5.636: [GC 1046343K->288242K(1431104K), 0.0353220 secs]
6.229: [GC 1209912K->301890K(1438464K), 0.0418370 secs]
6.811: [GC 1223102K->308348K(1611776K), 0.0456790 secs]
7.520: [GC 1396489K->315829K(1619712K), 0.0511930 secs]
8.232: [GC 1403678K->326612K(1812288K), 0.0565910 secs]
9.088: [GC 1598951K->337429K(1823424K), 0.0622800 secs]
9.916: [GC 1609381K->344408K(2044288K), 0.0652010 secs]
10.886: [GC 1823417K->353078K(2056960K), 0.0707010 secs]
11.857: [GC 1832889K->361272K(2224960K), 0.0742120 secs]
12.930: [GC 1995464K->367734K(2238336K), 0.0774850 secs]
14.020: [GC 2001553K->378293K(2240512K), 0.0823970 secs]
15.081: [GC 2002562K->390601K(2206784K), 0.1036590 secs]
16.185: [GC 2015689K->393548K(2222080K), 0.0848400 secs]
17.281: [GC 1975614K->400473K(2169600K), 0.0824040 secs]
18.355: [GC 1983788K->406297K(2210048K), 0.0889110 secs]
19.387: [GC 1960198K->411579K(2143424K), 0.0825780 secs]
20.404: [GC 1965281K->413237K(2207040K), 0.0766970 secs]
21.404: [GC 1952412K->414002K(2123776K), 0.0934890 secs]
22.444: [GC 1953492K->422210K(2207872K), 0.1133320 secs]
23.533: [GC 1961074K->421231K(2123392K), 0.0889620 secs]
24.587: [GC 1960113K->426929K(2208576K), 0.0911320 secs]
25.643: [GC 1967729K->428931K(2207744K), 0.0908570 secs]
26.680: [GC 1969649K->429242K(2206912K), 0.0887950 secs]
27.726: [GC 1973776K->437186K(2207680K), 0.0908050 secs]
28.739: [GC 1981735K->436829K(2209088K), 0.0880470 secs]
29.761: [GC 1991709K->441296K(2211584K), 0.0881010 secs]
30.765: [GC 1996176K->441617K(2212864K), 0.0867610 secs]
31.863: [GC 2008160K->452455K(2216384K), 0.0886030 secs]
32.879: [GC 2020327K->447570K(2216576K), 0.0877390 secs]
33.952: [GC 2029035K->452130K(2223744K), 0.0853050 secs]
35.043: [GC 2033429K->457222K(2226880K), 0.0882620 secs]
36.146: [GC 2055602K->453745K(2232832K), 0.0864330 secs]
37.215: [GC 2053531K->462729K(2239360K), 0.0901300 secs]
38.292: [GC 2079043K->472979K(2242240K), 0.0921560 secs]
39.370: [GC 2089414K->474136K(2248512K), 0.0904000 secs]
40.488: [GC 2100849K->476688K(2250816K), 0.0879990 secs]
41.575: [GC 2103817K->478858K(2249408K), 0.0889280 secs]
42.647: [GC 2113125K->481123K(2252288K), 0.0879270 secs]
43.742: [GC 2115197K->481362K(2255232K), 0.0857750 secs]
44.850: [GC 2126992K->487973K(2257792K), 0.0874740 secs]
45.965: [GC 2133187K->489681K(2262336K), 0.0865840 secs]
47.080: [GC 2148238K->492872K(2264384K), 0.0868160 secs]
48.192: [GC 2151152K->500578K(2271040K), 0.0881990 secs]
49.328: [GC 2169396K->508013K(2271616K), 0.0915470 secs]
50.419: [GC 2177378K->509280K(2275008K), 0.0898640 secs]
51.517: [GC 2180242K->514266K(2258688K), 0.0893530 secs]
52.649: [GC 2186423K->519962K(2273408K), 0.0904650 secs]
53.792: [GC 2189389K->519459K(2254720K), 0.0883480 secs]
54.905: [GC 2189724K->517577K(2274752K), 0.0876770 secs]
56.008: [GC 2188783K->526694K(2273600K), 0.0906110 secs]
57.122: [GC 2198988K->532163K(2274752K), 0.1023510 secs]
58.264: [GC 2204960K->529652K(2275456K), 0.0895110 secs]
59.357: [GC 2203137K->527711K(2275776K), 0.0876440 secs]
60.489: [GC 2203642K->535340K(2275968K), 0.0891430 secs]
61.653: [GC 2212588K->544584K(2276160K), 0.0903280 secs]
62.773: [GC 2223560K->545744K(2277632K), 0.0901380 secs]
