0.530: [GC 95424K->59877K(365760K), 0.0913630 secs]
0.703: [GC 155301K->119829K(461184K), 0.0810200 secs]
1.308: [GC 309945K->167652K(461184K), 0.0431190 secs]
2.031: [GC 356594K->171339K(652032K), 0.0195350 secs]
3.667: [GC 551806K->173201K(652032K), 0.0177340 secs]
5.327: [GC 553654K->174351K(1110464K), 0.0097120 secs]
9.191: [GC 936579K->175999K(1110592K), 0.0170150 secs]
12.900: [GC 938953K->178822K(1871488K), 0.0116250 secs]
21.133: [GC 1705202K->187468K(1872128K), 0.0379710 secs]
29.418: [GC 1712591K->192945K(2195392K), 0.0133320 secs]
38.741: [GC 2049137K->199653K(2196160K), 0.0158860 secs]
49.552: [GC 2054484K->208405K(2200512K), 0.0089580 secs]
58.507: [GC 2075477K->219834K(2201792K), 0.0189130 secs]
58.526: [Full GC 219834K->179823K(2313920K), 0.5951690 secs]
