0.534: [GC 95424K->60484K(365760K), 0.0895130 secs]
0.710: [GC 155908K->122665K(461184K), 0.0779410 secs]
1.277: [GC 313513K->166391K(461184K), 0.0600990 secs]
1.808: [GC 357239K->171526K(652032K), 0.0260400 secs]
2.826: [GC 553222K->174418K(652032K), 0.0266520 secs]
3.720: [GC 555581K->178307K(1110784K), 0.0283620 secs]
5.401: [GC 941699K->178580K(1111488K), 0.0225890 secs]
6.910: [GC 941598K->181532K(1872128K), 0.0228890 secs]
10.196: [GC 1708316K->189285K(1873024K), 0.0173920 secs]
13.199: [GC 1716069K->194741K(2194240K), 0.0092490 secs]
16.963: [GC 2049525K->201928K(2195456K), 0.0121440 secs]
20.745: [GC 2056100K->209634K(2200192K), 0.0093240 secs]
20.754: [Full GC 209634K->178728K(2333120K), 0.7399940 secs]
24.871: [GC 2043015K->188219K(2334400K), 0.0042960 secs]
28.736: [GC 2052266K->196475K(2335040K), 0.0133910 secs]
32.567: [GC 2069625K->204420K(2338112K), 0.0095310 secs]
36.367: [GC 2078701K->212940K(2345984K), 0.0143760 secs]
39.941: [GC 2100453K->215889K(2345664K), 0.0135250 secs]
43.604: [GC 2104008K->218072K(2352960K), 0.0176420 secs]
47.575: [GC 2114712K->221139K(2353088K), 0.0149120 secs]
51.702: [GC 2117779K->224133K(2349888K), 0.0276310 secs]
55.548: [GC 2116613K->230215K(2331392K), 0.0193330 secs]
59.396: [GC 2120852K->237379K(2338048K), 0.0192360 secs]
