1.164: [GC 94827K->30501K(365760K), 0.0710080 secs]
1.399: [GC 125925K->63154K(461184K), 0.0934670 secs]
1.812: [GC 254002K->133757K(461184K), 0.1185520 secs]
2.230: [GC 324605K->196320K(652032K), 0.1218510 secs]
2.352: [Full GC 196320K->196252K(815744K), 0.4570240 secs]
3.384: [GC 577948K->228425K(815744K), 0.0232300 secs]
3.632: [GC 610121K->234179K(1077120K), 0.0173300 secs]
3.937: [GC 804803K->241302K(1092800K), 0.0180590 secs]
4.161: [GC 811926K->250136K(1308224K), 0.0178840 secs]
4.466: [GC 1063576K->247287K(1328000K), 0.0200360 secs]
4.711: [GC 1060727K->249415K(1521088K), 0.0764740 secs]
5.105: [GC 1258721K->250708K(1517568K), 0.0297090 secs]
5.406: [GC 1260820K->251632K(1746880K), 0.0246600 secs]
5.758: [GC 1515568K->254615K(1764224K), 0.0213560 secs]
6.120: [GC 1518551K->258146K(2011456K), 0.0222570 secs]
6.573: [GC 1795879K->257825K(2032960K), 0.0232280 secs]
7.043: [GC 1796187K->262256K(2301440K), 0.0251560 secs]
7.697: [GC 2090520K->274543K(2320768K), 0.0303000 secs]
8.317: [GC 2104367K->278350K(2368576K), 0.0317840 secs]
9.065: [GC 2152142K->286885K(2366336K), 0.0351660 secs]
9.810: [GC 2160677K->292639K(2360768K), 0.0365500 secs]
10.574: [GC 2147743K->298655K(2343424K), 0.0313820 secs]
11.314: [GC 2153734K->307288K(2352768K), 0.0293950 secs]
12.074: [GC 2146911K->310274K(2336896K), 0.0336180 secs]
12.881: [GC 2150728K->318264K(2342784K), 0.0373480 secs]
13.646: [GC 2141537K->327216K(2333248K), 0.0393090 secs]
14.478: [GC 2149269K->331842K(2327616K), 0.0395000 secs]
15.315: [GC 2127019K->334660K(2312256K), 0.0411140 secs]
16.125: [GC 2131268K->342987K(2313088K), 0.0451200 secs]
16.935: [GC 2111939K->345443K(2293824K), 0.0454400 secs]
17.729: [GC 2114346K->348475K(2303552K), 0.0463530 secs]
18.519: [GC 2094523K->354474K(2275136K), 0.0495100 secs]
19.298: [GC 2098752K->355766K(2299392K), 0.0491870 secs]
20.084: [GC 2086129K->361429K(2258880K), 0.0490690 secs]
20.905: [GC 2092885K->373830K(2292608K), 0.0493330 secs]
21.708: [GC 2092537K->373228K(2249216K), 0.0475020 secs]
22.560: [GC 2093420K->374921K(2296512K), 0.0486240 secs]
23.460: [GC 2093741K->377687K(2243456K), 0.0468520 secs]
24.311: [GC 2095912K->381487K(2295232K), 0.0485810 secs]
25.135: [GC 2103343K->389628K(2293184K), 0.0498190 secs]
26.036: [GC 2111484K->391482K(2299136K), 0.0503710 secs]
26.904: [GC 2120442K->393838K(2297664K), 0.0500410 secs]
27.796: [GC 2122321K->403392K(2300352K), 0.0514560 secs]
28.648: [GC 2137297K->407591K(2299584K), 0.0545750 secs]
29.501: [GC 2140176K->414408K(2305024K), 0.0499700 secs]
30.356: [GC 2154753K->415123K(2304192K), 0.0558650 secs]
31.229: [GC 2154575K->420087K(2306816K), 0.0587190 secs]
32.094: [GC 2164170K->430479K(2305408K), 0.0475280 secs]
33.003: [GC 2174876K->445456K(2301504K), 0.0776440 secs]
33.919: [GC 2184659K->442025K(2278464K), 0.0522470 secs]
34.824: [GC 2183081K->448407K(2305792K), 0.0534960 secs]
35.700: [GC 2188311K->450458K(2276992K), 0.0521410 secs]
36.609: [GC 2189976K->458730K(2303296K), 0.0528120 secs]
37.517: [GC 2194992K->458422K(2304832K), 0.0542290 secs]
38.434: [GC 2194916K->469692K(2300800K), 0.0558570 secs]
39.315: [GC 2203580K->466425K(2302976K), 0.0529850 secs]
40.236: [GC 2199874K->476443K(2301312K), 0.0547280 secs]
41.108: [GC 2207912K->479356K(2302592K), 0.0556540 secs]
41.973: [GC 2211463K->483983K(2301952K), 0.0545220 secs]
42.881: [GC 2216258K->494790K(2284416K), 0.0564690 secs]
43.792: [GC 2227270K->492807K(2301504K), 0.0551200 secs]
44.660: [GC 2222151K->499675K(2273664K), 0.0533910 secs]
45.565: [GC 2227198K->505545K(2298944K), 0.0538420 secs]
46.449: [GC 2233403K->502630K(2298816K), 0.0534650 secs]
47.343: [GC 2232102K->509121K(2300224K), 0.0531190 secs]
48.236: [GC 2244865K->510545K(2299840K), 0.0533330 secs]
49.136: [GC 2244447K->518091K(2306496K), 0.0538500 secs]
50.075: [GC 2262761K->522472K(2305792K), 0.0541790 secs]
50.961: [GC 2267432K->524515K(2309440K), 0.0538720 secs]
51.619: [GC 2275174K->530562K(2308864K), 0.0531480 secs]
52.311: [GC 2280670K->528992K(2313536K), 0.0511420 secs]
52.967: [GC 2286052K->541000K(2312640K), 0.0527940 secs]
53.020: [Full GC 541000K->219284K(2329856K), 0.6215320 secs]
54.249: [GC 1976664K->243354K(2305152K), 0.0104270 secs]
54.804: [GC 1977370K->252023K(2202176K), 0.0140980 secs]
55.310: [GC 1986039K->250630K(2297408K), 0.0157370 secs]
55.864: [GC 1952262K->259604K(2177408K), 0.0188690 secs]
56.403: [GC 1961236K->262700K(2301184K), 0.0194110 secs]
56.901: [GC 1958360K->269488K(2181888K), 0.0214110 secs]
57.414: [GC 1965744K->281291K(2304320K), 0.0252030 secs]
57.924: [GC 1982731K->282702K(2200256K), 0.0248030 secs]
58.425: [GC 1982328K->289797K(2304704K), 0.0281120 secs]
58.958: [GC 2001925K->283331K(2298304K), 0.0280240 secs]
59.476: [GC 1995459K->288742K(2314624K), 0.0306880 secs]
60.064: [GC 2022182K->291532K(2308992K), 0.0317080 secs]
60.774: [GC 2024972K->300287K(2323328K), 0.0344880 secs]
61.517: [GC 2052710K->300042K(2319488K), 0.0344190 secs]
62.213: [GC 2053642K->308535K(2333376K), 0.0367610 secs]
62.915: [GC 2079735K->308043K(2333056K), 0.0369480 secs]
