0.540: [GC 95424K->59893K(365760K), 0.0865310 secs]
0.714: [GC 155317K->119825K(461184K), 0.0744220 secs]
1.196: [GC 310432K->168581K(461184K), 0.0609570 secs]
1.530: [GC 359429K->170133K(652032K), 0.0206610 secs]
2.152: [GC 550214K->176248K(652032K), 0.0257760 secs]
2.654: [GC 556861K->177579K(1109248K), 0.0153290 secs]
3.895: [GC 938884K->183296K(1109696K), 0.0175020 secs]
5.034: [GC 945515K->188677K(1866880K), 0.0212280 secs]
7.622: [GC 1712754K->209021K(1868928K), 0.0155760 secs]
9.848: [GC 1734053K->221324K(2198656K), 0.0512870 secs]
12.768: [GC 2083005K->231527K(2198144K), 0.0216630 secs]
12.789: [Full GC 231527K->179232K(2328448K), 0.4870050 secs]
16.043: [GC 2041697K->200072K(2338304K), 0.0076640 secs]
18.783: [GC 2075282K->218082K(2338560K), 0.0129940 secs]
21.586: [GC 2092628K->237962K(2335872K), 0.0186150 secs]
24.403: [GC 2114125K->248202K(2330176K), 0.0211000 secs]
27.111: [GC 2122926K->264496K(2309440K), 0.0240490 secs]
29.838: [GC 2101975K->276348K(2319488K), 0.0266250 secs]
32.465: [GC 2112913K->287053K(2265344K), 0.0290370 secs]
34.939: [GC 2066555K->299962K(2266688K), 0.0316570 secs]
37.604: [GC 2078590K->305173K(2263232K), 0.0295290 secs]
40.223: [GC 2043952K->310316K(2237888K), 0.0303840 secs]
42.702: [GC 2049861K->316199K(2244928K), 0.0317710 secs]
45.074: [GC 2018575K->319193K(2209472K), 0.0321570 secs]
47.478: [GC 2021814K->322038K(2231872K), 0.0327130 secs]
49.822: [GC 1994508K->322913K(2182720K), 0.0329790 secs]
52.095: [GC 1995522K->331058K(2219712K), 0.0352360 secs]
54.348: [GC 1978606K->335504K(2170496K), 0.0367440 secs]
56.608: [GC 1982603K->337098K(2209344K), 0.0370230 secs]
58.899: [GC 1961162K->344451K(2150592K), 0.0395930 secs]
