0.542: [GC 95424K->59882K(365760K), 0.0897710 secs]
0.720: [GC 155306K->119818K(461184K), 0.0728720 secs]
1.109: [GC 310400K->167102K(461184K), 0.1008560 secs]
1.450: [GC 357950K->173813K(652032K), 0.0287620 secs]
1.944: [GC 554947K->177077K(652032K), 0.0212830 secs]
2.407: [GC 557897K->182814K(1108672K), 0.0275840 secs]
3.386: [GC 944387K->191502K(1109184K), 0.0367590 secs]
4.289: [GC 953911K->201434K(1862656K), 0.0134130 secs]
6.241: [GC 1728124K->221701K(1866176K), 0.0167530 secs]
8.038: [GC 1748485K->235100K(2200128K), 0.0292840 secs]
10.284: [GC 2101644K->251369K(2203520K), 0.0285590 secs]
10.312: [Full GC 251369K->178809K(2332416K), 0.4843190 secs]
12.933: [GC 2045234K->215014K(2330240K), 0.0144950 secs]
15.090: [GC 2089421K->231763K(2334592K), 0.0235780 secs]
17.206: [GC 2106791K->239767K(2334592K), 0.1035760 secs]
19.467: [GC 2113266K->254821K(2333440K), 0.0251870 secs]
21.644: [GC 2127125K->269523K(2302336K), 0.0350450 secs]
23.750: [GC 2102611K->278090K(2290816K), 0.0726960 secs]
25.869: [GC 2109548K->296788K(2295424K), 0.0617720 secs]
27.973: [GC 2103174K->299181K(2285952K), 0.0331070 secs]
30.015: [GC 2105521K->311624K(2274432K), 0.0352390 secs]
32.035: [GC 2079590K->316124K(2264128K), 0.0348780 secs]
34.002: [GC 2083397K->324829K(2252544K), 0.0378290 secs]
35.954: [GC 2049008K->327466K(2232064K), 0.0360020 secs]
37.877: [GC 2051149K->335954K(2232640K), 0.0364870 secs]
39.800: [GC 2019430K->344133K(2207744K), 0.0387380 secs]
41.701: [GC 2027296K->343532K(2215360K), 0.0434090 secs]
43.569: [GC 1987410K->350883K(2175360K), 0.0396480 secs]
45.454: [GC 1995880K->348441K(2203200K), 0.0383540 secs]
47.300: [GC 1963219K->358613K(2151680K), 0.0419830 secs]
49.185: [GC 1974101K->356586K(2194688K), 0.0400270 secs]
50.992: [GC 1950510K->363458K(2127232K), 0.0407170 secs]
52.812: [GC 1956942K->368191K(2192384K), 0.0455400 secs]
54.644: [GC 1952047K->367145K(2194048K), 0.0405830 secs]
56.452: [GC 1951976K->370046K(2190720K), 0.0399720 secs]
58.245: [GC 1955687K->372173K(2192640K), 0.0402920 secs]
60.025: [GC 1958130K->376564K(2193856K), 0.0408660 secs]
