1.198: [GC 94790K->30481K(365760K), 0.0589130 secs]
1.416: [GC 125905K->63398K(461184K), 0.0610410 secs]
1.772: [GC 254246K->131157K(461184K), 0.1020210 secs]
2.152: [GC 322005K->193728K(652032K), 0.1706060 secs]
2.323: [Full GC 193728K->193705K(816448K), 0.5633420 secs]
3.456: [GC 574297K->234790K(816448K), 0.0594130 secs]
3.719: [GC 616486K->242016K(1059712K), 0.0161300 secs]
4.022: [GC 796674K->249098K(1074624K), 0.0180390 secs]
4.316: [GC 803600K->259443K(1259072K), 0.0221110 secs]
4.734: [GC 1025789K->259551K(1279808K), 0.0219170 secs]
5.145: [GC 1025586K->269148K(1404864K), 0.0235080 secs]
5.631: [GC 1183283K->275269K(1420096K), 0.0285690 secs]
6.123: [GC 1188025K->282575K(1581696K), 0.0398210 secs]
6.701: [GC 1358047K->290039K(1583680K), 0.0405520 secs]
7.237: [GC 1366215K->296520K(1768384K), 0.0366860 secs]
7.882: [GC 1553173K->307205K(1773952K), 0.0443000 secs]
8.533: [GC 1563453K->310905K(1982144K), 0.0443420 secs]
9.327: [GC 1766614K->314484K(1990016K), 0.0464250 secs]
10.042: [GC 1769628K->325173K(2139968K), 0.0502470 secs]
10.881: [GC 1923659K->331348K(2149696K), 0.0529920 secs]
11.727: [GC 1929545K->337309K(2300224K), 0.0562830 secs]
12.630: [GC 2076038K->343386K(2270912K), 0.0526450 secs]
13.472: [GC 2083251K->346753K(2291328K), 0.0539210 secs]
14.336: [GC 2063459K->351748K(2252800K), 0.0545600 secs]
15.214: [GC 2070233K->354843K(2284992K), 0.0575690 secs]
16.077: [GC 2057023K->378675K(2258880K), 0.0589300 secs]
16.948: [GC 2080546K->370675K(2272064K), 0.0597890 secs]
17.792: [GC 2047211K->378299K(2222592K), 0.0626450 secs]
18.675: [GC 2054221K->373685K(2273920K), 0.0603690 secs]
19.553: [GC 2046725K->381534K(2272768K), 0.0616070 secs]
20.412: [GC 2053229K->388365K(2273344K), 0.0611480 secs]
21.316: [GC 2061615K->396724K(2220864K), 0.0646970 secs]
22.194: [GC 2068812K->391294K(2275968K), 0.0624210 secs]
23.025: [GC 2064891K->396396K(2214592K), 0.0619420 secs]
23.874: [GC 2070266K->402987K(2271616K), 0.0637970 secs]
24.728: [GC 2078548K->406663K(2269824K), 0.0615630 secs]
25.594: [GC 2082694K->416071K(2277120K), 0.0657790 secs]
26.458: [GC 2100970K->423887K(2276864K), 0.0650930 secs]
27.273: [GC 2109849K->431344K(2277568K), 0.0671620 secs]
28.169: [GC 2116080K->431616K(2239936K), 0.0685510 secs]
29.062: [GC 2117318K->433446K(2280640K), 0.0721620 secs]
29.896: [GC 2118902K->440297K(2239040K), 0.0723960 secs]
30.878: [GC 2126373K->444371K(2280064K), 0.0695220 secs]
31.779: [GC 2130985K->445670K(2278656K), 0.0690000 secs]
32.612: [GC 2131677K->462390K(2276672K), 0.0697710 secs]
33.467: [GC 2148920K->449157K(2278848K), 0.0679670 secs]
34.375: [GC 2136809K->459907K(2279296K), 0.0674640 secs]
35.222: [GC 2155970K->454909K(2280192K), 0.0627060 secs]
36.043: [GC 2149998K->462954K(2285760K), 0.0656660 secs]
36.880: [GC 2171346K->468077K(2286912K), 0.0690370 secs]
37.770: [GC 2175990K->467472K(2292992K), 0.0650750 secs]
38.658: [GC 2188733K->472477K(2294016K), 0.0646010 secs]
39.580: [GC 2192219K->472764K(2299264K), 0.0716300 secs]
40.479: [GC 2201728K->473659K(2299648K), 0.0614350 secs]
41.420: [GC 2203146K->480778K(2300608K), 0.0641140 secs]
42.294: [GC 2214449K->484856K(2301952K), 0.0602080 secs]
43.208: [GC 2218708K->478364K(2306176K), 0.0586360 secs]
44.064: [GC 2219125K->483517K(2306816K), 0.0570040 secs]
44.959: [GC 2223571K->504241K(2305152K), 0.0597090 secs]
45.848: [GC 2245572K->495636K(2306368K), 0.0592140 secs]
46.725: [GC 2236351K->492283K(2308928K), 0.0564640 secs]
47.585: [GC 2237828K->504391K(2275584K), 0.0601010 secs]
48.501: [GC 2250055K->512806K(2310976K), 0.0619560 secs]
49.367: [GC 2260420K->534097K(2308480K), 0.0664040 secs]
50.257: [GC 2281941K->533049K(2307200K), 0.0692010 secs]
51.156: [GC 2275807K->527571K(2281856K), 0.0640020 secs]
52.005: [GC 2270299K->535268K(2308288K), 0.0647420 secs]
52.070: [Full GC 535268K->213848K(2330240K), 0.7049720 secs]
53.601: [GC 1959848K->240657K(2213696K), 0.0227260 secs]
54.466: [GC 1984781K->254323K(2305984K), 0.0227420 secs]
55.275: [GC 1961944K->266414K(2202624K), 0.0275950 secs]
56.086: [GC 1974019K->278859K(2311808K), 0.0347830 secs]
56.884: [GC 1983169K->291128K(2223232K), 0.0397480 secs]
57.721: [GC 1995845K->291148K(2310784K), 0.0413450 secs]
58.556: [GC 1999569K->300454K(2306688K), 0.0468520 secs]
59.454: [GC 2009638K->310108K(2314240K), 0.0503870 secs]
60.319: [GC 2031609K->318755K(2310144K), 0.0529250 secs]
61.177: [GC 2039652K->322233K(2324544K), 0.0570480 secs]
62.046: [GC 2058060K->326030K(2324928K), 0.0592910 secs]
62.931: [GC 2062837K->332028K(2322560K), 0.0613990 secs]
