0.535: [GC 95424K->59869K(365760K), 0.0882620 secs]
0.704: [GC 155293K->119789K(461184K), 0.0867030 secs]
1.158: [GC 310485K->167475K(461184K), 0.0806190 secs]
1.502: [GC 357346K->169066K(652032K), 0.0114490 secs]
2.100: [GC 550191K->175198K(652032K), 0.0175640 secs]
2.655: [GC 555744K->177269K(1109440K), 0.0104350 secs]
3.821: [GC 940469K->186199K(1109632K), 0.0143450 secs]
4.984: [GC 948734K->195580K(1863680K), 0.0152160 secs]
7.495: [GC 1720229K->211499K(1867008K), 0.0325520 secs]
9.746: [GC 1737899K->226673K(2200256K), 0.0260660 secs]
12.466: [GC 2092382K->245462K(2201728K), 0.0305930 secs]
12.497: [Full GC 245462K->179646K(2331456K), 0.4858800 secs]
15.376: [GC 2045969K->204148K(2338496K), 0.0141480 secs]
17.998: [GC 2083060K->223205K(2338816K), 0.0239520 secs]
20.632: [GC 2101923K->244061K(2333312K), 0.0346840 secs]
23.227: [GC 2118939K->256842K(2336384K), 0.0405210 secs]
25.945: [GC 2130735K->269782K(2298496K), 0.0469950 secs]
28.507: [GC 2099645K->286029K(2294912K), 0.0501780 secs]
31.122: [GC 2115925K->295612K(2294784K), 0.0491560 secs]
33.682: [GC 2097274K->300458K(2280576K), 0.0496620 secs]
36.313: [GC 2102442K->311159K(2274240K), 0.0565110 secs]
38.829: [GC 2074947K->319047K(2262144K), 0.0594200 secs]
41.344: [GC 2083424K->320592K(2255296K), 0.0604890 secs]
43.747: [GC 2044397K->333304K(2236224K), 0.0668020 secs]
46.123: [GC 2056425K->334674K(2233600K), 0.0670980 secs]
48.622: [GC 2016793K->339526K(2199936K), 0.0698050 secs]
51.052: [GC 2021146K->343108K(2217792K), 0.0731540 secs]
53.538: [GC 1990665K->350782K(2176768K), 0.0764150 secs]
55.877: [GC 1998654K->354955K(2200896K), 0.0767280 secs]
58.181: [GC 1968644K->359100K(2146112K), 0.0793220 secs]
60.456: [GC 1972010K->360685K(2197504K), 0.0760470 secs]
