0.536: [GC 95424K->59898K(365760K), 0.0938830 secs]
0.711: [GC 155322K->119850K(461184K), 0.1340080 secs]
1.141: [GC 310526K->166971K(461184K), 0.0515780 secs]
1.433: [GC 356708K->170579K(652032K), 0.0290170 secs]
1.948: [GC 552171K->178209K(652032K), 0.0153480 secs]
2.411: [GC 558185K->183964K(1108288K), 0.0118170 secs]
3.386: [GC 947081K->194605K(1108608K), 0.0136310 secs]
4.265: [GC 957132K->204560K(1860608K), 0.0218700 secs]
6.233: [GC 1730342K->222668K(1864640K), 0.0162820 secs]
8.048: [GC 1748523K->236945K(2201216K), 0.0203700 secs]
10.298: [GC 2106691K->256554K(2204736K), 0.0262560 secs]
10.324: [Full GC 256554K->179788K(2334720K), 0.4886230 secs]
12.934: [GC 2048483K->212530K(2335040K), 0.0138660 secs]
15.117: [GC 2090233K->236074K(2338240K), 0.0307940 secs]
17.316: [GC 2112525K->251351K(2328000K), 0.0232730 secs]
19.491: [GC 2115768K->261715K(2332288K), 0.0251730 secs]
21.676: [GC 2126471K->269852K(2297728K), 0.0329180 secs]
23.782: [GC 2093875K->286259K(2290880K), 0.0331360 secs]
25.918: [GC 2111344K->291098K(2298624K), 0.0243860 secs]
28.031: [GC 2093228K->301238K(2284352K), 0.0274000 secs]
30.142: [GC 2104769K->309104K(2277952K), 0.0293480 secs]
32.191: [GC 2077946K->312989K(2261760K), 0.0294850 secs]
34.192: [GC 2081997K->322550K(2258368K), 0.0313650 secs]
36.178: [GC 2053375K->328772K(2240320K), 0.0333020 secs]
38.141: [GC 2060846K->333213K(2239360K), 0.0340090 secs]
40.131: [GC 2025229K->342605K(2214848K), 0.0367010 secs]
42.098: [GC 2035409K->348992K(2216960K), 0.0384990 secs]
44.001: [GC 1999424K->342919K(2172544K), 0.0368270 secs]
45.924: [GC 1992312K->354309K(2204992K), 0.0392830 secs]
47.807: [GC 1975245K->360341K(2157760K), 0.0406420 secs]
49.683: [GC 1980550K->359708K(2199232K), 0.0403160 secs]
51.546: [GC 1959726K->367805K(2137600K), 0.0407900 secs]
53.424: [GC 1967829K->368328K(2194112K), 0.0402180 secs]
55.273: [GC 1954809K->368638K(2122240K), 0.0406520 secs]
57.103: [GC 1956687K->375045K(2193856K), 0.0415170 secs]
58.964: [GC 1958440K->378623K(2124416K), 0.0418510 secs]
60.811: [GC 1962900K->378799K(2195712K), 0.0411810 secs]
