1.168: [GC 94828K->30501K(365760K), 0.0603220 secs]
1.392: [GC 125925K->63170K(461184K), 0.0677990 secs]
1.780: [GC 254018K->130889K(461184K), 0.0856230 secs]
2.166: [GC 321737K->193476K(652032K), 0.1378400 secs]
2.304: [Full GC 193476K->193453K(814400K), 0.4531490 secs]
3.405: [GC 575149K->235171K(814400K), 0.0290700 secs]
3.669: [GC 616211K->241728K(1059072K), 0.0139860 secs]
4.060: [GC 797915K->250200K(1075136K), 0.0235660 secs]
4.423: [GC 806349K->256121K(1261376K), 0.0197590 secs]
4.884: [GC 1029497K->264142K(1284672K), 0.0197220 secs]
5.324: [GC 1035813K->264976K(1409984K), 0.0223000 secs]
5.859: [GC 1186886K->274154K(1426048K), 0.0276870 secs]
6.408: [GC 1196909K->278907K(1577344K), 0.0276790 secs]
6.996: [GC 1361455K->294343K(1585600K), 0.0385130 secs]
7.593: [GC 1377359K->297804K(1771648K), 0.0379670 secs]
8.281: [GC 1560986K->312175K(1777664K), 0.0391420 secs]
8.986: [GC 1575116K->318604K(1987520K), 0.0416170 secs]
9.780: [GC 1781644K->323646K(1997888K), 0.0442870 secs]
10.581: [GC 1785979K->333917K(2153344K), 0.0499130 secs]
11.440: [GC 1941923K->339437K(2165056K), 0.0512980 secs]
12.282: [GC 1946925K->344753K(2286080K), 0.0540690 secs]
13.193: [GC 2062897K->348943K(2254912K), 0.0506470 secs]
14.080: [GC 2065351K->362102K(2269312K), 0.0560790 secs]
14.978: [GC 2047441K->362708K(2231680K), 0.0555050 secs]
15.875: [GC 2048530K->371442K(2259776K), 0.0571190 secs]
16.795: [GC 2032108K->378682K(2217216K), 0.0575290 secs]
17.684: [GC 2039212K->382027K(2249536K), 0.0603070 secs]
18.562: [GC 2021835K->383158K(2192064K), 0.0583520 secs]
19.402: [GC 2022691K->389972K(2249216K), 0.0624660 secs]
20.267: [GC 2020729K->394791K(2187456K), 0.0601060 secs]
21.106: [GC 2026013K->396376K(2250752K), 0.0612880 secs]
21.946: [GC 2026787K->400803K(2180928K), 0.0628930 secs]
22.795: [GC 2030247K->405459K(2250112K), 0.0587650 secs]
23.648: [GC 2039123K->407587K(2247552K), 0.0594730 secs]
24.526: [GC 2040510K->412981K(2250816K), 0.0578650 secs]
25.413: [GC 2055612K->418249K(2248384K), 0.0569380 secs]
26.294: [GC 2061262K->423339K(2260352K), 0.0609640 secs]
27.138: [GC 2084485K->428643K(2258496K), 0.0599450 secs]
28.042: [GC 2089737K->439265K(2268224K), 0.0612830 secs]
28.857: [GC 2112888K->437327K(2267840K), 0.0583820 secs]
29.706: [GC 2111850K->435079K(2270912K), 0.0565580 secs]
30.570: [GC 2121127K->446584K(2271872K), 0.0590540 secs]
31.434: [GC 2132012K->454832K(2283072K), 0.0620070 secs]
32.334: [GC 2153823K->459934K(2282176K), 0.0590820 secs]
33.257: [GC 2158582K->459236K(2283200K), 0.0580560 secs]
34.072: [GC 2166321K->467939K(2284032K), 0.0607530 secs]
34.957: [GC 2174528K->471035K(2291136K), 0.0616590 secs]
35.804: [GC 2188017K->473649K(2292160K), 0.0602010 secs]
36.706: [GC 2190347K->473897K(2290112K), 0.0602680 secs]
37.565: [GC 2193584K->487924K(2292160K), 0.0606730 secs]
38.481: [GC 2208711K->485116K(2297600K), 0.0610110 secs]
39.408: [GC 2209165K->486318K(2274240K), 0.0622620 secs]
40.304: [GC 2209979K->495774K(2294848K), 0.0617410 secs]
41.184: [GC 2219117K->496462K(2295552K), 0.0626830 secs]
42.079: [GC 2219543K->505044K(2297472K), 0.0630200 secs]
42.986: [GC 2231062K->509963K(2285824K), 0.0640160 secs]
43.894: [GC 2237355K->516410K(2294144K), 0.0657290 secs]
44.796: [GC 2237096K->519426K(2280256K), 0.0641000 secs]
45.646: [GC 2239898K->524815K(2291584K), 0.0631330 secs]
46.550: [GC 2241877K->524179K(2277376K), 0.0640680 secs]
47.492: [GC 2239950K->526183K(2294208K), 0.0656220 secs]
48.396: [GC 2243906K->538294K(2283584K), 0.0651850 secs]
49.291: [GC 2256107K->534079K(2292672K), 0.0637740 secs]
50.221: [GC 2247883K->537492K(2272512K), 0.0642950 secs]
51.086: [GC 2252214K->540683K(2292032K), 0.0665820 secs]
51.991: [GC 2256136K->548820K(2290496K), 0.0653110 secs]
52.868: [GC 2265450K->554658K(2292864K), 0.0662340 secs]
53.769: [GC 2272582K->556799K(2293696K), 0.0656970 secs]
53.835: [Full GC 556799K->215187K(2310912K), 0.6255620 secs]
55.319: [GC 1934406K->240117K(2276992K), 0.0138740 secs]
56.117: [GC 1924531K->254011K(2158912K), 0.0207640 secs]
56.913: [GC 1939165K->265977K(2274048K), 0.0247350 secs]
57.696: [GC 1920413K->278853K(2152256K), 0.0267540 secs]
58.479: [GC 1931747K->284577K(2280384K), 0.0328470 secs]
59.298: [GC 1939208K->293467K(2167552K), 0.0366860 secs]
60.111: [GC 1947238K->307077K(2281216K), 0.0400960 secs]
60.946: [GC 1967941K->305317K(2274432K), 0.0393620 secs]
61.770: [GC 1966239K->313190K(2284288K), 0.0441910 secs]
62.628: [GC 1991770K->320959K(2278528K), 0.0489520 secs]
