0.539: [GC 95424K->59877K(365760K), 0.0801380 secs]
0.705: [GC 155301K->119801K(461184K), 0.0728330 secs]
1.337: [GC 309430K->178656K(461184K), 0.0779740 secs]
1.621: [GC 367962K->178744K(652032K), 0.0121150 secs]
2.594: [GC 560367K->180503K(652032K), 0.0314570 secs]
3.461: [GC 561252K->182216K(1116224K), 0.0124240 secs]
5.138: [GC 944792K->184964K(1116736K), 0.0123240 secs]
6.873: [GC 947581K->186917K(1876288K), 0.0165940 secs]
11.342: [GC 1712890K->194009K(1877376K), 0.0068190 secs]
14.726: [GC 1719807K->197516K(2189888K), 0.0074140 secs]
19.397: [GC 2043903K->203267K(2191040K), 0.0232440 secs]
24.297: [GC 2048657K->210957K(2195392K), 0.0106180 secs]
24.308: [Full GC 210957K->184498K(2327232K), 0.4896940 secs]
29.814: [GC 2043186K->205840K(2328448K), 0.0177480 secs]
34.659: [GC 2063551K->213145K(2334464K), 0.0113090 secs]
39.305: [GC 2084084K->221156K(2335168K), 0.0093780 secs]
44.150: [GC 2092099K->226853K(2343360K), 0.0210560 secs]
49.017: [GC 2112865K->230961K(2341888K), 0.0117920 secs]
53.831: [GC 2116360K->234997K(2350208K), 0.0155560 secs]
58.485: [GC 2130741K->239078K(2350720K), 0.0249670 secs]
