0.535: [GC 95424K->59882K(365760K), 0.0821070 secs]
0.702: [GC 155306K->119814K(461184K), 0.0982920 secs]
1.134: [GC 309443K->173058K(461184K), 0.0513350 secs]
1.495: [GC 363488K->181351K(652032K), 0.0749290 secs]
2.154: [GC 562345K->184052K(652032K), 0.0480580 secs]
2.799: [GC 564607K->188033K(1110912K), 0.0183980 secs]
3.985: [GC 949677K->191600K(1111104K), 0.0265700 secs]
5.119: [GC 953114K->199799K(1868608K), 0.0205120 secs]
7.434: [GC 1725556K->206028K(1870848K), 0.0452020 secs]
9.696: [GC 1731963K->209816K(2197184K), 0.0151870 secs]
12.621: [GC 2067847K->215442K(2198080K), 0.0167590 secs]
12.638: [Full GC 215442K->187414K(2335488K), 0.5999030 secs]
16.133: [GC 2045639K->214080K(2336704K), 0.0125110 secs]
18.695: [GC 2082456K->216457K(2339520K), 0.0113150 secs]
21.409: [GC 2084105K->225701K(2344896K), 0.0173840 secs]
24.105: [GC 2107109K->228422K(2346240K), 0.0216240 secs]
26.869: [GC 2109038K->240100K(2349504K), 0.0298520 secs]
29.729: [GC 2125899K->246850K(2337152K), 0.0268370 secs]
32.627: [GC 2132129K->250212K(2338048K), 0.0242840 secs]
35.407: [GC 2115646K->253154K(2324160K), 0.0330680 secs]
38.250: [GC 2118638K->260161K(2325632K), 0.0459050 secs]
41.152: [GC 2104513K->263583K(2312448K), 0.0453360 secs]
44.049: [GC 2106057K->267752K(2313216K), 0.0451220 secs]
46.847: [GC 2086533K->272262K(2296256K), 0.0521680 secs]
49.562: [GC 2090277K->274548K(2301440K), 0.0464960 secs]
52.247: [GC 2069126K->277985K(2277568K), 0.0506270 secs]
54.905: [GC 2071596K->278269K(2292992K), 0.0434430 secs]
57.524: [GC 2052253K->286322K(2257856K), 0.0511980 secs]
60.340: [GC 2060287K->291143K(2288064K), 0.0493770 secs]
