1.172: [GC 95424K->31560K(365760K), 0.0738570 secs]
1.409: [GC 126984K->65332K(461184K), 0.0822850 secs]
1.816: [GC 256180K->138491K(461184K), 0.1206360 secs]
2.244: [GC 329339K->201062K(652032K), 0.1345660 secs]
2.378: [Full GC 201062K->201027K(825664K), 0.5651320 secs]
3.617: [GC 582723K->245651K(825664K), 0.0464790 secs]
3.957: [GC 627347K->260139K(1061504K), 0.0143930 secs]
4.239: [GC 812011K->268207K(1081472K), 0.0218210 secs]
4.492: [GC 820079K->272831K(1267904K), 0.0192810 secs]
4.801: [GC 1035787K->277154K(1286784K), 0.0232610 secs]
5.128: [GC 1040378K->288939K(1434496K), 0.0280420 secs]
5.554: [GC 1212651K->291651K(1441344K), 0.0390370 secs]
5.982: [GC 1215363K->293013K(1605440K), 0.0250710 secs]
6.480: [GC 1391259K->294802K(1617728K), 0.0301850 secs]
7.002: [GC 1392705K->299312K(1787776K), 0.0236350 secs]
7.625: [GC 1580230K->314439K(1801728K), 0.0239260 secs]
8.224: [GC 1593990K->310479K(1984256K), 0.0256670 secs]
8.898: [GC 1771663K->312079K(1992704K), 0.0248270 secs]
9.584: [GC 1772653K->315326K(2115968K), 0.0262540 secs]
10.332: [GC 1895055K->324119K(2119872K), 0.0273730 secs]
11.124: [GC 1904983K->331283K(2244800K), 0.0318030 secs]
11.919: [GC 2030931K->340754K(2248576K), 0.0262430 secs]
12.765: [GC 2039131K->345566K(2333824K), 0.0270070 secs]
13.611: [GC 2126006K->349539K(2304512K), 0.0279040 secs]
14.462: [GC 2131555K->347860K(2335680K), 0.0240600 secs]
15.286: [GC 2125919K->361703K(2306752K), 0.0274020 secs]
16.138: [GC 2138833K->362785K(2329472K), 0.0273650 secs]
16.904: [GC 2132141K->365345K(2297088K), 0.0330790 secs]
17.732: [GC 2134599K->365427K(2329600K), 0.0275680 secs]
18.535: [GC 2132422K->371120K(2296576K), 0.0272810 secs]
19.432: [GC 2138601K->377963K(2325568K), 0.0469640 secs]
20.324: [GC 2139394K->377464K(2327232K), 0.0285920 secs]
21.147: [GC 2138463K->384371K(2327168K), 0.0287580 secs]
21.940: [GC 2146260K->386438K(2292800K), 0.0287890 secs]
22.782: [GC 2149278K->393830K(2327040K), 0.0294110 secs]
23.638: [GC 2156197K->396997K(2292736K), 0.0295530 secs]
24.415: [GC 2160234K->399910K(2328384K), 0.0290170 secs]
25.222: [GC 2163969K->396833K(2286912K), 0.0273610 secs]
26.012: [GC 2161981K->403618K(2328448K), 0.0268700 secs]
26.796: [GC 2173890K->409091K(2325824K), 0.0499920 secs]
27.591: [GC 2180035K->413476K(2334336K), 0.0472700 secs]
28.400: [GC 2194392K->419864K(2332608K), 0.0299430 secs]
29.238: [GC 2200300K->415326K(2338688K), 0.0284230 secs]
30.067: [GC 2203444K->421289K(2337920K), 0.0286290 secs]
30.882: [GC 2209884K->438121K(2337280K), 0.0306260 secs]
31.722: [GC 2228306K->441536K(2328704K), 0.0323040 secs]
32.572: [GC 2231304K->440574K(2339840K), 0.0303780 secs]
33.368: [GC 2227710K->446812K(2324416K), 0.0307060 secs]
34.242: [GC 2233754K->451087K(2336832K), 0.0316680 secs]
35.113: [GC 2235048K->448520K(2314048K), 0.0309330 secs]
35.910: [GC 2231692K->451348K(2339200K), 0.0282960 secs]
36.737: [GC 2238521K->451429K(2337024K), 0.0279380 secs]
37.550: [GC 2237005K->456971K(2340160K), 0.0295150 secs]
38.396: [GC 2247948K->465012K(2338368K), 0.0303330 secs]
39.272: [GC 2255535K->467559K(2344320K), 0.0311350 secs]
40.209: [GC 2265754K->463333K(2343232K), 0.0276380 secs]
41.082: [GC 2261959K->480579K(2346304K), 0.0294450 secs]
41.951: [GC 2283139K->471466K(2346816K), 0.0271230 secs]
42.863: [GC 2273070K->478623K(2345152K), 0.0293520 secs]
43.742: [GC 2281290K->476701K(2346496K), 0.0284900 secs]
44.571: [GC 2279137K->478719K(2348288K), 0.0287870 secs]
45.458: [GC 2282625K->487676K(2326592K), 0.0280640 secs]
46.363: [GC 2291380K->495300K(2349760K), 0.0304220 secs]
47.220: [GC 2302138K->501060K(2348160K), 0.0299430 secs]
48.107: [GC 2307875K->503687K(2350144K), 0.0297010 secs]
48.968: [GC 2312701K->504610K(2349504K), 0.0325170 secs]
49.844: [GC 2314113K->512537K(2350464K), 0.0375010 secs]
50.654: [GC 2324811K->519958K(2351040K), 0.0391770 secs]
51.580: [GC 2332357K->519107K(2352512K), 0.0314620 secs]
52.472: [GC 2329514K->527394K(2346240K), 0.0310970 secs]
52.504: [Full GC 527394K->229992K(2394112K), 0.7285640 secs]
54.077: [GC 2041240K->249823K(2374528K), 0.0082200 secs]
54.922: [GC 2035246K->256614K(2288448K), 0.0113790 secs]
55.832: [GC 2041026K->268497K(2372800K), 0.0214160 secs]
56.681: [GC 2032721K->276373K(2286592K), 0.0177650 secs]
57.443: [GC 2040174K->284195K(2377792K), 0.0172300 secs]
58.256: [GC 2049027K->283420K(2295296K), 0.0169260 secs]
59.038: [GC 2049225K->295717K(2378176K), 0.0201860 secs]
59.865: [GC 2065911K->305165K(2373440K), 0.0208300 secs]
60.693: [GC 2075523K->310589K(2377728K), 0.0216740 secs]
61.507: [GC 2088663K->313932K(2375808K), 0.0241060 secs]
62.328: [GC 2092004K->314891K(2388992K), 0.0238110 secs]
63.147: [GC 2107678K->318424K(2388416K), 0.0243130 secs]
