0.542: [GC 95424K->59877K(365760K), 0.0936830 secs]
0.724: [GC 155301K->119821K(461184K), 0.1259630 secs]
1.581: [GC 310595K->162836K(461184K), 0.1116040 secs]
2.461: [GC 351898K->168772K(652032K), 0.0109930 secs]
4.080: [GC 549288K->178984K(652032K), 0.0144130 secs]
5.749: [GC 560680K->191261K(1104384K), 0.0242680 secs]
9.043: [GC 954653K->208097K(1105984K), 0.0158030 secs]
12.233: [GC 971489K->225292K(1864000K), 0.0193090 secs]
18.900: [GC 1751948K->246084K(1864128K), 0.0238810 secs]
25.119: [GC 1772130K->267829K(2203520K), 0.0306030 secs]
25.149: [Full GC 267829K->173842K(2309184K), 0.4734350 secs]
33.379: [GC 2036114K->218760K(2267328K), 0.0170390 secs]
41.322: [GC 2080677K->253519K(2309504K), 0.0302320 secs]
49.156: [GC 2119247K->276726K(2306048K), 0.0291820 secs]
57.299: [GC 2142454K->307630K(2313152K), 0.0269360 secs]
