0.529: [GC 95424K->59890K(365760K), 0.0777870 secs]
0.688: [GC 155314K->119802K(461184K), 0.1030330 secs]
1.471: [GC 310576K->162554K(461184K), 0.0474860 secs]
2.212: [GC 351495K->168498K(652032K), 0.0294410 secs]
3.722: [GC 550194K->178776K(652032K), 0.0167570 secs]
5.260: [GC 560386K->190719K(1104448K), 0.0159410 secs]
8.293: [GC 952430K->207771K(1105984K), 0.0193400 secs]
11.277: [GC 971163K->224519K(1863360K), 0.0198280 secs]
17.515: [GC 1749089K->247261K(1863936K), 0.0269710 secs]
23.349: [GC 1772447K->266997K(2202752K), 0.0313130 secs]
23.380: [Full GC 266997K->173860K(2315200K), 0.5608850 secs]
31.294: [GC 2032676K->219137K(2272768K), 0.0168660 secs]
38.890: [GC 2079681K->253498K(2315264K), 0.0297920 secs]
46.383: [GC 2117498K->276553K(2311808K), 0.0294790 secs]
54.173: [GC 2140553K->308541K(2312064K), 0.0218770 secs]
