1.169: [GC 95424K->31612K(365760K), 0.0845750 secs]
1.415: [GC 127036K->65360K(461184K), 0.0523590 secs]
1.786: [GC 256208K->135915K(461184K), 0.0987200 secs]
2.183: [GC 326763K->198526K(652032K), 0.2219550 secs]
2.405: [Full GC 198526K->198519K(821440K), 0.5673510 secs]
4.028: [GC 580215K->226876K(821440K), 0.0280270 secs]
4.832: [GC 608572K->231562K(1051328K), 0.0146450 secs]
6.105: [GC 777866K->239492K(1075136K), 0.0151450 secs]
7.362: [GC 785796K->246964K(1204800K), 0.0195870 secs]
9.170: [GC 964916K->259075K(1239040K), 0.0242620 secs]
11.008: [GC 977027K->268863K(1314432K), 0.0293290 secs]
13.193: [GC 1084031K->277663K(1331584K), 0.0338140 secs]
15.370: [GC 1092831K->288230K(1416192K), 0.0380560 secs]
17.869: [GC 1185574K->299178K(1422400K), 0.0428950 secs]
20.518: [GC 1195777K->308669K(1500544K), 0.0482270 secs]
23.427: [GC 1274041K->315576K(1510784K), 0.0511930 secs]
26.463: [GC 1282424K->324508K(1580352K), 0.0552210 secs]
29.554: [GC 1350300K->326542K(1592000K), 0.0579550 secs]
32.810: [GC 1352334K->335716K(1634880K), 0.0719920 secs]
36.087: [GC 1394468K->344699K(1645952K), 0.0573820 secs]
39.236: [GC 1403451K->350475K(1692416K), 0.0597240 secs]
42.631: [GC 1443851K->356785K(1700544K), 0.0546060 secs]
45.837: [GC 1450161K->361334K(1742656K), 0.0574980 secs]
48.844: [GC 1489398K->367493K(1748736K), 0.0592430 secs]
51.484: [GC 1495557K->374408K(1791168K), 0.0619660 secs]
54.166: [GC 1539016K->375828K(1796096K), 0.0596340 secs]
57.003: [GC 1540436K->381507K(1830848K), 0.0602940 secs]
59.833: [GC 1578627K->385686K(1832704K), 0.0603940 secs]
62.971: [GC 1582806K->389812K(1865088K), 0.0617840 secs]
