0.543: [GC 95424K->59877K(365760K), 0.0737190 secs]
0.705: [GC 155301K->119797K(461184K), 0.0859430 secs]
1.325: [GC 309917K->175036K(461184K), 0.1003440 secs]
1.749: [GC 364390K->177447K(652032K), 0.0094150 secs]
2.693: [GC 557365K->181867K(652032K), 0.0325880 secs]
3.471: [GC 561958K->183397K(1112768K), 0.0091260 secs]
5.060: [GC 946435K->187127K(1113088K), 0.0109720 secs]
6.891: [GC 949099K->191005K(1871872K), 0.0084680 secs]
10.553: [GC 1715875K->199055K(1873472K), 0.0113030 secs]
14.278: [GC 1724045K->206408K(2191616K), 0.0099110 secs]
19.124: [GC 2058957K->221003K(2193664K), 0.0137460 secs]
19.138: [Full GC 221003K->183744K(2324224K), 0.4937950 secs]
24.207: [GC 2035143K->209683K(2329920K), 0.0089330 secs]
28.703: [GC 2077270K->222010K(2331264K), 0.0149810 secs]
33.105: [GC 2088378K->230262K(2337664K), 0.0108960 secs]
37.711: [GC 2111400K->237036K(2338944K), 0.0138180 secs]
42.130: [GC 2117864K->239894K(2349120K), 0.0129350 secs]
46.548: [GC 2131968K->248599K(2331200K), 0.0167840 secs]
51.420: [GC 2139885K->255729K(2336320K), 0.0176080 secs]
55.996: [GC 2131726K->260456K(2326784K), 0.0178520 secs]
60.251: [GC 2137320K->264798K(2323776K), 0.0199550 secs]
