0.536: [GC 95424K->59890K(365760K), 0.0946770 secs]
0.713: [GC 155314K->119834K(461184K), 0.0707070 secs]
1.180: [GC 309951K->173283K(461184K), 0.0584160 secs]
1.522: [GC 363990K->177160K(652032K), 0.0248620 secs]
2.260: [GC 558580K->181609K(652032K), 0.0228670 secs]
2.883: [GC 563145K->188488K(1109952K), 0.0124600 secs]
4.131: [GC 950837K->191013K(1110656K), 0.0298980 secs]
5.323: [GC 953863K->194693K(1869248K), 0.0110490 secs]
7.877: [GC 1721346K->204031K(1870848K), 0.0156610 secs]
10.473: [GC 1729461K->216122K(2193984K), 0.0140810 secs]
13.538: [GC 2075250K->225709K(2196416K), 0.0146710 secs]
13.553: [Full GC 225709K->183013K(2328448K), 0.4891850 secs]
16.749: [GC 2041155K->207561K(2335232K), 0.0083210 secs]
19.441: [GC 2080905K->218209K(2337664K), 0.0114030 secs]
22.190: [GC 2091061K->222655K(2342528K), 0.0118800 secs]
24.850: [GC 2107353K->226472K(2342912K), 0.0131880 secs]
27.761: [GC 2111784K->229346K(2350528K), 0.0144560 secs]
30.669: [GC 2122850K->238664K(2335680K), 0.0157330 secs]
33.405: [GC 2130749K->247411K(2336064K), 0.0194550 secs]
36.167: [GC 2122611K->253480K(2332224K), 0.0191100 secs]
39.004: [GC 2127759K->260444K(2319168K), 0.0212680 secs]
41.859: [GC 2104682K->265330K(2314496K), 0.0220540 secs]
44.790: [GC 2109822K->268959K(2303744K), 0.0265090 secs]
47.678: [GC 2082082K->276356K(2294016K), 0.0346900 secs]
50.570: [GC 2090097K->282211K(2284800K), 0.0301200 secs]
53.239: [GC 2060531K->282672K(2265024K), 0.0284410 secs]
55.931: [GC 2059750K->286656K(2272832K), 0.0280890 secs]
58.683: [GC 2037020K->291137K(2237952K), 0.0317040 secs]
