1.166: [GC 94827K->30549K(365760K), 0.0745420 secs]
1.407: [GC 125973K->63442K(461184K), 0.0441460 secs]
1.780: [GC 254290K->131185K(461184K), 0.0606820 secs]
2.149: [GC 322033K->193748K(652032K), 0.0966930 secs]
2.246: [Full GC 193748K->193703K(821824K), 0.4607470 secs]
3.410: [GC 575399K->241730K(821824K), 0.0250670 secs]
3.634: [GC 623426K->251869K(1050304K), 0.0161690 secs]
3.929: [GC 786339K->256409K(1059328K), 0.0386640 secs]
4.213: [GC 792537K->263917K(1258240K), 0.0265900 secs]
4.532: [GC 1011228K->270542K(1267200K), 0.0255310 secs]
4.897: [GC 1017938K->276296K(1404160K), 0.0222610 secs]
5.296: [GC 1184388K->287264K(1418752K), 0.0287780 secs]
5.668: [GC 1193626K->288390K(1596480K), 0.0269170 secs]
6.164: [GC 1374844K->300195K(1600704K), 0.0254800 secs]
6.661: [GC 1388131K->297884K(1795008K), 0.0286260 secs]
7.243: [GC 1577730K->301287K(1800704K), 0.0441680 secs]
7.872: [GC 1579963K->311087K(2015872K), 0.0290710 secs]
8.550: [GC 1803934K->312396K(2023680K), 0.0326140 secs]
9.255: [GC 1804443K->319228K(2179904K), 0.0370190 secs]
9.980: [GC 1962212K->321222K(2186496K), 0.0454060 secs]
10.770: [GC 1964691K->334224K(2324736K), 0.0424520 secs]
11.592: [GC 2109675K->341254K(2302016K), 0.0388390 secs]
12.361: [GC 2118150K->346216K(2316672K), 0.0312510 secs]
13.130: [GC 2104107K->353558K(2288768K), 0.0706130 secs]
14.005: [GC 2110305K->356356K(2309440K), 0.0327820 secs]
14.799: [GC 2098052K->361558K(2274368K), 0.0305310 secs]
15.622: [GC 2102651K->366376K(2304576K), 0.0325680 secs]
16.467: [GC 2096359K->366346K(2261504K), 0.0457100 secs]
17.307: [GC 2096323K->373848K(2304128K), 0.0331730 secs]
18.280: [GC 2099723K->380815K(2266880K), 0.0420390 secs]
19.170: [GC 2107407K->386711K(2295680K), 0.0330710 secs]
20.014: [GC 2100887K->386467K(2255168K), 0.0476660 secs]
20.879: [GC 2099321K->393540K(2295360K), 0.0334940 secs]
21.759: [GC 2102980K->399745K(2256960K), 0.0624180 secs]
22.719: [GC 2108169K->399515K(2295744K), 0.0407210 secs]
23.624: [GC 2104013K->406048K(2247680K), 0.0433440 secs]
24.479: [GC 2112172K->410454K(2295424K), 0.0382900 secs]
25.406: [GC 2118742K->413485K(2293440K), 0.0400550 secs]
26.271: [GC 2121773K->413477K(2295744K), 0.0395670 secs]
27.199: [GC 2128302K->418846K(2294848K), 0.0343910 secs]
28.114: [GC 2133887K->420163K(2300800K), 0.0344290 secs]
28.983: [GC 2147286K->426951K(2300608K), 0.0326320 secs]
29.852: [GC 2153854K->433976K(2309696K), 0.0332660 secs]
30.760: [GC 2173859K->437557K(2308032K), 0.0344460 secs]
31.636: [GC 2177766K->440040K(2314112K), 0.0317500 secs]
32.489: [GC 2190811K->448483K(2312576K), 0.0319600 secs]
33.397: [GC 2199267K->445837K(2320320K), 0.0297680 secs]
34.286: [GC 2207053K->449244K(2319296K), 0.0320710 secs]
35.186: [GC 2209295K->460764K(2323968K), 0.0314550 secs]
36.112: [GC 2227563K->461554K(2323456K), 0.0300590 secs]
37.050: [GC 2227533K->458416K(2327168K), 0.0316720 secs]
37.999: [GC 2231472K->466161K(2326400K), 0.0310060 secs]
38.859: [GC 2237588K->473436K(2329280K), 0.0320710 secs]
39.721: [GC 2250467K->474147K(2328320K), 0.0325530 secs]
40.558: [GC 2251240K->482459K(2330688K), 0.0334850 secs]
41.479: [GC 2263522K->486728K(2331136K), 0.0328570 secs]
42.352: [GC 2267168K->490475K(2332416K), 0.0336790 secs]
43.276: [GC 2271103K->488556K(2318720K), 0.0331280 secs]
44.189: [GC 2270433K->499603K(2330176K), 0.0341410 secs]
45.156: [GC 2279545K->501999K(2322368K), 0.0385500 secs]
46.109: [GC 2280419K->505285K(2330624K), 0.0379740 secs]
47.059: [GC 2281553K->503843K(2317376K), 0.0425590 secs]
47.988: [GC 2281310K->515009K(2328576K), 0.0356350 secs]
48.927: [GC 2290907K->505710K(2330304K), 0.0560240 secs]
49.899: [GC 2282047K->516119K(2329024K), 0.0344800 secs]
50.822: [GC 2291590K->515052K(2329984K), 0.0544940 secs]
51.754: [GC 2292072K->520443K(2329344K), 0.0480210 secs]
52.662: [GC 2299707K->516941K(2330304K), 0.0478580 secs]
53.628: [GC 2295483K->522894K(2332864K), 0.0925200 secs]
54.614: [GC 2304459K->527041K(2311808K), 0.0386610 secs]
54.653: [Full GC 527041K->214636K(2342592K), 0.6987120 secs]
56.280: [GC 1994353K->235766K(2336640K), 0.0101780 secs]
57.210: [GC 1990347K->244210K(2239808K), 0.0146460 secs]
58.050: [GC 1999346K->258274K(2335104K), 0.0158740 secs]
58.846: [GC 1989255K->275929K(2338496K), 0.0260740 secs]
59.771: [GC 2005855K->278885K(2332160K), 0.0242720 secs]
60.618: [GC 2011429K->290864K(2336000K), 0.0250080 secs]
61.494: [GC 2022535K->296585K(2332160K), 0.0293370 secs]
62.374: [GC 2040346K->304354K(2336704K), 0.0352700 secs]
