0.544: [GC 95424K->59877K(365760K), 0.0700890 secs]
0.701: [GC 155301K->119805K(461184K), 0.1018170 secs]
1.225: [GC 309925K->167263K(461184K), 0.0866450 secs]
2.104: [GC 358111K->175211K(652032K), 0.0208020 secs]
3.578: [GC 555847K->176519K(652032K), 0.0118300 secs]
5.061: [GC 557968K->176881K(1109504K), 0.0171480 secs]
8.818: [GC 939633K->179714K(1110144K), 0.0168080 secs]
12.017: [GC 942466K->179695K(1872064K), 0.0107350 secs]
20.001: [GC 1704934K->184089K(1872128K), 0.0053760 secs]
27.692: [GC 1709529K->185966K(2195712K), 0.0085940 secs]
37.432: [GC 2038182K->188873K(2196032K), 0.0084820 secs]
47.632: [GC 2040196K->194840K(2197184K), 0.0097550 secs]
57.975: [GC 2054538K->200120K(2198528K), 0.0071170 secs]
