0.549: [GC 95424K->60504K(365760K), 0.1039330 secs]
0.743: [GC 155928K->122701K(461184K), 0.0788260 secs]
1.242: [GC 313549K->166863K(461184K), 0.0716040 secs]
1.756: [GC 356077K->174873K(652032K), 0.0298510 secs]
2.643: [GC 556135K->176914K(652032K), 0.0131030 secs]
3.391: [GC 558610K->177475K(1111808K), 0.0103320 secs]
5.095: [GC 940547K->179567K(1112128K), 0.0151560 secs]
6.576: [GC 941248K->180370K(1873792K), 0.0092480 secs]
10.191: [GC 1705665K->184778K(1874176K), 0.0062630 secs]
13.461: [GC 1710922K->187285K(2193792K), 0.0054130 secs]
17.530: [GC 2036785K->189790K(2194432K), 0.0079650 secs]
21.977: [GC 2039517K->194445K(2196416K), 0.0063130 secs]
25.983: [GC 2052579K->197349K(2197696K), 0.0073470 secs]
30.213: [GC 2056485K->200481K(2201600K), 0.0082180 secs]
34.962: [GC 2070959K->207465K(2202880K), 0.0082950 secs]
39.135: [GC 2077306K->211311K(2049088K), 0.0076140 secs]
43.061: [GC 1993071K->215129K(1964672K), 0.0090320 secs]
47.047: [GC 1910987K->219499K(1882624K), 0.0104100 secs]
50.170: [GC 1836395K->220656K(1803840K), 0.0074180 secs]
53.229: [GC 1761264K->223749K(1732032K), 0.0090370 secs]
53.238: [Full GC 223749K->183230K(1869120K), 0.7132450 secs]
57.160: [GC 1650209K->194618K(1994432K), 0.0070880 secs]
60.474: [GC 1784557K->194089K(2165056K), 0.0098930 secs]
