1.156: [GC 94828K->30497K(365760K), 0.0619660 secs]
1.383: [GC 125921K->63406K(461184K), 0.0907780 secs]
1.771: [GC 254254K->134033K(461184K), 0.1150730 secs]
2.170: [GC 324881K->196612K(652032K), 0.1231100 secs]
2.293: [Full GC 196612K->196571K(820544K), 0.5660860 secs]
3.397: [GC 578267K->238439K(820544K), 0.0621150 secs]
3.559: [GC 619535K->243556K(1073728K), 0.0107680 secs]
3.750: [GC 802980K->245630K(1085120K), 0.0415870 secs]
4.013: [GC 804039K->256472K(1296640K), 0.0179800 secs]
4.302: [GC 1056247K->255423K(1322112K), 0.0173170 secs]
4.582: [GC 1055923K->258020K(1503168K), 0.0408660 secs]
4.907: [GC 1248825K->267010K(1505280K), 0.0316410 secs]
5.198: [GC 1258242K->268427K(1697792K), 0.0237760 secs]
5.606: [GC 1474955K->269925K(1712704K), 0.0263170 secs]
5.938: [GC 1476453K->276850K(1933952K), 0.0253990 secs]
6.332: [GC 1716786K->282386K(1943616K), 0.0261620 secs]
6.742: [GC 1720556K->278731K(2190336K), 0.0287880 secs]
7.221: [GC 1973131K->283550K(2199872K), 0.0272650 secs]
7.670: [GC 1977950K->283783K(2372544K), 0.0272550 secs]
8.146: [GC 2149383K->281304K(2373632K), 0.0291080 secs]
8.632: [GC 2146800K->285403K(2366784K), 0.0373080 secs]
9.135: [GC 2151323K->287934K(2370368K), 0.0344580 secs]
9.723: [GC 2152277K->299335K(2377216K), 0.0416760 secs]
10.350: [GC 2174855K->297870K(2351104K), 0.0274910 secs]
10.922: [GC 2173390K->305831K(2377984K), 0.0250570 secs]
11.502: [GC 2183975K->308476K(2377472K), 0.0262620 secs]
12.088: [GC 2186620K->310462K(2381568K), 0.0261450 secs]
12.823: [GC 2193726K->314549K(2381248K), 0.0306950 secs]
13.508: [GC 2195958K->318638K(2382848K), 0.0305460 secs]
14.201: [GC 2203405K->324446K(2372480K), 0.0310450 secs]
14.911: [GC 2207568K->330325K(2377408K), 0.0300950 secs]
15.672: [GC 2207701K->338769K(2375168K), 0.0288050 secs]
16.389: [GC 2216145K->349821K(2359936K), 0.0316440 secs]
17.114: [GC 2203261K->351154K(2359616K), 0.0393060 secs]
17.883: [GC 2204594K->356345K(2350656K), 0.0392110 secs]
18.664: [GC 2186151K->362425K(2347008K), 0.0408370 secs]
19.449: [GC 2193849K->363273K(2340736K), 0.0369500 secs]
20.222: [GC 2171704K->366872K(2325440K), 0.0397540 secs]
21.053: [GC 2176280K->369418K(2335872K), 0.0343280 secs]
21.852: [GC 2164989K->371095K(2309120K), 0.0479960 secs]
22.603: [GC 2166935K->376086K(2335744K), 0.0388090 secs]
23.315: [GC 2166263K->384964K(2312000K), 0.0387400 secs]
24.089: [GC 2176358K->388331K(2330304K), 0.0414810 secs]
24.809: [GC 2170824K->389499K(2300992K), 0.0401300 secs]
25.582: [GC 2170316K->399954K(2326528K), 0.0433760 secs]
26.340: [GC 2176466K->400803K(2329088K), 0.0423280 secs]
27.202: [GC 2177252K->404974K(2328320K), 0.0399600 secs]
27.950: [GC 2179907K->409624K(2299008K), 0.0395230 secs]
28.713: [GC 2185496K->413835K(2328896K), 0.0528810 secs]
29.447: [GC 2187792K->415788K(2294656K), 0.0441390 secs]
30.231: [GC 2189410K->414029K(2330304K), 0.0412680 secs]
30.905: [GC 2193229K->418522K(2326656K), 0.0417630 secs]
31.534: [GC 2197722K->421646K(2329984K), 0.0416410 secs]
32.182: [GC 2205592K->432188K(2327360K), 0.0418630 secs]
32.872: [GC 2217916K->431545K(2337472K), 0.0394180 secs]
33.511: [GC 2228291K->431107K(2336512K), 0.0377720 secs]
34.212: [GC 2229443K->434535K(2342016K), 0.0452500 secs]
34.812: [GC 2239539K->443296K(2340736K), 0.0351380 secs]
35.423: [GC 2248928K->443918K(2344768K), 0.0350170 secs]
35.982: [GC 2255886K->449445K(2343744K), 0.0322440 secs]
36.560: [GC 2261413K->452426K(2348160K), 0.0396680 secs]
37.126: [GC 2271242K->448004K(2347200K), 0.0411640 secs]
37.687: [GC 2266820K->453797K(2352640K), 0.0358130 secs]
38.302: [GC 2277919K->461802K(2352192K), 0.0426050 secs]
38.928: [GC 2286378K->462440K(2352960K), 0.0368960 secs]
39.494: [GC 2289512K->465088K(2352256K), 0.0375660 secs]
40.123: [GC 2292160K->467648K(2355648K), 0.0375250 secs]
40.687: [GC 2299072K->476389K(2354944K), 0.0406810 secs]
41.264: [GC 2307813K->482014K(2356800K), 0.0433800 secs]
41.832: [GC 2316062K->482695K(2356672K), 0.0409280 secs]
42.375: [GC 2316743K->485352K(2358208K), 0.0434540 secs]
42.954: [GC 2322472K->485685K(2357824K), 0.0396990 secs]
43.493: [GC 2322805K->488878K(2360768K), 0.0393540 secs]
44.058: [GC 2328942K->491878K(2360640K), 0.0368520 secs]
44.600: [GC 2331942K->494568K(2360896K), 0.0375910 secs]
44.638: [Full GC 494568K->225990K(2392832K), 0.7367540 secs]
45.873: [GC 2066118K->241703K(2310784K), 0.0086230 secs]
46.407: [GC 2081831K->248552K(2369728K), 0.0129070 secs]
46.901: [GC 2055144K->257321K(2292864K), 0.0198940 secs]
47.462: [GC 2062054K->260795K(2371776K), 0.0168340 secs]
48.023: [GC 2060212K->263612K(2372544K), 0.0207750 secs]
48.572: [GC 2062779K->267178K(2368512K), 0.0251850 secs]
49.113: [GC 2067434K->275577K(2370560K), 0.0241260 secs]
49.647: [GC 2074446K->274079K(2370176K), 0.0329050 secs]
50.186: [GC 2082783K->286456K(2371840K), 0.0260100 secs]
50.687: [GC 2094631K->283911K(2375744K), 0.0268010 secs]
51.185: [GC 2107271K->286110K(2377856K), 0.0267880 secs]
51.712: [GC 2109470K->289854K(2388864K), 0.0294180 secs]
52.275: [GC 2129366K->288027K(2389312K), 0.0286350 secs]
52.833: [GC 2126830K->292795K(2394752K), 0.0322030 secs]
53.395: [GC 2140539K->299333K(2394240K), 0.0331930 secs]
53.965: [GC 2145246K->307641K(2391744K), 0.0340460 secs]
54.523: [GC 2150557K->316740K(2382464K), 0.0338180 secs]
55.099: [GC 2159366K->304573K(2392064K), 0.0321570 secs]
55.633: [GC 2141053K->309981K(2362688K), 0.0334670 secs]
56.163: [GC 2146461K->313653K(2389888K), 0.0331450 secs]
56.670: [GC 2151221K->319748K(2388800K), 0.0337800 secs]
57.242: [GC 2156338K->318971K(2392192K), 0.0337590 secs]
57.822: [GC 2161787K->320220K(2392832K), 0.0334770 secs]
58.490: [GC 2163036K->322403K(2393024K), 0.0321880 secs]
59.090: [GC 2168708K->331075K(2393600K), 0.0334760 secs]
59.703: [GC 2177954K->324452K(2396224K), 0.0312860 secs]
60.256: [GC 2177252K->327610K(2397568K), 0.0320950 secs]
60.819: [GC 2179061K->332552K(2397248K), 0.0307060 secs]
61.373: [GC 2190216K->330322K(2398848K), 0.0305420 secs]
61.953: [GC 2186507K->333310K(2402368K), 0.0309510 secs]
62.565: [GC 2196459K->336719K(2403712K), 0.0266180 secs]
63.101: [GC 2200783K->335271K(2405376K), 0.0279840 secs]
