0.538: [GC 95424K->59877K(365760K), 0.1005110 secs]
0.726: [GC 155301K->119809K(461184K), 0.0836840 secs]
1.415: [GC 309836K->168705K(461184K), 0.0477520 secs]
2.130: [GC 358875K->171730K(652032K), 0.0163320 secs]
3.827: [GC 553426K->172605K(652032K), 0.0135230 secs]
5.387: [GC 553596K->174915K(1110464K), 0.0459320 secs]
9.063: [GC 938307K->176655K(1110720K), 0.0108400 secs]
12.800: [GC 939934K->179174K(1871424K), 0.0118830 secs]
20.437: [GC 1705958K->184780K(1872192K), 0.0066940 secs]
28.856: [GC 1710788K->193694K(2194304K), 0.0434570 secs]
39.407: [GC 2049520K->199196K(2196032K), 0.0425110 secs]
50.368: [GC 2053435K->206967K(2199808K), 0.0094380 secs]
60.012: [GC 2073696K->211887K(2201984K), 0.0091260 secs]
60.021: [Full GC 211887K->178541K(2307904K), 0.4966530 secs]
