0.533: [GC 95424K->60480K(365760K), 0.0976210 secs]
0.719: [GC 155904K->122669K(461184K), 0.0860770 secs]
1.261: [GC 313517K->166938K(461184K), 0.0572590 secs]
1.764: [GC 357211K->171947K(652032K), 0.0250680 secs]
2.828: [GC 553643K->173041K(652032K), 0.0188980 secs]
3.788: [GC 553406K->175709K(1111616K), 0.0196470 secs]
5.841: [GC 938025K->177695K(1112192K), 0.0301740 secs]
7.640: [GC 940934K->180134K(1872192K), 0.0174850 secs]
11.300: [GC 1706918K->184101K(1873216K), 0.0145460 secs]
14.555: [GC 1709706K->191569K(2193536K), 0.0194700 secs]
18.940: [GC 2045005K->197732K(2195392K), 0.0093380 secs]
22.967: [GC 2050487K->206605K(2196928K), 0.0125330 secs]
27.139: [GC 2069333K->214266K(2199680K), 0.0118460 secs]
27.151: [Full GC 214266K->177627K(2328192K), 0.7180860 secs]
31.674: [GC 2041304K->189185K(2332608K), 0.0078470 secs]
35.622: [GC 2063946K->197820K(2334784K), 0.0169220 secs]
39.798: [GC 2073788K->204755K(2337152K), 0.0141860 secs]
44.052: [GC 2092947K->210242K(2339008K), 0.0218220 secs]
48.194: [GC 2097678K->217754K(2349888K), 0.0236470 secs]
52.254: [GC 2116501K->221254K(2327168K), 0.0241910 secs]
56.580: [GC 2120931K->226067K(2342848K), 0.0225810 secs]
60.805: [GC 2114671K->228820K(2324480K), 0.0247370 secs]
