1.153: [GC 94827K->30501K(365760K), 0.0667260 secs]
1.381: [GC 125925K->63154K(461184K), 0.1057740 secs]
1.781: [GC 254002K->135257K(461184K), 0.2294000 secs]
2.288: [GC 326105K->197872K(652032K), 0.1704460 secs]
2.458: [Full GC 197872K->197864K(815040K), 0.5487430 secs]
3.566: [GC 579560K->231650K(815040K), 0.0270920 secs]
3.783: [GC 613346K->237106K(1086976K), 0.0157070 secs]
4.071: [GC 817616K->243991K(1104128K), 0.0215170 secs]
4.420: [GC 825943K->252511K(1340608K), 0.0362000 secs]
4.760: [GC 1098591K->252974K(1360960K), 0.0217050 secs]
5.003: [GC 1099054K->260765K(1543872K), 0.0247140 secs]
5.290: [GC 1309204K->260510K(1556096K), 0.0231570 secs]
5.590: [GC 1310622K->262383K(1794816K), 0.0434710 secs]
5.981: [GC 1555503K->260372K(1791488K), 0.0524930 secs]
6.383: [GC 1553492K->263698K(2068928K), 0.0348920 secs]
6.882: [GC 1854162K->273550K(2083200K), 0.0282510 secs]
7.350: [GC 1864014K->272164K(2375168K), 0.0294710 secs]
7.990: [GC 2152996K->277964K(2360512K), 0.0433540 secs]
8.659: [GC 2158060K->288689K(2361792K), 0.0349350 secs]
9.331: [GC 2151361K->295917K(2362048K), 0.0379220 secs]
9.981: [GC 2160365K->300861K(2351808K), 0.0386570 secs]
10.701: [GC 2142432K->310168K(2340672K), 0.0380720 secs]
11.317: [GC 2153368K->316940K(2343040K), 0.0438770 secs]
11.864: [GC 2141452K->319363K(2324352K), 0.0413300 secs]
12.421: [GC 2143875K->325107K(2336320K), 0.0406470 secs]
13.000: [GC 2133713K->326696K(2313664K), 0.0421510 secs]
13.561: [GC 2136488K->336880K(2326336K), 0.0438600 secs]
14.157: [GC 2129776K->334950K(2302144K), 0.0419240 secs]
14.721: [GC 2127846K->340667K(2321024K), 0.0434640 secs]
15.295: [GC 2119183K->340141K(2291008K), 0.0466360 secs]
15.952: [GC 2119469K->344847K(2319488K), 0.0461700 secs]
16.571: [GC 2116879K->349565K(2286336K), 0.0469400 secs]
17.189: [GC 2120392K->354500K(2316800K), 0.0453730 secs]
17.799: [GC 2120644K->353275K(2318400K), 0.0446060 secs]
18.427: [GC 2118031K->357850K(2312896K), 0.0440600 secs]
19.027: [GC 2125466K->361689K(2315712K), 0.0425390 secs]
19.628: [GC 2129305K->372946K(2320704K), 0.0413310 secs]
20.283: [GC 2150802K->369105K(2321344K), 0.0394870 secs]
20.940: [GC 2146816K->371612K(2323456K), 0.0418750 secs]
21.649: [GC 2159132K->381072K(2323712K), 0.0437620 secs]
22.330: [GC 2167884K->389670K(2333504K), 0.0449710 secs]
22.964: [GC 2187633K->393594K(2333056K), 0.0444580 secs]
23.588: [GC 2191452K->396299K(2335680K), 0.0440290 secs]
24.195: [GC 2197827K->399173K(2335488K), 0.0464770 secs]
24.890: [GC 2201070K->403814K(2337024K), 0.0454310 secs]
25.561: [GC 2209574K->410149K(2336640K), 0.0458160 secs]
26.298: [GC 2216613K->416311K(2339584K), 0.0450590 secs]
27.110: [GC 2226167K->417336K(2339648K), 0.0474770 secs]
27.801: [GC 2226169K->427957K(2334976K), 0.0475480 secs]
28.451: [GC 2232369K->425795K(2322368K), 0.0489620 secs]
29.071: [GC 2231363K->428573K(2337600K), 0.0484160 secs]
29.711: [GC 2231201K->429146K(2317632K), 0.0480540 secs]
30.360: [GC 2233162K->436544K(2336704K), 0.0465190 secs]
31.039: [GC 2241352K->440846K(2336320K), 0.0471220 secs]
31.724: [GC 2245710K->442355K(2336896K), 0.0468520 secs]
32.402: [GC 2250227K->447525K(2337792K), 0.0462710 secs]
33.032: [GC 2254697K->455357K(2340032K), 0.0478180 secs]
33.683: [GC 2265540K->450286K(2340288K), 0.0448950 secs]
34.275: [GC 2261470K->460654K(2339328K), 0.0456140 secs]
34.889: [GC 2274350K->461796K(2340352K), 0.0457510 secs]
35.507: [GC 2275492K->466314K(2342720K), 0.0440730 secs]
36.151: [GC 2284170K->469601K(2343616K), 0.0434610 secs]
36.761: [GC 2287457K->473207K(2344384K), 0.0439060 secs]
37.358: [GC 2292599K->479831K(2344768K), 0.0434290 secs]
37.951: [GC 2299223K->478188K(2344960K), 0.0429820 secs]
38.606: [GC 2297072K->480585K(2344768K), 0.0418450 secs]
39.240: [GC 2299777K->487129K(2344192K), 0.0424660 secs]
39.871: [GC 2309273K->491043K(2345152K), 0.0451590 secs]
40.461: [GC 2312806K->495481K(2345408K), 0.0457720 secs]
41.062: [GC 2321529K->501183K(2346304K), 0.0462000 secs]
41.109: [Full GC 501183K->218699K(2360704K), 0.6273990 secs]
42.291: [GC 2044747K->235832K(2343680K), 0.0119260 secs]
42.879: [GC 2045368K->246679K(2269440K), 0.0135760 secs]
43.439: [GC 2056215K->254167K(2343296K), 0.0280660 secs]
44.023: [GC 2046551K->261287K(2266880K), 0.0232320 secs]
44.621: [GC 2053056K->270145K(2348096K), 0.0281530 secs]
45.180: [GC 2064641K->273822K(2281536K), 0.0260690 secs]
45.734: [GC 2068318K->281573K(2347200K), 0.0325220 secs]
46.381: [GC 2080549K->287640K(2342720K), 0.0345690 secs]
47.033: [GC 2086616K->294213K(2348480K), 0.0408570 secs]
47.662: [GC 2102405K->296893K(2347776K), 0.0352390 secs]
48.300: [GC 2103574K->306169K(2353472K), 0.0537210 secs]
48.931: [GC 2120057K->310516K(2337600K), 0.0478250 secs]
49.549: [GC 2124404K->309322K(2347712K), 0.0500900 secs]
50.131: [GC 2110282K->316584K(2330752K), 0.0505810 secs]
50.713: [GC 2117544K->314967K(2340096K), 0.0499680 secs]
51.365: [GC 2101335K->318827K(2313920K), 0.0532620 secs]
52.011: [GC 2105195K->325056K(2337600K), 0.0531550 secs]
52.672: [GC 2102814K->331340K(2310144K), 0.0514010 secs]
53.374: [GC 2108824K->331005K(2338112K), 0.0490680 secs]
53.990: [GC 2107389K->337855K(2303808K), 0.0457480 secs]
54.627: [GC 2113251K->335288K(2340544K), 0.0453280 secs]
55.271: [GC 2114936K->343895K(2337280K), 0.0493860 secs]
55.871: [GC 2123543K->347296K(2339776K), 0.0460010 secs]
56.480: [GC 2128704K->346640K(2337728K), 0.0467720 secs]
57.161: [GC 2129068K->349100K(2341888K), 0.0470900 secs]
57.821: [GC 2138850K->359714K(2339200K), 0.0480210 secs]
58.379: [GC 2150306K->358664K(2348224K), 0.0453040 secs]
58.984: [GC 2160840K->361431K(2346432K), 0.0462220 secs]
59.606: [GC 2163607K->368111K(2353024K), 0.0642840 secs]
60.212: [GC 2179439K->369495K(2351552K), 0.0471390 secs]
60.754: [GC 2180237K->372581K(2357312K), 0.0415140 secs]
61.321: [GC 2191717K->377332K(2355712K), 0.0489210 secs]
61.853: [GC 2196468K->379459K(2360768K), 0.0473990 secs]
62.402: [GC 2203791K->384086K(2359744K), 0.0395960 secs]
62.971: [GC 2208012K->388114K(2364288K), 0.0402610 secs]
