0.536: [GC 95424K->60504K(365760K), 0.0684350 secs]
0.692: [GC 155928K->121449K(461184K), 0.0704960 secs]
1.429: [GC 312297K->170118K(461184K), 0.0424190 secs]
2.222: [GC 360966K->173199K(652032K), 0.0144900 secs]
4.130: [GC 553936K->173835K(652032K), 0.0104970 secs]
5.779: [GC 555079K->175921K(1111616K), 0.0198040 secs]
9.886: [GC 937913K->178494K(1111936K), 0.0124590 secs]
13.655: [GC 941464K->180180K(1872640K), 0.0084800 secs]
21.944: [GC 1706964K->184290K(1873408K), 0.0163810 secs]
31.013: [GC 1709616K->193410K(2192576K), 0.0089290 secs]
41.877: [GC 2046654K->198023K(2194752K), 0.0099200 secs]
53.081: [GC 2050013K->208217K(2196544K), 0.0258700 secs]
