0.539: [GC 95424K->60480K(365760K), 0.1045330 secs]
0.732: [GC 155904K->122661K(461184K), 0.0835930 secs]
1.251: [GC 313509K->166875K(461184K), 0.0520930 secs]
1.659: [GC 357320K->171502K(652032K), 0.0223440 secs]
2.487: [GC 552695K->172770K(652032K), 0.0219940 secs]
3.271: [GC 553339K->174621K(1111872K), 0.0202200 secs]
4.910: [GC 938013K->176065K(1112320K), 0.0146000 secs]
6.533: [GC 937637K->178954K(1872768K), 0.0109430 secs]
10.011: [GC 1705115K->184662K(1873664K), 0.0065020 secs]
13.304: [GC 1711446K->192625K(2192384K), 0.0101560 secs]
17.283: [GC 2043871K->197824K(2194368K), 0.0119950 secs]
20.950: [GC 2051008K->202992K(2199360K), 0.0124070 secs]
24.774: [GC 2067183K->208229K(2201088K), 0.0143730 secs]
28.467: [GC 2072912K->210425K(2204864K), 0.0080680 secs]
28.476: [Full GC 210425K->177220K(2336512K), 0.7440900 secs]
33.130: [GC 2052356K->191770K(2337728K), 0.0104140 secs]
37.191: [GC 2065319K->203049K(2339264K), 0.0143050 secs]
41.035: [GC 2089257K->206051K(2341184K), 0.0394510 secs]
44.939: [GC 2091765K->217178K(2350592K), 0.0210490 secs]
48.676: [GC 2115482K->216977K(2352192K), 0.0221800 secs]
52.547: [GC 2113659K->225733K(2345728K), 0.0294080 secs]
56.712: [GC 2116614K->231882K(2331776K), 0.0263410 secs]
60.761: [GC 2122269K->232395K(2336256K), 0.0293690 secs]
