1.166: [GC 94827K->30489K(365760K), 0.1146720 secs]
1.438: [GC 125913K->63382K(461184K), 0.0927380 secs]
1.827: [GC 254230K->133993K(461184K), 0.1179620 secs]
2.224: [GC 324841K->196620K(652032K), 0.1533390 secs]
2.378: [Full GC 196620K->196570K(813632K), 0.4646450 secs]
3.534: [GC 578266K->229816K(813632K), 0.0310320 secs]
3.873: [GC 611129K->238512K(1115072K), 0.0802340 secs]
4.267: [GC 835184K->246513K(1115968K), 0.0297700 secs]
4.503: [GC 843185K->246666K(1399360K), 0.0323340 secs]
4.822: [GC 1146122K->250718K(1412096K), 0.0242440 secs]
5.091: [GC 1150167K->255702K(1626304K), 0.0237580 secs]
5.449: [GC 1395478K->259140K(1644416K), 0.0226750 secs]
5.809: [GC 1398916K->266217K(1885760K), 0.0256090 secs]
6.321: [GC 1670569K->267108K(1903552K), 0.0266680 secs]
6.793: [GC 1671460K->275011K(2200384K), 0.0467430 secs]
7.520: [GC 1977091K->276477K(2202240K), 0.0460050 secs]
8.260: [GC 1977705K->283255K(2358336K), 0.0377640 secs]
9.082: [GC 2138550K->287841K(2346368K), 0.0461480 secs]
9.961: [GC 2143893K->290054K(2348992K), 0.0354900 secs]
10.813: [GC 2128044K->298593K(2339456K), 0.0419090 secs]
11.702: [GC 2136807K->304822K(2339584K), 0.0486230 secs]
12.600: [GC 2122548K->312686K(2318976K), 0.0377460 secs]
13.431: [GC 2131310K->322384K(2328576K), 0.0462130 secs]
14.225: [GC 2122448K->327068K(2310272K), 0.0435220 secs]
15.013: [GC 2127132K->329621K(2320256K), 0.0525830 secs]
15.803: [GC 2108799K->334675K(2295744K), 0.0520750 secs]
16.626: [GC 2114671K->336155K(2313280K), 0.0438830 secs]
17.425: [GC 2101659K->338812K(2279424K), 0.0564890 secs]
18.280: [GC 2102613K->343767K(2311936K), 0.0448910 secs]
19.137: [GC 2102487K->344925K(2271616K), 0.0552650 secs]
20.014: [GC 2103645K->348222K(2313536K), 0.0492990 secs]
20.881: [GC 2106627K->354643K(2275968K), 0.0717600 secs]
21.741: [GC 2113427K->357769K(2312192K), 0.0533630 secs]
22.566: [GC 2114374K->360985K(2272256K), 0.0466810 secs]
23.400: [GC 2117019K->364777K(2313088K), 0.0513700 secs]
24.222: [GC 2121242K->376904K(2311872K), 0.0599800 secs]
25.030: [GC 2135240K->373176K(2312064K), 0.0578290 secs]
25.870: [GC 2130374K->381488K(2312320K), 0.0481350 secs]
26.688: [GC 2140102K->383189K(2311808K), 0.0625220 secs]
27.524: [GC 2144948K->385789K(2312768K), 0.0487920 secs]
28.321: [GC 2147197K->389378K(2314496K), 0.0489650 secs]
29.189: [GC 2158576K->386956K(2315008K), 0.0587220 secs]
30.020: [GC 2155114K->392602K(2320384K), 0.0510260 secs]
30.810: [GC 2171789K->403679K(2319936K), 0.0527260 secs]
31.630: [GC 2183704K->402798K(2326400K), 0.0530260 secs]
32.449: [GC 2191086K->406411K(2327040K), 0.0490730 secs]
33.290: [GC 2194699K->412578K(2328256K), 0.0523700 secs]
34.161: [GC 2203141K->421854K(2327616K), 0.0507810 secs]
34.975: [GC 2212876K->429020K(2329664K), 0.0874530 secs]
35.837: [GC 2222044K->432312K(2313856K), 0.0528020 secs]
36.661: [GC 2225336K->434683K(2331008K), 0.0532160 secs]
37.485: [GC 2227835K->440164K(2311232K), 0.0544260 secs]
38.372: [GC 2233572K->440462K(2330880K), 0.0510190 secs]
39.144: [GC 2235662K->449570K(2329088K), 0.0513350 secs]
39.982: [GC 2243778K->455115K(2331200K), 0.0496610 secs]
40.788: [GC 2252683K->456257K(2331904K), 0.0662360 secs]
41.579: [GC 2253825K->464738K(2328512K), 0.0513380 secs]
42.360: [GC 2258786K->465600K(2319744K), 0.0605990 secs]
43.131: [GC 2259458K->476997K(2322816K), 0.0540770 secs]
43.892: [GC 2261957K->476466K(2312832K), 0.0529260 secs]
44.650: [GC 2261426K->482160K(2322752K), 0.0528760 secs]
45.441: [GC 2262652K->492169K(2318272K), 0.0547190 secs]
46.231: [GC 2272777K->488336K(2320640K), 0.0529320 secs]
46.998: [GC 2261712K->496599K(2306816K), 0.0551320 secs]
47.790: [GC 2269975K->501091K(2318144K), 0.0565800 secs]
48.541: [GC 2270947K->501388K(2318848K), 0.0554100 secs]
49.390: [GC 2270966K->512200K(2315968K), 0.0552160 secs]
50.189: [GC 2277987K->520644K(2308480K), 0.0550370 secs]
51.011: [GC 2288324K->514701K(2316992K), 0.0540970 secs]
51.790: [GC 2278925K->517558K(2292736K), 0.0534290 secs]
52.581: [GC 2279996K->524528K(2313984K), 0.0530750 secs]
53.371: [GC 2289182K->527590K(2312896K), 0.0535680 secs]
53.424: [Full GC 527590K->223366K(2332416K), 0.7201510 secs]
54.897: [GC 1988678K->237092K(2311168K), 0.0100390 secs]
55.630: [GC 1981218K->248927K(2206976K), 0.0142710 secs]
56.359: [GC 1993337K->262763K(2310080K), 0.0170320 secs]
57.091: [GC 1983065K->268762K(2201600K), 0.0194360 secs]
57.730: [GC 1989044K->272697K(2314176K), 0.0225000 secs]
58.399: [GC 1992508K->278396K(2210880K), 0.0275980 secs]
59.020: [GC 1998652K->287612K(2314944K), 0.0279940 secs]
59.671: [GC 2012860K->289719K(2309952K), 0.0308960 secs]
60.438: [GC 2014967K->296232K(2316032K), 0.0331810 secs]
61.210: [GC 2034320K->301520K(2311936K), 0.0345990 secs]
61.872: [GC 2040144K->301357K(2328640K), 0.0362500 secs]
62.411: [GC 2062445K->304239K(2324032K), 0.0370780 secs]
62.978: [GC 2065327K->306626K(2338176K), 0.0380420 secs]
