0.536: [GC 95424K->59869K(365760K), 0.0820500 secs]
0.707: [GC 155293K->119805K(461184K), 0.1083440 secs]
1.111: [GC 309087K->164523K(461184K), 0.0514500 secs]
1.388: [GC 353778K->171813K(652032K), 0.0398930 secs]
1.915: [GC 552573K->187305K(652032K), 0.0546220 secs]
2.399: [GC 567201K->201790K(1103616K), 0.0122260 secs]
3.328: [GC 963962K->221385K(1104832K), 0.0241530 secs]
4.175: [GC 984192K->235821K(1861568K), 0.0217080 secs]
6.006: [GC 1760198K->262113K(1862784K), 0.0416510 secs]
7.647: [GC 1787681K->284456K(2194560K), 0.0379380 secs]
7.688: [Full GC 284456K->173204K(2319232K), 0.5791100 secs]
10.213: [GC 2023700K->217257K(2322240K), 0.0180810 secs]
12.151: [GC 2066996K->252871K(2311936K), 0.0247170 secs]
14.140: [GC 2094581K->279775K(2318272K), 0.0345860 secs]
16.103: [GC 2122335K->303793K(2280896K), 0.0422520 secs]
18.037: [GC 2107630K->324478K(2289408K), 0.0304880 secs]
19.968: [GC 2129662K->342267K(2259200K), 0.0357820 secs]
21.837: [GC 2096891K->354576K(2268928K), 0.0384920 secs]
23.693: [GC 2108179K->361403K(2215808K), 0.0397270 secs]
25.479: [GC 2051170K->375770K(2226240K), 0.0432550 secs]
27.265: [GC 2065319K->380070K(2192192K), 0.0439270 secs]
28.982: [GC 2004518K->380632K(2164800K), 0.0437380 secs]
30.696: [GC 2003749K->381300K(2177536K), 0.0441080 secs]
32.362: [GC 1960577K->380944K(2121088K), 0.0438590 secs]
34.035: [GC 1959756K->383469K(2168256K), 0.0445020 secs]
35.664: [GC 1937586K->377208K(2091328K), 0.0431550 secs]
37.302: [GC 1929914K->379205K(2169984K), 0.0433210 secs]
38.944: [GC 1926889K->385781K(2094016K), 0.0450690 secs]
40.559: [GC 1934325K->391310K(2166336K), 0.0466560 secs]
42.191: [GC 1931473K->391323K(2167488K), 0.0439510 secs]
43.845: [GC 1932315K->394182K(2164928K), 0.0447470 secs]
45.479: [GC 1936070K->393647K(2166336K), 0.0446180 secs]
47.114: [GC 1934627K->394857K(2164608K), 0.0446340 secs]
48.752: [GC 1941556K->388994K(2166592K), 0.0424080 secs]
50.373: [GC 1934983K->395586K(2171328K), 0.0444580 secs]
52.038: [GC 1956802K->397299K(2171072K), 0.0443170 secs]
53.688: [GC 1956934K->395365K(2179648K), 0.0435150 secs]
55.342: [GC 1972837K->396210K(2180160K), 0.0438980 secs]
57.023: [GC 1972776K->398592K(2188288K), 0.0439620 secs]
58.706: [GC 1990720K->392546K(2187840K), 0.0426890 secs]
60.379: [GC 1984674K->396333K(2193920K), 0.0436100 secs]
