0.533: [GC 95424K->59898K(365760K), 0.0842100 secs]
0.698: [GC 155322K->119850K(461184K), 0.1108730 secs]
1.104: [GC 308897K->164609K(461184K), 0.0707080 secs]
1.403: [GC 354683K->173744K(652032K), 0.0135260 secs]
1.906: [GC 554859K->189596K(652032K), 0.0365830 secs]
2.372: [GC 569575K->203396K(1104064K), 0.0291630 secs]
3.316: [GC 965875K->222906K(1104896K), 0.0356030 secs]
4.174: [GC 986289K->237652K(1861952K), 0.0254120 secs]
6.010: [GC 1762226K->264201K(1862912K), 0.0725290 secs]
7.680: [GC 1789816K->286504K(2194688K), 0.0464810 secs]
7.727: [Full GC 286504K->173238K(2313472K), 0.4915620 secs]
10.168: [GC 2023990K->219141K(2316480K), 0.0176490 secs]
12.110: [GC 2069893K->252993K(2309952K), 0.0413010 secs]
14.136: [GC 2104921K->290058K(2312448K), 0.0278240 secs]
16.110: [GC 2143434K->314898K(2280448K), 0.0347880 secs]
18.040: [GC 2126354K->338452K(2260736K), 0.0427830 secs]
19.996: [GC 2148733K->364552K(2277120K), 0.0296730 secs]
21.910: [GC 2155912K->380258K(2282432K), 0.0334380 secs]
23.814: [GC 2169682K->391529K(2234560K), 0.0359860 secs]
25.674: [GC 2126124K->408658K(2227072K), 0.0423550 secs]
27.517: [GC 2143442K->422013K(2228224K), 0.0363610 secs]
29.321: [GC 2118397K->426256K(2206272K), 0.0381420 secs]
31.123: [GC 2122640K->434168K(2207552K), 0.0400940 secs]
32.878: [GC 2088410K->436855K(2174912K), 0.0414300 secs]
34.628: [GC 2091255K->438553K(2193856K), 0.0404600 secs]
36.329: [GC 2058106K->440441K(2144832K), 0.0409000 secs]
38.060: [GC 2061177K->443376K(2184192K), 0.0409870 secs]
39.736: [GC 2040327K->453090K(2133952K), 0.0439990 secs]
41.430: [GC 2048900K->454938K(2170112K), 0.0448050 secs]
43.103: [GC 2025114K->457181K(2110976K), 0.0448300 secs]
44.782: [GC 2025441K->455162K(2165888K), 0.0444530 secs]
46.427: [GC 2008191K->455582K(2092288K), 0.0442850 secs]
48.092: [GC 2010398K->454016K(2169088K), 0.0441660 secs]
49.723: [GC 2006820K->454627K(2086272K), 0.0432360 secs]
51.372: [GC 2009123K->459465K(2166592K), 0.0445020 secs]
53.031: [GC 2015625K->454297K(2164928K), 0.0426430 secs]
54.692: [GC 2010457K->458129K(2170304K), 0.0429440 secs]
56.344: [GC 2024051K->461263K(2167296K), 0.0440000 secs]
58.010: [GC 2027235K->460590K(2177728K), 0.0434950 secs]
59.673: [GC 2040430K->457080K(2175424K), 0.0419640 secs]
