1.111: [GC 95424K->31586K(365760K), 0.0592590 secs]
1.338: [GC 127010K->64809K(461184K), 0.0696890 secs]
1.729: [GC 255657K->132800K(461184K), 0.0753000 secs]
2.103: [GC 323648K->195660K(652032K), 0.0999410 secs]
2.203: [Full GC 195660K->195632K(825152K), 0.6015130 secs]
3.777: [GC 577328K->233545K(825152K), 0.0362200 secs]
4.529: [GC 615241K->252138K(1021632K), 0.0169460 secs]
5.462: [GC 770732K->273196K(1044992K), 0.0222280 secs]
6.317: [GC 790102K->281587K(1158720K), 0.0244870 secs]
7.331: [GC 940019K->292339K(1179520K), 0.0247880 secs]
8.343: [GC 950771K->308121K(1266368K), 0.0327030 secs]
9.442: [GC 1049497K->315778K(1274816K), 0.0302630 secs]
10.535: [GC 1056084K->325223K(1356800K), 0.0365790 secs]
11.755: [GC 1139111K->333565K(1367872K), 0.0356760 secs]
12.959: [GC 1147453K->350909K(1443008K), 0.0443400 secs]
14.238: [GC 1226460K->360560K(1458752K), 0.0427490 secs]
15.586: [GC 1237543K->369709K(1538688K), 0.0501250 secs]
16.945: [GC 1310701K->377320K(1554880K), 0.0468380 secs]
18.310: [GC 1318312K->384540K(1611264K), 0.0525140 secs]
19.758: [GC 1366300K->392509K(1626112K), 0.0510910 secs]
21.210: [GC 1372714K->394391K(1688960K), 0.0547740 secs]
22.726: [GC 1424408K->404243K(1698240K), 0.0503980 secs]
24.244: [GC 1433342K->406835K(1761152K), 0.0530720 secs]
25.827: [GC 1490739K->411593K(1766656K), 0.0523260 secs]
27.419: [GC 1494572K->416265K(1828672K), 0.0543030 secs]
29.104: [GC 1558089K->412636K(1831680K), 0.0508830 secs]
30.769: [GC 1552519K->412362K(1868544K), 0.0504530 secs]
32.499: [GC 1599626K->421832K(1872704K), 0.0529570 secs]
34.251: [GC 1609096K->426243K(1915648K), 0.0544880 secs]
36.059: [GC 1659651K->430320K(1916992K), 0.0536620 secs]
37.883: [GC 1662850K->433902K(1961088K), 0.0554110 secs]
39.758: [GC 1714158K->434412K(1962368K), 0.0521280 secs]
41.666: [GC 1714668K->436463K(2000960K), 0.0554460 secs]
43.564: [GC 1763759K->435187K(2004032K), 0.0530300 secs]
45.499: [GC 1762483K->439788K(2032768K), 0.0541050 secs]
47.464: [GC 1806700K->444361K(2036416K), 0.0540000 secs]
49.382: [GC 1811273K->444997K(2068288K), 0.0541600 secs]
51.391: [GC 1852037K->448885K(2071296K), 0.0543510 secs]
53.419: [GC 1855925K->449554K(2101824K), 0.0545020 secs]
55.546: [GC 1896978K->453329K(2105792K), 0.0548080 secs]
57.661: [GC 1900753K->460263K(2141568K), 0.0568370 secs]
59.813: [GC 1947584K->463357K(2142656K), 0.0552860 secs]
61.951: [GC 1951485K->463541K(2175616K), 0.0562060 secs]
