0.545: [GC 95424K->59885K(365760K), 0.0869410 secs]
0.719: [GC 155309K->119813K(461184K), 0.0884300 secs]
1.157: [GC 310619K->164422K(461184K), 0.0556770 secs]
1.518: [GC 355072K->170596K(652032K), 0.0157020 secs]
2.180: [GC 552064K->175818K(652032K), 0.0229540 secs]
2.786: [GC 557467K->182275K(1107648K), 0.0193530 secs]
3.996: [GC 945630K->191779K(1108352K), 0.0117100 secs]
5.176: [GC 953387K->202450K(1860992K), 0.0126290 secs]
7.558: [GC 1728514K->223064K(1864832K), 0.0166720 secs]
9.891: [GC 1748730K->245414K(2205504K), 0.0223460 secs]
12.773: [GC 2114514K->262936K(2206848K), 0.0284870 secs]
12.802: [Full GC 262936K->175693K(2333952K), 0.4780170 secs]
15.955: [GC 2045001K->206122K(2331840K), 0.0128580 secs]
18.675: [GC 2078279K->227684K(2333056K), 0.0179120 secs]
21.370: [GC 2100514K->241486K(2328000K), 0.0198720 secs]
23.934: [GC 2107583K->245218K(2318912K), 0.0193930 secs]
26.410: [GC 2111673K->258925K(2309312K), 0.0238050 secs]
28.959: [GC 2097261K->266401K(2310656K), 0.0255060 secs]
31.597: [GC 2103558K->273359K(2285056K), 0.0270420 secs]
34.196: [GC 2068371K->284667K(2287424K), 0.0303100 secs]
36.851: [GC 2079610K->294124K(2256192K), 0.0325210 secs]
39.373: [GC 2038263K->304284K(2254976K), 0.0348670 secs]
41.808: [GC 2048537K->311947K(2229056K), 0.0360840 secs]
44.186: [GC 1998404K->316438K(2210048K), 0.0377950 secs]
46.593: [GC 2002953K->323108K(2205824K), 0.0385100 secs]
48.859: [GC 1958723K->328201K(2171584K), 0.0396800 secs]
51.165: [GC 1965182K->325990K(2191232K), 0.0387230 secs]
53.449: [GC 1923544K->331235K(2133632K), 0.0411620 secs]
55.682: [GC 1929428K->333647K(2183104K), 0.0404110 secs]
57.900: [GC 1908533K->333398K(2109248K), 0.0394780 secs]
60.120: [GC 1908525K->338404K(2180288K), 0.0404360 secs]
