0.542: [GC 95424K->59882K(365760K), 0.0777550 secs]
0.705: [GC 155306K->119810K(461184K), 0.0719900 secs]
1.081: [GC 310633K->165385K(461184K), 0.0469170 secs]
1.364: [GC 354940K->171055K(652032K), 0.0147440 secs]
1.862: [GC 551705K->177292K(652032K), 0.0363830 secs]
2.327: [GC 557907K->183660K(1107776K), 0.0166020 secs]
3.304: [GC 945678K->195711K(1108352K), 0.0183200 secs]
4.203: [GC 958811K->206604K(1859136K), 0.0235830 secs]
6.130: [GC 1732236K->226761K(1863552K), 0.0683510 secs]
7.963: [GC 1752602K->248214K(2206592K), 0.0322400 secs]
10.245: [GC 2116987K->271955K(2163200K), 0.0336310 secs]
10.296: [Full GC 271955K->177599K(2292928K), 0.4856270 secs]
12.855: [GC 2046961K->211692K(2336704K), 0.0125590 secs]
14.967: [GC 2082556K->235407K(2334656K), 0.0187220 secs]
17.110: [GC 2106671K->251586K(2324992K), 0.0592010 secs]
19.262: [GC 2112322K->268798K(2332416K), 0.0318550 secs]
21.372: [GC 2128991K->282394K(2298880K), 0.0327160 secs]
23.489: [GC 2108999K->302124K(2307968K), 0.0284420 secs]
25.646: [GC 2129324K->314784K(2275584K), 0.0316540 secs]
27.705: [GC 2093595K->318675K(2276800K), 0.0322300 secs]
29.760: [GC 2098099K->337915K(2246848K), 0.0374690 secs]
31.743: [GC 2059637K->342283K(2243584K), 0.0374080 secs]
33.733: [GC 2064857K->347693K(2221376K), 0.0386750 secs]
35.665: [GC 2012373K->349338K(2193920K), 0.0381680 secs]
37.600: [GC 2013362K->356470K(2201536K), 0.0401240 secs]
39.467: [GC 1976616K->359009K(2158912K), 0.0435030 secs]
41.349: [GC 1979947K->368672K(2182080K), 0.0427110 secs]
43.178: [GC 1949362K->370573K(2130432K), 0.0429500 secs]
45.002: [GC 1950358K->366370K(2174528K), 0.0429250 secs]
46.769: [GC 1919495K->367460K(2097536K), 0.0425990 secs]
48.517: [GC 1921892K->372899K(2174656K), 0.0435380 secs]
50.306: [GC 1920081K->371127K(2086080K), 0.0407130 secs]
52.079: [GC 1917200K->372938K(2177728K), 0.0415190 secs]
53.860: [GC 1923072K->375686K(2090112K), 0.0419200 secs]
55.621: [GC 1926189K->375181K(2179136K), 0.0407180 secs]
57.394: [GC 1932073K->381041K(2174976K), 0.0417370 secs]
59.192: [GC 1936943K->382579K(2182912K), 0.0418410 secs]
