1.150: [GC 94789K->30481K(365760K), 0.0563790 secs]
1.366: [GC 125905K->63398K(461184K), 0.0806010 secs]
1.744: [GC 254246K->134469K(461184K), 0.1243700 secs]
2.149: [GC 325317K->197048K(652032K), 0.1775330 secs]
2.326: [Full GC 197048K->197017K(819136K), 0.5631330 secs]
3.583: [GC 578713K->235942K(819136K), 0.0287940 secs]
3.870: [GC 616273K->251854K(1062528K), 0.0177860 secs]
4.201: [GC 811010K->258801K(1081664K), 0.0219960 secs]
4.532: [GC 817778K->267911K(1271808K), 0.0258800 secs]
4.991: [GC 1047261K->273230K(1293440K), 0.0354080 secs]
5.456: [GC 1051009K->283054K(1435904K), 0.0264480 secs]
6.002: [GC 1220105K->289932K(1449216K), 0.0352340 secs]
6.541: [GC 1226878K->296843K(1624320K), 0.0389510 secs]
7.170: [GC 1407243K->305303K(1628992K), 0.0428660 secs]
7.816: [GC 1415472K->309489K(1824960K), 0.0441230 secs]
8.566: [GC 1608903K->320327K(1831744K), 0.0498450 secs]
9.348: [GC 1619005K->331875K(2045824K), 0.0542600 secs]
10.208: [GC 1835339K->338654K(2057472K), 0.0590070 secs]
11.062: [GC 1841868K->341932K(2221056K), 0.0607050 secs]
11.992: [GC 1996989K->351143K(2231552K), 0.0643310 secs]
12.900: [GC 2005785K->361786K(2272256K), 0.0689330 secs]
13.803: [GC 2046258K->373630K(2248448K), 0.0677160 secs]
14.774: [GC 2057507K->377851K(2256448K), 0.0677840 secs]
15.763: [GC 2025408K->374759K(2204928K), 0.0661720 secs]
16.733: [GC 2023227K->384244K(2252096K), 0.0691860 secs]
17.700: [GC 2017823K->390178K(2197568K), 0.0702170 secs]
18.707: [GC 2023332K->390100K(2250176K), 0.0695080 secs]
19.680: [GC 2012617K->399049K(2190400K), 0.0733680 secs]
20.659: [GC 2022888K->401323K(2248128K), 0.0718830 secs]
21.563: [GC 2019627K->396468K(2173248K), 0.0669620 secs]
22.485: [GC 2014772K->403640K(2247424K), 0.0703110 secs]
23.368: [GC 2022756K->405839K(2245376K), 0.0693280 secs]
24.333: [GC 2025554K->414096K(2250816K), 0.0725380 secs]
25.274: [GC 2042697K->413156K(2249216K), 0.0680460 secs]
26.184: [GC 2041518K->413261K(2252352K), 0.0666630 secs]
27.098: [GC 2056936K->416556K(2252224K), 0.0664800 secs]
28.048: [GC 2059567K->418966K(2265728K), 0.0639900 secs]
29.039: [GC 2085544K->431272K(2264768K), 0.0691580 secs]
29.970: [GC 2096748K->437208K(2278272K), 0.0696910 secs]
30.876: [GC 2119097K->443644K(2276352K), 0.0709510 secs]
31.796: [GC 2125406K->443662K(2284032K), 0.0702690 secs]
32.773: [GC 2136395K->457418K(2283008K), 0.0732330 secs]
33.745: [GC 2150465K->459822K(2286848K), 0.0740220 secs]
34.727: [GC 2154847K->465606K(2259520K), 0.0729610 secs]
35.630: [GC 2160222K->468664K(2285504K), 0.0756950 secs]
36.579: [GC 2160162K->473227K(2259200K), 0.0758760 secs]
37.491: [GC 2165334K->479321K(2282304K), 0.0780680 secs]
38.425: [GC 2166857K->486849K(2262720K), 0.0785990 secs]
39.429: [GC 2175009K->492195K(2277760K), 0.0802380 secs]
40.368: [GC 2172835K->490745K(2279744K), 0.0779280 secs]
41.334: [GC 2170752K->492372K(2278080K), 0.0778720 secs]
42.296: [GC 2171944K->494230K(2279040K), 0.0763890 secs]
43.282: [GC 2174156K->505198K(2278976K), 0.0807940 secs]
44.239: [GC 2185426K->504936K(2280384K), 0.0777470 secs]
45.188: [GC 2185265K->507507K(2277504K), 0.0787490 secs]
46.137: [GC 2188528K->510388K(2279168K), 0.0793320 secs]
47.062: [GC 2192509K->516465K(2279488K), 0.0787910 secs]
48.041: [GC 2202865K->520157K(2281024K), 0.0778960 secs]
48.987: [GC 2205032K->525994K(2281472K), 0.0748830 secs]
49.944: [GC 2217281K->522566K(2282240K), 0.0735480 secs]
50.945: [GC 2214297K->537479K(2287872K), 0.0767200 secs]
51.863: [GC 2236468K->532870K(2288256K), 0.0740800 secs]
52.807: [GC 2231454K->539104K(2289024K), 0.0720480 secs]
53.788: [GC 2241950K->542122K(2289664K), 0.0744250 secs]
54.779: [GC 2244642K->551047K(2290112K), 0.0752190 secs]
55.711: [GC 2257282K->555284K(2291200K), 0.0772640 secs]
56.671: [GC 2262471K->557006K(2291840K), 0.0764370 secs]
57.643: [GC 2269326K->570945K(2293632K), 0.0793160 secs]
57.722: [Full GC 570945K->214013K(2306816K), 0.7244370 secs]
59.350: [GC 1924540K->240351K(2271872K), 0.0170760 secs]
60.254: [GC 1915224K->253958K(2149888K), 0.0232050 secs]
61.149: [GC 1927163K->263429K(2267712K), 0.0283660 secs]
62.109: [GC 1904257K->277967K(2140480K), 0.0379130 secs]
63.037: [GC 1919050K->291120K(2275776K), 0.0395070 secs]
