0.537: [GC 95424K->59885K(365760K), 0.0792390 secs]
0.700: [GC 155309K->119809K(461184K), 0.1023010 secs]
1.533: [GC 310583K->163212K(461184K), 0.0595410 secs]
2.365: [GC 352274K->169140K(652032K), 0.0533260 secs]
4.029: [GC 549656K->179036K(652032K), 0.0332920 secs]
5.719: [GC 560732K->191611K(1104256K), 0.0344720 secs]
9.053: [GC 955003K->207654K(1105984K), 0.0228770 secs]
12.278: [GC 971046K->224556K(1864064K), 0.0205980 secs]
19.029: [GC 1751276K->245353K(1864128K), 0.0646260 secs]
25.357: [GC 1771449K->267178K(2203648K), 0.0415460 secs]
25.398: [Full GC 267178K->173841K(2309248K), 0.4753780 secs]
33.685: [GC 2036369K->216870K(2265664K), 0.0162630 secs]
41.702: [GC 2077969K->251525K(2309632K), 0.0299570 secs]
49.622: [GC 2117253K->276733K(2306432K), 0.0293790 secs]
57.846: [GC 2142461K->307239K(2312832K), 0.0270460 secs]
