0.532: [GC 95424K->59882K(365760K), 0.1386260 secs]
0.766: [GC 155306K->119834K(461184K), 0.0712920 secs]
1.526: [GC 310608K->163261K(461184K), 0.0460270 secs]
2.269: [GC 352202K->169205K(652032K), 0.0119970 secs]
3.768: [GC 550901K->179146K(652032K), 0.0324560 secs]
5.328: [GC 560756K->191383K(1104512K), 0.0113000 secs]
8.365: [GC 953094K->208862K(1106112K), 0.0167550 secs]
11.352: [GC 972254K->225483K(1863552K), 0.0180900 secs]
17.624: [GC 1750193K->248124K(1863936K), 0.0252280 secs]
23.488: [GC 1773445K->267980K(2202880K), 0.0311560 secs]
23.519: [Full GC 267980K->173843K(2317184K), 0.5593410 secs]
31.480: [GC 2034707K->218825K(2274624K), 0.0177360 secs]
39.107: [GC 2079689K->251527K(2317056K), 0.0300130 secs]
46.618: [GC 2115527K->278393K(2313920K), 0.0297930 secs]
54.435: [GC 2142393K->308491K(2313600K), 0.0228750 secs]
