1.152: [GC 94828K->30493K(365760K), 0.0683220 secs]
1.382: [GC 125917K->63134K(461184K), 0.0617120 secs]
1.744: [GC 253982K->133749K(461184K), 0.1275330 secs]
2.156: [GC 324597K->196312K(652032K), 0.1507850 secs]
2.306: [Full GC 196312K->196279K(819904K), 0.5519370 secs]
3.879: [GC 577975K->225343K(819904K), 0.0353360 secs]
4.684: [GC 607039K->230345K(1048896K), 0.0146070 secs]
5.713: [GC 776265K->234363K(1072896K), 0.0174040 secs]
6.699: [GC 780283K->241615K(1204864K), 0.0157180 secs]
8.033: [GC 959887K->247080K(1238720K), 0.0191800 secs]
9.493: [GC 965352K->253049K(1302912K), 0.0192420 secs]
11.175: [GC 1068281K->260416K(1326016K), 0.0682980 secs]
12.873: [GC 1075648K->268914K(1411264K), 0.0470260 secs]
14.661: [GC 1178034K->274892K(1419584K), 0.0237910 secs]
16.256: [GC 1184012K->281980K(1504640K), 0.0376720 secs]
17.980: [GC 1273084K->289285K(1509504K), 0.0263900 secs]
19.900: [GC 1280389K->295857K(1586240K), 0.0294440 secs]
22.291: [GC 1357297K->302035K(1593600K), 0.0278530 secs]
24.505: [GC 1363475K->305504K(1638080K), 0.0306490 secs]
27.053: [GC 1403424K->313918K(1645632K), 0.0305790 secs]
30.075: [GC 1411838K->319247K(1686976K), 0.0357990 secs]
33.152: [GC 1449551K->325822K(1692288K), 0.0313550 secs]
36.241: [GC 1456126K->331597K(1724480K), 0.0322020 secs]
39.645: [GC 1488077K->338140K(1730816K), 0.0358890 secs]
42.849: [GC 1494620K->348382K(1758976K), 0.0355320 secs]
46.215: [GC 1526686K->355308K(1766336K), 0.0362230 secs]
49.662: [GC 1533612K->369165K(1785152K), 0.0401540 secs]
52.093: [GC 1558925K->373483K(1794496K), 0.0377540 secs]
54.406: [GC 1563243K->377632K(1818432K), 0.0379930 secs]
56.864: [GC 1583968K->379241K(1824128K), 0.0363690 secs]
59.312: [GC 1585577K->382501K(1849856K), 0.0395550 secs]
61.855: [GC 1610853K->389100K(1852288K), 0.0385510 secs]
