0.531: [GC 95424K->59861K(365760K), 0.1022620 secs]
0.716: [GC 155285K->119777K(461184K), 0.0682480 secs]
1.279: [GC 310303K->166829K(461184K), 0.0941770 secs]
2.030: [GC 356230K->171048K(652032K), 0.0232090 secs]
3.210: [GC 551317K->173532K(652032K), 0.0152210 secs]
4.250: [GC 555083K->176452K(1109760K), 0.0091990 secs]
6.984: [GC 939093K->182145K(1110016K), 0.0626290 secs]
10.290: [GC 944061K->187793K(1867328K), 0.0210940 secs]
16.737: [GC 1714043K->203176K(1869376K), 0.0132680 secs]
23.703: [GC 1729960K->212488K(2197248K), 0.0555910 secs]
32.047: [GC 2075372K->223606K(2198336K), 0.0466880 secs]
32.094: [Full GC 223606K->176320K(2309760K), 0.5795000 secs]
40.808: [GC 2040009K->190901K(2319488K), 0.0311380 secs]
47.316: [GC 2066915K->205337K(2320704K), 0.0577790 secs]
55.556: [GC 2082585K->212731K(2322240K), 0.0853010 secs]
