0.533: [GC 95424K->60468K(365760K), 0.1079740 secs]
0.728: [GC 155892K->122697K(461184K), 0.0795110 secs]
1.224: [GC 313451K->168311K(461184K), 0.0422550 secs]
1.657: [GC 358497K->172506K(652032K), 0.0215410 secs]
2.502: [GC 553604K->174745K(652032K), 0.0120910 secs]
3.233: [GC 555329K->177779K(1111616K), 0.0376500 secs]
4.874: [GC 939368K->183880K(1112128K), 0.0322890 secs]
6.484: [GC 947272K->190638K(1868032K), 0.0262450 secs]
9.686: [GC 1717422K->202880K(1870656K), 0.0152800 secs]
12.659: [GC 1729664K->208562K(2196608K), 0.0189230 secs]
16.504: [GC 2069938K->218286K(2197760K), 0.0195250 secs]
16.524: [Full GC 218286K->177104K(2327360K), 0.7082960 secs]
20.887: [GC 2038480K->191572K(2335232K), 0.0098020 secs]
24.684: [GC 2063213K->205774K(2336512K), 0.0184360 secs]
28.275: [GC 2078862K->212941K(2337600K), 0.0305470 secs]
32.191: [GC 2092978K->221978K(2337536K), 0.0246180 secs]
36.011: [GC 2103066K->228630K(2341184K), 0.0297400 secs]
39.834: [GC 2112662K->237696K(2328704K), 0.0306050 secs]
43.625: [GC 2121176K->243626K(2325952K), 0.0442000 secs]
47.279: [GC 2103619K->249756K(2317504K), 0.0369030 secs]
51.100: [GC 2110492K->254969K(2310144K), 0.0493520 secs]
55.222: [GC 2085687K->264782K(2303168K), 0.0482690 secs]
59.127: [GC 2096206K->269663K(2289600K), 0.0469450 secs]
