1.163: [GC 94827K->30501K(365760K), 0.0561680 secs]
1.383: [GC 125925K->63418K(461184K), 0.0608030 secs]
1.757: [GC 254266K->133965K(461184K), 0.1224390 secs]
2.173: [GC 324813K->196568K(652032K), 0.1543410 secs]
2.328: [Full GC 196568K->196551K(817088K), 0.4549790 secs]
3.352: [GC 578247K->227776K(817088K), 0.0467500 secs]
3.615: [GC 609472K->231269K(1076160K), 0.0148550 secs]
3.897: [GC 798344K->234484K(1092480K), 0.0161880 secs]
4.120: [GC 801121K->235202K(1317376K), 0.0212570 secs]
4.489: [GC 1045762K->239441K(1330496K), 0.0159050 secs]
4.830: [GC 1050001K->245397K(1493504K), 0.0289450 secs]
5.342: [GC 1236055K->251954K(1503680K), 0.0295630 secs]
5.900: [GC 1243506K->259779K(1663104K), 0.0221280 secs]
6.553: [GC 1438851K->271283K(1684160K), 0.0638000 secs]
7.253: [GC 1450355K->271321K(1898176K), 0.0384100 secs]
8.055: [GC 1669411K->283794K(1907840K), 0.0425850 secs]
8.901: [GC 1681117K->290891K(2145024K), 0.0384130 secs]
9.973: [GC 1922315K->297448K(2152960K), 0.0428890 secs]
10.983: [GC 1927627K->306366K(2319872K), 0.0470260 secs]
12.036: [GC 2095558K->315322K(2313472K), 0.0516120 secs]
13.129: [GC 2105850K->323498K(2310016K), 0.0536740 secs]
14.211: [GC 2084138K->325368K(2283008K), 0.0513850 secs]
15.244: [GC 2086008K->337245K(2293952K), 0.0545170 secs]
16.300: [GC 2066038K->343611K(2269248K), 0.0587180 secs]
17.375: [GC 2072620K->349083K(2277632K), 0.0608900 secs]
18.403: [GC 2045851K->353782K(2241472K), 0.0633820 secs]
19.438: [GC 2050550K->356399K(2268672K), 0.0613690 secs]
20.515: [GC 2029231K->362932K(2222720K), 0.0652830 secs]
21.600: [GC 2035450K->367671K(2259648K), 0.0652330 secs]
22.650: [GC 2020408K->373925K(2208576K), 0.0686120 secs]
23.468: [GC 2027173K->374113K(2258752K), 0.0681410 secs]
24.128: [GC 2016882K->377231K(2259136K), 0.0661680 secs]
24.813: [GC 2020751K->385245K(2258624K), 0.0649930 secs]
25.495: [GC 2028381K->379092K(2184192K), 0.0629570 secs]
26.191: [GC 2020497K->388485K(2257600K), 0.0663860 secs]
26.883: [GC 2034629K->391977K(2254912K), 0.0619080 secs]
27.561: [GC 2038121K->386603K(2257920K), 0.0631380 secs]
28.250: [GC 2046891K->398422K(2259072K), 0.0620210 secs]
28.951: [GC 2058710K->397931K(2267136K), 0.0623880 secs]
29.635: [GC 2078955K->399557K(2270208K), 0.0591090 secs]
30.308: [GC 2080581K->402466K(2279232K), 0.0583870 secs]
31.013: [GC 2103906K->406373K(2281408K), 0.0580390 secs]
31.881: [GC 2106296K->409677K(2290752K), 0.0562230 secs]
32.717: [GC 2127885K->415397K(2292160K), 0.0565880 secs]
33.567: [GC 2133605K->423915K(2296448K), 0.0546250 secs]
34.433: [GC 2151462K->432018K(2298048K), 0.0574380 secs]
35.245: [GC 2161426K->431946K(2303488K), 0.0540430 secs]
36.066: [GC 2172490K->437265K(2304064K), 0.0547250 secs]
36.938: [GC 2177809K->442480K(2307392K), 0.0510370 secs]
37.787: [GC 2192432K->445530K(2308480K), 0.0533540 secs]
38.613: [GC 2194117K->448313K(2313472K), 0.0532270 secs]
39.399: [GC 2208057K->447127K(2314368K), 0.0527820 secs]
40.181: [GC 2206871K->450858K(2317504K), 0.0518130 secs]
40.951: [GC 2217706K->454588K(2318592K), 0.0562690 secs]
41.675: [GC 2221436K->460237K(2319360K), 0.0511180 secs]
42.445: [GC 2232781K->464792K(2321088K), 0.0915190 secs]
43.256: [GC 2237336K->468394K(2322880K), 0.0529700 secs]
44.006: [GC 2248170K->471624K(2324352K), 0.0602360 secs]
44.843: [GC 2251400K->478183K(2326272K), 0.0583940 secs]
45.681: [GC 2265029K->487403K(2328192K), 0.0588650 secs]
46.538: [GC 2274539K->495310K(2331392K), 0.0624030 secs]
47.421: [GC 2285390K->498557K(2320832K), 0.0620600 secs]
48.305: [GC 2288354K->501942K(2331840K), 0.0625430 secs]
49.155: [GC 2290870K->505985K(2318400K), 0.0621100 secs]
50.047: [GC 2294913K->511446K(2331456K), 0.0629080 secs]
51.003: [GC 2299680K->520729K(2326272K), 0.0636600 secs]
52.041: [GC 2309465K->522326K(2325568K), 0.0660530 secs]
53.028: [GC 2301301K->527855K(2317184K), 0.0670410 secs]
54.014: [GC 2307951K->536812K(2320320K), 0.0678520 secs]
54.082: [Full GC 536812K->213358K(2331520K), 0.6242110 secs]
55.627: [GC 1985006K->230617K(2219648K), 0.0102470 secs]
56.556: [GC 2001214K->242950K(2304960K), 0.0179920 secs]
57.419: [GC 1971334K->254012K(2199808K), 0.0228570 secs]
58.260: [GC 1982396K->268833K(2310656K), 0.0297440 secs]
59.177: [GC 1991905K->273213K(2213696K), 0.0345220 secs]
60.101: [GC 1996285K->283381K(2311680K), 0.0379910 secs]
61.195: [GC 2011189K->293205K(2306944K), 0.0435530 secs]
62.304: [GC 2020207K->304123K(2309632K), 0.0484110 secs]
