0.536: [GC 95424K->59897K(365760K), 0.0978590 secs]
0.715: [GC 155321K->119825K(461184K), 0.0566040 secs]
1.171: [GC 309454K->170867K(461184K), 0.0625290 secs]
2.076: [GC 360092K->178775K(652032K), 0.0131060 secs]
3.409: [GC 560318K->179888K(652032K), 0.0119300 secs]
4.710: [GC 560857K->180179K(1109568K), 0.0429950 secs]
7.815: [GC 942158K->180497K(1110464K), 0.0113470 secs]
11.608: [GC 942993K->182630K(1872768K), 0.0076620 secs]
18.252: [GC 1707486K->183570K(1872832K), 0.0077140 secs]
26.665: [GC 1706605K->187592K(2193728K), 0.0048370 secs]
35.340: [GC 2036621K->190149K(2194752K), 0.0045590 secs]
45.487: [GC 2040005K->189302K(2196096K), 0.0040510 secs]
54.980: [GC 2046355K->193434K(2197248K), 0.0049420 secs]
