0.535: [GC 95424K->59882K(365760K), 0.0732070 secs]
0.697: [GC 155306K->119826K(461184K), 0.0967270 secs]
1.095: [GC 309455K->170908K(461184K), 0.0385900 secs]
1.569: [GC 361756K->176671K(652032K), 0.0125140 secs]
2.517: [GC 558193K->180250K(652032K), 0.0203220 secs]
3.293: [GC 561170K->182013K(1109376K), 0.0129140 secs]
4.829: [GC 944411K->182020K(1110016K), 0.0111020 secs]
6.445: [GC 944735K->184240K(1872704K), 0.0099990 secs]
9.308: [GC 1709744K->184850K(1872704K), 0.0130680 secs]
12.817: [GC 1708517K->188514K(2194624K), 0.0081180 secs]
16.769: [GC 2039650K->191224K(2195584K), 0.0061120 secs]
21.003: [GC 2040931K->194204K(2196032K), 0.0037940 secs]
24.733: [GC 2052124K->197047K(2197504K), 0.0052180 secs]
29.327: [GC 2054967K->202542K(2199168K), 0.0060550 secs]
33.366: [GC 2070293K->204463K(2201344K), 0.0061160 secs]
37.710: [GC 2072495K->207259K(2044480K), 0.0053070 secs]
41.881: [GC 1985984K->209438K(1960192K), 0.0091000 secs]
45.483: [GC 1903453K->212783K(1880128K), 0.0084580 secs]
48.726: [GC 1827761K->215058K(1802752K), 0.0088150 secs]
51.852: [GC 1753271K->218298K(1729984K), 0.0133110 secs]
55.027: [GC 1682716K->222212K(1662400K), 0.0117070 secs]
58.747: [GC 1619780K->223125K(1595136K), 0.0089080 secs]
