1.171: [GC 95424K->31596K(365760K), 0.0657680 secs]
1.401: [GC 127020K->64104K(461184K), 0.1304180 secs]
1.854: [GC 254952K->137203K(461184K), 0.1351590 secs]
2.292: [GC 328051K->199782K(652032K), 0.1500500 secs]
2.442: [Full GC 199782K->199764K(820608K), 0.5761820 secs]
3.699: [GC 581460K->243171K(820608K), 0.0291440 secs]
3.875: [GC 624867K->249217K(1099328K), 0.0279550 secs]
4.144: [GC 826881K->251480K(1104000K), 0.0236470 secs]
4.502: [GC 829144K->255318K(1312960K), 0.0148530 secs]
4.844: [GC 1077782K->265006K(1345408K), 0.0342740 secs]
5.199: [GC 1087470K->266754K(1492928K), 0.0168810 secs]
5.552: [GC 1268738K->277841K(1516416K), 0.0187760 secs]
5.886: [GC 1279706K->276751K(1699328K), 0.0284360 secs]
6.265: [GC 1473999K->280593K(1706496K), 0.0356380 secs]
6.632: [GC 1477841K->281508K(1906496K), 0.0204080 secs]
7.056: [GC 1695920K->277653K(1922496K), 0.0224420 secs]
7.501: [GC 1693056K->281339K(2136512K), 0.0253210 secs]
7.973: [GC 1926267K->282230K(2148608K), 0.0365540 secs]
8.476: [GC 1927158K->285815K(2326400K), 0.0348290 secs]
9.038: [GC 2108425K->286315K(2327104K), 0.0286420 secs]
9.601: [GC 2109995K->286386K(2374016K), 0.0318580 secs]
10.201: [GC 2160946K->292099K(2376000K), 0.0202130 secs]
10.830: [GC 2166659K->289059K(2378432K), 0.0190930 secs]
11.402: [GC 2170238K->293000K(2379008K), 0.0188020 secs]
11.918: [GC 2173544K->299812K(2381952K), 0.0263890 secs]
12.472: [GC 2187271K->305297K(2382720K), 0.0162320 secs]
13.071: [GC 2193937K->303227K(2386880K), 0.0172850 secs]
13.584: [GC 2198246K->311807K(2386432K), 0.0214790 secs]
14.172: [GC 2207039K->312732K(2388864K), 0.0262540 secs]
14.732: [GC 2213404K->312728K(2388160K), 0.0193670 secs]
15.311: [GC 2213400K->319796K(2391488K), 0.0204130 secs]
15.853: [GC 2225268K->320607K(2392128K), 0.0283640 secs]
16.507: [GC 2224165K->326146K(2392128K), 0.0310020 secs]
17.141: [GC 2229536K->323570K(2393344K), 0.0247340 secs]
17.819: [GC 2227489K->330634K(2389312K), 0.0236040 secs]
18.495: [GC 2230881K->326846K(2379648K), 0.0214030 secs]
19.152: [GC 2226231K->332663K(2389312K), 0.0190940 secs]
19.801: [GC 2231543K->334155K(2381376K), 0.0445940 secs]
20.427: [GC 2233035K->344575K(2380800K), 0.0256840 secs]
21.034: [GC 2232831K->335647K(2385024K), 0.0264310 secs]
21.630: [GC 2223903K->339999K(2383360K), 0.0236160 secs]
22.201: [GC 2228391K->345973K(2384640K), 0.0247570 secs]
22.961: [GC 2234664K->348895K(2385600K), 0.0248850 secs]
23.705: [GC 2239071K->354971K(2378496K), 0.0375450 secs]
24.485: [GC 2244567K->357690K(2381440K), 0.0345730 secs]
25.324: [GC 2241245K->366971K(2378624K), 0.0513260 secs]
26.146: [GC 2250875K->369087K(2373632K), 0.0345380 secs]
26.954: [GC 2239186K->378700K(2374848K), 0.0260960 secs]
27.864: [GC 2248568K->379324K(2360640K), 0.0220520 secs]
28.727: [GC 2233020K->391882K(2366528K), 0.0303430 secs]
29.513: [GC 2245492K->383155K(2351936K), 0.0282320 secs]
30.262: [GC 2219827K->392900K(2347840K), 0.0418160 secs]
31.013: [GC 2227717K->394890K(2348992K), 0.0402530 secs]
31.755: [GC 2217098K->398257K(2333504K), 0.0356170 secs]
32.483: [GC 2219252K->405632K(2341248K), 0.0379090 secs]
33.195: [GC 2214528K->411272K(2328576K), 0.0349520 secs]
34.001: [GC 2218811K->409582K(2339008K), 0.0359770 secs]
34.771: [GC 2207572K->412398K(2312128K), 0.0348330 secs]
35.474: [GC 2209620K->417444K(2338560K), 0.0592560 secs]
36.309: [GC 2213703K->415485K(2306048K), 0.0298320 secs]
37.092: [GC 2211090K->423570K(2337792K), 0.0289220 secs]
37.852: [GC 2220754K->426596K(2337856K), 0.0310660 secs]
38.576: [GC 2223780K->430298K(2340992K), 0.0306010 secs]
39.273: [GC 2229565K->432947K(2340928K), 0.0302360 secs]
39.986: [GC 2233375K->439559K(2340288K), 0.0273440 secs]
40.694: [GC 2238896K->440549K(2314880K), 0.0290610 secs]
41.477: [GC 2240741K->438715K(2343168K), 0.0282510 secs]
42.277: [GC 2242299K->444673K(2313728K), 0.0261240 secs]
43.041: [GC 2247740K->446455K(2341504K), 0.0289880 secs]
43.843: [GC 2252210K->454483K(2339584K), 0.0283790 secs]
44.592: [GC 2261394K->455731K(2347520K), 0.0275270 secs]
45.333: [GC 2272819K->461616K(2346048K), 0.0275860 secs]
46.113: [GC 2277464K->461944K(2351104K), 0.0281000 secs]
46.842: [GC 2286072K->466776K(2350336K), 0.0273920 secs]
47.577: [GC 2290904K->463877K(2354304K), 0.0294240 secs]
48.392: [GC 2293125K->472362K(2353664K), 0.0277050 secs]
49.201: [GC 2301610K->468481K(2355200K), 0.0271090 secs]
49.942: [GC 2300609K->473091K(2355392K), 0.0257950 secs]
50.681: [GC 2305219K->478815K(2357248K), 0.0257450 secs]
51.391: [GC 2314399K->475372K(2357824K), 0.0218640 secs]
52.082: [GC 2310956K->476912K(2358400K), 0.0214280 secs]
52.755: [GC 2312055K->481950K(2333120K), 0.0246890 secs]
53.372: [GC 2317330K->487494K(2359616K), 0.0243430 secs]
53.931: [GC 2323505K->494200K(2338560K), 0.0245750 secs]
54.590: [GC 2331192K->491921K(2357760K), 0.0250990 secs]
54.615: [Full GC 491921K->234396K(2407552K), 0.6264300 secs]
55.821: [GC 2071900K->248374K(2324352K), 0.0070290 secs]
56.450: [GC 2085379K->257909K(2391616K), 0.0069330 secs]
57.023: [GC 2069614K->259253K(2309824K), 0.0093330 secs]
57.634: [GC 2071349K->257830K(2390272K), 0.0093800 secs]
58.262: [GC 2060454K->270626K(2392000K), 0.0121060 secs]
58.818: [GC 2073250K->275604K(2386048K), 0.0121920 secs]
59.376: [GC 2079892K->284837K(2389056K), 0.0138110 secs]
59.952: [GC 2089125K->281224K(2390720K), 0.0142680 secs]
60.493: [GC 2097736K->283186K(2392832K), 0.0146710 secs]
61.086: [GC 2098655K->281640K(2400128K), 0.0143730 secs]
61.682: [GC 2114344K->291145K(2401664K), 0.0172260 secs]
62.246: [GC 2123849K->295906K(2411392K), 0.0177950 secs]
62.870: [GC 2141922K->299403K(2410944K), 0.0172520 secs]
63.468: [GC 2144323K->290068K(2409536K), 0.0159800 secs]
