0.537: [GC 95424K->59877K(365760K), 0.0750410 secs]
0.695: [GC 155301K->119817K(461184K), 0.0774520 secs]
1.302: [GC 310224K->166862K(461184K), 0.0710690 secs]
2.067: [GC 357306K->170915K(652032K), 0.0164710 secs]
3.479: [GC 551324K->175736K(652032K), 0.0502830 secs]
4.668: [GC 555766K->179550K(1109248K), 0.0309820 secs]
7.346: [GC 942338K->182337K(1109440K), 0.0148730 secs]
10.158: [GC 944636K->188215K(1868032K), 0.0507200 secs]
16.374: [GC 1713249K->202424K(1869696K), 0.0231390 secs]
21.935: [GC 1727341K->212740K(2196352K), 0.0128100 secs]
28.719: [GC 2075780K->225069K(2197760K), 0.0582320 secs]
28.778: [Full GC 225069K->176591K(2307968K), 0.4870820 secs]
36.087: [GC 2037979K->192915K(2317760K), 0.0071890 secs]
42.919: [GC 2068847K->206714K(2318784K), 0.0253230 secs]
50.150: [GC 2082288K->215807K(2321152K), 0.0159980 secs]
57.175: [GC 2097692K->226509K(2321600K), 0.0172430 secs]
