0.532: [GC 95424K->59882K(365760K), 0.0845120 secs]
0.699: [GC 155306K->119826K(461184K), 0.0889900 secs]
1.224: [GC 310264K->166616K(461184K), 0.0381540 secs]
1.634: [GC 356049K->171067K(652032K), 0.0357900 secs]
2.428: [GC 552264K->175587K(652032K), 0.0128890 secs]
3.171: [GC 556590K->179388K(1109376K), 0.0126720 secs]
4.862: [GC 940957K->187846K(1109504K), 0.0125030 secs]
6.404: [GC 951238K->194865K(1864320K), 0.0127510 secs]
9.624: [GC 1719731K->214602K(1867200K), 0.0165840 secs]
12.449: [GC 1741063K->224652K(2196672K), 0.0198090 secs]
16.054: [GC 2091267K->234058K(2200000K), 0.0205850 secs]
16.075: [Full GC 234058K->174844K(2325120K), 0.5709110 secs]
20.313: [GC 2042428K->196230K(2334272K), 0.0080990 secs]
23.973: [GC 2076522K->209175K(2336128K), 0.0123990 secs]
27.743: [GC 2089623K->220157K(2337408K), 0.0142490 secs]
31.630: [GC 2104039K->226352K(2337280K), 0.0164810 secs]
35.378: [GC 2111856K->242542K(2326528K), 0.0204080 secs]
38.947: [GC 2114816K->249049K(2326592K), 0.0209640 secs]
42.551: [GC 2121817K->253902K(2308032K), 0.0212240 secs]
46.256: [GC 2093137K->268029K(2312576K), 0.0251440 secs]
49.799: [GC 2107600K->271747K(2277120K), 0.0254420 secs]
53.177: [GC 2066416K->276950K(2276544K), 0.0269330 secs]
56.743: [GC 2069898K->280280K(2265664K), 0.0283690 secs]
60.092: [GC 2034914K->289351K(2249408K), 0.0298190 secs]
