1.169: [GC 95424K->31596K(365760K), 0.0968830 secs]
1.424: [GC 127020K->64064K(461184K), 0.0822490 secs]
1.804: [GC 254912K->134647K(461184K), 0.1281990 secs]
2.214: [GC 325495K->197238K(652032K), 0.1375730 secs]
2.352: [Full GC 197238K->197232K(814400K), 0.4536640 secs]
3.400: [GC 578928K->227338K(814400K), 0.0250600 secs]
3.642: [GC 609034K->232672K(1108928K), 0.0466540 secs]
3.938: [GC 823264K->233767K(1111552K), 0.0243600 secs]
4.149: [GC 824359K->234165K(1359040K), 0.0136750 secs]
4.466: [GC 1102325K->234426K(1385216K), 0.0145190 secs]
4.801: [GC 1102586K->238914K(1555200K), 0.0158060 secs]
5.244: [GC 1307074K->243456K(1579200K), 0.0549430 secs]
5.800: [GC 1310492K->254368K(1829248K), 0.0860970 secs]
6.524: [GC 1576293K->261466K(1825664K), 0.0367160 secs]
7.180: [GC 1583898K->264980K(2060416K), 0.0200150 secs]
8.051: [GC 1855060K->275127K(2093888K), 0.0226150 secs]
8.931: [GC 1865896K->284650K(2350080K), 0.0253770 secs]
9.884: [GC 2126178K->292474K(2341312K), 0.0277510 secs]
10.918: [GC 2135930K->298996K(2331776K), 0.0266830 secs]
11.976: [GC 2110068K->308082K(2324544K), 0.0294820 secs]
13.023: [GC 2119074K->309574K(2320512K), 0.0305630 secs]
14.002: [GC 2090950K->318891K(2295488K), 0.0282980 secs]
14.956: [GC 2100267K->325502K(2304128K), 0.0282580 secs]
15.932: [GC 2078846K->332059K(2279488K), 0.0314830 secs]
16.902: [GC 2084536K->342737K(2284096K), 0.0335720 secs]
17.911: [GC 2061009K->346903K(2256704K), 0.0348920 secs]
18.931: [GC 2065175K->349815K(2273344K), 0.0332440 secs]
19.937: [GC 2039415K->353933K(2228160K), 0.0481310 secs]
20.943: [GC 2043533K->358015K(2267904K), 0.0335780 secs]
21.946: [GC 2031487K->367556K(2217280K), 0.0340650 secs]
22.973: [GC 2041028K->366735K(2265152K), 0.0354150 secs]
23.990: [GC 2030095K->379473K(2211648K), 0.0361750 secs]
24.957: [GC 2042833K->375032K(2263616K), 0.0336650 secs]
25.898: [GC 2032312K->379827K(2198976K), 0.0365560 secs]
26.870: [GC 2036882K->387250K(2262784K), 0.0374120 secs]
27.857: [GC 2045170K->392371K(2262144K), 0.0364010 secs]
28.819: [GC 2050291K->400332K(2264512K), 0.0376210 secs]
29.826: [GC 2060809K->401626K(2204160K), 0.0367690 secs]
30.879: [GC 2062554K->405040K(2265920K), 0.0376960 secs]
31.878: [GC 2070128K->409913K(2263616K), 0.0372930 secs]
32.896: [GC 2075001K->415675K(2267968K), 0.0345260 secs]
33.973: [GC 2088571K->414514K(2265728K), 0.0363850 secs]
35.069: [GC 2087410K->425369K(2272448K), 0.0370440 secs]
36.201: [GC 2109721K->424834K(2269568K), 0.0353410 secs]
37.308: [GC 2109186K->425682K(2279552K), 0.0350470 secs]
38.510: [GC 2126354K->436264K(2277504K), 0.0360210 secs]
39.732: [GC 2136936K->449538K(2287296K), 0.0381200 secs]
41.010: [GC 2162242K->451728K(2288256K), 0.0367390 secs]
42.196: [GC 2164432K->458150K(2289792K), 0.0374800 secs]
43.465: [GC 2172198K->460735K(2268160K), 0.0389990 secs]
44.670: [GC 2174481K->465738K(2286912K), 0.0401690 secs]
45.888: [GC 2171864K->470840K(2266560K), 0.0388140 secs]
47.182: [GC 2178488K->471321K(2284224K), 0.0389860 secs]
48.519: [GC 2171443K->471928K(2285248K), 0.0385970 secs]
49.798: [GC 2171466K->477625K(2284608K), 0.0396470 secs]
51.089: [GC 2178489K->480035K(2285120K), 0.0405090 secs]
52.376: [GC 2180899K->489974K(2281152K), 0.0413420 secs]
53.658: [GC 2186870K->490996K(2257856K), 0.0397950 secs]
54.953: [GC 2187892K->498144K(2279488K), 0.0425350 secs]
56.212: [GC 2190944K->500450K(2257856K), 0.0408860 secs]
57.480: [GC 2193250K->508259K(2277248K), 0.0422470 secs]
58.830: [GC 2196195K->520372K(2261824K), 0.0434540 secs]
60.125: [GC 2208308K->515241K(2275840K), 0.0423600 secs]
61.503: [GC 2196969K->520897K(2248896K), 0.0430130 secs]
62.696: [GC 2202625K->522239K(2276608K), 0.0424930 secs]
