0.537: [GC 95424K->59877K(365760K), 0.0821440 secs]
0.708: [GC 155301K->119797K(461184K), 0.1042160 secs]
1.189: [GC 308878K->163432K(461184K), 0.1383900 secs]
1.714: [GC 354005K->172820K(652032K), 0.0214830 secs]
2.560: [GC 554516K->184062K(652032K), 0.0263610 secs]
3.357: [GC 565299K->193219K(1106112K), 0.0222120 secs]
5.005: [GC 955273K->205008K(1106496K), 0.0166440 secs]
6.601: [GC 967366K->220032K(1857280K), 0.0151870 secs]
9.837: [GC 1746582K->244158K(1861888K), 0.0224300 secs]
12.838: [GC 1769004K->263096K(2206656K), 0.0256830 secs]
12.864: [Full GC 263096K->177043K(2324416K), 0.4994300 secs]
17.058: [GC 2046099K->216580K(2280832K), 0.0150060 secs]
20.604: [GC 2085636K->244779K(2324864K), 0.0265170 secs]
24.092: [GC 2115410K->270175K(2322432K), 0.0218300 secs]
27.441: [GC 2141286K->284639K(2308352K), 0.0249310 secs]
30.712: [GC 2137732K->299372K(2316864K), 0.0272850 secs]
34.027: [GC 2152940K->316682K(2288320K), 0.0361760 secs]
37.372: [GC 2140220K->332541K(2286848K), 0.0267130 secs]
40.764: [GC 2157565K->345495K(2274624K), 0.0297590 secs]
44.065: [GC 2133876K->356274K(2275392K), 0.0326150 secs]
47.340: [GC 2146098K->368239K(2241856K), 0.0351120 secs]
50.526: [GC 2103682K->377667K(2244032K), 0.0367820 secs]
53.753: [GC 2113143K->381311K(2218048K), 0.0379120 secs]
56.800: [GC 2063231K->389516K(2200704K), 0.0395120 secs]
59.897: [GC 2070757K->394681K(2193600K), 0.0412180 secs]
