0.533: [GC 95424K->59882K(365760K), 0.0756550 secs]
0.691: [GC 155306K->118590K(461184K), 0.0708250 secs]
1.066: [GC 307593K->162100K(461184K), 0.0514200 secs]
1.403: [GC 352796K->172046K(652032K), 0.0578790 secs]
2.038: [GC 552194K->184034K(652032K), 0.0367850 secs]
2.620: [GC 565068K->193156K(1105152K), 0.0150080 secs]
3.811: [GC 956548K->209554K(1105280K), 0.0552860 secs]
4.946: [GC 972034K->224130K(1858240K), 0.0346670 secs]
7.264: [GC 1750491K->243170K(1861248K), 0.0211480 secs]
9.360: [GC 1768032K->259126K(2207808K), 0.0322960 secs]
9.407: [Full GC 259126K->173790K(2331072K), 0.5845450 secs]
12.602: [GC 2045919K->216539K(2293824K), 0.0152170 secs]
15.194: [GC 2089883K->239650K(2326848K), 0.0209020 secs]
17.788: [GC 2109567K->258170K(2330880K), 0.0260910 secs]
20.383: [GC 2129330K->266142K(2318592K), 0.0327940 secs]
22.924: [GC 2123276K->287263K(2312640K), 0.0227620 secs]
25.492: [GC 2144711K->310603K(2293952K), 0.0301470 secs]
28.052: [GC 2131976K->327625K(2285952K), 0.0355780 secs]
30.638: [GC 2148553K->342841K(2282560K), 0.0291650 secs]
33.179: [GC 2135865K->358117K(2287296K), 0.0327000 secs]
35.755: [GC 2149445K->369083K(2241600K), 0.0357750 secs]
38.190: [GC 2105152K->376768K(2225792K), 0.0400830 secs]
40.586: [GC 2114469K->388907K(2242688K), 0.0334070 secs]
42.958: [GC 2098824K->396097K(2218112K), 0.0355570 secs]
45.282: [GC 2104960K->400473K(2225088K), 0.0356610 secs]
47.445: [GC 2075931K->405550K(2192704K), 0.0380780 secs]
49.835: [GC 2080020K->401464K(2215936K), 0.0364740 secs]
52.148: [GC 2050125K->415480K(2176768K), 0.0406420 secs]
54.416: [GC 2064387K->415309K(2199744K), 0.0399700 secs]
56.703: [GC 2035554K->420121K(2152128K), 0.0410870 secs]
59.002: [GC 2040514K->422901K(2188736K), 0.0421300 secs]
