1.163: [GC 95424K->31596K(365760K), 0.0578080 secs]
1.384: [GC 127020K->64076K(461184K), 0.0544980 secs]
1.758: [GC 254924K->134643K(461184K), 0.1522870 secs]
2.208: [GC 325491K->197242K(652032K), 0.1717430 secs]
2.379: [Full GC 197242K->197216K(819776K), 0.5651990 secs]
3.735: [GC 577353K->231445K(819776K), 0.0239460 secs]
4.233: [GC 613141K->244665K(1048576K), 0.0142770 secs]
4.861: [GC 792987K->256442K(1072128K), 0.0160040 secs]
5.455: [GC 804404K->265525K(1213440K), 0.0184400 secs]
6.303: [GC 996426K->279671K(1244736K), 0.0230450 secs]
7.072: [GC 1010282K->293135K(1357824K), 0.0262220 secs]
7.976: [GC 1138639K->299178K(1365696K), 0.0258360 secs]
8.846: [GC 1143276K->317324K(1477760K), 0.0421090 secs]
9.798: [GC 1268364K->333450K(1489536K), 0.0349020 secs]
10.762: [GC 1284490K->340486K(1609536K), 0.0381510 secs]
11.792: [GC 1395919K->347752K(1623872K), 0.0379400 secs]
12.845: [GC 1403432K->358313K(1743232K), 0.0442750 secs]
14.030: [GC 1519173K->364007K(1758208K), 0.0421720 secs]
15.181: [GC 1524967K->374712K(1840704K), 0.0523440 secs]
16.400: [GC 1603575K->379474K(1855552K), 0.0462950 secs]
17.659: [GC 1607841K->384467K(1946752K), 0.0496280 secs]
18.972: [GC 1690599K->385594K(1956352K), 0.0425080 secs]
20.210: [GC 1692186K->390499K(2046144K), 0.0454390 secs]
21.621: [GC 1781082K->396641K(2051072K), 0.0442680 secs]
23.014: [GC 1785688K->400900K(2141504K), 0.0463790 secs]
24.564: [GC 1877892K->400702K(2144064K), 0.0447200 secs]
26.153: [GC 1876876K->405199K(2201728K), 0.0448430 secs]
27.769: [GC 1944798K->415229K(2205760K), 0.0449530 secs]
29.428: [GC 1954698K->420517K(2213376K), 0.0456330 secs]
31.144: [GC 1971749K->424626K(2214592K), 0.0463800 secs]
32.898: [GC 1974064K->433677K(2214400K), 0.0476830 secs]
34.535: [GC 1985421K->429854K(2138496K), 0.0450190 secs]
36.155: [GC 1981598K->427900K(2219264K), 0.0450160 secs]
37.849: [GC 1984049K->437600K(2215232K), 0.0458770 secs]
39.469: [GC 1994912K->443067K(2217088K), 0.0462110 secs]
41.118: [GC 2003835K->441978K(2216576K), 0.0463940 secs]
42.778: [GC 2002746K->448583K(2222720K), 0.0473520 secs]
44.528: [GC 2017571K->444690K(2221248K), 0.0460870 secs]
46.271: [GC 2014290K->455179K(2223424K), 0.0476170 secs]
48.033: [GC 2031307K->463865K(2222656K), 0.0494480 secs]
49.803: [GC 2039993K->457852K(2229312K), 0.0471670 secs]
51.568: [GC 2043708K->459687K(2230848K), 0.0470890 secs]
53.358: [GC 2045543K->466985K(2233728K), 0.0473220 secs]
55.220: [GC 2059239K->469771K(2233280K), 0.0483760 secs]
56.972: [GC 2062859K->471716K(2238336K), 0.0475040 secs]
58.732: [GC 2071027K->470792K(2238336K), 0.0469080 secs]
60.542: [GC 2071688K->475465K(2240320K), 0.0476060 secs]
62.369: [GC 2083081K->478441K(2239936K), 0.0479070 secs]
