0.527: [GC 95424K->59869K(365760K), 0.0984780 secs]
0.707: [GC 155293K->119785K(461184K), 0.1015290 secs]
1.061: [GC 309414K->170842K(461184K), 0.0792860 secs]
1.380: [GC 360154K->174218K(652032K), 0.0407480 secs]
1.968: [GC 555300K->174971K(652032K), 0.0116430 secs]
2.424: [GC 556003K->179694K(1109696K), 0.0219250 secs]
3.436: [GC 942015K->185413K(1110400K), 0.0797750 secs]
4.398: [GC 948778K->187656K(1868736K), 0.0110760 secs]
6.302: [GC 1713213K->194839K(1870144K), 0.0135420 secs]
8.117: [GC 1720497K->202822K(2196288K), 0.0095010 secs]
10.380: [GC 2061785K->211068K(2198336K), 0.0430870 secs]
12.560: [GC 2071292K->225322K(2201088K), 0.0132820 secs]
12.574: [Full GC 225322K->185127K(2334016K), 0.5990760 secs]
15.319: [GC 2055411K->208604K(2336768K), 0.0140260 secs]
17.576: [GC 2078554K->226480K(2343680K), 0.0143340 secs]
19.853: [GC 2107400K->241518K(2324800K), 0.0196850 secs]
22.100: [GC 2121736K->249650K(2329920K), 0.0223270 secs]
24.335: [GC 2112276K->253217K(2318144K), 0.0210010 secs]
26.617: [GC 2115518K->261497K(2313920K), 0.0607440 secs]
28.837: [GC 2093964K->265456K(2301248K), 0.0281650 secs]
31.053: [GC 2098780K->269034K(2299584K), 0.0354370 secs]
33.273: [GC 2070564K->277176K(2282752K), 0.0255530 secs]
35.383: [GC 2078676K->277785K(2284416K), 0.0581360 secs]
37.547: [GC 2048732K->286751K(2261184K), 0.0593860 secs]
39.749: [GC 2058518K->293574K(2264768K), 0.0361660 secs]
41.754: [GC 2029486K->296170K(2235584K), 0.0577490 secs]
43.887: [GC 2031933K->300540K(2250944K), 0.0357300 secs]
45.976: [GC 2005104K->306549K(2215232K), 0.0396460 secs]
48.036: [GC 2011075K->308870K(2241472K), 0.0357540 secs]
50.069: [GC 1988531K->310951K(2182400K), 0.0513510 secs]
52.167: [GC 1990909K->318532K(2241152K), 0.0339890 secs]
54.208: [GC 1992882K->323402K(2181120K), 0.0566230 secs]
56.231: [GC 1998417K->319937K(2244096K), 0.0380780 secs]
58.335: [GC 1994207K->326633K(2174464K), 0.0401390 secs]
60.396: [GC 2001438K->333296K(2240256K), 0.0330900 secs]
