0.541: [GC 95424K->59890K(365760K), 0.1145300 secs]
0.743: [GC 155314K->119810K(461184K), 0.0728100 secs]
1.052: [GC 309439K->171686K(461184K), 0.0749100 secs]
1.350: [GC 360648K->176325K(652032K), 0.0110300 secs]
1.832: [GC 557325K->182413K(652032K), 0.0117160 secs]
2.269: [GC 562712K->184760K(1108736K), 0.0090390 secs]
3.193: [GC 947219K->189680K(1109504K), 0.0107060 secs]
4.084: [GC 951043K->194210K(1867776K), 0.0086300 secs]
5.981: [GC 1718645K->206378K(1869312K), 0.0097130 secs]
7.719: [GC 1730130K->216500K(2194752K), 0.0120790 secs]
9.931: [GC 2075875K->231645K(2196480K), 0.0159670 secs]
9.947: [Full GC 231645K->184586K(2334848K), 0.4912350 secs]
12.536: [GC 2044412K->208371K(2343872K), 0.0594740 secs]
14.741: [GC 2082447K->220960K(2344704K), 0.0239870 secs]
16.911: [GC 2095972K->232906K(2348480K), 0.0166900 secs]
19.114: [GC 2115278K->244614K(2335744K), 0.0436700 secs]
21.306: [GC 2125752K->252210K(2336000K), 0.0210240 secs]
23.434: [GC 2115193K->255599K(2327936K), 0.0261840 secs]
25.553: [GC 2119464K->262023K(2321216K), 0.0217060 secs]
27.655: [GC 2096947K->262850K(2307136K), 0.0236030 secs]
29.729: [GC 2097227K->267573K(2309696K), 0.0673530 secs]
31.829: [GC 2078154K->275739K(2294976K), 0.0274090 secs]
33.876: [GC 2085737K->283657K(2290048K), 0.0290720 secs]
35.899: [GC 2058836K->291738K(2276928K), 0.0309880 secs]
37.907: [GC 2067549K->293669K(2272128K), 0.0372990 secs]
39.855: [GC 2032045K->297165K(2245376K), 0.0302220 secs]
41.797: [GC 2035622K->299173K(2259520K), 0.0305510 secs]
43.711: [GC 2008949K->303057K(2218112K), 0.0316470 secs]
45.677: [GC 2013023K->304117K(2256704K), 0.0310460 secs]
47.618: [GC 1999269K->308414K(2200064K), 0.0313710 secs]
49.554: [GC 2004334K->311537K(2259200K), 0.0314210 secs]
51.473: [GC 2007537K->315857K(2196032K), 0.0302430 secs]
53.433: [GC 2009970K->323936K(2256576K), 0.0319900 secs]
55.356: [GC 2019224K->330311K(2256704K), 0.0324460 secs]
57.291: [GC 2024393K->333727K(2256896K), 0.0328170 secs]
59.186: [GC 2028283K->336418K(2206848K), 0.0330680 secs]
