1.157: [GC 94800K->30501K(365760K), 0.0567060 secs]
1.374: [GC 125925K->63146K(461184K), 0.0710400 secs]
1.740: [GC 253994K->130921K(461184K), 0.1091500 secs]
2.130: [GC 321769K->193496K(652032K), 0.1808500 secs]
2.311: [Full GC 193496K->193461K(810752K), 0.4518700 secs]
3.453: [GC 575157K->243338K(810752K), 0.0315120 secs]
3.796: [GC 624776K->261117K(1059520K), 0.0154520 secs]
4.070: [GC 830295K->265520K(1079872K), 0.0162260 secs]
4.363: [GC 834584K->277292K(1295936K), 0.0248950 secs]
4.741: [GC 1089283K->273739K(1315008K), 0.0201880 secs]
5.132: [GC 1084897K->277221K(1471296K), 0.0252960 secs]
5.601: [GC 1266380K->282486K(1486336K), 0.0319420 secs]
6.104: [GC 1271276K->295179K(1667648K), 0.0250370 secs]
6.756: [GC 1476319K->293972K(1679360K), 0.0230480 secs]
7.335: [GC 1474692K->300249K(1884096K), 0.0402540 secs]
8.066: [GC 1683787K->301279K(1887744K), 0.0370990 secs]
8.729: [GC 1684357K->310469K(2099264K), 0.0246560 secs]
9.513: [GC 1908171K->316691K(2110720K), 0.0362800 secs]
10.285: [GC 1914022K->325559K(2267392K), 0.0452020 secs]
11.120: [GC 2073512K->324586K(2276032K), 0.0282960 secs]
11.901: [GC 2071622K->332575K(2319808K), 0.0314550 secs]
12.741: [GC 2116637K->334572K(2287936K), 0.0648810 secs]
13.632: [GC 2119344K->343928K(2318528K), 0.0276640 secs]
14.502: [GC 2122838K->347370K(2289472K), 0.0275510 secs]
15.365: [GC 2126211K->352550K(2313024K), 0.0545840 secs]
16.259: [GC 2119961K->356569K(2282944K), 0.0438180 secs]
17.122: [GC 2124065K->360582K(2308800K), 0.0317810 secs]
18.007: [GC 2120379K->367840K(2281408K), 0.0290510 secs]
18.873: [GC 2126618K->373787K(2301120K), 0.0291780 secs]
19.715: [GC 2119137K->380447K(2272000K), 0.0303210 secs]
20.612: [GC 2126812K->379752K(2300480K), 0.0287500 secs]
21.455: [GC 2119656K->378974K(2257280K), 0.0297470 secs]
22.313: [GC 2116994K->395240K(2296192K), 0.0311240 secs]
23.166: [GC 2130957K->390995K(2299264K), 0.0444630 secs]
23.992: [GC 2125827K->407809K(2290816K), 0.0356720 secs]
24.846: [GC 2134979K->402040K(2295104K), 0.0326370 secs]
25.655: [GC 2129251K->400121K(2287744K), 0.0326430 secs]
26.492: [GC 2126877K->403847K(2291648K), 0.0315590 secs]
27.369: [GC 2132423K->411088K(2294528K), 0.0318880 secs]
28.237: [GC 2149664K->408552K(2296960K), 0.0304850 secs]
29.091: [GC 2147005K->413090K(2298752K), 0.0303370 secs]
29.966: [GC 2162264K->417977K(2300928K), 0.0305460 secs]
30.872: [GC 2168647K->426347K(2308928K), 0.0301660 secs]
31.731: [GC 2190504K->422498K(2310080K), 0.0299100 secs]
32.596: [GC 2186440K->425440K(2314176K), 0.0293800 secs]
33.431: [GC 2198385K->440110K(2315264K), 0.0306750 secs]
34.307: [GC 2213384K->433518K(2317888K), 0.0277880 secs]
35.191: [GC 2212994K->436031K(2319680K), 0.0267690 secs]
36.035: [GC 2215620K->435983K(2322432K), 0.0292100 secs]
36.864: [GC 2220795K->440082K(2323520K), 0.0415050 secs]
37.760: [GC 2225568K->438583K(2323584K), 0.0270230 secs]
38.624: [GC 2225560K->449557K(2324416K), 0.0352240 secs]
39.489: [GC 2236735K->447453K(2325312K), 0.0357430 secs]
40.369: [GC 2239937K->450707K(2325120K), 0.0344690 secs]
41.270: [GC 2242266K->456494K(2327744K), 0.0357780 secs]
42.115: [GC 2253572K->470645K(2328000K), 0.0321660 secs]
42.978: [GC 2268036K->482709K(2323840K), 0.0322850 secs]
43.884: [GC 2274445K->480773K(2315200K), 0.0327670 secs]
44.748: [GC 2272889K->479515K(2327104K), 0.0322630 secs]
45.657: [GC 2270747K->481852K(2308160K), 0.0308880 secs]
46.472: [GC 2273084K->488352K(2325248K), 0.0324770 secs]
47.348: [GC 2279392K->494004K(2325440K), 0.0317120 secs]
48.221: [GC 2283856K->496129K(2324672K), 0.0330290 secs]
49.134: [GC 2284161K->503481K(2316672K), 0.0331750 secs]
50.031: [GC 2291213K->510853K(2316928K), 0.0351910 secs]
50.919: [GC 2288596K->515510K(2312640K), 0.0348250 secs]
51.802: [GC 2292152K->518403K(2310912K), 0.0352750 secs]
52.637: [GC 2283093K->527468K(2307392K), 0.0370120 secs]
53.522: [GC 2292818K->521298K(2308928K), 0.0372940 secs]
54.420: [GC 2275606K->525119K(2286848K), 0.0347220 secs]
54.455: [Full GC 525119K->231574K(2335872K), 0.7404090 secs]
56.016: [GC 1986341K->253449K(2333312K), 0.0102600 secs]
56.880: [GC 1984335K->265539K(2227776K), 0.0116720 secs]
57.739: [GC 1997123K->277149K(2334592K), 0.0137440 secs]
58.518: [GC 1989925K->283911K(2336832K), 0.0170020 secs]
59.346: [GC 1996323K->293109K(2330368K), 0.0188320 secs]
60.089: [GC 2006158K->299028K(2333824K), 0.0210210 secs]
60.904: [GC 2012150K->308331K(2329216K), 0.0218020 secs]
61.717: [GC 2031961K->313420K(2334272K), 0.0244670 secs]
62.565: [GC 2038062K->315874K(2342016K), 0.0273230 secs]
