0.555: [GC 95424K->59877K(365760K), 0.0826560 secs]
0.723: [GC 155301K->119821K(461184K), 0.1018020 secs]
1.508: [GC 310192K->169388K(461184K), 0.0408160 secs]
2.413: [GC 358559K->171397K(652032K), 0.0149290 secs]
3.991: [GC 552185K->172578K(652032K), 0.0142380 secs]
5.763: [GC 553369K->174802K(1110592K), 0.0184580 secs]
9.202: [GC 937985K->179407K(1110848K), 0.0158220 secs]
13.215: [GC 942148K->184945K(1868608K), 0.0092140 secs]
20.461: [GC 1711729K->196749K(1870528K), 0.0109180 secs]
26.696: [GC 1722600K->203955K(2196608K), 0.0123740 secs]
34.856: [GC 2064459K->213792K(2197696K), 0.0147610 secs]
34.871: [Full GC 213792K->177313K(2311296K), 0.5949130 secs]
43.010: [GC 2038497K->196117K(2317568K), 0.0110880 secs]
51.844: [GC 2069525K->207146K(2319296K), 0.0160910 secs]
59.993: [GC 2080554K->214025K(2323456K), 0.0176710 secs]
