0.530: [GC 95424K->59882K(365760K), 0.0772620 secs]
0.690: [GC 155306K->119838K(461184K), 0.0991420 secs]
1.213: [GC 310232K->167769K(461184K), 0.0511460 secs]
1.641: [GC 358617K->171069K(652032K), 0.0106700 secs]
2.365: [GC 551130K->172703K(652032K), 0.0099900 secs]
3.092: [GC 554273K->176028K(1109696K), 0.0085920 secs]
4.773: [GC 939420K->180697K(1110208K), 0.0499330 secs]
6.329: [GC 943153K->185372K(1867904K), 0.0239880 secs]
9.377: [GC 1711601K->196500K(1869888K), 0.0109510 secs]
12.281: [GC 1721441K->203266K(2196864K), 0.0104010 secs]
15.836: [GC 2063491K->213645K(2198336K), 0.0560010 secs]
19.401: [GC 2074277K->225767K(2205184K), 0.0242620 secs]
19.426: [Full GC 225767K->178104K(2327744K), 0.5926030 secs]
23.572: [GC 2050598K->194157K(2329088K), 0.0422990 secs]
27.276: [GC 2068461K->201898K(2328576K), 0.0374340 secs]
30.833: [GC 2082316K->211275K(2331456K), 0.0102840 secs]
34.703: [GC 2093451K->218432K(2340352K), 0.0135240 secs]
38.359: [GC 2111663K->227595K(2320640K), 0.0150870 secs]
42.121: [GC 2120145K->229784K(2334208K), 0.0151640 secs]
45.930: [GC 2113186K->239260K(2323008K), 0.0168560 secs]
49.736: [GC 2122381K->248893K(2315520K), 0.0207650 secs]
53.437: [GC 2104296K->256225K(2312448K), 0.0222830 secs]
57.204: [GC 2113505K->261260K(2296576K), 0.0238090 secs]
60.796: [GC 2081430K->270553K(2290816K), 0.0258800 secs]
