1.160: [GC 94788K->30495K(365760K), 0.0657350 secs]
1.390: [GC 125919K->63413K(461184K), 0.0640300 secs]
1.774: [GC 254261K->133963K(461184K), 0.1319290 secs]
2.207: [GC 324811K->196550K(652032K), 0.1511080 secs]
2.358: [Full GC 196550K->196514K(816320K), 0.4546360 secs]
3.406: [GC 578210K->228431K(816320K), 0.0241240 secs]
3.640: [GC 610127K->234691K(1072512K), 0.0130760 secs]
3.900: [GC 802243K->237751K(1090240K), 0.0131050 secs]
4.117: [GC 805303K->241178K(1307904K), 0.0190670 secs]
4.449: [GC 1046874K->239281K(1323136K), 0.0189410 secs]
4.770: [GC 1044977K->245572K(1478400K), 0.0211650 secs]
5.157: [GC 1227460K->249408K(1492800K), 0.0155740 secs]
5.591: [GC 1230734K->258561K(1658176K), 0.0253890 secs]
6.149: [GC 1424262K->262693K(1670528K), 0.0178310 secs]
6.697: [GC 1428177K->268399K(1849600K), 0.0262530 secs]
7.344: [GC 1623023K->277226K(1858112K), 0.0351840 secs]
8.083: [GC 1631850K->283686K(2053184K), 0.0251420 secs]
9.024: [GC 1834792K->292065K(2064512K), 0.0261720 secs]
9.961: [GC 1843562K->302848K(2199296K), 0.0300590 secs]
10.962: [GC 1981483K->304380K(2208768K), 0.0846520 secs]
11.996: [GC 1983366K->314592K(2324608K), 0.0336290 secs]
13.048: [GC 2100421K->322584K(2302912K), 0.0279820 secs]
14.086: [GC 2110360K->330072K(2309440K), 0.0292300 secs]
15.124: [GC 2090328K->338367K(2289536K), 0.0306470 secs]
16.170: [GC 2098623K->343326K(2292032K), 0.0324440 secs]
17.184: [GC 2069232K->349230K(2264256K), 0.0325150 secs]
18.240: [GC 2076334K->359894K(2275072K), 0.0346500 secs]
19.327: [GC 2053868K->362368K(2240256K), 0.0361860 secs]
20.389: [GC 2056960K->370905K(2262336K), 0.0353690 secs]
21.402: [GC 2036521K->375877K(2219136K), 0.0380770 secs]
22.438: [GC 2042309K->386359K(2252032K), 0.0380830 secs]
23.500: [GC 2029495K->392056K(2202560K), 0.0396780 secs]
24.535: [GC 2033659K->396748K(2246848K), 0.0392440 secs]
25.588: [GC 2023884K->396935K(2183552K), 0.0392290 secs]
26.446: [GC 2022675K->401185K(2248576K), 0.0384610 secs]
27.320: [GC 2025338K->403835K(2181632K), 0.0389920 secs]
28.221: [GC 2026651K->407398K(2249984K), 0.0391630 secs]
29.114: [GC 2032245K->411785K(2183296K), 0.0374600 secs]
30.021: [GC 2038089K->413581K(2250560K), 0.0392280 secs]
30.964: [GC 2042359K->423135K(2248000K), 0.0396550 secs]
31.949: [GC 2052767K->424827K(2252352K), 0.0393760 secs]
32.790: [GC 2061243K->428934K(2251136K), 0.0381110 secs]
33.351: [GC 2064577K->430764K(2254144K), 0.0377330 secs]
33.935: [GC 2077292K->426951K(2254336K), 0.0347710 secs]
34.539: [GC 2073479K->432646K(2259968K), 0.0353770 secs]
35.158: [GC 2095750K->438976K(2260032K), 0.0365940 secs]
35.799: [GC 2102080K->437029K(2273664K), 0.0340810 secs]
36.501: [GC 2119077K->441768K(2271616K), 0.0344940 secs]
37.224: [GC 2123816K->447932K(2281280K), 0.0338910 secs]
37.935: [GC 2142332K->446937K(2278976K), 0.0331820 secs]
38.579: [GC 2141337K->456316K(2286272K), 0.0336280 secs]
39.224: [GC 2159479K->461012K(2284736K), 0.0346640 secs]
39.817: [GC 2165140K->457197K(2289536K), 0.0348400 secs]
40.492: [GC 2168493K->461605K(2288704K), 0.0304240 secs]
41.101: [GC 2172901K->459738K(2293952K), 0.0318880 secs]
41.744: [GC 2176799K->463636K(2294208K), 0.0282670 secs]
42.341: [GC 2180948K->465462K(2295680K), 0.0276240 secs]
42.993: [GC 2185142K->474418K(2229568K), 0.0284670 secs]
43.633: [GC 2194098K->485399K(2298880K), 0.0283500 secs]
44.267: [GC 2209815K->487571K(2295360K), 0.0306530 secs]
44.940: [GC 2211987K->489080K(2298496K), 0.0300020 secs]
45.665: [GC 2218003K->498907K(2296064K), 0.0297590 secs]
46.405: [GC 2229147K->502256K(2304000K), 0.0294970 secs]
47.153: [GC 2244784K->506368K(2301504K), 0.0296870 secs]
47.857: [GC 2248896K->511559K(2310976K), 0.0297040 secs]
48.571: [GC 2266641K->516610K(2308480K), 0.0316560 secs]
48.603: [Full GC 516610K->211665K(2333632K), 0.6192010 secs]
49.922: [GC 1967697K->229882K(2325760K), 0.0086580 secs]
50.611: [GC 1981050K->239577K(2223040K), 0.0106710 secs]
51.474: [GC 1989104K->253054K(2327232K), 0.0135800 secs]
52.357: [GC 1987582K->265394K(2329024K), 0.0168320 secs]
53.264: [GC 1998465K->276680K(2320384K), 0.0211610 secs]
54.189: [GC 2012100K->285187K(2324736K), 0.0230270 secs]
55.132: [GC 2021443K->295087K(2328064K), 0.0240980 secs]
56.169: [GC 2045934K->301876K(2330880K), 0.0269790 secs]
57.226: [GC 2054132K->314600K(2339840K), 0.0303860 secs]
58.293: [GC 2077160K->317575K(2312384K), 0.0314690 secs]
59.377: [GC 2080135K->337133K(2320448K), 0.0506910 secs]
60.382: [GC 2073709K->334953K(2303808K), 0.0347720 secs]
61.408: [GC 2071529K->342904K(2307200K), 0.0352830 secs]
62.421: [GC 2048081K->344852K(2284160K), 0.0366210 secs]
