0.538: [GC 95424K->59877K(365760K), 0.0901200 secs]
0.715: [GC 155301K->119813K(461184K), 0.0843860 secs]
1.272: [GC 310661K->166771K(461184K), 0.0616650 secs]
1.756: [GC 357619K->171998K(652032K), 0.0136430 secs]
2.701: [GC 552671K->176370K(652032K), 0.0420930 secs]
3.638: [GC 558066K->181326K(1108800K), 0.0109960 secs]
5.414: [GC 942862K->185892K(1109184K), 0.0165210 secs]
7.507: [GC 948915K->196746K(1864192K), 0.0210200 secs]
11.163: [GC 1721829K->209683K(1867520K), 0.0162360 secs]
14.981: [GC 1735582K->223460K(2197248K), 0.0226370 secs]
19.724: [GC 2091154K->241498K(2199808K), 0.0453300 secs]
19.769: [Full GC 241498K->178112K(2319552K), 0.4891570 secs]
24.448: [GC 2045113K->204775K(2328448K), 0.0321300 secs]
28.950: [GC 2086123K->217106K(2330752K), 0.0165990 secs]
33.631: [GC 2098543K->226903K(2329152K), 0.0187980 secs]
38.429: [GC 2116871K->244290K(2333312K), 0.0169770 secs]
43.462: [GC 2132774K->255433K(2327424K), 0.0192800 secs]
48.248: [GC 2137673K->269297K(2331776K), 0.0230670 secs]
53.088: [GC 2149694K->277062K(2294144K), 0.0241850 secs]
58.055: [GC 2117341K->293500K(2300480K), 0.0267560 secs]
