0.543: [GC 95424K->59890K(365760K), 0.0898060 secs]
0.719: [GC 155314K->119806K(461184K), 0.0696360 secs]
1.145: [GC 310566K->167629K(461184K), 0.0673750 secs]
1.514: [GC 357464K->172392K(652032K), 0.0221880 secs]
2.181: [GC 554088K->177987K(652032K), 0.0102220 secs]
2.808: [GC 558111K->184818K(1107968K), 0.0112500 secs]
4.115: [GC 946744K->191091K(1108672K), 0.0123750 secs]
5.346: [GC 952980K->198103K(1863616K), 0.0137660 secs]
7.956: [GC 1724878K->211918K(1866560K), 0.0494510 secs]
10.309: [GC 1738645K->221992K(2200320K), 0.0270810 secs]
13.270: [GC 2090590K->236701K(2201856K), 0.0313110 secs]
13.302: [Full GC 236701K->178968K(2327744K), 0.4940840 secs]
16.599: [GC 2047538K->199705K(2335936K), 0.0196040 secs]
19.414: [GC 2080609K->211403K(2337152K), 0.0142770 secs]
22.377: [GC 2092557K->225967K(2337792K), 0.0236090 secs]
25.235: [GC 2111198K->233099K(2338368K), 0.0330930 secs]
28.059: [GC 2117469K->250436K(2323456K), 0.0276910 secs]
30.940: [GC 2117956K->253982K(2322944K), 0.0311940 secs]
33.812: [GC 2119689K->265155K(2302912K), 0.0401400 secs]
36.660: [GC 2095555K->276797K(2308608K), 0.0298320 secs]
39.559: [GC 2106156K->287826K(2264576K), 0.0439430 secs]
42.246: [GC 2064078K->296239K(2264448K), 0.0444750 secs]
44.920: [GC 2072377K->299672K(2256704K), 0.0365270 secs]
47.553: [GC 2034970K->303104K(2230784K), 0.0751520 secs]
50.257: [GC 2038497K->314455K(2236032K), 0.0797290 secs]
52.887: [GC 2011484K->313973K(2202688K), 0.0436580 secs]
55.454: [GC 2010086K->321362K(2221248K), 0.0467100 secs]
58.051: [GC 1984978K->320537K(2175616K), 0.0564580 secs]
60.553: [GC 1983753K->326678K(2210176K), 0.0369890 secs]
