1.164: [GC 95424K->31572K(365760K), 0.0566680 secs]
1.383: [GC 126996K->64800K(461184K), 0.0552120 secs]
1.756: [GC 255648K->135379K(461184K), 0.1111190 secs]
2.173: [GC 326227K->197974K(652032K), 0.1641370 secs]
2.337: [Full GC 197974K->197967K(822528K), 0.5518810 secs]
3.553: [GC 579663K->235098K(822528K), 0.0278190 secs]
3.757: [GC 616794K->245110K(1063104K), 0.0148660 secs]
4.087: [GC 793571K->251951K(1077248K), 0.0223750 secs]
4.349: [GC 800539K->259531K(1264448K), 0.0223740 secs]
4.685: [GC 1019234K->265554K(1280576K), 0.0237740 secs]
5.031: [GC 1026258K->270042K(1415040K), 0.0249760 secs]
5.456: [GC 1183431K->282523K(1426944K), 0.0304200 secs]
5.872: [GC 1197585K->286511K(1601216K), 0.0325520 secs]
6.435: [GC 1373158K->293934K(1603840K), 0.0336580 secs]
6.989: [GC 1380685K->297026K(1795712K), 0.0369270 secs]
7.639: [GC 1570565K->304082K(1800384K), 0.0412110 secs]
8.254: [GC 1577835K->312706K(2010688K), 0.0446790 secs]
8.935: [GC 1791554K->322914K(2018688K), 0.0493960 secs]
9.676: [GC 1801443K->324974K(2183104K), 0.0499820 secs]
10.533: [GC 1958190K->329937K(2191744K), 0.0538220 secs]
11.381: [GC 1961701K->338984K(2305344K), 0.0567060 secs]
12.269: [GC 2075411K->355853K(2288384K), 0.0587180 secs]
13.184: [GC 2093737K->356908K(2287616K), 0.0575820 secs]
14.084: [GC 2060450K->358952K(2249984K), 0.0571490 secs]
14.963: [GC 2062504K->364034K(2281280K), 0.0591100 secs]
15.873: [GC 2048212K->372806K(2239936K), 0.0610510 secs]
16.762: [GC 2058154K->376246K(2273152K), 0.0624050 secs]
17.655: [GC 2042629K->369486K(2276736K), 0.0582870 secs]
18.510: [GC 2037022K->379161K(2275520K), 0.0623730 secs]
19.359: [GC 2047987K->385473K(2276864K), 0.0666130 secs]
20.236: [GC 2054138K->387780K(2277568K), 0.0641900 secs]
21.058: [GC 2056820K->401904K(2230016K), 0.0643830 secs]
21.906: [GC 2070454K->400487K(2274880K), 0.0765890 secs]
22.771: [GC 2064081K->409863K(2226112K), 0.0702090 secs]
23.612: [GC 2072900K->413593K(2273280K), 0.0673390 secs]
24.424: [GC 2073680K->419235K(2219584K), 0.0690860 secs]
25.253: [GC 2078988K->422896K(2274560K), 0.0698000 secs]
26.118: [GC 2085482K->434630K(2272384K), 0.0717130 secs]
26.975: [GC 2098118K->435889K(2275968K), 0.0710660 secs]
27.881: [GC 2100625K->438626K(2228608K), 0.0703160 secs]
28.785: [GC 2104674K->443834K(2275712K), 0.0713740 secs]
29.669: [GC 2109302K->452369K(2274688K), 0.0750710 secs]
30.533: [GC 2119454K->456483K(2275136K), 0.0720280 secs]
31.377: [GC 2121305K->460711K(2237824K), 0.0742250 secs]
32.227: [GC 2127271K->460480K(2277440K), 0.0724780 secs]
33.082: [GC 2126651K->468098K(2238272K), 0.0718590 secs]
33.963: [GC 2135500K->467422K(2277504K), 0.0735190 secs]
34.847: [GC 2135343K->476506K(2275456K), 0.0874240 secs]
35.762: [GC 2146010K->478646K(2278080K), 0.0854180 secs]
36.622: [GC 2151033K->478277K(2277568K), 0.0673210 secs]
37.538: [GC 2150391K->481785K(2278464K), 0.0677650 secs]
38.396: [GC 2160150K->482641K(2277568K), 0.0612140 secs]
39.275: [GC 2160282K->486586K(2284928K), 0.0708920 secs]
40.141: [GC 2177465K->495142K(2283072K), 0.0694160 secs]
41.053: [GC 2185326K->494361K(2290944K), 0.0653530 secs]
41.929: [GC 2195929K->500036K(2289024K), 0.0670270 secs]
42.817: [GC 2201604K->500724K(2295296K), 0.0671760 secs]
43.717: [GC 2210804K->509219K(2294016K), 0.0691410 secs]
44.556: [GC 2219299K->513146K(2299968K), 0.0695240 secs]
45.449: [GC 2229721K->528121K(2298304K), 0.0703520 secs]
46.283: [GC 2245820K->526569K(2304256K), 0.0691600 secs]
47.129: [GC 2250132K->531942K(2304192K), 0.0694370 secs]
48.022: [GC 2255974K->532583K(2303488K), 0.0683180 secs]
48.869: [GC 2257273K->539769K(2303936K), 0.0686120 secs]
49.761: [GC 2264736K->545807K(2307264K), 0.0644890 secs]
50.675: [GC 2275379K->548696K(2307648K), 0.0703690 secs]
51.552: [GC 2279304K->546487K(2308160K), 0.0663700 secs]
52.459: [GC 2278184K->550724K(2307968K), 0.0705790 secs]
52.529: [Full GC 550724K->216048K(2324736K), 0.7159930 secs]
54.078: [GC 1948720K->241024K(2292480K), 0.0148030 secs]
54.933: [GC 1940688K->253492K(2180224K), 0.0218740 secs]
55.786: [GC 1954329K->265654K(2289024K), 0.0258490 secs]
56.599: [GC 1933105K->276313K(2171264K), 0.0310440 secs]
57.446: [GC 1945369K->290092K(2295872K), 0.0351110 secs]
58.293: [GC 1959696K->295710K(2191232K), 0.0401940 secs]
59.102: [GC 1965534K->297658K(2293632K), 0.0425060 secs]
59.965: [GC 1971488K->307355K(2288896K), 0.0455840 secs]
60.773: [GC 1981042K->311170K(2298240K), 0.0504110 secs]
61.578: [GC 2002021K->320514K(2293696K), 0.0510170 secs]
62.400: [GC 2011573K->328139K(2310336K), 0.0565020 secs]
