0.538: [GC 95424K->59877K(365760K), 0.0809520 secs]
0.707: [GC 155301K->119821K(461184K), 0.0929170 secs]
1.166: [GC 309009K->163657K(461184K), 0.0571760 secs]
1.505: [GC 353911K->168406K(652032K), 0.0134440 secs]
2.173: [GC 549913K->177938K(652032K), 0.0144190 secs]
2.794: [GC 557864K->189644K(1104704K), 0.0121810 secs]
3.997: [GC 951334K->202517K(1106368K), 0.0482080 secs]
5.180: [GC 965444K->212654K(1856640K), 0.0171560 secs]
7.623: [GC 1738468K->236786K(1860928K), 0.0247340 secs]
9.543: [GC 1763493K->253029K(2206272K), 0.0349220 secs]
9.578: [Full GC 253029K->177590K(2335360K), 0.5869710 secs]
12.678: [GC 2046589K->220907K(2296064K), 0.0232960 secs]
15.290: [GC 2088574K->242151K(2330368K), 0.0237690 secs]
17.853: [GC 2108373K->262290K(2333632K), 0.0266580 secs]
20.182: [GC 2128798K->281154K(2319424K), 0.0376430 secs]
22.460: [GC 2131163K->300896K(2315072K), 0.0245400 secs]
24.984: [GC 2150774K->316450K(2298432K), 0.0292030 secs]
27.544: [GC 2130491K->328944K(2308608K), 0.0314760 secs]
30.008: [GC 2142721K->338122K(2255360K), 0.0340480 secs]
32.274: [GC 2098718K->355170K(2253376K), 0.0390750 secs]
34.525: [GC 2116322K->369734K(2252352K), 0.0353890 secs]
36.895: [GC 2092679K->374588K(2235648K), 0.0362830 secs]
39.255: [GC 2096846K->388319K(2226688K), 0.0390700 secs]
41.477: [GC 2065055K->391343K(2205184K), 0.0398660 secs]
43.733: [GC 2066656K->394628K(2208384K), 0.0406900 secs]
45.753: [GC 2027151K->401542K(2172544K), 0.0421320 secs]
47.826: [GC 2034781K->398826K(2194944K), 0.0412990 secs]
49.819: [GC 1998941K->407223K(2144640K), 0.0429070 secs]
51.814: [GC 2006736K->408814K(2181248K), 0.0438230 secs]
53.826: [GC 1980730K->408810K(2118080K), 0.0437190 secs]
55.754: [GC 1979751K->415305K(2174528K), 0.0456380 secs]
57.768: [GC 1969957K->414154K(2100928K), 0.0440570 secs]
59.728: [GC 1967460K->412300K(2179520K), 0.0540210 secs]
