0.527: [GC 95424K->59874K(365760K), 0.0738930 secs]
0.681: [GC 155298K->119802K(461184K), 0.0912080 secs]
1.048: [GC 308911K->163615K(461184K), 0.0411930 secs]
1.300: [GC 354097K->168706K(652032K), 0.0364060 secs]
1.830: [GC 548486K->179638K(652032K), 0.0146480 secs]
2.285: [GC 561150K->188299K(1106240K), 0.0209970 secs]
3.211: [GC 951565K->200122K(1106880K), 0.0198060 secs]
4.049: [GC 961637K->208065K(1858240K), 0.0237890 secs]
5.914: [GC 1734748K->231054K(1862400K), 0.0600380 secs]
7.640: [GC 1756092K->250185K(2207872K), 0.0288890 secs]
7.669: [Full GC 250185K->176204K(2336576K), 0.5931660 secs]
10.340: [GC 2047283K->210897K(2290048K), 0.0141580 secs]
12.415: [GC 2081311K->233732K(2334272K), 0.0250370 secs]
14.492: [GC 2104924K->253443K(2331648K), 0.0278680 secs]
16.561: [GC 2122834K->265687K(2304896K), 0.0271850 secs]
18.648: [GC 2099730K->280094K(2289280K), 0.0360650 secs]
20.754: [GC 2113309K->301022K(2297536K), 0.0891070 secs]
22.844: [GC 2112606K->313784K(2300032K), 0.0327640 secs]
24.891: [GC 2124546K->327186K(2260608K), 0.0671480 secs]
26.952: [GC 2085461K->335716K(2268992K), 0.0787290 secs]
28.972: [GC 2094244K->345153K(2232000K), 0.0399670 secs]
30.926: [GC 2042494K->351568K(2225216K), 0.0721900 secs]
32.882: [GC 2048904K->358830K(2208384K), 0.0630760 secs]
34.760: [GC 1999485K->360515K(2177728K), 0.0411220 secs]
36.605: [GC 2002392K->359738K(2193984K), 0.0412600 secs]
38.369: [GC 1961360K->366584K(2144064K), 0.0457430 secs]
40.125: [GC 1968345K->368597K(2179584K), 0.0441900 secs]
41.856: [GC 1938439K->372041K(2118080K), 0.0466830 secs]
43.610: [GC 1942286K->371026K(2175360K), 0.0539050 secs]
45.354: [GC 1924395K->372754K(2095488K), 0.0428900 secs]
47.083: [GC 1925764K->374849K(2176768K), 0.0422200 secs]
48.835: [GC 1925626K->379788K(2094528K), 0.0438540 secs]
50.580: [GC 1930141K->379728K(2178304K), 0.0427670 secs]
52.324: [GC 1932389K->385442K(2096128K), 0.0439190 secs]
54.047: [GC 1937124K->384811K(2178624K), 0.0427480 secs]
55.774: [GC 1940147K->385902K(2175360K), 0.0452880 secs]
57.489: [GC 1942604K->384464K(2178176K), 0.0408880 secs]
59.218: [GC 1949582K->381449K(2176512K), 0.0393630 secs]
