1.161: [GC 94788K->30501K(365760K), 0.0654840 secs]
1.391: [GC 125925K->63178K(461184K), 0.0886400 secs]
1.797: [GC 254026K->136281K(461184K), 0.1319430 secs]
2.227: [GC 327129K->198860K(652032K), 0.1021660 secs]
2.330: [Full GC 198860K->198820K(820608K), 0.4571540 secs]
3.418: [GC 578657K->231097K(820608K), 0.0220990 secs]
3.689: [GC 612793K->241816K(1071424K), 0.0134810 secs]
4.139: [GC 804674K->255359K(1091200K), 0.0172550 secs]
4.518: [GC 818234K->258457K(1271296K), 0.0176690 secs]
5.018: [GC 1038836K->266344K(1298880K), 0.0183570 secs]
5.497: [GC 1046990K->273266K(1427200K), 0.0209010 secs]
6.039: [GC 1201296K->281288K(1441856K), 0.0322950 secs]
6.619: [GC 1209183K->293917K(1602688K), 0.0275720 secs]
7.317: [GC 1381701K->304193K(1608704K), 0.0287270 secs]
7.937: [GC 1390894K->313154K(1780288K), 0.0318720 secs]
8.604: [GC 1562656K->324300K(1790336K), 0.0349570 secs]
9.303: [GC 1574141K->330340K(1981184K), 0.0363820 secs]
10.082: [GC 1758330K->336873K(1993024K), 0.0374990 secs]
10.856: [GC 1766042K->344148K(2132672K), 0.0404750 secs]
11.775: [GC 1901147K->348740K(2144576K), 0.0385960 secs]
12.675: [GC 1905211K->356521K(2267904K), 0.0456930 secs]
13.612: [GC 2026231K->365300K(2231552K), 0.0384630 secs]
14.582: [GC 2035221K->372411K(2252672K), 0.0406390 secs]
15.477: [GC 2009496K->371360K(2199296K), 0.0421830 secs]
16.400: [GC 2009179K->378805K(2248256K), 0.0425510 secs]
17.298: [GC 2000018K->385853K(2192192K), 0.0414880 secs]
18.205: [GC 2008562K->387689K(2244352K), 0.0406630 secs]
19.076: [GC 1998097K->387946K(2246144K), 0.0418020 secs]
19.986: [GC 1997156K->401519K(2242432K), 0.0426950 secs]
20.887: [GC 2007304K->393650K(2167744K), 0.0445870 secs]
21.802: [GC 2000947K->410580K(2242240K), 0.0417510 secs]
22.688: [GC 2017429K->413474K(2243584K), 0.0420370 secs]
23.590: [GC 2019840K->416560K(2246080K), 0.0434070 secs]
24.450: [GC 2025582K->428577K(2191744K), 0.0441660 secs]
25.365: [GC 2038965K->416249K(2249216K), 0.0435990 secs]
26.260: [GC 2026587K->420928K(2178752K), 0.0438290 secs]
27.180: [GC 2031171K->423669K(2244800K), 0.0439330 secs]
28.132: [GC 2039493K->427831K(2240704K), 0.0444980 secs]
29.062: [GC 2042370K->429827K(2251968K), 0.0443180 secs]
30.028: [GC 2062440K->438243K(2248256K), 0.0446030 secs]
30.971: [GC 2071423K->446799K(2261952K), 0.0444400 secs]
31.874: [GC 2095759K->447531K(2260992K), 0.0432950 secs]
32.815: [GC 2094906K->459214K(2265728K), 0.0446700 secs]
33.729: [GC 2115406K->463922K(2266304K), 0.0430760 secs]
34.620: [GC 2118821K->457016K(2264064K), 0.0446300 secs]
35.538: [GC 2118040K->468892K(2267648K), 0.0431030 secs]
36.490: [GC 2129036K->468106K(2266304K), 0.0450710 secs]
37.418: [GC 2136157K->475694K(2271360K), 0.0430270 secs]
38.379: [GC 2144848K->480010K(2274048K), 0.0417440 secs]
39.346: [GC 2159559K->481510K(2278336K), 0.0420170 secs]
40.305: [GC 2161893K->485337K(2278016K), 0.0423820 secs]
41.237: [GC 2174405K->486915K(2281984K), 0.0439890 secs]
42.162: [GC 2176771K->495011K(2286144K), 0.0410600 secs]
43.124: [GC 2194570K->499942K(2289088K), 0.0424410 secs]
44.065: [GC 2199932K->499711K(2289216K), 0.0441280 secs]
44.994: [GC 2204568K->509802K(2291520K), 0.0439790 secs]
45.973: [GC 2214812K->511799K(2295168K), 0.0425290 secs]
46.941: [GC 2219831K->522771K(2286272K), 0.0439810 secs]
47.930: [GC 2230587K->521895K(2293760K), 0.0442380 secs]
48.868: [GC 2225919K->532955K(2287040K), 0.0440240 secs]
49.846: [GC 2236554K->532873K(2291264K), 0.0438460 secs]
50.781: [GC 2232693K->538665K(2277952K), 0.0429910 secs]
51.738: [GC 2239273K->536537K(2292800K), 0.0435900 secs]
52.704: [GC 2238458K->541655K(2276480K), 0.0437160 secs]
53.668: [GC 2243023K->551834K(2288256K), 0.0452550 secs]
54.642: [GC 2251341K->555105K(2290240K), 0.0456670 secs]
55.576: [GC 2253519K->550725K(2289344K), 0.0475250 secs]
56.556: [GC 2251104K->556998K(2290112K), 0.0427920 secs]
57.504: [GC 2255687K->562922K(2292096K), 0.0485420 secs]
58.460: [GC 2266269K->565272K(2291968K), 0.0476540 secs]
59.393: [GC 2267734K->573674K(2291904K), 0.0451220 secs]
60.323: [GC 2276839K->584403K(2292928K), 0.0462150 secs]
60.370: [Full GC 584403K->210770K(2308096K), 0.6352310 secs]
61.923: [GC 1913588K->230582K(2258432K), 0.0106160 secs]
62.788: [GC 1883978K->251857K(2133696K), 0.0153120 secs]
