0.536: [GC 95424K->59869K(365760K), 0.0933660 secs]
0.711: [GC 155293K->119797K(461184K), 0.0704900 secs]
1.279: [GC 309917K->175036K(461184K), 0.0552730 secs]
1.687: [GC 364410K->175358K(652032K), 0.0105170 secs]
2.789: [GC 555763K->178394K(652032K), 0.0123540 secs]
3.606: [GC 558840K->181001K(1113088K), 0.0086410 secs]
5.260: [GC 942705K->186105K(1113408K), 0.0112950 secs]
7.293: [GC 949497K->189844K(1871040K), 0.0133620 secs]
11.118: [GC 1715034K->198140K(1872960K), 0.0188270 secs]
15.087: [GC 1724392K->201573K(2194432K), 0.0125830 secs]
20.252: [GC 2055208K->214557K(2195776K), 0.0118880 secs]
20.264: [Full GC 214557K->183461K(2326080K), 0.4904350 secs]
25.591: [GC 2038674K->203875K(2330816K), 0.0135760 secs]
30.122: [GC 2069330K->211310K(2331904K), 0.0223660 secs]
34.607: [GC 2077710K->219052K(2334144K), 0.0108630 secs]
39.196: [GC 2095892K->231209K(2336704K), 0.0258520 secs]
44.023: [GC 2107964K->236946K(2346944K), 0.0226830 secs]
48.668: [GC 2126948K->242174K(2323776K), 0.0197560 secs]
53.328: [GC 2131372K->247385K(2338752K), 0.0195100 secs]
58.226: [GC 2126220K->252436K(2323008K), 0.0320110 secs]
