0.544: [GC 95424K->59890K(365760K), 0.0784860 secs]
0.712: [GC 155314K->119814K(461184K), 0.0605990 secs]
1.183: [GC 310662K->175440K(461184K), 0.0621830 secs]
1.491: [GC 365937K->177350K(652032K), 0.0079040 secs]
2.174: [GC 557854K->180903K(652032K), 0.0087550 secs]
2.787: [GC 561000K->186128K(1112192K), 0.0092430 secs]
4.032: [GC 949520K->190158K(1112960K), 0.0102940 secs]
5.219: [GC 951870K->192494K(1871104K), 0.0093490 secs]
7.581: [GC 1719252K->198470K(1872768K), 0.0086630 secs]
10.101: [GC 1724445K->205159K(2193792K), 0.0090450 secs]
13.112: [GC 2060018K->212815K(2195712K), 0.0107040 secs]
13.122: [Full GC 212815K->182394K(2336512K), 0.4956070 secs]
16.242: [GC 2037754K->201474K(2340672K), 0.0135900 secs]
19.067: [GC 2067193K->214431K(2342592K), 0.0104920 secs]
22.002: [GC 2078912K->223554K(2348160K), 0.0122080 secs]
24.857: [GC 2098615K->230716K(2347136K), 0.0144050 secs]
27.773: [GC 2105891K->241006K(2345088K), 0.0169170 secs]
30.526: [GC 2114240K->247564K(2333888K), 0.0178960 secs]
33.247: [GC 2120830K->251996K(2331264K), 0.0185250 secs]
36.055: [GC 2099518K->260665K(2322368K), 0.0211590 secs]
38.761: [GC 2107550K->267095K(2312064K), 0.0230670 secs]
41.702: [GC 2080715K->274805K(2302976K), 0.0244500 secs]
44.537: [GC 2090101K->280751K(2291712K), 0.0378860 secs]
47.266: [GC 2056412K->280917K(2270464K), 0.0453770 secs]
50.059: [GC 2056797K->287259K(2277440K), 0.0362510 secs]
52.746: [GC 2032283K->293860K(2251776K), 0.0287730 secs]
55.375: [GC 2038366K->293863K(2263872K), 0.0290280 secs]
57.887: [GC 2008388K->299723K(2224512K), 0.0300460 secs]
60.486: [GC 2012808K->301729K(2256960K), 0.0304320 secs]
