1.157: [GC 94789K->30511K(365760K), 0.0559870 secs]
1.381: [GC 125935K->63153K(461184K), 0.0911750 secs]
1.788: [GC 254001K->133735K(461184K), 0.1634340 secs]
2.252: [GC 324583K->196331K(652032K), 0.1122600 secs]
2.364: [Full GC 196331K->196307K(818752K), 0.5592580 secs]
3.623: [GC 578003K->242621K(818752K), 0.0429720 secs]
3.879: [GC 623896K->250761K(1064896K), 0.0147780 secs]
4.284: [GC 808447K->259333K(1080896K), 0.0180250 secs]
4.591: [GC 817861K->265193K(1267200K), 0.0213950 secs]
4.911: [GC 1037097K->274660K(1288256K), 0.0211740 secs]
5.207: [GC 1046564K->275633K(1428224K), 0.0248870 secs]
5.617: [GC 1206193K->281490K(1437888K), 0.0242610 secs]
6.017: [GC 1212050K->281149K(1595840K), 0.0269040 secs]
6.531: [GC 1381528K->288509K(1605120K), 0.0294370 secs]
7.006: [GC 1389092K->293180K(1786880K), 0.0291110 secs]
7.568: [GC 1575127K->300246K(1791488K), 0.0336750 secs]
8.191: [GC 1583591K->308929K(1994688K), 0.0354780 secs]
8.895: [GC 1789692K->309336K(2001280K), 0.0354840 secs]
9.598: [GC 1790488K->310910K(2147968K), 0.0367690 secs]
10.361: [GC 1933408K->314328K(2152640K), 0.0382580 secs]
11.136: [GC 1938072K->322882K(2304384K), 0.0413540 secs]
11.966: [GC 2093094K->327323K(2307584K), 0.0372120 secs]
12.797: [GC 2097947K->333582K(2334016K), 0.0373380 secs]
13.620: [GC 2128526K->340108K(2307712K), 0.0402470 secs]
14.495: [GC 2134342K->347711K(2326784K), 0.0417050 secs]
15.343: [GC 2128594K->354258K(2304960K), 0.0425870 secs]
16.289: [GC 2136770K->358119K(2317824K), 0.0434570 secs]
17.167: [GC 2123086K->366628K(2296576K), 0.0455500 secs]
18.051: [GC 2131749K->371119K(2307648K), 0.0454940 secs]
18.995: [GC 2115204K->377429K(2281536K), 0.0479860 secs]
19.951: [GC 2121453K->382127K(2300160K), 0.0473510 secs]
20.872: [GC 2110273K->381291K(2260352K), 0.0464030 secs]
21.785: [GC 2110046K->383800K(2303552K), 0.0471510 secs]
22.756: [GC 2111856K->385660K(2254592K), 0.0469500 secs]
23.678: [GC 2114236K->393419K(2301888K), 0.0475930 secs]
24.574: [GC 2121886K->400679K(2300928K), 0.0485590 secs]
25.522: [GC 2128756K->402615K(2304576K), 0.0490890 secs]
26.454: [GC 2137613K->401381K(2305088K), 0.0453370 secs]
27.385: [GC 2136805K->401551K(2303616K), 0.0447800 secs]
28.326: [GC 2143187K->410340K(2304384K), 0.0461230 secs]
29.277: [GC 2151696K->417334K(2314048K), 0.0456260 secs]
30.251: [GC 2174646K->411604K(2313472K), 0.0437340 secs]
31.245: [GC 2167762K->427306K(2320256K), 0.0465690 secs]
32.173: [GC 2192076K->426711K(2318976K), 0.0444200 secs]
33.136: [GC 2191650K->424482K(2322496K), 0.0446710 secs]
34.144: [GC 2195800K->429674K(2321152K), 0.0436030 secs]
35.081: [GC 2202570K->433329K(2328256K), 0.0441980 secs]
36.031: [GC 2214562K->434597K(2327040K), 0.0439480 secs]
36.943: [GC 2215236K->433025K(2331712K), 0.0394730 secs]
37.899: [GC 2219815K->445460K(2331008K), 0.0444330 secs]
38.843: [GC 2233070K->451391K(2333568K), 0.0468930 secs]
39.790: [GC 2245503K->458092K(2332352K), 0.0471300 secs]
40.783: [GC 2252204K->464696K(2337408K), 0.0548820 secs]
41.704: [GC 2263763K->468431K(2338048K), 0.0470410 secs]
42.650: [GC 2267083K->482130K(2330176K), 0.0486770 secs]
43.641: [GC 2271544K->480308K(2321600K), 0.0519290 secs]
44.595: [GC 2271282K->487622K(2328064K), 0.0507710 secs]
45.621: [GC 2269722K->487841K(2315136K), 0.0514180 secs]
46.577: [GC 2270654K->495264K(2326272K), 0.0512520 secs]
47.513: [GC 2271713K->496462K(2311744K), 0.0497390 secs]
48.463: [GC 2273627K->500307K(2325504K), 0.0514790 secs]
49.443: [GC 2273215K->500125K(2326464K), 0.0529200 secs]
50.365: [GC 2274893K->512330K(2319936K), 0.0552960 secs]
51.333: [GC 2280103K->514293K(2311680K), 0.0552940 secs]
52.299: [GC 2282613K->513609K(2320256K), 0.0530640 secs]
53.206: [GC 2274516K->524378K(2307008K), 0.0569230 secs]
54.117: [GC 2287066K->518772K(2320768K), 0.0536800 secs]
55.024: [GC 2277998K->524170K(2294976K), 0.0514340 secs]
56.008: [GC 2283784K->528071K(2318144K), 0.0502240 secs]
56.058: [Full GC 528071K->219765K(2348480K), 0.7041860 secs]
57.641: [GC 1982208K->239570K(2234176K), 0.0112150 secs]
58.494: [GC 2000796K->249164K(2325120K), 0.0156370 secs]
59.377: [GC 1975732K->261662K(2221184K), 0.0206180 secs]
60.253: [GC 1988718K->273636K(2330624K), 0.0260360 secs]
61.145: [GC 1994326K->281247K(2234944K), 0.0284400 secs]
61.954: [GC 2002439K->300747K(2333760K), 0.0345900 secs]
62.831: [GC 2028400K->303377K(2263616K), 0.0364100 secs]
