0.537: [GC 95424K->60488K(365760K), 0.0904450 secs]
0.716: [GC 155912K->122669K(461184K), 0.0986390 secs]
1.644: [GC 312820K->172295K(461184K), 0.0680680 secs]
2.320: [GC 361809K->172653K(652032K), 0.0308180 secs]
4.081: [GC 553772K->173061K(652032K), 0.0207750 secs]
5.523: [GC 554653K->173239K(1113536K), 0.0176750 secs]
9.576: [GC 935235K->175887K(1113728K), 0.0292320 secs]
12.866: [GC 937987K->175953K(1875072K), 0.0154890 secs]
21.416: [GC 1702737K->181029K(1875392K), 0.0064420 secs]
29.690: [GC 1706327K->184912K(2192640K), 0.0069420 secs]
40.029: [GC 2034512K->192271K(2193408K), 0.0083300 secs]
50.867: [GC 2041871K->195600K(2197696K), 0.0078980 secs]
