0.528: [GC 95424K->59890K(365760K), 0.0830480 secs]
0.694: [GC 155314K->119814K(461184K), 0.0879040 secs]
1.218: [GC 310662K->168746K(461184K), 0.0836800 secs]
1.670: [GC 358506K->174059K(652032K), 0.0136860 secs]
2.558: [GC 555107K->175025K(652032K), 0.0428220 secs]
3.500: [GC 555675K->177370K(1110528K), 0.0117910 secs]
5.016: [GC 940688K->178166K(1110592K), 0.0109830 secs]
6.911: [GC 940728K->180341K(1872640K), 0.0119550 secs]
10.369: [GC 1707125K->186913K(1873024K), 0.0069960 secs]
13.622: [GC 1713498K->186772K(2196672K), 0.0114320 secs]
18.112: [GC 2040743K->195913K(2196480K), 0.0113040 secs]
22.670: [GC 2048839K->201009K(2199616K), 0.0073680 secs]
26.660: [GC 2063112K->205041K(2199488K), 0.0075040 secs]
30.610: [GC 2066292K->213266K(2204416K), 0.0100210 secs]
34.940: [GC 2086717K->219488K(2204736K), 0.0111570 secs]
34.952: [Full GC 219488K->182114K(2334656K), 0.6010620 secs]
39.423: [GC 2055397K->190842K(2341632K), 0.0090350 secs]
43.488: [GC 2077050K->194911K(2340736K), 0.0075590 secs]
47.520: [GC 2079255K->196979K(2346432K), 0.0158020 secs]
51.541: [GC 2094374K->201442K(2345856K), 0.0138910 secs]
55.444: [GC 2098987K->205551K(2353920K), 0.0092960 secs]
59.411: [GC 2114786K->212377K(2352000K), 0.0119430 secs]
