1.160: [GC 95424K->31588K(365760K), 0.0847560 secs]
1.401: [GC 127012K->64056K(461184K), 0.0885620 secs]
1.785: [GC 254904K->134683K(461184K), 0.1120320 secs]
2.176: [GC 325531K->197302K(652032K), 0.1353930 secs]
2.312: [Full GC 197302K->197262K(815552K), 0.4632040 secs]
3.598: [GC 578958K->233554K(815552K), 0.0283900 secs]
3.834: [GC 615250K->236627K(1077824K), 0.0148950 secs]
4.240: [GC 808211K->248842K(1093376K), 0.0243730 secs]
4.489: [GC 820426K->252791K(1311680K), 0.0204660 secs]
4.804: [GC 1066873K->256001K(1330432K), 0.0220630 secs]
5.035: [GC 1070428K->256508K(1514240K), 0.0261800 secs]
5.343: [GC 1267580K->261478K(1517888K), 0.0255800 secs]
5.628: [GC 1272550K->268698K(1728512K), 0.0236740 secs]
5.997: [GC 1505050K->272257K(1737280K), 0.0256560 secs]
6.363: [GC 1507338K->267325K(2001152K), 0.0393030 secs]
6.823: [GC 1767869K->270360K(1998848K), 0.0244360 secs]
7.263: [GC 1770904K->270463K(2266176K), 0.0260210 secs]
7.833: [GC 2057151K->277510K(2282816K), 0.0266380 secs]
8.483: [GC 2062990K->281021K(2369472K), 0.0285110 secs]
9.314: [GC 2152893K->281436K(2353664K), 0.0280430 secs]
10.090: [GC 2152977K->287227K(2371008K), 0.0312130 secs]
11.001: [GC 2156530K->289924K(2345984K), 0.0253010 secs]
11.914: [GC 2157431K->295264K(2370624K), 0.0269880 secs]
12.834: [GC 2164230K->310989K(2369344K), 0.0268200 secs]
13.679: [GC 2181581K->311581K(2365632K), 0.0285450 secs]
14.504: [GC 2173639K->318414K(2355520K), 0.0303700 secs]
15.367: [GC 2181241K->321704K(2356928K), 0.0311690 secs]
16.220: [GC 2170393K->331784K(2350016K), 0.0342620 secs]
17.068: [GC 2178982K->328615K(2351104K), 0.0336680 secs]
17.946: [GC 2161904K->337956K(2339136K), 0.0367400 secs]
18.828: [GC 2172580K->339100K(2340608K), 0.0365730 secs]
19.721: [GC 2156444K->346200K(2328896K), 0.0390500 secs]
20.644: [GC 2162984K->356912K(2325248K), 0.0434170 secs]
21.504: [GC 2147963K->367057K(2319040K), 0.0437130 secs]
22.374: [GC 2159825K->364227K(2316096K), 0.0417780 secs]
23.233: [GC 2132357K->366391K(2287232K), 0.0441340 secs]
24.043: [GC 2134212K->365994K(2316352K), 0.0420250 secs]
24.872: [GC 2128426K->371045K(2282368K), 0.0436560 secs]
25.748: [GC 2133477K->371318K(2315456K), 0.0443750 secs]
26.674: [GC 2129819K->378780K(2279104K), 0.0445750 secs]
27.554: [GC 2137823K->377731K(2317376K), 0.0428380 secs]
28.445: [GC 2138154K->381584K(2272704K), 0.0439970 secs]
29.284: [GC 2142343K->389214K(2314816K), 0.0408620 secs]
30.151: [GC 2152670K->391300K(2312192K), 0.0425750 secs]
31.029: [GC 2152939K->398113K(2320256K), 0.0415540 secs]
31.915: [GC 2172322K->396831K(2317760K), 0.0400690 secs]
32.903: [GC 2170956K->400797K(2325184K), 0.0400800 secs]
33.814: [GC 2184141K->409330K(2322688K), 0.0411380 secs]
34.743: [GC 2194034K->414625K(2330624K), 0.0423570 secs]
35.654: [GC 2208556K->421630K(2328256K), 0.0451650 secs]
36.574: [GC 2215926K->429655K(2335296K), 0.0459950 secs]
37.486: [GC 2232791K->434911K(2336128K), 0.0450800 secs]
38.355: [GC 2238047K->436964K(2337472K), 0.0463230 secs]
39.273: [GC 2240356K->450203K(2329216K), 0.0475920 secs]
40.216: [GC 2253013K->449488K(2332160K), 0.0461760 secs]
41.157: [GC 2243910K->458355K(2323968K), 0.0463090 secs]
42.034: [GC 2251862K->456892K(2328192K), 0.0474090 secs]
42.933: [GC 2243137K->462906K(2314944K), 0.0474610 secs]
43.824: [GC 2248657K->463155K(2327808K), 0.0471060 secs]
44.753: [GC 2246341K->466699K(2305152K), 0.0490710 secs]
45.687: [GC 2249931K->473726K(2325312K), 0.0475000 secs]
46.564: [GC 2256050K->483215K(2316800K), 0.0490390 secs]
47.490: [GC 2264306K->477892K(2326528K), 0.0478100 secs]
48.404: [GC 2257541K->492320K(2312512K), 0.0496780 secs]
49.286: [GC 2272032K->488368K(2325888K), 0.0497790 secs]
50.167: [GC 2266644K->499484K(2324544K), 0.0503740 secs]
51.099: [GC 2278069K->500325K(2325376K), 0.0494430 secs]
52.053: [GC 2279589K->501675K(2305088K), 0.0485980 secs]
52.992: [GC 2279184K->501995K(2325888K), 0.0471580 secs]
53.931: [GC 2283435K->502331K(2324160K), 0.0455360 secs]
54.863: [GC 2283270K->506374K(2327424K), 0.0451280 secs]
55.783: [GC 2291866K->510459K(2326336K), 0.0459830 secs]
56.663: [GC 2294989K->515054K(2329664K), 0.0449970 secs]
56.708: [Full GC 515054K->215956K(2352832K), 0.7047530 secs]
58.293: [GC 2005384K->233816K(2249472K), 0.0104730 secs]
59.133: [GC 2024216K->246478K(2329216K), 0.0152840 secs]
59.994: [GC 1999664K->254850K(2234944K), 0.0215750 secs]
60.854: [GC 2008572K->264172K(2332800K), 0.0208600 secs]
61.783: [GC 2012012K->273276K(2246336K), 0.0258470 secs]
62.643: [GC 2020801K->285297K(2335488K), 0.0305590 secs]
