0.525: [GC 95424K->59893K(365760K), 0.0881860 secs]
0.696: [GC 155317K->119837K(461184K), 0.0712300 secs]
1.237: [GC 310528K->167416K(461184K), 0.0593140 secs]
1.670: [GC 358259K->170188K(652032K), 0.0088060 secs]
2.515: [GC 550340K->176405K(652032K), 0.0107050 secs]
3.209: [GC 557625K->179946K(1109440K), 0.0083190 secs]
4.995: [GC 942825K->189988K(1109440K), 0.0113810 secs]
6.569: [GC 951656K->194696K(1864256K), 0.0102630 secs]
10.029: [GC 1720279K->212565K(1867008K), 0.0132340 secs]
13.008: [GC 1738461K->221177K(2199168K), 0.0158180 secs]
16.982: [GC 2088228K->234403K(2200832K), 0.0195340 secs]
17.001: [Full GC 234403K->178379K(2331392K), 0.5929580 secs]
21.292: [GC 2047180K->205844K(2338432K), 0.0147890 secs]
25.088: [GC 2086370K->225098K(2341056K), 0.0156960 secs]
29.145: [GC 2105568K->240329K(2335872K), 0.0189000 secs]
33.693: [GC 2115299K->254430K(2337856K), 0.0223970 secs]
38.290: [GC 2130050K->269405K(2299712K), 0.0257540 secs]
43.048: [GC 2101035K->286744K(2295232K), 0.0312750 secs]
47.425: [GC 2116630K->297485K(2296384K), 0.0249770 secs]
51.705: [GC 2101029K->305772K(2286080K), 0.0272190 secs]
56.059: [GC 2107490K->312639K(2275072K), 0.0293310 secs]
60.767: [GC 2075179K->323719K(2264896K), 0.0317240 secs]
