0.527: [GC 95424K->59874K(365760K), 0.0939480 secs]
0.702: [GC 155298K->119826K(461184K), 0.1183290 secs]
1.155: [GC 308835K->167260K(461184K), 0.1225950 secs]
1.499: [GC 356204K->169387K(652032K), 0.0146980 secs]
2.049: [GC 550319K->176791K(652032K), 0.0158990 secs]
2.598: [GC 558487K->183732K(1107648K), 0.0132070 secs]
3.788: [GC 947124K->190960K(1108416K), 0.0564650 secs]
4.839: [GC 953290K->195782K(1864000K), 0.0165380 secs]
7.126: [GC 1721684K->215122K(1866560K), 0.0641650 secs]
9.332: [GC 1740314K->223058K(2200128K), 0.0955850 secs]
12.168: [GC 2092493K->242070K(2201280K), 0.0359640 secs]
12.204: [Full GC 242070K->178424K(2323264K), 0.5883890 secs]
15.464: [GC 2047967K->205267K(2333248K), 0.0162180 secs]
18.122: [GC 2089499K->223637K(2333824K), 0.0339860 secs]
20.879: [GC 2106423K->247357K(2333952K), 0.0386050 secs]
23.634: [GC 2134009K->266515K(2337280K), 0.0465890 secs]
26.489: [GC 2152518K->284062K(2313344K), 0.0531960 secs]
29.197: [GC 2145960K->294773K(2311936K), 0.0592120 secs]
32.006: [GC 2156058K->307233K(2299328K), 0.0501070 secs]
34.704: [GC 2136036K->315518K(2300160K), 0.0582270 secs]
37.411: [GC 2143286K->323304K(2273536K), 0.0637140 secs]
40.024: [GC 2107564K->330441K(2270656K), 0.0663900 secs]
42.653: [GC 2113645K->337788K(2251520K), 0.0724480 secs]
45.157: [GC 2074808K->343663K(2236864K), 0.0751180 secs]
47.732: [GC 2080469K->342067K(2235264K), 0.0729160 secs]
50.143: [GC 2038966K->349574K(2203264K), 0.0791390 secs]
52.635: [GC 2046766K->353811K(2217728K), 0.0812110 secs]
55.067: [GC 2015872K->357326K(2176064K), 0.0835490 secs]
57.517: [GC 2019199K->362913K(2203328K), 0.0865620 secs]
59.932: [GC 1994413K->365963K(2154368K), 0.0886780 secs]
