1.154: [GC 94828K->30501K(365760K), 0.0619120 secs]
1.377: [GC 125925K->63178K(461184K), 0.0898830 secs]
1.767: [GC 254026K->133725K(461184K), 0.0993670 secs]
2.151: [GC 324573K->196300K(652032K), 0.1189700 secs]
2.271: [Full GC 196300K->196266K(817152K), 0.4576980 secs]
3.389: [GC 577962K->237506K(817152K), 0.0501480 secs]
3.633: [GC 618497K->247458K(1078464K), 0.0191340 secs]
3.976: [GC 817594K->253601K(1091456K), 0.0179590 secs]
4.239: [GC 822371K->258396K(1302464K), 0.0192950 secs]
4.612: [GC 1066652K->266298K(1323328K), 0.0222680 secs]
4.963: [GC 1073756K->273385K(1479040K), 0.0244380 secs]
5.414: [GC 1256160K->284278K(1492032K), 0.0373890 secs]
5.895: [GC 1267144K->285160K(1701120K), 0.0897680 secs]
6.493: [GC 1477128K->294114K(1702336K), 0.0719770 secs]
7.092: [GC 1486114K->305539K(1975936K), 0.0398810 secs]
7.821: [GC 1769667K->313565K(1985856K), 0.0444860 secs]
8.565: [GC 1777512K->321409K(2291840K), 0.0498010 secs]
9.443: [GC 2081765K->327462K(2301632K), 0.0521930 secs]
10.379: [GC 2088934K->343523K(2297280K), 0.0622400 secs]
11.307: [GC 2090723K->354153K(2299328K), 0.0684960 secs]
12.185: [GC 2101353K->356411K(2274368K), 0.0706790 secs]
13.072: [GC 2053849K->366789K(2251840K), 0.0676990 secs]
13.983: [GC 2065398K->379517K(2253952K), 0.0746080 secs]
14.857: [GC 2035350K->381497K(2219776K), 0.0741860 secs]
15.812: [GC 2036930K->386212K(2241344K), 0.0734630 secs]
16.683: [GC 2007864K->393911K(2195456K), 0.0787000 secs]
17.587: [GC 2015987K->392440K(2233216K), 0.0782140 secs]
18.430: [GC 1991928K->403835K(2174336K), 0.0816600 secs]
19.293: [GC 2003323K->412625K(2221888K), 0.0814710 secs]
20.146: [GC 1989924K->411337K(2151616K), 0.0817510 secs]
20.997: [GC 1989926K->418036K(2224256K), 0.0829120 secs]
21.892: [GC 1993200K->424406K(2153472K), 0.0833200 secs]
22.798: [GC 1998627K->426591K(2224640K), 0.0832610 secs]
23.672: [GC 2000153K->428429K(2144832K), 0.0829830 secs]
24.551: [GC 2001211K->430355K(2225280K), 0.0775900 secs]
25.394: [GC 2008339K->432255K(2220928K), 0.0803410 secs]
26.267: [GC 2010239K->434473K(2225600K), 0.0790440 secs]
27.163: [GC 2024971K->437811K(2222080K), 0.0778330 secs]
28.035: [GC 2027411K->441733K(2237504K), 0.0722490 secs]
28.939: [GC 2057003K->444798K(2234496K), 0.0732950 secs]
29.843: [GC 2059517K->450834K(2250944K), 0.0735250 secs]
30.762: [GC 2088208K->455314K(2246784K), 0.0746710 secs]
31.678: [GC 2093336K->455962K(2261312K), 0.0739030 secs]
32.599: [GC 2113754K->462652K(2257856K), 0.0719850 secs]
33.504: [GC 2120351K->464312K(2270080K), 0.0704250 secs]
34.414: [GC 2136216K->473245K(2267712K), 0.0650720 secs]
35.342: [GC 2145990K->480274K(2277568K), 0.0742650 secs]
36.297: [GC 2166198K->485683K(2275456K), 0.0715240 secs]
37.259: [GC 2172242K->493537K(2283648K), 0.0767690 secs]
38.251: [GC 2191380K->499560K(2281792K), 0.0748170 secs]
39.218: [GC 2196958K->496530K(2289856K), 0.0739140 secs]
40.171: [GC 2204976K->503493K(2288832K), 0.0742440 secs]
41.146: [GC 2213239K->509912K(2294080K), 0.0728170 secs]
42.108: [GC 2225276K->509969K(2292800K), 0.0750330 secs]
43.054: [GC 2227217K->512012K(2297664K), 0.0710030 secs]
44.005: [GC 2235987K->523386K(2296000K), 0.0763120 secs]
44.961: [GC 2247546K->524760K(2302208K), 0.0785690 secs]
45.911: [GC 2252797K->530505K(2301760K), 0.0761410 secs]
46.832: [GC 2260169K->535812K(2302016K), 0.0783560 secs]
47.878: [GC 2266019K->537753K(2302336K), 0.0769720 secs]
48.920: [GC 2266437K->548382K(2300032K), 0.0772570 secs]
49.917: [GC 2277278K->546950K(2301888K), 0.0797460 secs]
50.888: [GC 2274739K->552710K(2301056K), 0.0791610 secs]
51.886: [GC 2282122K->555454K(2301824K), 0.0767870 secs]
51.963: [Full GC 555454K->216278K(2312448K), 0.6194510 secs]
53.505: [GC 1943978K->245026K(2279168K), 0.0151050 secs]
54.430: [GC 1941688K->253231K(2164352K), 0.0208430 secs]
55.383: [GC 1948561K->258006K(2271488K), 0.0263230 secs]
56.351: [GC 1917525K->273152K(2147776K), 0.0325510 secs]
57.277: [GC 1933196K->280300K(2278080K), 0.0341390 secs]
58.176: [GC 1937927K->288119K(2160896K), 0.0401740 secs]
59.066: [GC 1946632K->293829K(2278336K), 0.0446340 secs]
59.970: [GC 1957701K->301856K(2273280K), 0.0487700 secs]
60.892: [GC 1964714K->310503K(2279168K), 0.0522460 secs]
61.848: [GC 1988554K->319302K(2275264K), 0.0574650 secs]
62.815: [GC 1998611K->327686K(2293504K), 0.0618100 secs]
