0.540: [GC 95424K->59869K(365760K), 0.0844190 secs]
0.707: [GC 155293K->119813K(461184K), 0.1013420 secs]
1.359: [GC 310244K->165544K(461184K), 0.0518550 secs]
2.225: [GC 354637K->170703K(652032K), 0.0124280 secs]
4.050: [GC 552281K->173361K(652032K), 0.0101390 secs]
6.046: [GC 553196K->175546K(1110016K), 0.0098340 secs]
9.396: [GC 937710K->177727K(1110016K), 0.0149990 secs]
13.002: [GC 940329K->180405K(1870592K), 0.0146390 secs]
21.866: [GC 1707189K->189558K(1871552K), 0.0099850 secs]
29.125: [GC 1716342K->197539K(2195072K), 0.0102700 secs]
37.810: [GC 2053572K->200398K(2196544K), 0.0142790 secs]
45.958: [GC 2056834K->213505K(2199808K), 0.0085480 secs]
54.628: [GC 2080535K->221190K(2203008K), 0.0122150 secs]
54.640: [Full GC 221190K->178323K(2310656K), 0.4974030 secs]
