0.538: [GC 95424K->59882K(365760K), 0.0759740 secs]
0.697: [GC 155306K->119802K(461184K), 0.0802040 secs]
1.256: [GC 310378K->169577K(461184K), 0.0619620 secs]
1.743: [GC 359280K->170586K(652032K), 0.0209230 secs]
2.631: [GC 552282K->173095K(652032K), 0.0156430 secs]
3.538: [GC 554483K->175486K(1110336K), 0.0188000 secs]
5.141: [GC 938688K->178453K(1110592K), 0.0105480 secs]
6.750: [GC 941845K->184542K(1868864K), 0.0085730 secs]
10.062: [GC 1709442K->194938K(1870784K), 0.0097490 secs]
13.270: [GC 1720064K->203656K(2195520K), 0.0111420 secs]
16.716: [GC 2063167K->209026K(2197184K), 0.0123950 secs]
20.478: [GC 2068100K->218765K(2203072K), 0.0094050 secs]
20.487: [Full GC 218765K->178340K(2327232K), 0.5029170 secs]
24.408: [GC 2048953K->195069K(2329728K), 0.0072590 secs]
27.961: [GC 2066938K->203343K(2327616K), 0.0187580 secs]
31.876: [GC 2083867K->213491K(2331648K), 0.0239600 secs]
35.724: [GC 2092449K->220749K(2341568K), 0.0141040 secs]
39.829: [GC 2113725K->227467K(2320896K), 0.0149130 secs]
43.775: [GC 2120063K->237074K(2329408K), 0.0213810 secs]
47.711: [GC 2114066K->240115K(2317440K), 0.0177190 secs]
51.580: [GC 2116886K->248044K(2315328K), 0.0196700 secs]
55.355: [GC 2099948K->252937K(2305152K), 0.0198600 secs]
59.030: [GC 2104841K->258882K(2299264K), 0.0223110 secs]
