1.173: [GC 95424K->31580K(365760K), 0.1106300 secs]
1.454: [GC 127004K->64040K(461184K), 0.0570340 secs]
1.828: [GC 254888K->134639K(461184K), 0.1297440 secs]
2.257: [GC 325487K->197194K(652032K), 0.1538810 secs]
2.411: [Full GC 197194K->197189K(815872K), 0.4579120 secs]
3.452: [GC 578885K->230680K(815872K), 0.0369500 secs]
3.684: [GC 612376K->239278K(1076160K), 0.0138460 secs]
3.953: [GC 811246K->242665K(1093056K), 0.0191920 secs]
4.140: [GC 813780K->244580K(1323200K), 0.0167350 secs]
4.394: [GC 1067364K->253270K(1338688K), 0.0557030 secs]
4.649: [GC 1076054K->251517K(1534784K), 0.0194680 secs]
4.915: [GC 1292694K->254733K(1550272K), 0.0180830 secs]
5.190: [GC 1297101K->260925K(1790080K), 0.0286500 secs]
5.639: [GC 1557885K->264798K(1797696K), 0.0201300 secs]
6.087: [GC 1561758K->269094K(2031040K), 0.0188700 secs]
6.614: [GC 1827110K->268308K(2057280K), 0.0186430 secs]
7.185: [GC 1825920K->275046K(2297088K), 0.0220100 secs]
7.890: [GC 2092169K->284606K(2318272K), 0.0216400 secs]
8.617: [GC 2102135K->292971K(2353344K), 0.0264200 secs]
9.554: [GC 2141035K->302817K(2354368K), 0.0288890 secs]
10.502: [GC 2150881K->308609K(2336704K), 0.0297490 secs]
11.469: [GC 2125624K->320805K(2328704K), 0.0257090 secs]
12.387: [GC 2139557K->327699K(2323648K), 0.0328860 secs]
13.335: [GC 2117395K->334569K(2309952K), 0.0750420 secs]
14.217: [GC 2122528K->338272K(2310784K), 0.0372890 secs]
15.112: [GC 2098118K->348346K(2292288K), 0.0764480 secs]
16.023: [GC 2110138K->351771K(2294272K), 0.0437350 secs]
16.944: [GC 2082587K->360488K(2270592K), 0.0514070 secs]
17.799: [GC 2091304K->359287K(2283328K), 0.0330650 secs]
18.620: [GC 2063407K->360948K(2241280K), 0.0310410 secs]
19.375: [GC 2065351K->365743K(2278144K), 0.0330020 secs]
20.083: [GC 2056495K->373813K(2235584K), 0.0342670 secs]
20.822: [GC 2064565K->378593K(2271360K), 0.0340440 secs]
21.537: [GC 2053148K->388962K(2226368K), 0.0366940 secs]
22.270: [GC 2065378K->391501K(2269632K), 0.0368030 secs]
22.984: [GC 2057701K->394027K(2209088K), 0.0345480 secs]
23.737: [GC 2060490K->404282K(2269056K), 0.0352160 secs]
24.492: [GC 2072101K->397053K(2202624K), 0.0333040 secs]
25.266: [GC 2065469K->408587K(2269120K), 0.0342240 secs]
26.177: [GC 2081477K->412265K(2266816K), 0.0348530 secs]
27.039: [GC 2083592K->416731K(2275904K), 0.0331710 secs]
27.896: [GC 2102555K->420473K(2273664K), 0.0330540 secs]
28.740: [GC 2105750K->420977K(2280384K), 0.0333570 secs]
29.557: [GC 2118963K->434365K(2278912K), 0.0368610 secs]
30.418: [GC 2132861K->434978K(2288960K), 0.0333280 secs]
31.314: [GC 2146800K->441607K(2289088K), 0.0344840 secs]
32.367: [GC 2154311K->441427K(2290432K), 0.0340730 secs]
33.261: [GC 2160941K->452088K(2292416K), 0.0343540 secs]
34.089: [GC 2173304K->450703K(2295552K), 0.0338110 secs]
34.933: [GC 2181071K->452490K(2298560K), 0.0324950 secs]
35.721: [GC 2182858K->458782K(2300864K), 0.0351710 secs]
36.584: [GC 2197841K->468289K(2302400K), 0.0346800 secs]
37.501: [GC 2206119K->467098K(2307136K), 0.0353270 secs]
38.395: [GC 2210896K->484520K(2296640K), 0.0353620 secs]
39.224: [GC 2229928K->476424K(2309760K), 0.0338500 secs]
39.952: [GC 2221000K->480692K(2283648K), 0.0330750 secs]
40.595: [GC 2225268K->485179K(2306752K), 0.0351780 secs]
41.149: [GC 2230562K->484662K(2304896K), 0.0333890 secs]
41.757: [GC 2231094K->485343K(2311616K), 0.0337830 secs]
42.304: [GC 2239583K->490730K(2310912K), 0.0305910 secs]
42.856: [GC 2244970K->491272K(2314176K), 0.0314580 secs]
43.444: [GC 2247556K->497218K(2314240K), 0.0318430 secs]
44.095: [GC 2255426K->502883K(2315136K), 0.0423100 secs]
44.807: [GC 2263587K->505886K(2315520K), 0.0317660 secs]
45.563: [GC 2266590K->507990K(2316608K), 0.0305490 secs]
46.347: [GC 2270413K->515819K(2316992K), 0.0301590 secs]
46.377: [Full GC 515819K->214547K(2341632K), 0.6181720 secs]
47.701: [GC 1977747K->235299K(2317184K), 0.0112250 secs]
48.344: [GC 1974947K->246343K(2214400K), 0.0127870 secs]
49.088: [GC 1985991K->254567K(2315648K), 0.0132980 secs]
49.909: [GC 1971559K->269457K(2319296K), 0.0162390 secs]
50.731: [GC 1986449K->275746K(2313024K), 0.0184850 secs]
51.541: [GC 1991681K->291464K(2316544K), 0.0207970 secs]
52.395: [GC 2009224K->298942K(2312512K), 0.0242830 secs]
53.061: [GC 2028669K->303131K(2316480K), 0.0238600 secs]
53.780: [GC 2033051K->308538K(2331456K), 0.0264360 secs]
54.471: [GC 2060102K->313347K(2333120K), 0.0269590 secs]
55.217: [GC 2066051K->317255K(2339584K), 0.0278390 secs]
56.023: [GC 2076615K->319076K(2306880K), 0.0302610 secs]
56.841: [GC 2077206K->330367K(2330112K), 0.0341870 secs]
57.623: [GC 2078335K->339958K(2316352K), 0.0309570 secs]
58.448: [GC 2087926K->335688K(2320000K), 0.0326140 secs]
59.198: [GC 2061768K->333480K(2283648K), 0.0314040 secs]
59.942: [GC 2059560K->341318K(2319872K), 0.0316980 secs]
60.649: [GC 2063046K->342531K(2281856K), 0.0315440 secs]
61.328: [GC 2064259K->343903K(2322432K), 0.0319980 secs]
62.019: [GC 2064958K->339347K(2271616K), 0.0306710 secs]
62.723: [GC 2061715K->350358K(2319872K), 0.0318490 secs]
