0.532: [GC 95424K->59869K(365760K), 0.1039460 secs]
0.722: [GC 155293K->119817K(461184K), 0.1158900 secs]
1.229: [GC 310513K->167504K(461184K), 0.0926330 secs]
1.591: [GC 357375K->170969K(652032K), 0.0210520 secs]
2.220: [GC 552445K->179187K(652032K), 0.0217850 secs]
2.776: [GC 559370K->182291K(1108416K), 0.0115630 secs]
3.949: [GC 943905K->189091K(1108800K), 0.0129240 secs]
5.086: [GC 951896K->200953K(1863104K), 0.0154520 secs]
7.388: [GC 1726134K->217537K(1866624K), 0.0263130 secs]
9.488: [GC 1743259K->233758K(2198848K), 0.0209520 secs]
12.061: [GC 2100015K->250937K(2201344K), 0.0763710 secs]
12.138: [Full GC 250937K->179364K(2330496K), 0.5753650 secs]
14.955: [GC 2044687K->205513K(2335552K), 0.0107270 secs]
17.357: [GC 2081924K->223897K(2337856K), 0.0218760 secs]
19.981: [GC 2100812K->245640K(2331072K), 0.0230130 secs]
22.493: [GC 2117431K->258994K(2335936K), 0.0422000 secs]
24.889: [GC 2130984K->265738K(2297792K), 0.0669010 secs]
27.320: [GC 2095111K->281309K(2297472K), 0.0424090 secs]
29.722: [GC 2111658K->289860K(2292096K), 0.0287120 secs]
32.087: [GC 2087293K->294387K(2278528K), 0.0284720 secs]
34.550: [GC 2092030K->302623K(2273088K), 0.0310270 secs]
36.957: [GC 2064941K->311196K(2259136K), 0.0330630 secs]
39.337: [GC 2072623K->319762K(2249216K), 0.0383440 secs]
41.414: [GC 2036944K->322727K(2226496K), 0.0345580 secs]
43.485: [GC 2040999K->329988K(2229952K), 0.0500810 secs]
45.665: [GC 2007395K->335391K(2198464K), 0.0432090 secs]
47.855: [GC 2011825K->342146K(2210432K), 0.0392630 secs]
50.104: [GC 1979127K->342796K(2166016K), 0.0389750 secs]
52.321: [GC 1979944K->348088K(2197376K), 0.0442840 secs]
54.477: [GC 1954746K->348683K(2137216K), 0.0391910 secs]
56.632: [GC 1954190K->351929K(2195776K), 0.0401610 secs]
58.689: [GC 1943784K->354971K(2121536K), 0.0394190 secs]
60.714: [GC 1947771K->352896K(2199616K), 0.0379290 secs]
