0.534: [GC 95424K->59898K(365760K), 0.0740720 secs]
0.691: [GC 155322K->119846K(461184K), 0.1028900 secs]
1.081: [GC 310694K->166361K(461184K), 0.0367610 secs]
1.332: [GC 356914K->172443K(652032K), 0.0134000 secs]
1.804: [GC 554139K->178992K(652032K), 0.0216890 secs]
2.242: [GC 559805K->183815K(1108864K), 0.0354710 secs]
3.167: [GC 945838K->193629K(1108864K), 0.0232190 secs]
4.049: [GC 955548K->203903K(1861760K), 0.0489010 secs]
5.887: [GC 1730343K->218541K(1865600K), 0.0254700 secs]
7.574: [GC 1744131K->238633K(2201536K), 0.0616220 secs]
9.745: [GC 2107728K->262372K(2203904K), 0.0766340 secs]
9.822: [Full GC 262372K->179799K(2333376K), 0.5800100 secs]
12.397: [GC 2048837K->215788K(2335744K), 0.0219650 secs]
14.461: [GC 2095875K->237761K(2337920K), 0.0311610 secs]
16.497: [GC 2116451K->256215K(2324672K), 0.0351210 secs]
18.517: [GC 2119685K->268082K(2333824K), 0.0795620 secs]
20.599: [GC 2131439K->276876K(2305920K), 0.0489740 secs]
22.616: [GC 2111328K->292835K(2304768K), 0.0293090 secs]
24.643: [GC 2127552K->303360K(2293248K), 0.0346970 secs]
26.638: [GC 2104885K->314425K(2292416K), 0.0337360 secs]
28.604: [GC 2114904K->317828K(2269120K), 0.0313080 secs]
30.561: [GC 2074806K->331658K(2265344K), 0.0351570 secs]
32.459: [GC 2088491K->340357K(2239936K), 0.0365430 secs]
34.318: [GC 2042229K->348813K(2228352K), 0.0384120 secs]
36.182: [GC 2050879K->352786K(2215104K), 0.0390340 secs]
37.991: [GC 2003769K->353427K(2180544K), 0.0395550 secs]
39.804: [GC 2003390K->356921K(2200448K), 0.0400610 secs]
41.570: [GC 1970633K->363971K(2154304K), 0.0416280 secs]
43.336: [GC 1977279K->365970K(2185280K), 0.0428540 secs]
45.063: [GC 1945954K->366298K(2121792K), 0.0421350 secs]
46.785: [GC 1947975K->365859K(2185536K), 0.0414310 secs]
48.491: [GC 1935620K->370767K(2109120K), 0.0412830 secs]
50.169: [GC 1940313K->371977K(2185280K), 0.0415090 secs]
51.862: [GC 1938012K->376066K(2185216K), 0.0414010 secs]
53.609: [GC 1941266K->378728K(2184960K), 0.0427240 secs]
55.322: [GC 1945080K->379446K(2107776K), 0.0601890 secs]
57.056: [GC 1945277K->382610K(2185920K), 0.0420290 secs]
58.765: [GC 1949682K->384028K(2109504K), 0.0477330 secs]
60.548: [GC 1952907K->382966K(2188224K), 0.0421900 secs]
