1.165: [GC 95424K->31582K(365760K), 0.0603670 secs]
1.386: [GC 127006K->64783K(461184K), 0.0641710 secs]
1.766: [GC 255631K->136925K(461184K), 0.0951740 secs]
2.157: [GC 327773K->199553K(652032K), 0.1500670 secs]
2.308: [Full GC 199553K->199527K(821760K), 0.4591470 secs]
3.393: [GC 579693K->236606K(821760K), 0.0277320 secs]
3.616: [GC 618302K->242081K(1079360K), 0.0171910 secs]
3.916: [GC 804120K->249964K(1092032K), 0.0148490 secs]
4.211: [GC 813676K->251661K(1279808K), 0.0139110 secs]
4.618: [GC 1033262K->264960K(1306112K), 0.0168440 secs]
5.029: [GC 1047601K->266949K(1432320K), 0.0212810 secs]
5.500: [GC 1202531K->275163K(1448960K), 0.0269210 secs]
5.955: [GC 1211079K->281107K(1606912K), 0.0246630 secs]
6.539: [GC 1381263K->290332K(1614080K), 0.0287310 secs]
7.114: [GC 1391311K->300462K(1795264K), 0.0427960 secs]
7.836: [GC 1577990K->314136K(1801920K), 0.0496050 secs]
8.507: [GC 1591327K->314097K(2023488K), 0.0401330 secs]
9.273: [GC 1803566K->320731K(2031680K), 0.0776670 secs]
10.058: [GC 1810648K->329664K(2212160K), 0.0576590 secs]
10.935: [GC 1990726K->334749K(2222336K), 0.0513790 secs]
11.768: [GC 1995735K->336471K(2303296K), 0.0945830 secs]
12.691: [GC 2069000K->347687K(2273856K), 0.0375070 secs]
13.521: [GC 2080423K->358406K(2283072K), 0.0402480 secs]
14.405: [GC 2057265K->360011K(2248320K), 0.0791800 secs]
15.313: [GC 2059744K->375782K(2267904K), 0.0404610 secs]
16.149: [GC 2044723K->371841K(2223552K), 0.0870590 secs]
17.051: [GC 2041112K->381617K(2263168K), 0.0519050 secs]
17.895: [GC 2033199K->378071K(2203200K), 0.0578880 secs]
18.735: [GC 2028870K->382552K(2267712K), 0.0416220 secs]
19.541: [GC 2032367K->387635K(2204736K), 0.0537030 secs]
20.415: [GC 2038310K->394755K(2268288K), 0.0366910 secs]
21.295: [GC 2045578K->390307K(2196928K), 0.0356650 secs]
22.097: [GC 2042117K->395006K(2267392K), 0.0370910 secs]
22.925: [GC 2051139K->402131K(2263424K), 0.0357230 secs]
23.753: [GC 2057455K->402960K(2273216K), 0.0393620 secs]
24.601: [GC 2072369K->412614K(2270400K), 0.0365810 secs]
25.428: [GC 2080184K->418843K(2280384K), 0.0363240 secs]
26.275: [GC 2099803K->421152K(2278912K), 0.0364390 secs]
27.128: [GC 2100645K->426169K(2283968K), 0.0360920 secs]
28.004: [GC 2114995K->431678K(2282112K), 0.0350230 secs]
28.861: [GC 2118818K->430492K(2286784K), 0.0518570 secs]
29.758: [GC 2128249K->432783K(2287040K), 0.0439440 secs]
30.632: [GC 2130928K->440505K(2294336K), 0.0361460 secs]
31.523: [GC 2151098K->445804K(2292992K), 0.0359060 secs]
32.399: [GC 2155649K->452624K(2300032K), 0.0366010 secs]
33.253: [GC 2170863K->460185K(2299200K), 0.0364920 secs]
34.119: [GC 2178274K->456828K(2300032K), 0.0354290 secs]
34.985: [GC 2181582K->463447K(2302144K), 0.0378140 secs]
35.851: [GC 2188334K->464363K(2301504K), 0.0351340 secs]
36.744: [GC 2196075K->463925K(2304320K), 0.0375200 secs]
37.622: [GC 2195025K->470109K(2307264K), 0.0506960 secs]
38.471: [GC 2210278K->477310K(2309952K), 0.0371100 secs]
39.343: [GC 2217794K->488867K(2314624K), 0.0380570 secs]
40.247: [GC 2236131K->493540K(2315008K), 0.0466980 secs]
41.155: [GC 2240533K->498964K(2312768K), 0.0357650 secs]
42.035: [GC 2242635K->499565K(2299584K), 0.0359120 secs]
42.924: [GC 2242837K->508587K(2310208K), 0.0376840 secs]
43.840: [GC 2247220K->509314K(2312128K), 0.0369590 secs]
44.743: [GC 2248710K->509583K(2308736K), 0.0371590 secs]
45.612: [GC 2248648K->520616K(2310464K), 0.0372020 secs]
46.494: [GC 2260270K->518164K(2312768K), 0.0737580 secs]
47.409: [GC 2259189K->519562K(2292864K), 0.0373300 secs]
48.324: [GC 2260686K->527200K(2312640K), 0.0370870 secs]
49.183: [GC 2270097K->529740K(2311744K), 0.0360120 secs]
50.063: [GC 2271636K->539663K(2313280K), 0.0464090 secs]
50.939: [GC 2285900K->542710K(2313984K), 0.0373000 secs]
51.796: [GC 2288003K->541919K(2314368K), 0.0361910 secs]
52.650: [GC 2290882K->548762K(2315584K), 0.0365490 secs]
52.704: [Full GC 548762K->211635K(2336256K), 0.6111590 secs]
54.165: [GC 1960394K->240961K(2307584K), 0.0116090 secs]
55.036: [GC 1960990K->253170K(2207488K), 0.0150780 secs]
55.873: [GC 1972770K->270248K(2307072K), 0.0191300 secs]
56.740: [GC 1964593K->281356K(2310464K), 0.0209840 secs]
57.641: [GC 1975282K->287229K(2305920K), 0.0225040 secs]
58.466: [GC 1982649K->298554K(2308288K), 0.0247930 secs]
59.319: [GC 1993802K->311937K(2303424K), 0.0298600 secs]
60.200: [GC 2015899K->314883K(2307008K), 0.0291720 secs]
61.062: [GC 2018891K->316284K(2317184K), 0.0289620 secs]
61.928: [GC 2039622K->330218K(2319936K), 0.0327390 secs]
62.821: [GC 2055040K->331501K(2325312K), 0.0328400 secs]
