0.529: [GC 95424K->60480K(365760K), 0.1010650 secs]
0.717: [GC 155904K->122669K(461184K), 0.0924000 secs]
1.412: [GC 313517K->165427K(461184K), 0.0735550 secs]
2.305: [GC 356190K->169931K(652032K), 0.0418690 secs]
4.086: [GC 550894K->172433K(652032K), 0.0140290 secs]
5.944: [GC 553629K->173150K(1112192K), 0.0138450 secs]
9.684: [GC 936542K->178409K(1112256K), 0.0153110 secs]
13.487: [GC 941801K->181558K(1870848K), 0.0139150 secs]
21.378: [GC 1707588K->190120K(1872320K), 0.0123220 secs]
28.630: [GC 1716904K->195233K(2195264K), 0.0227910 secs]
38.377: [GC 2050582K->201753K(2196288K), 0.0141550 secs]
47.147: [GC 2058585K->208661K(2201728K), 0.0143130 secs]
47.161: [Full GC 208661K->177972K(2316480K), 0.7199670 secs]
57.287: [GC 2045470K->191079K(2317824K), 0.0104950 secs]
