0.537: [GC 95424K->60480K(365760K), 0.0925620 secs]
0.718: [GC 155904K->122685K(461184K), 0.0965150 secs]
1.247: [GC 313533K->165841K(461184K), 0.0543510 secs]
1.778: [GC 355024K->170160K(652032K), 0.0150970 secs]
2.669: [GC 550853K->173011K(652032K), 0.0130890 secs]
3.443: [GC 553910K->174427K(1111808K), 0.0129650 secs]
4.990: [GC 936224K->178620K(1112064K), 0.0140020 secs]
6.501: [GC 942012K->179949K(1871744K), 0.0123840 secs]
9.834: [GC 1706733K->191763K(1872768K), 0.0126130 secs]
13.124: [GC 1717760K->197297K(2194624K), 0.0221200 secs]
16.868: [GC 2053132K->207383K(2195328K), 0.0322050 secs]
20.498: [GC 2063703K->215016K(2202560K), 0.0203810 secs]
20.519: [Full GC 215016K->178060K(2332480K), 0.7151420 secs]
24.887: [GC 2046338K->195210K(2333248K), 0.0118060 secs]
28.644: [GC 2062355K->203991K(2333440K), 0.0149960 secs]
32.398: [GC 2081738K->212002K(2335680K), 0.0192120 secs]
36.248: [GC 2089868K->217799K(2347392K), 0.0240930 secs]
40.127: [GC 2110535K->225068K(2347392K), 0.0279910 secs]
43.866: [GC 2117306K->235166K(2336768K), 0.0350610 secs]
47.890: [GC 2114974K->237727K(2323904K), 0.0367110 secs]
51.704: [GC 2116649K->245946K(2323264K), 0.0395100 secs]
55.546: [GC 2101676K->252422K(2314624K), 0.0441810 secs]
59.568: [GC 2108294K->258414K(2305856K), 0.0479820 secs]
