1.153: [GC 95424K->31574K(365760K), 0.0530220 secs]
1.361: [GC 126998K->65291K(461184K), 0.1080890 secs]
1.763: [GC 256139K->133526K(461184K), 0.0847520 secs]
2.128: [GC 324374K->196129K(652032K), 0.1713050 secs]
2.300: [Full GC 196129K->196124K(817152K), 0.5829730 secs]
3.410: [GC 577820K->226570K(817152K), 0.0338960 secs]
3.629: [GC 608266K->235534K(1073984K), 0.0246500 secs]
3.891: [GC 798798K->239888K(1085120K), 0.0232900 secs]
4.089: [GC 803152K->240889K(1302784K), 0.0219180 secs]
4.378: [GC 1041028K->244997K(1316864K), 0.0199000 secs]
4.637: [GC 1045701K->252156K(1470592K), 0.0225070 secs]
4.903: [GC 1227811K->250836K(1484864K), 0.0210410 secs]
5.181: [GC 1227732K->254459K(1664576K), 0.0250060 secs]
5.548: [GC 1428795K->259738K(1674496K), 0.0269990 secs]
5.897: [GC 1434074K->266519K(1892928K), 0.0304950 secs]
6.305: [GC 1662710K->270523K(1895680K), 0.0326340 secs]
6.734: [GC 1666747K->272651K(2147648K), 0.0338130 secs]
7.225: [GC 1920139K->277581K(2151104K), 0.0347470 secs]
7.743: [GC 1925069K->277803K(2336896K), 0.0342720 secs]
8.346: [GC 2109419K->282597K(2341184K), 0.0375890 secs]
8.978: [GC 2112672K->289598K(2359488K), 0.0372720 secs]
9.758: [GC 2135870K->297293K(2336576K), 0.0367120 secs]
10.591: [GC 2143565K->312562K(2346496K), 0.0393740 secs]
11.378: [GC 2142003K->317225K(2338496K), 0.0408330 secs]
12.250: [GC 2147625K->324531K(2332352K), 0.0471280 secs]
13.214: [GC 2128179K->330930K(2322880K), 0.0502150 secs]
14.207: [GC 2134578K->337370K(2316160K), 0.0535940 secs]
15.243: [GC 2110298K->349846K(2307264K), 0.0607030 secs]
16.132: [GC 2122774K->359817K(2293568K), 0.0608200 secs]
16.885: [GC 2092681K->363734K(2276224K), 0.0609680 secs]
17.613: [GC 2096598K->367694K(2280896K), 0.0613550 secs]
18.309: [GC 2068814K->366867K(2242176K), 0.0627360 secs]
18.954: [GC 2067987K->374894K(2273856K), 0.0641870 secs]
19.467: [GC 2057838K->374746K(2227840K), 0.0635860 secs]
20.001: [GC 2057690K->376995K(2273984K), 0.0626520 secs]
20.565: [GC 2050505K->374075K(2211456K), 0.0637660 secs]
21.145: [GC 2049339K->377609K(2276864K), 0.0620570 secs]
21.688: [GC 2055202K->388910K(2273856K), 0.0630240 secs]
22.186: [GC 2068270K->389606K(2277248K), 0.0596810 secs]
22.689: [GC 2075622K->392345K(2276736K), 0.0587480 secs]
23.209: [GC 2076734K->398130K(2279872K), 0.0585560 secs]
23.748: [GC 2095346K->394130K(2279552K), 0.0557240 secs]
24.247: [GC 2091346K->405074K(2288576K), 0.0536680 secs]
24.771: [GC 2118449K->406940K(2287872K), 0.0519240 secs]
25.278: [GC 2120796K->406114K(2298752K), 0.0477040 secs]
25.803: [GC 2133730K->415490K(2297280K), 0.0481400 secs]
26.375: [GC 2143106K->415426K(2303104K), 0.0462560 secs]
26.918: [GC 2150978K->420325K(2301632K), 0.0452210 secs]
27.505: [GC 2155581K->428125K(2305984K), 0.0478350 secs]
28.099: [GC 2172189K->431722K(2305216K), 0.0480300 secs]
28.752: [GC 2175490K->438508K(2310208K), 0.0485600 secs]
29.389: [GC 2193836K->441463K(2309952K), 0.0522080 secs]
30.042: [GC 2195548K->446263K(2316992K), 0.0491760 secs]
30.707: [GC 2214903K->455745K(2316672K), 0.0520820 secs]
31.353: [GC 2223788K->462125K(2325056K), 0.0528340 secs]
32.029: [GC 2240877K->464040K(2324800K), 0.0546810 secs]
32.695: [GC 2242792K->472230K(2326720K), 0.0551430 secs]
33.245: [GC 2253542K->471634K(2327936K), 0.0540550 secs]
33.834: [GC 2252946K->476908K(2324992K), 0.0537140 secs]
34.445: [GC 2259308K->485476K(2326848K), 0.0550750 secs]
35.180: [GC 2267876K->482055K(2325888K), 0.0532950 secs]
35.991: [GC 2265742K->485247K(2327936K), 0.0532460 secs]
36.718: [GC 2270783K->491557K(2330880K), 0.0537950 secs]
37.461: [GC 2283749K->495961K(2331648K), 0.0554550 secs]
38.309: [GC 2288153K->501981K(2334784K), 0.0550420 secs]
39.107: [GC 2298525K->505852K(2334976K), 0.0562020 secs]
39.801: [GC 2302396K->512673K(2335616K), 0.0570970 secs]
40.429: [GC 2310305K->514349K(2336192K), 0.0562690 secs]
40.998: [GC 2310494K->515115K(2333248K), 0.0553980 secs]
41.053: [Full GC 515115K->214736K(2351040K), 0.7188760 secs]
42.319: [GC 2011145K->230078K(2250752K), 0.0096660 secs]
42.919: [GC 2027616K->237140K(2325184K), 0.0133890 secs]
43.665: [GC 1994196K->250556K(2230272K), 0.0204200 secs]
44.321: [GC 2007612K->256149K(2328640K), 0.0232140 secs]
44.866: [GC 2004629K->262958K(2234112K), 0.0256780 secs]
45.502: [GC 2011438K->272137K(2332544K), 0.0298600 secs]
46.102: [GC 2025225K->273408K(2249152K), 0.0298760 secs]
46.721: [GC 2026496K->275247K(2331328K), 0.0325000 secs]
47.341: [GC 2033832K->282461K(2326976K), 0.0347400 secs]
48.026: [GC 2042141K->286843K(2338112K), 0.0369060 secs]
48.763: [GC 2062065K->295282K(2333376K), 0.0400680 secs]
49.336: [GC 2071538K->294774K(2348928K), 0.0402680 secs]
49.903: [GC 2087798K->299615K(2347392K), 0.0418650 secs]
50.583: [GC 2092639K->304551K(2352576K), 0.0466530 secs]
51.439: [GC 2102567K->311704K(2332416K), 0.0493010 secs]
52.253: [GC 2109720K->315893K(2344448K), 0.0520100 secs]
53.029: [GC 2100469K->320104K(2320128K), 0.0522010 secs]
53.828: [GC 2104680K->324845K(2342912K), 0.0526720 secs]
54.591: [GC 2102509K->330354K(2314368K), 0.0512060 secs]
55.298: [GC 2107372K->332652K(2340928K), 0.0527380 secs]
56.054: [GC 2105708K->342272K(2316544K), 0.0563350 secs]
56.806: [GC 2115328K->347458K(2332864K), 0.0571380 secs]
57.559: [GC 2107742K->352538K(2309568K), 0.0578950 secs]
58.340: [GC 2113818K->357444K(2327872K), 0.0568890 secs]
59.060: [GC 2107716K->360586K(2299200K), 0.0584480 secs]
59.717: [GC 2110858K->361410K(2328768K), 0.0584700 secs]
60.374: [GC 2108482K->364812K(2293824K), 0.0573370 secs]
61.093: [GC 2111512K->366460K(2329728K), 0.0582100 secs]
61.823: [GC 2114684K->370346K(2293632K), 0.0574180 secs]
62.563: [GC 2116790K->373194K(2328832K), 0.0571250 secs]
