0.528: [GC 95424K->59877K(365760K), 0.0922900 secs]
0.702: [GC 155301K->119805K(461184K), 0.1032020 secs]
1.559: [GC 310169K->172980K(461184K), 0.1163680 secs]
2.293: [GC 363828K->173559K(652032K), 0.0202160 secs]
3.825: [GC 553871K->173872K(652032K), 0.0135950 secs]
5.608: [GC 555334K->175396K(1112192K), 0.0190440 secs]
8.882: [GC 938788K->178707K(1112448K), 0.0328550 secs]
11.943: [GC 942099K->177569K(1874304K), 0.0117340 secs]
19.647: [GC 1703507K->184138K(1874496K), 0.0342880 secs]
26.996: [GC 1709177K->184943K(2194816K), 0.0142730 secs]
36.688: [GC 2035838K->192738K(2194880K), 0.0093790 secs]
46.985: [GC 2044130K->195161K(2198656K), 0.0519980 secs]
56.806: [GC 2054954K->202059K(2198336K), 0.0088180 secs]
