0.528: [GC 95424K->59898K(365760K), 0.0813180 secs]
0.691: [GC 155322K->119842K(461184K), 0.0893630 secs]
1.206: [GC 310063K->167267K(461184K), 0.0367710 secs]
1.648: [GC 356941K->175316K(652032K), 0.0143670 secs]
2.513: [GC 556819K->176945K(652032K), 0.0101560 secs]
3.300: [GC 557472K->178120K(1109632K), 0.0095910 secs]
4.786: [GC 939461K->179976K(1110080K), 0.0121360 secs]
6.558: [GC 941568K->182670K(1871232K), 0.0090960 secs]
9.956: [GC 1708558K->188177K(1871808K), 0.0078230 secs]
13.271: [GC 1712747K->191195K(2196224K), 0.0063210 secs]
17.330: [GC 2046171K->198588K(2196672K), 0.0103650 secs]
21.447: [GC 2053564K->203063K(2200128K), 0.0073260 secs]
25.537: [GC 2067191K->213897K(2200320K), 0.0084860 secs]
29.579: [GC 2076231K->209213K(2206528K), 0.0078050 secs]
29.587: [Full GC 209213K->179963K(2333952K), 0.4956190 secs]
33.813: [GC 2054331K->189076K(2332224K), 0.0054650 secs]
37.677: [GC 2062361K->194418K(2338176K), 0.0075420 secs]
41.611: [GC 2079646K->199646K(2337536K), 0.0087050 secs]
45.751: [GC 2084834K->204154K(2343744K), 0.0133190 secs]
50.020: [GC 2101485K->207972K(2342592K), 0.0141390 secs]
53.898: [GC 2105947K->211231K(2352960K), 0.0169090 secs]
58.012: [GC 2121042K->217350K(2352320K), 0.0146240 secs]
