1.172: [GC 95424K->31580K(365760K), 0.0519150 secs]
1.379: [GC 127004K->64020K(461184K), 0.0740250 secs]
1.748: [GC 254868K->134591K(461184K), 0.1737680 secs]
2.199: [GC 325439K->197210K(652032K), 0.2133620 secs]
2.413: [Full GC 197210K->197188K(815424K), 0.5585630 secs]
3.507: [GC 578766K->233821K(815424K), 0.0650990 secs]
3.711: [GC 615517K->239068K(1093376K), 0.0216150 secs]
4.026: [GC 818982K->247426K(1102848K), 0.0194040 secs]
4.307: [GC 828845K->249883K(1320064K), 0.0173230 secs]
4.660: [GC 1083291K->253557K(1348480K), 0.0225630 secs]
4.951: [GC 1086965K->259217K(1522240K), 0.0299260 secs]
5.241: [GC 1284561K->258518K(1532352K), 0.0231070 secs]
5.560: [GC 1283862K->260508K(1720832K), 0.0232650 secs]
5.944: [GC 1498076K->263963K(1736832K), 0.0221160 secs]
6.302: [GC 1501531K->262651K(1934720K), 0.0201650 secs]
6.731: [GC 1722619K->264022K(1953088K), 0.0279280 secs]
7.176: [GC 1723990K->264459K(2172032K), 0.0239130 secs]
7.620: [GC 1963275K->269263K(2187520K), 0.0259430 secs]
8.211: [GC 1966724K->277758K(2363456K), 0.0424880 secs]
8.890: [GC 2152638K->281156K(2366336K), 0.0311780 secs]
9.573: [GC 2156036K->288212K(2374464K), 0.0380680 secs]
10.276: [GC 2167764K->288293K(2354688K), 0.0249770 secs]
11.164: [GC 2167211K->295452K(2375488K), 0.0283350 secs]
11.902: [GC 2173808K->293099K(2350656K), 0.0258360 secs]
12.614: [GC 2172393K->308035K(2371456K), 0.0289490 secs]
13.330: [GC 2184770K->306834K(2373568K), 0.0295610 secs]
14.141: [GC 2184210K->312639K(2370752K), 0.0321090 secs]
14.886: [GC 2185607K->313772K(2358656K), 0.0364280 secs]
15.731: [GC 2187155K->319806K(2364416K), 0.0342000 secs]
16.558: [GC 2183742K->323641K(2356224K), 0.0388170 secs]
17.391: [GC 2185692K->326146K(2357632K), 0.0440190 secs]
18.283: [GC 2176132K->333868K(2350656K), 0.0367610 secs]
19.131: [GC 2184236K->344602K(2342976K), 0.0944710 secs]
20.053: [GC 2172186K->352022K(2338944K), 0.0456470 secs]
20.919: [GC 2178548K->350815K(2334720K), 0.0597190 secs]
21.851: [GC 2156832K->360122K(2321280K), 0.0460900 secs]
22.676: [GC 2166458K->365881K(2322240K), 0.0482670 secs]
23.492: [GC 2149340K->368233K(2303808K), 0.0411740 secs]
24.259: [GC 2152553K->379366K(2310400K), 0.0589700 secs]
25.081: [GC 2140213K->373515K(2280896K), 0.0500220 secs]
25.858: [GC 2135425K->375062K(2316032K), 0.0483040 secs]
26.642: [GC 2134998K->377265K(2271104K), 0.0452910 secs]
27.361: [GC 2136858K->376779K(2316992K), 0.0558130 secs]
28.092: [GC 2138995K->380576K(2313216K), 0.0369390 secs]
28.726: [GC 2144288K->377213K(2318528K), 0.0377870 secs]
29.391: [GC 2148184K->376812K(2315200K), 0.0338750 secs]
30.012: [GC 2148844K->382432K(2324544K), 0.0317900 secs]
30.593: [GC 2165984K->386349K(2322752K), 0.0303310 secs]
31.191: [GC 2169080K->392595K(2330368K), 0.0313910 secs]
31.779: [GC 2185683K->390331K(2328960K), 0.0312910 secs]
32.453: [GC 2183141K->394988K(2334528K), 0.0280310 secs]
33.077: [GC 2194284K->399203K(2333696K), 0.0288690 secs]
33.656: [GC 2198056K->406575K(2334976K), 0.0308890 secs]
34.218: [GC 2209883K->412472K(2334912K), 0.0314690 secs]
34.812: [GC 2215268K->412470K(2338368K), 0.0292520 secs]
35.395: [GC 2223670K->418109K(2337856K), 0.0310880 secs]
35.912: [GC 2229309K->422051K(2342208K), 0.0294430 secs]
36.467: [GC 2242211K->426330K(2341888K), 0.0342180 secs]
37.028: [GC 2246490K->430349K(2347136K), 0.0343270 secs]
37.585: [GC 2260457K->436867K(2346560K), 0.0352810 secs]
38.202: [GC 2267075K->437394K(2354112K), 0.0365400 secs]
38.761: [GC 2276263K->450426K(2345600K), 0.0389000 secs]
39.361: [GC 2287808K->447989K(2350848K), 0.0389850 secs]
39.981: [GC 2278817K->451156K(2335040K), 0.0405650 secs]
40.539: [GC 2283860K->455322K(2348864K), 0.0407200 secs]
41.111: [GC 2284186K->456838K(2333376K), 0.0427010 secs]
41.675: [GC 2285702K->463190K(2345024K), 0.0407120 secs]
42.312: [GC 2286166K->465255K(2347200K), 0.0419220 secs]
42.892: [GC 2288231K->468715K(2345984K), 0.0399790 secs]
43.452: [GC 2291755K->470784K(2346624K), 0.0403960 secs]
44.037: [GC 2293824K->477767K(2347328K), 0.0395720 secs]
44.631: [GC 2300784K->471260K(2347456K), 0.0376610 secs]
45.178: [GC 2296028K->476980K(2346688K), 0.0486210 secs]
45.761: [GC 2304436K->479043K(2347072K), 0.0529480 secs]
46.351: [GC 2305687K->485485K(2349440K), 0.0501850 secs]
46.928: [GC 2319021K->482203K(2350144K), 0.0446270 secs]
47.499: [GC 2315739K->487893K(2352704K), 0.0813610 secs]
47.581: [Full GC 487893K->218896K(2363008K), 0.7123960 secs]
48.822: [GC 2057026K->232110K(2280000K), 0.0087750 secs]
49.351: [GC 2068883K->240824K(2346560K), 0.0243450 secs]
49.951: [GC 2051438K->247734K(2268480K), 0.0154020 secs]
50.481: [GC 2059190K->256297K(2350144K), 0.0210630 secs]
51.061: [GC 2062863K->254483K(2271488K), 0.0186540 secs]
51.652: [GC 2062163K->269185K(2352640K), 0.0248130 secs]
52.213: [GC 2080092K->270540K(2291456K), 0.0292810 secs]
52.774: [GC 2082188K->276404K(2351552K), 0.0260840 secs]
53.380: [GC 2095028K->280251K(2346944K), 0.0272860 secs]
53.932: [GC 2098497K->281351K(2358528K), 0.0500810 secs]
54.503: [GC 2114311K->282822K(2356352K), 0.0350360 secs]
55.068: [GC 2115193K->289856K(2363776K), 0.0322900 secs]
55.704: [GC 2131840K->294426K(2364864K), 0.0437930 secs]
56.336: [GC 2135775K->301723K(2358144K), 0.0376160 secs]
56.951: [GC 2134683K->302384K(2344640K), 0.0358290 secs]
57.547: [GC 2135344K->300382K(2357376K), 0.0359660 secs]
58.161: [GC 2124638K->305032K(2332032K), 0.0371460 secs]
58.771: [GC 2127340K->310503K(2355008K), 0.0360590 secs]
59.370: [GC 2130791K->311096K(2356160K), 0.0371510 secs]
59.966: [GC 2130855K->316073K(2355072K), 0.0379910 secs]
60.537: [GC 2135593K->320021K(2355776K), 0.0366770 secs]
61.111: [GC 2138620K->323340K(2353728K), 0.0346610 secs]
61.732: [GC 2143116K->322908K(2354880K), 0.0358200 secs]
62.347: [GC 2140914K->327098K(2354048K), 0.0418400 secs]
62.913: [GC 2151418K->339487K(2354816K), 0.0401090 secs]
