0.531: [GC 95424K->59869K(365760K), 0.1215030 secs]
0.733: [GC 155293K->119844K(461184K), 0.0967400 secs]
1.274: [GC 310692K->166763K(461184K), 0.0375680 secs]
1.632: [GC 357611K->172015K(652032K), 0.0100170 secs]
2.382: [GC 552819K->176043K(652032K), 0.0099940 secs]
3.110: [GC 556412K->180701K(1109056K), 0.0095340 secs]
4.676: [GC 943782K->187033K(1109376K), 0.0123430 secs]
6.191: [GC 949806K->195372K(1864640K), 0.0133470 secs]
9.343: [GC 1721815K->212710K(1867456K), 0.0195060 secs]
12.338: [GC 1738949K->228029K(2202112K), 0.0252610 secs]
16.094: [GC 2094281K->232872K(2202048K), 0.0227520 secs]
16.117: [Full GC 232872K->175947K(2330176K), 0.5769020 secs]
20.252: [GC 2043639K->193345K(2337664K), 0.0406180 secs]
24.006: [GC 2069913K->206178K(2289664K), 0.0531850 secs]
28.244: [GC 2082501K->218383K(2337920K), 0.0206870 secs]
32.480: [GC 2097706K->226961K(2336640K), 0.0317330 secs]
36.354: [GC 2105733K->239360K(2330944K), 0.0341370 secs]
40.415: [GC 2111738K->245370K(2324672K), 0.0361760 secs]
44.237: [GC 2117600K->256325K(2311296K), 0.0409480 secs]
48.084: [GC 2095553K->265695K(2312768K), 0.0464450 secs]
52.083: [GC 2105672K->272540K(2284608K), 0.0506870 secs]
56.614: [GC 2067817K->277343K(2280512K), 0.0531050 secs]
