0.533: [GC 95424K->59866K(365760K), 0.0909520 secs]
0.705: [GC 155290K->119810K(461184K), 0.0943970 secs]
1.140: [GC 310454K->167378K(461184K), 0.0652450 secs]
1.506: [GC 356474K->174792K(652032K), 0.0165720 secs]
2.135: [GC 556218K->180944K(652032K), 0.0146450 secs]
2.661: [GC 561885K->184376K(1108416K), 0.0106860 secs]
3.803: [GC 945897K->189540K(1108864K), 0.0212060 secs]
4.987: [GC 951475K->200515K(1863936K), 0.0194410 secs]
7.409: [GC 1725498K->211026K(1867008K), 0.0163300 secs]
9.697: [GC 1736867K->220660K(2198656K), 0.0383730 secs]
12.600: [GC 2087120K->233698K(2200576K), 0.0348150 secs]
12.635: [Full GC 233698K->179111K(2329664K), 0.5944510 secs]
15.838: [GC 2043825K->197752K(2336256K), 0.0313930 secs]
18.567: [GC 2075052K->210848K(2338368K), 0.0181600 secs]
21.468: [GC 2087059K->218871K(2340032K), 0.0208070 secs]
24.207: [GC 2103031K->227570K(2340160K), 0.0187360 secs]
26.923: [GC 2111515K->240490K(2334848K), 0.0343860 secs]
29.735: [GC 2116955K->257404K(2340160K), 0.0240150 secs]
32.433: [GC 2135636K->265012K(2296896K), 0.0343280 secs]
35.261: [GC 2098664K->279518K(2299392K), 0.0401080 secs]
38.143: [GC 2113294K->288597K(2292736K), 0.0364230 secs]
40.817: [GC 2089547K->291550K(2278144K), 0.0300350 secs]
43.506: [GC 2091654K->300542K(2274368K), 0.0292270 secs]
46.172: [GC 2064806K->307092K(2257984K), 0.0304590 secs]
48.749: [GC 2070463K->317010K(2251328K), 0.0615320 secs]
51.371: [GC 2037703K->323921K(2232192K), 0.0344410 secs]
53.948: [GC 2045413K->328420K(2230400K), 0.0353320 secs]
56.416: [GC 2006844K->329728K(2194304K), 0.0352960 secs]
58.966: [GC 2008597K->334228K(2216448K), 0.0355860 secs]
