1.159: [GC 94905K->30503K(365760K), 0.0930500 secs]
1.417: [GC 125927K->63149K(461184K), 0.1032580 secs]
1.837: [GC 253997K->130867K(461184K), 0.1031120 secs]
2.236: [GC 321715K->193490K(652032K), 0.1450530 secs]
2.381: [Full GC 193490K->193441K(813888K), 0.5662050 secs]
3.652: [GC 575137K->231264K(813888K), 0.0612100 secs]
4.001: [GC 611998K->248501K(1054592K), 0.0178280 secs]
4.293: [GC 806744K->250110K(1075072K), 0.0408790 secs]
4.590: [GC 808842K->253812K(1287552K), 0.0257340 secs]
4.946: [GC 1051380K->257538K(1306560K), 0.0180160 secs]
5.275: [GC 1055106K->267038K(1447872K), 0.0177080 secs]
5.698: [GC 1230282K->267729K(1466880K), 0.0184520 secs]
6.102: [GC 1230680K->277007K(1621184K), 0.0205380 secs]
6.634: [GC 1408349K->280640K(1633600K), 0.0220470 secs]
7.169: [GC 1411846K->287326K(1797376K), 0.0228560 secs]
7.766: [GC 1585758K->298540K(1806336K), 0.0267640 secs]
8.332: [GC 1596832K->301733K(1986944K), 0.0276070 secs]
9.023: [GC 1772298K->313745K(1993792K), 0.0306210 secs]
9.707: [GC 1784388K->320021K(2120000K), 0.0315090 secs]
10.475: [GC 1906691K->322315K(2130112K), 0.0300580 secs]
11.307: [GC 1909654K->326978K(2260800K), 0.0343710 secs]
12.092: [GC 2035926K->332738K(2265792K), 0.0298480 secs]
12.903: [GC 2042882K->337295K(2300160K), 0.0299000 secs]
13.799: [GC 2076965K->345185K(2269888K), 0.0690980 secs]
14.724: [GC 2084602K->353028K(2287808K), 0.0386010 secs]
15.557: [GC 2070624K->364587K(2260672K), 0.0764100 secs]
16.449: [GC 2081838K->371264K(2272896K), 0.0392900 secs]
17.287: [GC 2060858K->378652K(2239744K), 0.0857140 secs]
18.156: [GC 2068441K->380377K(2265088K), 0.0769850 secs]
19.025: [GC 2049029K->390627K(2224640K), 0.0374460 secs]
19.890: [GC 2059388K->395614K(2255040K), 0.0382010 secs]
20.687: [GC 2045041K->398568K(2204160K), 0.0376660 secs]
21.534: [GC 2047938K->403085K(2254528K), 0.0383970 secs]
22.339: [GC 2045064K->408014K(2198528K), 0.0371940 secs]
23.179: [GC 2050489K->417512K(2249984K), 0.0396880 secs]
24.057: [GC 2052904K->420475K(2197696K), 0.0390770 secs]
24.885: [GC 2056417K->418431K(2252288K), 0.0385940 secs]
25.723: [GC 2052020K->423799K(2193856K), 0.0396690 secs]
26.554: [GC 2058807K->428315K(2252032K), 0.0405090 secs]
27.359: [GC 2063711K->432729K(2250368K), 0.0410550 secs]
28.176: [GC 2069033K->437209K(2252608K), 0.0402950 secs]
28.994: [GC 2077560K->434948K(2251840K), 0.0407790 secs]
29.810: [GC 2076292K->441814K(2253952K), 0.0388690 secs]
30.650: [GC 2090389K->451478K(2252480K), 0.0402820 secs]
31.504: [GC 2100552K->450222K(2260096K), 0.0381670 secs]
32.375: [GC 2116590K->454132K(2261504K), 0.0390450 secs]
33.238: [GC 2119940K->459191K(2268544K), 0.0382860 secs]
34.101: [GC 2140653K->468776K(2269312K), 0.0381690 secs]
34.911: [GC 2150929K->470039K(2276800K), 0.0396750 secs]
35.783: [GC 2165840K->474673K(2279040K), 0.0385570 secs]
36.642: [GC 2170284K->477368K(2279936K), 0.0376650 secs]
37.475: [GC 2181431K->476573K(2282496K), 0.0375080 secs]
38.312: [GC 2180658K->486009K(2285056K), 0.0378770 secs]
39.188: [GC 2201026K->491581K(2288384K), 0.0377080 secs]
40.060: [GC 2205580K->494429K(2290112K), 0.0380410 secs]
40.958: [GC 2218589K->499183K(2293568K), 0.0366980 secs]
41.806: [GC 2223000K->499217K(2295040K), 0.0379460 secs]
42.690: [GC 2230353K->501029K(2297792K), 0.0375720 secs]
43.558: [GC 2232079K->515473K(2300992K), 0.0395720 secs]
44.447: [GC 2249783K->510586K(2281728K), 0.0367800 secs]
45.292: [GC 2244043K->520970K(2301440K), 0.0388920 secs]
46.139: [GC 2257162K->521442K(2301376K), 0.0385690 secs]
46.956: [GC 2256400K->525740K(2302464K), 0.0384200 secs]
47.800: [GC 2263844K->529171K(2302080K), 0.0392240 secs]
48.663: [GC 2267140K->535191K(2304064K), 0.0381950 secs]
49.529: [GC 2277079K->540177K(2303744K), 0.0387410 secs]
50.425: [GC 2282065K->548654K(2304640K), 0.0388260 secs]
50.477: [Full GC 548654K->223833K(2350720K), 0.7297590 secs]
51.990: [GC 1966141K->249595K(2231616K), 0.0265170 secs]
52.821: [GC 1992156K->257931K(2312640K), 0.0135380 secs]
53.599: [GC 1943932K->266940K(2192704K), 0.0276000 secs]
54.411: [GC 1953069K->277188K(2313984K), 0.0209400 secs]
55.215: [GC 1946668K->291058K(2200832K), 0.0197400 secs]
55.992: [GC 1961712K->295787K(2319168K), 0.0220370 secs]
56.782: [GC 1972459K->302962K(2218240K), 0.0415490 secs]
57.566: [GC 1977928K->307352K(2318656K), 0.0323460 secs]
58.349: [GC 1992408K->320537K(2312768K), 0.0355130 secs]
59.163: [GC 2005593K->327319K(2323904K), 0.0284080 secs]
59.927: [GC 2028968K->331587K(2321024K), 0.0287980 secs]
60.732: [GC 2033431K->338594K(2336320K), 0.0312390 secs]
61.548: [GC 2056232K->345311K(2337408K), 0.0312540 secs]
62.401: [GC 2063001K->347591K(2333056K), 0.0328090 secs]
63.200: [GC 2058069K->352330K(2302272K), 0.0379810 secs]
