0.537: [GC 95424K->59877K(365760K), 0.1060400 secs]
0.723: [GC 155301K->119821K(461184K), 0.0879110 secs]
1.143: [GC 310669K->165578K(461184K), 0.0402810 secs]
1.473: [GC 356155K->172233K(652032K), 0.0361450 secs]
2.070: [GC 552143K->174617K(652032K), 0.0101990 secs]
2.630: [GC 555780K->179351K(1108864K), 0.0189050 secs]
3.784: [GC 942471K->190835K(1109376K), 0.0136780 secs]
4.901: [GC 953409K->202503K(1860352K), 0.0151310 secs]
7.195: [GC 1728808K->226114K(1864896K), 0.0184810 secs]
9.283: [GC 1751794K->241936K(2204608K), 0.0811450 secs]
11.940: [GC 2107125K->256563K(2148480K), 0.0331240 secs]
11.983: [Full GC 256563K->178612K(2277248K), 0.4863890 secs]
15.040: [GC 2043990K->215082K(2335872K), 0.0479160 secs]
17.548: [GC 2083011K->236285K(2290816K), 0.0225210 secs]
20.135: [GC 2104420K->249729K(2331648K), 0.0220400 secs]
22.753: [GC 2119952K->268408K(2332096K), 0.0233300 secs]
25.289: [GC 2139004K->286026K(2310528K), 0.0404440 secs]
27.692: [GC 2128496K->294640K(2296256K), 0.0311270 secs]
30.148: [GC 2136076K->309797K(2304320K), 0.0338890 secs]
32.514: [GC 2131055K->316435K(2296768K), 0.0366040 secs]
34.888: [GC 2137191K->327831K(2281792K), 0.0398730 secs]
37.267: [GC 2109157K->341604K(2283264K), 0.0347290 secs]
39.726: [GC 2123767K->348933K(2247680K), 0.0389320 secs]
41.996: [GC 2076752K->354780K(2242048K), 0.0375450 secs]
44.312: [GC 2082453K->356347K(2231424K), 0.0393590 secs]
46.524: [GC 2037039K->358547K(2198976K), 0.0354420 secs]
48.702: [GC 2040269K->362084K(2216960K), 0.0356950 secs]
50.911: [GC 2008915K->368213K(2174592K), 0.0379040 secs]
53.107: [GC 2014588K->373202K(2200960K), 0.0393290 secs]
55.247: [GC 1987910K->377051K(2151168K), 0.0401900 secs]
57.439: [GC 1991050K->377677K(2194240K), 0.0407880 secs]
59.593: [GC 1969555K->383606K(2127168K), 0.0403970 secs]
