0.533: [GC 95424K->59898K(365760K), 0.1373270 secs]
0.752: [GC 155322K->119850K(461184K), 0.0648360 secs]
1.116: [GC 310693K->166215K(461184K), 0.0501580 secs]
1.429: [GC 355807K->171979K(652032K), 0.0133000 secs]
1.930: [GC 553675K->175651K(652032K), 0.0524110 secs]
2.457: [GC 556333K->180429K(1108928K), 0.0105650 secs]
3.457: [GC 942400K->188837K(1109312K), 0.0129560 secs]
4.391: [GC 950409K->198139K(1862720K), 0.0157130 secs]
6.347: [GC 1724760K->211722K(1866240K), 0.0158910 secs]
8.143: [GC 1737216K->228493K(2200128K), 0.0274600 secs]
10.385: [GC 2098095K->250117K(2201984K), 0.0420480 secs]
10.427: [Full GC 250117K->177910K(2329728K), 0.4814350 secs]
13.068: [GC 2047989K->211941K(2337024K), 0.0236670 secs]
15.244: [GC 2095740K->230059K(2338496K), 0.0617100 secs]
17.466: [GC 2113488K->244412K(2331840K), 0.0614740 secs]
19.742: [GC 2120453K->257065K(2337856K), 0.0262520 secs]
21.952: [GC 2132794K->274301K(2290880K), 0.0332600 secs]
24.074: [GC 2102592K->291023K(2289600K), 0.0323810 secs]
26.175: [GC 2119170K->308382K(2289344K), 0.0359170 secs]
28.284: [GC 2106082K->322917K(2291584K), 0.0478130 secs]
30.410: [GC 2121555K->330525K(2253696K), 0.0637310 secs]
32.460: [GC 2074132K->339311K(2254464K), 0.0371710 secs]
34.505: [GC 2083321K->346413K(2231808K), 0.0369240 secs]
36.560: [GC 2035712K->355039K(2215552K), 0.0386460 secs]
38.505: [GC 2043837K->352593K(2211968K), 0.0378590 secs]
40.436: [GC 1995208K->357661K(2171072K), 0.0386600 secs]
42.386: [GC 2000316K->366032K(2192512K), 0.0408340 secs]
44.267: [GC 1970861K->368805K(2143680K), 0.0408290 secs]
46.173: [GC 1971875K->369552K(2180928K), 0.0423800 secs]
48.041: [GC 1943947K->373026K(2114752K), 0.0426290 secs]
49.886: [GC 1946097K->375924K(2177024K), 0.0420270 secs]
51.700: [GC 1934531K->379288K(2096704K), 0.0423260 secs]
53.505: [GC 1938019K->376704K(2182400K), 0.0391730 secs]
55.316: [GC 1937950K->382840K(2094272K), 0.0415910 secs]
57.170: [GC 1942816K->382952K(2180672K), 0.0395490 secs]
59.033: [GC 1947775K->388374K(2177024K), 0.0397730 secs]
60.846: [GC 1952037K->385144K(2182912K), 0.0390840 secs]
