1.165: [GC 94828K->30501K(365760K), 0.0566630 secs]
1.387: [GC 125925K->63402K(461184K), 0.0948730 secs]
1.802: [GC 254250K->135525K(461184K), 0.1054590 secs]
2.205: [GC 326373K->198112K(652032K), 0.1174500 secs]
2.323: [Full GC 198112K->198084K(819456K), 0.4512780 secs]
3.447: [GC 579056K->242909K(819456K), 0.0307650 secs]
3.701: [GC 622999K->249143K(1077248K), 0.0159920 secs]
4.074: [GC 814772K->259202K(1091904K), 0.0328260 secs]
4.445: [GC 826370K->265309K(1291584K), 0.0177050 secs]
4.877: [GC 1066084K->278946K(1319616K), 0.0759300 secs]
5.389: [GC 1078444K->282432K(1489920K), 0.0295530 secs]
5.963: [GC 1276618K->296666K(1507136K), 0.0670510 secs]
6.587: [GC 1289882K->302724K(1718016K), 0.0287580 secs]
7.281: [GC 1515926K->311075K(1734080K), 0.0286880 secs]
8.022: [GC 1523648K->321232K(1965312K), 0.0357430 secs]
8.862: [GC 1757685K->332809K(1974272K), 0.1180360 secs]
9.815: [GC 1769991K->343180K(2262080K), 0.0421120 secs]
10.793: [GC 2055884K->348979K(2274944K), 0.0406650 secs]
11.765: [GC 2063283K->358328K(2280192K), 0.0385620 secs]
12.763: [GC 2065405K->366856K(2268992K), 0.0393390 secs]
13.756: [GC 2072199K->365766K(2265344K), 0.0762240 secs]
14.745: [GC 2030681K->366826K(2217664K), 0.0389120 secs]
15.687: [GC 2032520K->382681K(2250688K), 0.0381140 secs]
16.635: [GC 2020133K->382101K(2201152K), 0.0361650 secs]
17.562: [GC 2020295K->386569K(2246720K), 0.0385930 secs]
18.534: [GC 2007253K->384129K(2178432K), 0.0385070 secs]
19.464: [GC 2005250K->392361K(2247808K), 0.0387750 secs]
20.419: [GC 2009232K->395719K(2249024K), 0.0387270 secs]
21.394: [GC 2013150K->411403K(2244864K), 0.0378110 secs]
22.333: [GC 2025275K->405225K(2247424K), 0.0379830 secs]
23.325: [GC 2020186K->408787K(2240768K), 0.0399840 secs]
24.243: [GC 2025769K->414422K(2244224K), 0.0372170 secs]
25.150: [GC 2032086K->416158K(2242368K), 0.0376510 secs]
26.072: [GC 2044222K->431018K(2247552K), 0.0375560 secs]
26.997: [GC 2059516K->423407K(2247424K), 0.0364130 secs]
27.916: [GC 2068984K->435517K(2255488K), 0.0383750 secs]
28.850: [GC 2080425K->435241K(2262208K), 0.0380390 secs]
29.809: [GC 2097961K->450129K(2267200K), 0.0387830 secs]
30.758: [GC 2112638K->449381K(2273728K), 0.0389200 secs]
31.703: [GC 2118831K->455197K(2273920K), 0.0409340 secs]
32.680: [GC 2123397K->456929K(2271872K), 0.0399020 secs]
33.641: [GC 2128407K->466985K(2273216K), 0.0408940 secs]
34.523: [GC 2138613K->468589K(2275776K), 0.0403350 secs]
35.507: [GC 2144926K->475049K(2276800K), 0.0391800 secs]
36.440: [GC 2151401K->476879K(2273664K), 0.0406150 secs]
37.358: [GC 2155632K->480760K(2276480K), 0.0407060 secs]
38.277: [GC 2159898K->486217K(2278400K), 0.0399510 secs]
39.252: [GC 2172622K->489924K(2280768K), 0.0404190 secs]
40.186: [GC 2175366K->494957K(2283520K), 0.0413380 secs]
41.143: [GC 2187009K->499081K(2285312K), 0.0411950 secs]
42.107: [GC 2191716K->499669K(2282304K), 0.0416800 secs]
43.064: [GC 2196357K->507572K(2285376K), 0.0384980 secs]
43.950: [GC 2203464K->505006K(2286016K), 0.0414110 secs]
44.841: [GC 2207222K->523607K(2288768K), 0.0429190 secs]
45.830: [GC 2225049K->525328K(2287616K), 0.0440440 secs]
46.773: [GC 2222158K->522496K(2265728K), 0.0395910 secs]
47.742: [GC 2219706K->531711K(2288192K), 0.0430470 secs]
48.641: [GC 2229757K->533290K(2288832K), 0.0419850 secs]
49.534: [GC 2230758K->530283K(2286080K), 0.0399410 secs]
50.486: [GC 2230603K->541516K(2288128K), 0.0403850 secs]
51.405: [GC 2241262K->541720K(2289088K), 0.0411400 secs]
52.345: [GC 2244793K->544249K(2290688K), 0.0415790 secs]
53.273: [GC 2247752K->540854K(2293248K), 0.0400460 secs]
54.176: [GC 2249241K->542655K(2293312K), 0.0387380 secs]
55.130: [GC 2250643K->547131K(2295360K), 0.0398090 secs]
56.096: [GC 2257644K->556119K(2272960K), 0.0405500 secs]
56.137: [Full GC 556119K->207152K(2289792K), 0.5972800 secs]
57.639: [GC 1919408K->234265K(2279104K), 0.0118280 secs]
58.558: [GC 1913601K->248770K(2160768K), 0.0230130 secs]
59.438: [GC 1928993K->257261K(2275584K), 0.0213830 secs]
60.313: [GC 1906157K->279326K(2281024K), 0.0223240 secs]
61.186: [GC 1926363K->289539K(2273088K), 0.0249640 secs]
62.086: [GC 1939203K->300498K(2277440K), 0.0253910 secs]
62.959: [GC 1949198K->306539K(2273664K), 0.0279900 secs]
