0.527: [GC 95424K->59885K(365760K), 0.0873120 secs]
0.696: [GC 155309K->119821K(461184K), 0.1267370 secs]
1.182: [GC 308863K->163805K(461184K), 0.0761720 secs]
1.611: [GC 353482K->173665K(652032K), 0.0132840 secs]
2.308: [GC 554398K->185351K(652032K), 0.0130160 secs]
2.964: [GC 566422K->194757K(1106112K), 0.0099860 secs]
4.384: [GC 956373K->209832K(1106432K), 0.0150940 secs]
5.695: [GC 971796K->225023K(1860608K), 0.0159800 secs]
8.476: [GC 1750506K->253843K(1863040K), 0.0244350 secs]
11.029: [GC 1779620K->273704K(2198848K), 0.0292920 secs]
11.059: [Full GC 273704K->176781K(2326144K), 0.5837920 secs]
14.717: [GC 2033036K->214845K(2276096K), 0.0143830 secs]
17.639: [GC 2069158K->236085K(2327232K), 0.0183950 secs]
20.714: [GC 2091931K->255374K(2318208K), 0.0249300 secs]
23.801: [GC 2112329K->267836K(2302720K), 0.0269660 secs]
26.728: [GC 2092240K->281821K(2312768K), 0.0295180 secs]
29.763: [GC 2108059K->296413K(2274752K), 0.0364050 secs]
32.715: [GC 2084701K->302289K(2268416K), 0.0287250 secs]
35.751: [GC 2089046K->320428K(2263616K), 0.0322660 secs]
38.678: [GC 2070946K->325753K(2255104K), 0.0339280 secs]
41.594: [GC 2076121K->340340K(2235840K), 0.0374990 secs]
44.416: [GC 2039939K->345793K(2224320K), 0.0387350 secs]
47.241: [GC 2045516K->346656K(2215552K), 0.0413890 secs]
50.012: [GC 1999054K->350019K(2180928K), 0.0393710 secs]
52.756: [GC 2002580K->353932K(2199808K), 0.0410700 secs]
55.480: [GC 1969813K->355908K(2151104K), 0.0406760 secs]
58.121: [GC 1971591K->358617K(2189184K), 0.0419790 secs]
60.684: [GC 1948520K->358357K(2127488K), 0.0418320 secs]
