0.531: [GC 95424K->59890K(365760K), 0.0841950 secs]
0.700: [GC 155314K->119810K(461184K), 0.0894240 secs]
1.099: [GC 308813K->163711K(461184K), 0.0602450 secs]
1.451: [GC 354207K->173154K(652032K), 0.0138890 secs]
2.055: [GC 554850K->185024K(652032K), 0.0180060 secs]
2.621: [GC 565754K->196758K(1104960K), 0.0113430 secs]
3.821: [GC 958286K->210854K(1105856K), 0.0150840 secs]
5.008: [GC 972485K->227082K(1860864K), 0.0174350 secs]
7.613: [GC 1752984K->252158K(1862912K), 0.0241320 secs]
9.938: [GC 1778423K->271939K(2200512K), 0.0289120 secs]
9.967: [Full GC 271939K->172769K(2324672K), 0.5754150 secs]
13.306: [GC 2031982K->215777K(2281792K), 0.0151050 secs]
16.090: [GC 2075243K->247110K(2317696K), 0.0227130 secs]
18.879: [GC 2099663K->262715K(2322560K), 0.0271100 secs]
21.694: [GC 2114965K->277484K(2276480K), 0.0328630 secs]
24.335: [GC 2082149K->291264K(2261120K), 0.0356030 secs]
27.087: [GC 2096183K->310590K(2284544K), 0.0307390 secs]
29.767: [GC 2099730K->326225K(2280640K), 0.0328830 secs]
32.467: [GC 2116098K->344509K(2248896K), 0.0364710 secs]
35.201: [GC 2079447K->356871K(2257280K), 0.0391620 secs]
37.836: [GC 2091928K->356401K(2211200K), 0.0380560 secs]
40.365: [GC 2031823K->359496K(2198848K), 0.0384320 secs]
42.916: [GC 2034860K->369125K(2197504K), 0.0414590 secs]
45.382: [GC 1996261K->370753K(2161664K), 0.0413870 secs]
47.847: [GC 1996141K->376109K(2180352K), 0.0427060 secs]
50.285: [GC 1962926K->376113K(2127104K), 0.0424400 secs]
52.713: [GC 1963313K->381625K(2168448K), 0.0440030 secs]
55.104: [GC 1938879K->383406K(2105600K), 0.0442630 secs]
57.558: [GC 1941806K->379210K(2167488K), 0.0437770 secs]
59.874: [GC 1923658K->379014K(2079040K), 0.0433860 secs]
