1.114: [GC 94898K->31850K(365760K), 0.0675520 secs]
1.350: [GC 127274K->65013K(461184K), 0.0967460 secs]
1.764: [GC 255861K->137387K(461184K), 0.1208090 secs]
2.181: [GC 328235K->200200K(652032K), 0.1113890 secs]
2.292: [Full GC 200200K->200174K(827008K), 0.6303690 secs]
3.771: [GC 581870K->236389K(827008K), 0.0265540 secs]
4.324: [GC 617797K->251728K(1043968K), 0.0151620 secs]
5.043: [GC 787792K->265695K(1067584K), 0.0197550 secs]
5.642: [GC 801759K->276968K(1198592K), 0.0214230 secs]
6.500: [GC 978536K->288674K(1224512K), 0.0250590 secs]
7.313: [GC 989375K->300004K(1326208K), 0.0284910 secs]
8.216: [GC 1101772K->308937K(1332992K), 0.0292940 secs]
9.164: [GC 1110279K->319594K(1434496K), 0.0341980 secs]
10.127: [GC 1215134K->331271K(1444224K), 0.0349930 secs]
11.130: [GC 1228231K->338280K(1543808K), 0.0401990 secs]
12.193: [GC 1322792K->348713K(1555968K), 0.0373620 secs]
13.290: [GC 1331338K->356290K(1655808K), 0.0451700 secs]
14.473: [GC 1427202K->363590K(1669184K), 0.0433330 secs]
15.647: [GC 1433900K->370878K(1738432K), 0.0482470 secs]
16.873: [GC 1495863K->378427K(1751488K), 0.0466350 secs]
18.149: [GC 1504422K->381554K(1827200K), 0.0515990 secs]
19.455: [GC 1571250K->390345K(1835584K), 0.0453270 secs]
20.748: [GC 1580041K->391557K(1911616K), 0.0483720 secs]
22.100: [GC 1648888K->392387K(1916032K), 0.0441920 secs]
23.484: [GC 1650499K->397660K(1990656K), 0.0482360 secs]
24.969: [GC 1726832K->404894K(1991552K), 0.0474320 secs]
26.403: [GC 1735838K->405925K(2045888K), 0.0487830 secs]
27.912: [GC 1792613K->418545K(2047296K), 0.0487230 secs]
29.437: [GC 1805233K->420070K(2105344K), 0.0509480 secs]
31.016: [GC 1862120K->426948K(2106048K), 0.0509510 secs]
32.628: [GC 1870020K->428153K(2163648K), 0.0530580 secs]
34.250: [GC 1929273K->439790K(2164480K), 0.0516860 secs]
35.887: [GC 1940910K->440087K(2225472K), 0.0543240 secs]
37.652: [GC 2000205K->434661K(2225920K), 0.0503380 secs]
39.326: [GC 1995557K->446674K(2226240K), 0.0521000 secs]
41.034: [GC 2011730K->444225K(2226176K), 0.0506240 secs]
42.732: [GC 2009281K->452258K(2231808K), 0.0517920 secs]
44.515: [GC 2025122K->451707K(2231232K), 0.0513380 secs]
46.277: [GC 2024571K->456662K(2234880K), 0.0525110 secs]
48.040: [GC 2033673K->460945K(2233920K), 0.0526440 secs]
49.767: [GC 2039185K->456031K(2233344K), 0.0503350 secs]
51.511: [GC 2039775K->463837K(2235392K), 0.0533790 secs]
53.257: [GC 2047581K->469549K(2240448K), 0.0540460 secs]
54.985: [GC 2062317K->473680K(2241984K), 0.0530280 secs]
56.854: [GC 2065975K->474731K(2243712K), 0.0536050 secs]
58.627: [GC 2071147K->477986K(2244672K), 0.0535990 secs]
60.482: [GC 2074402K->480515K(2244736K), 0.0540440 secs]
62.328: [GC 2079491K->478650K(2245568K), 0.0529670 secs]
