0.529: [GC 95424K->59885K(365760K), 0.0875200 secs]
0.699: [GC 155309K->119829K(461184K), 0.0630390 secs]
1.315: [GC 310123K->166575K(461184K), 0.0412750 secs]
2.135: [GC 355504K->170684K(652032K), 0.0144310 secs]
3.775: [GC 552380K->172820K(652032K), 0.0092710 secs]
5.445: [GC 554516K->173945K(1110208K), 0.0132990 secs]
9.365: [GC 935410K->176973K(1110336K), 0.0684500 secs]
13.024: [GC 940140K->179897K(1870464K), 0.0090270 secs]
20.591: [GC 1705305K->188587K(1871424K), 0.0143340 secs]
29.094: [GC 1713677K->196620K(2194816K), 0.0112840 secs]
38.936: [GC 2053930K->204022K(2196288K), 0.0140130 secs]
47.962: [GC 2060902K->208165K(2203072K), 0.0082380 secs]
57.904: [GC 2076386K->217173K(2204288K), 0.0094370 secs]
57.914: [Full GC 217173K->178346K(2317952K), 0.5931780 secs]
