0.531: [GC 95424K->60488K(365760K), 0.1085530 secs]
0.729: [GC 155912K->122685K(461184K), 0.0737510 secs]
1.254: [GC 312984K->166632K(461184K), 0.0600250 secs]
1.704: [GC 357040K->170996K(652032K), 0.0245380 secs]
2.683: [GC 551715K->172986K(652032K), 0.0177540 secs]
3.440: [GC 553997K->174762K(1111936K), 0.0200680 secs]
5.347: [GC 937000K->177740K(1112256K), 0.0161850 secs]
7.145: [GC 939661K->180017K(1872000K), 0.0205200 secs]
10.814: [GC 1706066K->190418K(1872960K), 0.0094860 secs]
14.120: [GC 1716582K->195936K(2194496K), 0.0128330 secs]
17.971: [GC 2050121K->203276K(2195392K), 0.0164230 secs]
21.564: [GC 2058619K->208827K(2201664K), 0.0091810 secs]
25.301: [GC 2074353K->216718K(2202432K), 0.0154550 secs]
25.316: [Full GC 216718K->177442K(2331968K), 0.7105190 secs]
29.748: [GC 2044514K->189113K(2336256K), 0.0093220 secs]
33.346: [GC 2064804K->197840K(2336512K), 0.0103790 secs]
37.088: [GC 2074576K->200230K(2339392K), 0.0143480 secs]
40.999: [GC 2087331K->210667K(2339776K), 0.0170000 secs]
44.920: [GC 2098859K->215615K(2350720K), 0.0220400 secs]
48.764: [GC 2116031K->221924K(2328960K), 0.0239240 secs]
52.572: [GC 2121666K->227937K(2342656K), 0.0348110 secs]
56.538: [GC 2115465K->232851K(2328832K), 0.0365160 secs]
60.463: [GC 2120529K->242702K(2327168K), 0.0446860 secs]
