1.154: [GC 94866K->30501K(365760K), 0.1316320 secs]
1.448: [GC 125925K->63170K(461184K), 0.0511190 secs]
1.794: [GC 254018K->130901K(461184K), 0.0747260 secs]
2.146: [GC 321749K->193488K(652032K), 0.1353770 secs]
2.281: [Full GC 193488K->193455K(814848K), 0.4611730 secs]
3.367: [GC 575151K->228358K(814848K), 0.0257430 secs]
3.576: [GC 610054K->235243K(1067712K), 0.0174400 secs]
3.855: [GC 795883K->243034K(1079616K), 0.0192570 secs]
4.035: [GC 803674K->246033K(1305024K), 0.0210450 secs]
4.305: [GC 1045649K->244369K(1312128K), 0.0203960 secs]
4.545: [GC 1042240K->247539K(1485888K), 0.0232260 secs]
4.832: [GC 1233043K->247389K(1493696K), 0.0234510 secs]
5.118: [GC 1233588K->251318K(1688384K), 0.0218560 secs]
5.444: [GC 1450884K->254214K(1700800K), 0.0246480 secs]
5.798: [GC 1455622K->263113K(1932992K), 0.0267210 secs]
6.223: [GC 1708121K->268186K(1940480K), 0.0297090 secs]
6.706: [GC 1713690K->268256K(2205440K), 0.0308160 secs]
7.334: [GC 1985925K->270391K(2215488K), 0.0339400 secs]
7.949: [GC 1987981K->281302K(2362368K), 0.0398380 secs]
8.705: [GC 2145004K->287141K(2356032K), 0.0405950 secs]
9.503: [GC 2151205K->299995K(2350784K), 0.0472900 secs]
10.335: [GC 2141787K->309885K(2341248K), 0.0441340 secs]
11.225: [GC 2151677K->309585K(2342528K), 0.0464510 secs]
12.134: [GC 2131328K->322202K(2329792K), 0.0509240 secs]
12.995: [GC 2143242K->329261K(2323968K), 0.0517930 secs]
13.777: [GC 2122285K->335644K(2312320K), 0.0542760 secs]
14.568: [GC 2128668K->337394K(2310272K), 0.0556570 secs]
15.260: [GC 2099576K->345477K(2292288K), 0.0566330 secs]
15.966: [GC 2109189K->346255K(2297728K), 0.0584850 secs]
16.734: [GC 2081881K->352834K(2266432K), 0.0609030 secs]
17.503: [GC 2089282K->358355K(2288192K), 0.0630410 secs]
18.301: [GC 2074451K->361875K(2250624K), 0.0657070 secs]
19.054: [GC 2077592K->366150K(2283200K), 0.0656950 secs]
19.829: [GC 2068166K->369780K(2233408K), 0.0667780 secs]
20.563: [GC 2070050K->374550K(2285568K), 0.0632840 secs]
21.343: [GC 2075414K->378220K(2228864K), 0.0638680 secs]
22.099: [GC 2079084K->380755K(2285952K), 0.0664060 secs]
22.830: [GC 2082621K->385676K(2283712K), 0.0653650 secs]
23.543: [GC 2088177K->388796K(2286400K), 0.0631420 secs]
24.303: [GC 2098043K->394539K(2285376K), 0.0645510 secs]
25.065: [GC 2102915K->398682K(2291072K), 0.0638320 secs]
25.821: [GC 2121242K->404720K(2290624K), 0.0649520 secs]
26.513: [GC 2125891K->407687K(2300416K), 0.0619270 secs]
27.246: [GC 2143175K->409524K(2299584K), 0.0667870 secs]
27.985: [GC 2145012K->412161K(2303104K), 0.0638200 secs]
28.718: [GC 2155994K->420786K(2302656K), 0.0673380 secs]
29.494: [GC 2164466K->430029K(2309632K), 0.0690270 secs]
30.254: [GC 2181373K->431769K(2309952K), 0.0680120 secs]
31.051: [GC 2184601K->434085K(2310208K), 0.0670030 secs]
31.815: [GC 2191205K->442151K(2311296K), 0.0682050 secs]
32.619: [GC 2199271K->445031K(2311040K), 0.0675030 secs]
33.445: [GC 2206718K->448199K(2313792K), 0.0619960 secs]
34.144: [GC 2210759K->457878K(2318976K), 0.0797690 secs]
34.844: [GC 2227734K->462213K(2319360K), 0.0628620 secs]
35.626: [GC 2232069K->467413K(2318016K), 0.0621290 secs]
36.475: [GC 2235477K->469902K(2319168K), 0.0597270 secs]
37.264: [GC 2236260K->475298K(2318848K), 0.0625450 secs]
38.049: [GC 2241707K->473929K(2298752K), 0.0613790 secs]
38.854: [GC 2241993K->481086K(2318400K), 0.0603290 secs]
39.517: [GC 2249918K->483288K(2317952K), 0.0603190 secs]
40.205: [GC 2252120K->485634K(2319552K), 0.0600730 secs]
40.882: [GC 2258818K->490863K(2319552K), 0.0598390 secs]
41.525: [GC 2264047K->494527K(2322240K), 0.0599500 secs]
42.285: [GC 2272672K->500205K(2322368K), 0.0623750 secs]
43.065: [GC 2279149K->503758K(2325952K), 0.0592120 secs]
43.685: [GC 2288206K->511030K(2325952K), 0.0591290 secs]
44.338: [GC 2295478K->515920K(2328128K), 0.0564390 secs]
44.978: [GC 2302617K->514136K(2327616K), 0.0563380 secs]
45.035: [Full GC 514136K->211997K(2338688K), 0.6110460 secs]
46.204: [GC 1999160K->238279K(2315008K), 0.0103360 secs]
46.814: [GC 2002119K->238589K(2218816K), 0.0159700 secs]
47.445: [GC 2002429K->251504K(2310080K), 0.0191890 secs]
48.069: [GC 1986599K->255523K(2208256K), 0.0235650 secs]
48.754: [GC 1991217K->259302K(2313024K), 0.0242840 secs]
49.380: [GC 1992550K->265739K(2215360K), 0.0273070 secs]
49.946: [GC 1998987K->272317K(2314304K), 0.0296770 secs]
50.506: [GC 2008538K->276852K(2310272K), 0.0317500 secs]
51.073: [GC 2013074K->279908K(2314176K), 0.0352580 secs]
51.645: [GC 2027556K->284191K(2310528K), 0.0350460 secs]
52.230: [GC 2031839K->291199K(2323840K), 0.0387770 secs]
52.864: [GC 2057791K->291485K(2320256K), 0.0394360 secs]
53.574: [GC 2056382K->300130K(2331712K), 0.0450190 secs]
54.409: [GC 2080400K->301575K(2331840K), 0.0453660 secs]
55.204: [GC 2082290K->305801K(2338752K), 0.0468470 secs]
56.001: [GC 2093833K->318754K(2317760K), 0.0504310 secs]
56.647: [GC 2106786K->315982K(2337408K), 0.0473340 secs]
57.305: [GC 2097458K->322298K(2304128K), 0.0489910 secs]
58.154: [GC 2103802K->324901K(2337664K), 0.0471550 secs]
58.984: [GC 2107685K->329758K(2336384K), 0.0465010 secs]
59.794: [GC 2110625K->333867K(2336896K), 0.0489040 secs]
60.644: [GC 2116607K->342553K(2315456K), 0.0528430 secs]
61.485: [GC 2126105K->343997K(2335040K), 0.0514910 secs]
62.438: [GC 2122941K->349070K(2309504K), 0.0529650 secs]
