0.539: [GC 95424K->60492K(365760K), 0.0889640 secs]
0.716: [GC 155916K->121089K(461184K), 0.0923410 secs]
1.292: [GC 310254K->165451K(461184K), 0.0664300 secs]
1.719: [GC 354889K->169885K(652032K), 0.0228920 secs]
2.584: [GC 550048K->173618K(652032K), 0.0562290 secs]
3.441: [GC 555168K->175340K(1110592K), 0.0107770 secs]
5.194: [GC 936981K->183085K(1110592K), 0.0285430 secs]
6.989: [GC 945765K->190246K(1866432K), 0.0349270 secs]
10.823: [GC 1716352K->203187K(1868992K), 0.0168600 secs]
14.378: [GC 1729137K->216567K(2195648K), 0.0289290 secs]
18.826: [GC 2079828K->229709K(2197888K), 0.0296180 secs]
18.856: [Full GC 229709K->178792K(2326272K), 0.7260750 secs]
23.524: [GC 2042739K->200547K(2336704K), 0.0154190 secs]
27.851: [GC 2079878K->215773K(2338624K), 0.0195780 secs]
32.071: [GC 2095829K->224719K(2342080K), 0.0237930 secs]
36.948: [GC 2110941K->233488K(2342528K), 0.0277610 secs]
41.534: [GC 2121040K->243615K(2330560K), 0.0339040 secs]
46.007: [GC 2114371K->252896K(2329216K), 0.0382560 secs]
50.423: [GC 2124959K->258971K(2310144K), 0.0413580 secs]
54.813: [GC 2096750K->268225K(2310272K), 0.0466980 secs]
59.357: [GC 2105685K->270183K(2290432K), 0.0476820 secs]
