0.536: [GC 95424K->59882K(365760K), 0.0768720 secs]
0.698: [GC 155306K->119798K(461184K), 0.0800070 secs]
1.149: [GC 310425K->168690K(461184K), 0.0679250 secs]
1.541: [GC 358972K->173469K(652032K), 0.0421420 secs]
2.228: [GC 555011K->179920K(652032K), 0.0149690 secs]
2.767: [GC 559772K->185624K(1108800K), 0.0231960 secs]
3.943: [GC 948820K->191165K(1108992K), 0.0318720 secs]
5.138: [GC 952754K->200091K(1864576K), 0.0448180 secs]
7.694: [GC 1726347K->213174K(1867584K), 0.0131960 secs]
9.920: [GC 1739035K->224785K(2197568K), 0.0258700 secs]
12.696: [GC 2092020K->235510K(2199808K), 0.0210850 secs]
12.717: [Full GC 235510K->177076K(2326144K), 0.5803790 secs]
16.044: [GC 2044245K->212041K(2331584K), 0.0154820 secs]
18.805: [GC 2093236K->224428K(2335680K), 0.0271260 secs]
21.702: [GC 2105160K->235478K(2335872K), 0.0235320 secs]
24.510: [GC 2116664K->241982K(2328000K), 0.0217830 secs]
27.316: [GC 2122725K->256097K(2315584K), 0.0240230 secs]
30.125: [GC 2107824K->258780K(2315200K), 0.0233830 secs]
32.854: [GC 2109674K->266751K(2297216K), 0.0253880 secs]
35.545: [GC 2082011K->281865K(2302080K), 0.0290100 secs]
38.333: [GC 2097548K->286744K(2260608K), 0.0301620 secs]
41.080: [GC 2052047K->295563K(2264704K), 0.0330190 secs]
43.779: [GC 2059361K->299864K(2244672K), 0.0331730 secs]
46.351: [GC 2014392K->306232K(2225728K), 0.0354210 secs]
49.010: [GC 2021855K->309761K(2224512K), 0.0420100 secs]
51.574: [GC 1980721K->313259K(2189184K), 0.0533420 secs]
54.078: [GC 1984229K->316916K(2209280K), 0.0432780 secs]
56.570: [GC 1952913K->318556K(2154240K), 0.0410690 secs]
59.076: [GC 1956069K->323952K(2204736K), 0.0705020 secs]
