1.217: [GC 95424K->31584K(365760K), 0.0669460 secs]
1.445: [GC 127008K->65316K(461184K), 0.0922250 secs]
1.866: [GC 256164K->136371K(461184K), 0.0948370 secs]
2.270: [GC 327219K->198950K(652032K), 0.1784240 secs]
2.448: [Full GC 198950K->198943K(817344K), 0.4662650 secs]
3.609: [GC 580639K->238279K(817344K), 0.0501180 secs]
3.895: [GC 619022K->249320K(1080576K), 0.0169900 secs]
4.226: [GC 824126K->256136K(1097600K), 0.0181680 secs]
4.496: [GC 830919K->264318K(1317376K), 0.0202290 secs]
4.902: [GC 1089086K->276129K(1339264K), 0.0293270 secs]
5.275: [GC 1100897K->284568K(1523904K), 0.0317130 secs]
5.764: [GC 1302808K->288830K(1530240K), 0.0332980 secs]
6.265: [GC 1307070K->294164K(1739456K), 0.0313400 secs]
6.922: [GC 1525674K->298802K(1748608K), 0.0327230 secs]
7.545: [GC 1529725K->302315K(1978624K), 0.0352370 secs]
8.313: [GC 1762524K->307647K(1985536K), 0.0350910 secs]
9.088: [GC 1766930K->313948K(2228608K), 0.0351830 secs]
9.963: [GC 2013801K->324674K(2236352K), 0.0522150 secs]
10.843: [GC 2024642K->334578K(2308928K), 0.0539130 secs]
11.718: [GC 2098290K->336330K(2297408K), 0.0523240 secs]
12.633: [GC 2098436K->348745K(2294272K), 0.0542290 secs]
13.534: [GC 2076713K->347383K(2262656K), 0.0501410 secs]
14.449: [GC 2076317K->353910K(2288896K), 0.0500940 secs]
15.284: [GC 2065142K->361385K(2250304K), 0.0510770 secs]
16.164: [GC 2071542K->371524K(2277632K), 0.0787360 secs]
17.034: [GC 2062788K->377459K(2239680K), 0.0599630 secs]
17.913: [GC 2067357K->384494K(2268160K), 0.0655720 secs]
18.795: [GC 2054314K->385047K(2220032K), 0.0881660 secs]
19.639: [GC 2054548K->391803K(2265792K), 0.0698900 secs]
20.495: [GC 2053243K->392316K(2210176K), 0.0502340 secs]
21.333: [GC 2052188K->398321K(2266752K), 0.0530120 secs]
22.145: [GC 2057363K->398581K(2206848K), 0.0695240 secs]
23.005: [GC 2056421K->407201K(2268416K), 0.0642850 secs]
23.836: [GC 2068621K->411750K(2266496K), 0.0552690 secs]
24.687: [GC 2073350K->416408K(2268480K), 0.0642630 secs]
25.516: [GC 2082996K->419748K(2266560K), 0.0556990 secs]
26.362: [GC 2085987K->418784K(2271552K), 0.0543510 secs]
27.194: [GC 2096602K->424106K(2271296K), 0.0505670 secs]
28.057: [GC 2102693K->437658K(2279680K), 0.0608050 secs]
28.934: [GC 2129678K->444341K(2279488K), 0.0815610 secs]
29.799: [GC 2135599K->453452K(2284672K), 0.0559160 secs]
30.639: [GC 2150732K->452650K(2286272K), 0.0602460 secs]
31.513: [GC 2148671K->458742K(2286080K), 0.0710140 secs]
32.373: [GC 2156234K->462625K(2254336K), 0.1744890 secs]
33.349: [GC 2159936K->460928K(2288576K), 0.0559230 secs]
34.251: [GC 2160576K->466084K(2253120K), 0.0848360 secs]
35.109: [GC 2165732K->476104K(2283776K), 0.0896230 secs]
35.966: [GC 2173240K->481135K(2284864K), 0.0957440 secs]
36.854: [GC 2179695K->481709K(2286400K), 0.0615020 secs]
37.714: [GC 2179423K->489680K(2262528K), 0.0790190 secs]
38.592: [GC 2187984K->493221K(2283520K), 0.0792790 secs]
39.463: [GC 2187173K->502122K(2265024K), 0.0703210 secs]
40.339: [GC 2194310K->498384K(2283008K), 0.0698320 secs]
41.206: [GC 2186961K->502994K(2250816K), 0.0693850 secs]
42.052: [GC 2191315K->510046K(2281280K), 0.0698310 secs]
42.886: [GC 2199915K->512942K(2280128K), 0.0666140 secs]
43.744: [GC 2203479K->517369K(2284224K), 0.0712480 secs]
44.611: [GC 2214025K->522069K(2282624K), 0.0681540 secs]
45.476: [GC 2218615K->523200K(2287296K), 0.0612800 secs]
46.346: [GC 2227984K->526427K(2286592K), 0.0802460 secs]
47.206: [GC 2230681K->536487K(2291008K), 0.0730130 secs]
48.097: [GC 2247911K->536432K(2290624K), 0.0623950 secs]
48.997: [GC 2247440K->537397K(2294784K), 0.0602250 secs]
49.817: [GC 2254120K->543093K(2294336K), 0.0823040 secs]
50.694: [GC 2259936K->546982K(2297856K), 0.0997620 secs]
50.794: [Full GC 546982K->216176K(2301696K), 0.6301090 secs]
52.245: [GC 1938629K->236877K(2166848K), 0.0170880 secs]
53.096: [GC 1959340K->252768K(2265600K), 0.0561020 secs]
53.961: [GC 1921120K->268922K(2145536K), 0.0293710 secs]
54.765: [GC 1936673K->285422K(2272512K), 0.0343080 secs]
55.548: [GC 1944852K->290419K(2159296K), 0.0386520 secs]
56.352: [GC 1950121K->295955K(2273344K), 0.0411500 secs]
57.163: [GC 1961009K->300074K(2269184K), 0.0391700 secs]
57.969: [GC 1965279K->309429K(2272704K), 0.0412300 secs]
58.799: [GC 1987509K->311481K(2270080K), 0.0404980 secs]
59.626: [GC 1989415K->321146K(2285696K), 0.0459450 secs]
60.486: [GC 2019647K->329040K(2281856K), 0.0595620 secs]
61.378: [GC 2027596K->332703K(2296320K), 0.0571580 secs]
62.257: [GC 2047479K->336423K(2296640K), 0.0604040 secs]
63.086: [GC 2049972K->343726K(2293888K), 0.0758180 secs]
