0.535: [GC 95424K->59877K(365760K), 0.1031640 secs]
0.725: [GC 155301K->119821K(461184K), 0.0863500 secs]
1.129: [GC 309025K->164355K(461184K), 0.0508940 secs]
1.450: [GC 353373K->170140K(652032K), 0.0125370 secs]
2.010: [GC 551235K->180413K(652032K), 0.0174230 secs]
2.561: [GC 561242K->188105K(1106816K), 0.0125180 secs]
3.712: [GC 949934K->202292K(1107264K), 0.0192000 secs]
4.763: [GC 964558K->216743K(1858304K), 0.0304080 secs]
6.998: [GC 1743428K->239200K(1862400K), 0.0302940 secs]
9.017: [GC 1764356K->254800K(2205824K), 0.0329770 secs]
9.050: [Full GC 254800K->174871K(2329856K), 0.4974740 secs]
11.986: [GC 2041808K->216740K(2287424K), 0.0215740 secs]
14.376: [GC 2083288K->248186K(2319744K), 0.0352870 secs]
16.768: [GC 2107797K->267024K(2326272K), 0.0433600 secs]
19.089: [GC 2125345K->283420K(2309248K), 0.0475450 secs]
21.395: [GC 2126173K->304989K(2299200K), 0.0366390 secs]
23.685: [GC 2146500K->327231K(2289408K), 0.0459810 secs]
25.888: [GC 2136564K->336097K(2297280K), 0.0491130 secs]
28.134: [GC 2145208K->349208K(2249920K), 0.0555790 secs]
30.324: [GC 2102019K->359303K(2236288K), 0.0547610 secs]
32.543: [GC 2112614K->370889K(2252736K), 0.0519120 secs]
34.700: [GC 2097951K->386535K(2237632K), 0.0595160 secs]
36.873: [GC 2113303K->386672K(2230336K), 0.0590720 secs]
38.953: [GC 2073045K->399116K(2208128K), 0.0631080 secs]
41.043: [GC 2083736K->406075K(2204736K), 0.0663010 secs]
43.088: [GC 2044664K->413063K(2175488K), 0.0697780 secs]
45.128: [GC 2052284K->415494K(2185472K), 0.0705450 secs]
47.166: [GC 2012336K->420103K(2140160K), 0.0730230 secs]
49.230: [GC 2016441K->421002K(2172224K), 0.0724290 secs]
51.168: [GC 1985862K->425327K(2113536K), 0.0740050 secs]
53.131: [GC 1991023K->420903K(2168192K), 0.0733550 secs]
55.097: [GC 1968179K->417833K(2170432K), 0.0704120 secs]
57.089: [GC 1964905K->421734K(2167808K), 0.0720160 secs]
59.013: [GC 1970591K->427483K(2169536K), 0.0734230 secs]
