0.533: [GC 95424K->59890K(365760K), 0.1150020 secs]
0.731: [GC 155314K->119810K(461184K), 0.0774300 secs]
1.087: [GC 309053K->164104K(461184K), 0.1108000 secs]
1.423: [GC 353413K->172425K(652032K), 0.0444950 secs]
1.913: [GC 553994K->178255K(652032K), 0.0132010 secs]
2.335: [GC 559225K->186113K(1106944K), 0.0145170 secs]
3.257: [GC 948293K->203227K(1107776K), 0.0473170 secs]
4.124: [GC 964882K->219461K(1861568K), 0.0264210 secs]
5.937: [GC 1745565K->246921K(1863872K), 0.0248310 secs]
7.574: [GC 1773625K->264457K(2197760K), 0.0298330 secs]
7.604: [Full GC 264457K->170104K(2318912K), 0.5677970 secs]
10.147: [GC 2022880K->206442K(2266176K), 0.0152780 secs]
12.111: [GC 2060465K->231191K(2319296K), 0.0197160 secs]
14.027: [GC 2085334K->257495K(2318016K), 0.0274130 secs]
16.021: [GC 2111492K->274716K(2276160K), 0.0334960 secs]
17.965: [GC 2081608K->294108K(2271040K), 0.0341200 secs]
19.883: [GC 2099905K->313769K(2268480K), 0.0317580 secs]
21.760: [GC 2086410K->324297K(2267072K), 0.0339060 secs]
23.693: [GC 2095461K->337310K(2236992K), 0.0365800 secs]
25.559: [GC 2053272K->331769K(2218624K), 0.0351080 secs]
27.383: [GC 2047846K->335363K(2224384K), 0.0357480 secs]
29.104: [GC 2014502K->341615K(2190976K), 0.0394130 secs]
30.896: [GC 2019316K->347764K(2206208K), 0.0386830 secs]
32.660: [GC 1990639K->349352K(2162624K), 0.0392320 secs]
34.392: [GC 1991953K->353973K(2193600K), 0.0403710 secs]
36.117: [GC 1968437K->361990K(2146176K), 0.0420480 secs]
37.831: [GC 1974674K->368012K(2176256K), 0.0432690 secs]
39.522: [GC 1949853K->377362K(2129024K), 0.0456630 secs]
41.224: [GC 1957732K->379203K(2162240K), 0.0459540 secs]
42.880: [GC 1929539K->371481K(2168640K), 0.0433300 secs]
44.544: [GC 1919946K->374637K(2166080K), 0.0423180 secs]
46.197: [GC 1924808K->375880K(2167808K), 0.0429600 secs]
47.858: [GC 1927112K->373894K(2163008K), 0.0421610 secs]
49.524: [GC 1928507K->378774K(2166656K), 0.0426500 secs]
51.186: [GC 1932562K->383826K(2171392K), 0.0433690 secs]
52.859: [GC 1949520K->379734K(2174144K), 0.0413350 secs]
54.531: [GC 1946570K->385124K(2176704K), 0.0432980 secs]
56.254: [GC 1962641K->386200K(2177792K), 0.0423720 secs]
57.920: [GC 1963557K->382880K(2179520K), 0.0416840 secs]
59.602: [GC 1970674K->388512K(2182400K), 0.0425100 secs]
