1.151: [GC 94827K->30501K(365760K), 0.0579180 secs]
1.368: [GC 125925K->63418K(461184K), 0.0468970 secs]
1.710: [GC 254266K->131133K(461184K), 0.1442560 secs]
2.134: [GC 321981K->193704K(652032K), 0.2090600 secs]
2.343: [Full GC 193704K->193678K(814592K), 0.5658510 secs]
3.534: [GC 573510K->227688K(814592K), 0.0267350 secs]
3.838: [GC 609350K->239153K(1061184K), 0.0248340 secs]
4.244: [GC 797678K->251987K(1077056K), 0.0247170 secs]
4.609: [GC 810781K->259972K(1273024K), 0.0352110 secs]
5.170: [GC 1042129K->270662K(1290624K), 0.0353130 secs]
5.693: [GC 1052917K->280837K(1459584K), 0.0738950 secs]
6.388: [GC 1232999K->293958K(1462592K), 0.0419270 secs]
7.003: [GC 1246229K->305882K(1658816K), 0.0471720 secs]
7.764: [GC 1447193K->311547K(1668736K), 0.0511720 secs]
8.550: [GC 1453065K->316521K(1884608K), 0.0552500 secs]
9.418: [GC 1662968K->327505K(1894336K), 0.0596420 secs]
10.303: [GC 1675025K->337650K(2129280K), 0.0650700 secs]
11.310: [GC 1907151K->350063K(2142272K), 0.0719950 secs]
12.363: [GC 1920709K->360192K(2252608K), 0.0769420 secs]
13.449: [GC 2025941K->365529K(2237056K), 0.0789550 secs]
14.528: [GC 2031662K->367570K(2236544K), 0.0774440 secs]
15.591: [GC 1987778K->373592K(2188608K), 0.0742440 secs]
16.651: [GC 1994282K->380861K(2223488K), 0.0789040 secs]
17.720: [GC 1971051K->389749K(2169344K), 0.0820720 secs]
18.827: [GC 1980661K->395737K(2210624K), 0.0808490 secs]
19.845: [GC 1959504K->396892K(2142016K), 0.0831410 secs]
20.918: [GC 1960433K->401190K(2209344K), 0.0852790 secs]
21.947: [GC 1952609K->412404K(2138496K), 0.0858440 secs]
22.989: [GC 1963848K->411575K(2207104K), 0.0842890 secs]
24.001: [GC 1955502K->416012K(2125952K), 0.0850400 secs]
25.056: [GC 1959533K->419899K(2208896K), 0.0854000 secs]
26.079: [GC 1965623K->422756K(2126464K), 0.0877680 secs]
27.089: [GC 1969348K->424972K(2209024K), 0.0846450 secs]
28.163: [GC 1976396K->424418K(2205760K), 0.0848500 secs]
29.217: [GC 1974053K->432129K(2210560K), 0.0844790 secs]
30.257: [GC 1991255K->427479K(2207488K), 0.0832700 secs]
31.286: [GC 1986912K->435494K(2217152K), 0.0828960 secs]
32.350: [GC 2011589K->432904K(2214080K), 0.0820050 secs]
33.374: [GC 2007700K->440491K(2227712K), 0.0841680 secs]
34.471: [GC 2034905K->449722K(2223360K), 0.0868450 secs]
35.530: [GC 2045728K->445270K(2238080K), 0.0822150 secs]
36.599: [GC 2058913K->447664K(2236224K), 0.0819560 secs]
37.665: [GC 2062768K->458137K(2243584K), 0.0846530 secs]
38.763: [GC 2084576K->466592K(2242048K), 0.0893530 secs]
39.850: [GC 2091852K->471045K(2253504K), 0.0890640 secs]
40.960: [GC 2108455K->472754K(2253888K), 0.0872990 secs]
42.031: [GC 2109601K->474086K(2251584K), 0.0859610 secs]
43.122: [GC 2111962K->476397K(2252736K), 0.0869070 secs]
44.224: [GC 2115006K->476903K(2251776K), 0.0904470 secs]
45.327: [GC 2119781K->484519K(2253760K), 0.0869930 secs]
46.407: [GC 2127080K->484218K(2254080K), 0.0871380 secs]
47.539: [GC 2132710K->491371K(2256768K), 0.0888270 secs]
48.630: [GC 2139412K->491307K(2257600K), 0.0873740 secs]
49.732: [GC 2145208K->498117K(2259968K), 0.0881750 secs]
50.851: [GC 2152076K->505407K(2263232K), 0.0899360 secs]
51.970: [GC 2162307K->506429K(2264000K), 0.0872180 secs]
53.088: [GC 2164220K->508154K(2262720K), 0.0925660 secs]
54.184: [GC 2166567K->508149K(2239552K), 0.0880760 secs]
55.303: [GC 2165170K->511882K(2265408K), 0.0880050 secs]
56.421: [GC 2174381K->516423K(2263424K), 0.0870220 secs]
57.561: [GC 2178306K->521315K(2266048K), 0.0889380 secs]
58.660: [GC 2187341K->529100K(2265088K), 0.0899740 secs]
59.751: [GC 2196428K->526375K(2269824K), 0.0885430 secs]
60.921: [GC 2199380K->534903K(2270528K), 0.0935130 secs]
62.064: [GC 2207488K->538128K(2271168K), 0.0908480 secs]
