0.527: [GC 95424K->59881K(365760K), 0.0883300 secs]
0.696: [GC 155305K->119833K(461184K), 0.1040360 secs]
1.155: [GC 310529K->167448K(461184K), 0.0866780 secs]
1.471: [GC 357320K->168867K(652032K), 0.0148810 secs]
2.021: [GC 550381K->175045K(652032K), 0.0200830 secs]
2.592: [GC 555229K->178040K(1109632K), 0.0127040 secs]
3.666: [GC 940417K->184663K(1109632K), 0.0137520 secs]
4.651: [GC 947100K->196798K(1863488K), 0.0193110 secs]
6.940: [GC 1722209K->214727K(1867072K), 0.0219730 secs]
9.064: [GC 1740317K->230948K(2198912K), 0.0238060 secs]
11.685: [GC 2096338K->246235K(2201920K), 0.0335010 secs]
11.719: [Full GC 246235K->179108K(2333376K), 0.5792700 secs]
14.749: [GC 2045200K->211100K(2334656K), 0.0466870 secs]
17.254: [GC 2087585K->227408K(2338432K), 0.0263940 secs]
19.740: [GC 2103604K->245568K(2333120K), 0.0249550 secs]
22.140: [GC 2115530K->258246K(2336704K), 0.0303930 secs]
24.439: [GC 2129723K->269563K(2298944K), 0.0282020 secs]
26.818: [GC 2096664K->280565K(2288704K), 0.0342580 secs]
29.324: [GC 2108183K->289827K(2301824K), 0.0391720 secs]
31.591: [GC 2097072K->305591K(2294016K), 0.0420510 secs]
33.742: [GC 2113975K->311342K(2276672K), 0.0296590 secs]
35.885: [GC 2076981K->317855K(2264576K), 0.0315030 secs]
38.002: [GC 2082779K->328831K(2252032K), 0.0340650 secs]
40.090: [GC 2048968K->334779K(2235904K), 0.0360490 secs]
42.211: [GC 2055362K->337678K(2232192K), 0.0354710 secs]
44.324: [GC 2013361K->342922K(2200128K), 0.0374490 secs]
46.334: [GC 2019806K->347927K(2214144K), 0.0379370 secs]
48.336: [GC 1985439K->350443K(2169664K), 0.0386900 secs]
50.459: [GC 1989107K->354148K(2201344K), 0.0392260 secs]
52.452: [GC 1962650K->359904K(2144512K), 0.0409620 secs]
54.362: [GC 1968854K->361242K(2196288K), 0.0405640 secs]
56.296: [GC 1951852K->362587K(2123520K), 0.0397260 secs]
58.233: [GC 1953797K->368549K(2195264K), 0.0407610 secs]
60.160: [GC 1952858K->371425K(2120832K), 0.0408930 secs]
