0.544: [GC 95424K->59890K(365760K), 0.1384340 secs]
0.770: [GC 155314K->119814K(461184K), 0.0663850 secs]
1.128: [GC 310485K->166174K(461184K), 0.0763060 secs]
1.445: [GC 356022K->172061K(652032K), 0.0251260 secs]
1.972: [GC 551815K->178074K(652032K), 0.0201700 secs]
2.442: [GC 559373K->186172K(1107200K), 0.0151190 secs]
3.422: [GC 949564K->191313K(1108096K), 0.0254270 secs]
4.308: [GC 953669K->198391K(1863936K), 0.0159260 secs]
6.268: [GC 1724469K->214935K(1866560K), 0.0253710 secs]
8.062: [GC 1741045K->229288K(2201472K), 0.0312970 secs]
10.293: [GC 2098908K->243437K(2201984K), 0.0357180 secs]
10.328: [Full GC 243437K->178872K(2330560K), 0.4885110 secs]
12.928: [GC 2047286K->208798K(2338048K), 0.0193760 secs]
15.056: [GC 2090175K->227199K(2339200K), 0.0269910 secs]
17.232: [GC 2108384K->245007K(2331776K), 0.0304580 secs]
19.426: [GC 2119624K->261820K(2338240K), 0.0308170 secs]
21.581: [GC 2136364K->282709K(2300480K), 0.0408410 secs]
23.672: [GC 2119118K->288207K(2304064K), 0.0560970 secs]
25.833: [GC 2123365K->295872K(2293568K), 0.0710660 secs]
27.975: [GC 2098249K->307712K(2289920K), 0.0832420 secs]
30.210: [GC 2109064K->315302K(2267392K), 0.0387360 secs]
32.213: [GC 2071974K->325538K(2261184K), 0.0541680 secs]
34.217: [GC 2082210K->335876K(2238016K), 0.0424990 secs]
36.154: [GC 2037105K->339290K(2220672K), 0.0420620 secs]
38.112: [GC 2041457K->346418K(2215296K), 0.0801160 secs]
40.075: [GC 1999586K->347752K(2179968K), 0.0538810 secs]
41.974: [GC 2000936K->355021K(2197440K), 0.0566280 secs]
43.871: [GC 1966538K->358785K(2151040K), 0.0429370 secs]
45.741: [GC 1971808K->363144K(2182144K), 0.0426150 secs]
47.576: [GC 1941340K->364451K(2118336K), 0.0427010 secs]
49.367: [GC 1942431K->363784K(2184640K), 0.0410340 secs]
51.186: [GC 1931912K->370592K(2104704K), 0.0422890 secs]
52.970: [GC 1937819K->373277K(2182272K), 0.0416580 secs]
54.770: [GC 1936662K->375141K(2182976K), 0.0422390 secs]
56.578: [GC 1937877K->375574K(2178112K), 0.0417240 secs]
58.361: [GC 1938709K->376849K(2180544K), 0.0410100 secs]
60.189: [GC 1939931K->380276K(2179712K), 0.0411640 secs]
