1.154: [GC 95424K->31572K(365760K), 0.0480420 secs]
1.358: [GC 126996K->64048K(461184K), 0.0696240 secs]
1.721: [GC 254896K->134651K(461184K), 0.0890670 secs]
2.088: [GC 325499K->197262K(652032K), 0.0961440 secs]
2.184: [Full GC 197262K->197217K(825600K), 0.5736670 secs]
3.472: [GC 578913K->235019K(825600K), 0.0232640 secs]
3.692: [GC 615216K->242149K(1047424K), 0.0121880 secs]
3.960: [GC 772588K->249458K(1062720K), 0.0127410 secs]
4.249: [GC 781366K->257959K(1202880K), 0.0143950 secs]
4.606: [GC 959655K->264778K(1225280K), 0.0151100 secs]
4.970: [GC 964901K->269997K(1316352K), 0.0179710 secs]
5.380: [GC 1082861K->277523K(1328512K), 0.0186480 secs]
5.800: [GC 1089155K->284760K(1440704K), 0.0211490 secs]
6.278: [GC 1208921K->292971K(1444224K), 0.0230770 secs]
6.765: [GC 1217748K->299026K(1566080K), 0.0260850 secs]
7.276: [GC 1340492K->303882K(1571968K), 0.0257190 secs]
7.796: [GC 1346653K->309098K(1703616K), 0.0281960 secs]
8.403: [GC 1476239K->316876K(1710464K), 0.0297360 secs]
8.998: [GC 1484696K->325544K(1804736K), 0.0330890 secs]
9.614: [GC 1578327K->329859K(1814336K), 0.0307670 secs]
10.252: [GC 1583595K->333934K(1920000K), 0.0351850 secs]
10.943: [GC 1684062K->340340K(1925248K), 0.0301380 secs]
11.601: [GC 1689643K->345930K(2032192K), 0.0338420 secs]
12.346: [GC 1797802K->350294K(2036928K), 0.0297790 secs]
13.048: [GC 1802248K->350669K(2148160K), 0.0325900 secs]
13.857: [GC 1911047K->361546K(2149696K), 0.0309330 secs]
14.639: [GC 1920270K->371621K(2232064K), 0.0352060 secs]
15.411: [GC 2010211K->368380K(2235904K), 0.0328020 secs]
16.237: [GC 2007185K->374586K(2294976K), 0.0340380 secs]
17.053: [GC 2073515K->386047K(2251904K), 0.0345170 secs]
17.885: [GC 2083275K->394991K(2284928K), 0.0379940 secs]
18.726: [GC 2079032K->395789K(2241024K), 0.0351990 secs]
19.585: [GC 2080812K->403400K(2284160K), 0.0366530 secs]
20.446: [GC 2081873K->410841K(2239552K), 0.0366360 secs]
21.285: [GC 2088944K->413021K(2282880K), 0.0356080 secs]
22.145: [GC 2087923K->411905K(2228608K), 0.0353600 secs]
23.005: [GC 2086031K->418937K(2282368K), 0.0347730 secs]
23.823: [GC 2094969K->417529K(2281856K), 0.0354930 secs]
24.654: [GC 2092977K->431829K(2280896K), 0.0374570 secs]
25.558: [GC 2110170K->438772K(2281984K), 0.0390540 secs]
26.417: [GC 2117300K->437644K(2287040K), 0.0377220 secs]
27.306: [GC 2117400K->442883K(2245632K), 0.0374050 secs]
28.105: [GC 2124547K->443131K(2288384K), 0.0367830 secs]
28.940: [GC 2126378K->446010K(2239296K), 0.0370050 secs]
29.799: [GC 2128025K->448674K(2287808K), 0.0373490 secs]
30.705: [GC 2138018K->456337K(2283520K), 0.0372370 secs]
31.595: [GC 2145061K->457984K(2293824K), 0.0364570 secs]
32.488: [GC 2160232K->468735K(2291008K), 0.0384330 secs]
33.379: [GC 2170892K->468449K(2300736K), 0.0357220 secs]
34.192: [GC 2182523K->472979K(2299392K), 0.0357990 secs]
35.076: [GC 2186769K->477807K(2305728K), 0.0366650 secs]
35.965: [GC 2202697K->485863K(2303872K), 0.0374860 secs]
36.826: [GC 2209412K->485490K(2311104K), 0.0364500 secs]
37.677: [GC 2220111K->494183K(2310976K), 0.0372880 secs]
38.576: [GC 2229369K->497558K(2314304K), 0.0367560 secs]
39.473: [GC 2238870K->500681K(2314688K), 0.0397110 secs]
40.356: [GC 2241735K->518238K(2311808K), 0.0376770 secs]
41.247: [GC 2257365K->510507K(2315968K), 0.0369440 secs]
42.172: [GC 2249548K->513015K(2312704K), 0.0367600 secs]
43.054: [GC 2253758K->527442K(2314688K), 0.0402330 secs]
43.926: [GC 2266931K->527385K(2315200K), 0.0384280 secs]
44.790: [GC 2265193K->528685K(2297984K), 0.0388340 secs]
45.692: [GC 2266105K->541688K(2311616K), 0.0386330 secs]
46.607: [GC 2277561K->540916K(2313856K), 0.0378050 secs]
47.482: [GC 2275990K->542791K(2314368K), 0.0371400 secs]
48.387: [GC 2278692K->556179K(2308992K), 0.0403470 secs]
49.253: [GC 2292590K->548861K(2313920K), 0.0374660 secs]
50.103: [GC 2283197K->555130K(2300032K), 0.0464390 secs]
51.002: [GC 2289466K->554867K(2313344K), 0.0383270 secs]
51.887: [GC 2288929K->564750K(2312064K), 0.0406640 secs]
51.928: [Full GC 564750K->220417K(2356544K), 0.7291620 secs]
53.484: [GC 1955133K->242043K(2323456K), 0.0105140 secs]
54.337: [GC 1943258K->258222K(2212096K), 0.0129270 secs]
55.142: [GC 1958483K->274781K(2322880K), 0.0181550 secs]
55.931: [GC 1946981K->281635K(2206976K), 0.0187850 secs]
56.736: [GC 1953644K->289169K(2327936K), 0.0207330 secs]
57.579: [GC 1961055K->305235K(2230720K), 0.0241470 secs]
58.414: [GC 1977271K->310670K(2326976K), 0.0242590 secs]
59.238: [GC 1989829K->315315K(2320832K), 0.0265020 secs]
60.096: [GC 1993198K->318896K(2332928K), 0.0303390 secs]
60.944: [GC 2016738K->326022K(2326720K), 0.0287950 secs]
61.787: [GC 2022357K->328021K(2345088K), 0.0312500 secs]
62.629: [GC 2045711K->333652K(2342976K), 0.0406040 secs]
