0.532: [GC 95424K->59861K(365760K), 0.0714910 secs]
0.685: [GC 155285K->119805K(461184K), 0.0797620 secs]
1.155: [GC 310412K->168570K(461184K), 0.0496460 secs]
1.476: [GC 359418K->170012K(652032K), 0.0222060 secs]
2.090: [GC 550107K->175986K(652032K), 0.0146290 secs]
2.562: [GC 556629K->177143K(1109312K), 0.0084200 secs]
3.736: [GC 938667K->183228K(1109760K), 0.0122180 secs]
4.737: [GC 944619K->191656K(1865472K), 0.0110610 secs]
7.101: [GC 1717544K->212810K(1868160K), 0.0208180 secs]
9.318: [GC 1738593K->228123K(2201728K), 0.0177560 secs]
12.092: [GC 2090959K->243492K(2201408K), 0.0272380 secs]
12.119: [Full GC 243492K->179868K(2339200K), 0.5769270 secs]
15.214: [GC 2042175K->205636K(2342528K), 0.0113630 secs]
17.577: [GC 2074589K->223030K(2340672K), 0.0145660 secs]
20.113: [GC 2092619K->239473K(2341760K), 0.0188730 secs]
22.552: [GC 2112061K->252457K(2338240K), 0.0225560 secs]
24.943: [GC 2124472K->264162K(2318336K), 0.0249650 secs]
27.245: [GC 2100290K->274896K(2324992K), 0.0263780 secs]
29.657: [GC 2112538K->282321K(2282752K), 0.0281740 secs]
31.993: [GC 2069466K->288822K(2288768K), 0.0293420 secs]
34.221: [GC 2076262K->298007K(2265024K), 0.0322630 secs]
36.453: [GC 2032816K->302268K(2250880K), 0.0324740 secs]
38.688: [GC 2037665K->306715K(2244352K), 0.0341450 secs]
40.985: [GC 1996688K->304719K(2207488K), 0.0340560 secs]
43.194: [GC 1993726K->315290K(2228480K), 0.0364080 secs]
45.232: [GC 1970059K->318220K(2186560K), 0.0364450 secs]
47.448: [GC 1972249K->322507K(2214336K), 0.0438960 secs]
49.581: [GC 1945589K->329274K(2163392K), 0.0412840 secs]
51.740: [GC 1951487K->331504K(2204480K), 0.0406720 secs]
53.881: [GC 1929366K->334341K(2138560K), 0.0425250 secs]
55.955: [GC 1932144K->331156K(2206784K), 0.0513040 secs]
58.027: [GC 1923120K->338171K(2127232K), 0.0691840 secs]
60.225: [GC 1929821K->340267K(2207232K), 0.0503820 secs]
