0.536: [GC 95424K->59898K(365760K), 0.0782260 secs]
0.697: [GC 155322K->119822K(461184K), 0.0743300 secs]
1.075: [GC 310409K->168769K(461184K), 0.0510740 secs]
1.349: [GC 359221K->174113K(652032K), 0.0208350 secs]
1.813: [GC 555151K->179108K(652032K), 0.0141780 secs]
2.242: [GC 559115K->183689K(1109312K), 0.0266630 secs]
3.143: [GC 946829K->190090K(1109440K), 0.0135580 secs]
3.940: [GC 952973K->196149K(1865408K), 0.0141010 secs]
5.766: [GC 1721935K->219814K(1868096K), 0.0231870 secs]
7.424: [GC 1746156K->238304K(2202432K), 0.0217580 secs]
9.528: [GC 2100776K->254483K(2203392K), 0.0792700 secs]
9.607: [Full GC 254483K->179883K(2343040K), 0.5776290 secs]
12.183: [GC 2041983K->217266K(2338432K), 0.0146940 secs]
14.278: [GC 2084347K->235351K(2340864K), 0.0192790 secs]
16.381: [GC 2101704K->245080K(2339264K), 0.0217440 secs]
18.465: [GC 2108765K->260112K(2338560K), 0.0258360 secs]
20.562: [GC 2122697K->267702K(2310656K), 0.0269910 secs]
22.612: [GC 2092430K->275818K(2315328K), 0.0274000 secs]
24.626: [GC 2099351K->286536K(2286272K), 0.0305730 secs]
26.698: [GC 2063329K->290528K(2282432K), 0.0309390 secs]
28.715: [GC 2066729K->299009K(2264768K), 0.0339510 secs]
30.629: [GC 2027338K->301612K(2245952K), 0.0324260 secs]
32.541: [GC 2031322K->307772K(2245760K), 0.0338980 secs]
34.374: [GC 1995065K->311905K(2214464K), 0.0344520 secs]
36.218: [GC 1998378K->315668K(2229504K), 0.0486350 secs]
38.098: [GC 1966345K->317434K(2183936K), 0.0656160 secs]
39.940: [GC 1969226K->321019K(2218240K), 0.0398630 secs]
41.730: [GC 1944511K->325212K(2160896K), 0.0435390 secs]
43.591: [GC 1949462K->332402K(2210304K), 0.0719340 secs]
45.394: [GC 1938780K->332116K(2142208K), 0.0450900 secs]
47.204: [GC 1937791K->334536K(2212672K), 0.0536140 secs]
48.988: [GC 1935449K->335198K(2136320K), 0.0536310 secs]
50.810: [GC 1937186K->340284K(2213376K), 0.0592930 secs]
52.633: [GC 1943400K->341639K(2137408K), 0.0455700 secs]
54.428: [GC 1943802K->351808K(2212352K), 0.0508300 secs]
56.235: [GC 1957084K->352603K(2211904K), 0.0525480 secs]
58.058: [GC 1957952K->357059K(2215744K), 0.0407250 secs]
59.875: [GC 1968809K->360683K(2214976K), 0.0830920 secs]
