1.170: [GC 95424K->31584K(365760K), 0.0570320 secs]
1.383: [GC 127008K->65324K(461184K), 0.0495960 secs]
1.732: [GC 256172K->135955K(461184K), 0.2562690 secs]
2.272: [GC 326803K->198558K(652032K), 0.1360530 secs]
2.408: [Full GC 198558K->198530K(814976K), 0.4511650 secs]
3.552: [GC 578455K->243213K(814976K), 0.0611030 secs]
3.819: [GC 623894K->254550K(1083456K), 0.0138970 secs]
4.255: [GC 836263K->261861K(1100928K), 0.0164820 secs]
4.544: [GC 842755K->268316K(1328320K), 0.0215580 secs]
4.986: [GC 1105227K->275067K(1350720K), 0.0172230 secs]
5.428: [GC 1112555K->281032K(1524672K), 0.0359730 secs]
5.973: [GC 1309214K->290337K(1534528K), 0.0238900 secs]
6.515: [GC 1319147K->296593K(1742656K), 0.0381760 secs]
7.153: [GC 1532027K->304615K(1745984K), 0.0378640 secs]
7.783: [GC 1539985K->311719K(1982464K), 0.0527250 secs]
8.549: [GC 1778673K->326248K(1989120K), 0.0357000 secs]
9.261: [GC 1794066K->329613K(2249344K), 0.0301330 secs]
10.132: [GC 2046952K->336345K(2259008K), 0.0338090 secs]
11.000: [GC 2054361K->344562K(2297472K), 0.0338830 secs]
11.840: [GC 2090294K->350566K(2287104K), 0.0396550 secs]
12.749: [GC 2095129K->357045K(2282176K), 0.0376800 secs]
13.624: [GC 2064668K->361416K(2248640K), 0.0333690 secs]
14.480: [GC 2069519K->368306K(2272704K), 0.0444440 secs]
15.310: [GC 2052903K->376043K(2234496K), 0.0386780 secs]
16.171: [GC 2061547K->377929K(2263168K), 0.0519140 secs]
17.032: [GC 2041189K->380108K(2209600K), 0.0339970 secs]
17.859: [GC 2042828K->385925K(2264320K), 0.0351200 secs]
18.722: [GC 2043820K->392112K(2208256K), 0.0523400 secs]
19.581: [GC 2050632K->398104K(2260480K), 0.0376380 secs]
20.412: [GC 2051078K->405856K(2207808K), 0.0413300 secs]
21.249: [GC 2058242K->406594K(2261056K), 0.0375350 secs]
22.113: [GC 2056792K->411070K(2198912K), 0.0355460 secs]
22.932: [GC 2059783K->414462K(2261568K), 0.0357580 secs]
23.729: [GC 2067021K->414738K(2194432K), 0.0345320 secs]
24.524: [GC 2068434K->424668K(2260096K), 0.0360110 secs]
25.307: [GC 2083714K->421008K(2257920K), 0.0343400 secs]
26.136: [GC 2080910K->431948K(2267328K), 0.0343960 secs]
26.955: [GC 2106583K->435449K(2265152K), 0.0342030 secs]
27.777: [GC 2109917K->432501K(2275520K), 0.0340940 secs]
28.625: [GC 2124472K->444416K(2275584K), 0.0349270 secs]
29.475: [GC 2136622K->443689K(2281472K), 0.0343700 secs]
30.314: [GC 2148810K->446482K(2283712K), 0.0332920 secs]
31.212: [GC 2152844K->449816K(2289152K), 0.0340730 secs]
32.035: [GC 2168871K->462843K(2290688K), 0.0356300 secs]
32.870: [GC 2181985K->466481K(2298496K), 0.0350930 secs]
33.729: [GC 2196323K->467719K(2299456K), 0.0347830 secs]
34.602: [GC 2196968K->486131K(2296896K), 0.0360320 secs]
35.483: [GC 2213895K->473242K(2299904K), 0.0344320 secs]
36.334: [GC 2201035K->477689K(2294528K), 0.0332350 secs]
37.220: [GC 2208358K->484869K(2297600K), 0.0449440 secs]
38.145: [GC 2215493K->482701K(2300224K), 0.0334220 secs]
38.984: [GC 2223218K->491144K(2302720K), 0.0332880 secs]
39.853: [GC 2230675K->484307K(2306368K), 0.0330310 secs]
40.714: [GC 2230742K->496135K(2307968K), 0.0357410 secs]
41.591: [GC 2243568K->496533K(2308416K), 0.0393240 secs]
42.451: [GC 2248570K->499165K(2309248K), 0.0341420 secs]
43.313: [GC 2250798K->497068K(2313088K), 0.0469040 secs]
44.190: [GC 2253242K->504430K(2313344K), 0.0431090 secs]
45.022: [GC 2260029K->504809K(2314176K), 0.0315450 secs]
45.889: [GC 2263161K->518611K(2296512K), 0.0334090 secs]
46.811: [GC 2275447K->515761K(2314432K), 0.0341730 secs]
47.679: [GC 2274024K->525189K(2313472K), 0.0342580 secs]
48.543: [GC 2283356K->533016K(2314176K), 0.0357830 secs]
49.414: [GC 2292945K->540813K(2311744K), 0.0354720 secs]
50.278: [GC 2301640K->530337K(2315136K), 0.0342220 secs]
50.312: [Full GC 530337K->209512K(2334528K), 0.6899000 secs]
51.814: [GC 1967592K->227433K(2212864K), 0.0088720 secs]
52.670: [GC 1985513K->245126K(2302016K), 0.0166400 secs]
53.499: [GC 1956375K->261994K(2200832K), 0.0208370 secs]
54.311: [GC 1973066K->264721K(2306560K), 0.0194390 secs]
55.153: [GC 1967993K->282560K(2214848K), 0.0210110 secs]
55.954: [GC 1987085K->299326K(2310656K), 0.0247700 secs]
56.799: [GC 2010043K->299407K(2304000K), 0.0262670 secs]
57.623: [GC 2010172K->306163K(2308416K), 0.0267240 secs]
58.507: [GC 2027065K->310621K(2304704K), 0.0279140 secs]
59.367: [GC 2033301K->315566K(2321856K), 0.0304410 secs]
60.230: [GC 2056573K->323268K(2321728K), 0.0559620 secs]
61.082: [GC 2064450K->321860K(2324800K), 0.0313170 secs]
61.909: [GC 2063971K->330549K(2300352K), 0.0333760 secs]
62.805: [GC 2072340K->332479K(2315136K), 0.0344570 secs]
