0.539: [GC 95424K->59869K(365760K), 0.0918030 secs]
0.713: [GC 155293K->119801K(461184K), 0.1029390 secs]
1.159: [GC 308849K->164242K(461184K), 0.0587780 secs]
1.493: [GC 353261K->169980K(652032K), 0.0118780 secs]
2.179: [GC 550959K->180198K(652032K), 0.0241170 secs]
2.861: [GC 561894K->188894K(1106304K), 0.0146080 secs]
4.207: [GC 951573K->203725K(1107008K), 0.0168820 secs]
5.503: [GC 966167K->219886K(1860160K), 0.0221630 secs]
7.744: [GC 1745379K->244955K(1863104K), 0.0379540 secs]
9.784: [GC 1771130K->261436K(2202368K), 0.0398670 secs]
9.824: [Full GC 261436K->172537K(2322112K), 0.4824730 secs]
12.728: [GC 2031486K->212034K(2274624K), 0.0234440 secs]
15.177: [GC 2071316K->235601K(2322304K), 0.0472040 secs]
17.678: [GC 2097224K->265524K(2320384K), 0.0508200 secs]
20.140: [GC 2128443K->286518K(2302080K), 0.0448370 secs]
22.587: [GC 2126859K->296402K(2312640K), 0.0791300 secs]
25.026: [GC 2136841K->318376K(2303616K), 0.0332060 secs]
27.420: [GC 2153000K->331219K(2301120K), 0.0288940 secs]
29.842: [GC 2164231K->341733K(2277056K), 0.0367530 secs]
32.170: [GC 2135084K->356054K(2285376K), 0.0320270 secs]
34.516: [GC 2148303K->361357K(2237888K), 0.0341140 secs]
36.782: [GC 2099518K->368075K(2242496K), 0.0348240 secs]
39.026: [GC 2106299K->380730K(2219008K), 0.0380170 secs]
41.223: [GC 2064158K->379345K(2198208K), 0.0373050 secs]
43.471: [GC 2061059K->387133K(2199744K), 0.0402200 secs]
45.656: [GC 2023892K->393702K(2167232K), 0.0416180 secs]
47.841: [GC 2030125K->395900K(2181312K), 0.0409130 secs]
49.984: [GC 1992231K->398034K(2130496K), 0.0423040 secs]
52.040: [GC 1994454K->398693K(2171264K), 0.0414660 secs]
54.054: [GC 1967743K->398214K(2101376K), 0.0426640 secs]
56.069: [GC 1967551K->400512K(2170368K), 0.0416500 secs]
58.105: [GC 1959916K->403604K(2092288K), 0.0430930 secs]
60.128: [GC 1963470K->404057K(2172160K), 0.0420900 secs]
