0.543: [GC 95424K->59882K(365760K), 0.0847670 secs]
0.714: [GC 155306K->119838K(461184K), 0.1052830 secs]
1.108: [GC 308964K->164396K(461184K), 0.0338220 secs]
1.386: [GC 353609K->172633K(652032K), 0.0171920 secs]
1.902: [GC 552422K->185525K(652032K), 0.0526360 secs]
2.442: [GC 566618K->196297K(1105536K), 0.0120980 secs]
3.400: [GC 957834K->213167K(1106112K), 0.0495530 secs]
4.347: [GC 976110K->229322K(1862592K), 0.0204380 secs]
6.329: [GC 1755926K->254414K(1863680K), 0.0281490 secs]
8.150: [GC 1780761K->272855K(2200896K), 0.0325970 secs]
8.182: [Full GC 272855K->167834K(2316672K), 0.4813260 secs]
10.839: [GC 2026906K->214256K(2275776K), 0.0204140 secs]
13.013: [GC 2073207K->234963K(2312384K), 0.0253500 secs]
15.202: [GC 2090224K->260304K(2315328K), 0.0434010 secs]
17.411: [GC 2116392K->279391K(2294336K), 0.0438520 secs]
19.590: [GC 2111776K->297856K(2293888K), 0.0280700 secs]
21.736: [GC 2130542K->318595K(2269376K), 0.0323120 secs]
23.834: [GC 2107365K->330171K(2249344K), 0.0402070 secs]
25.988: [GC 2119061K->349507K(2261952K), 0.0315300 secs]
28.054: [GC 2114760K->364091K(2259072K), 0.0345750 secs]
30.107: [GC 2128213K->369479K(2234240K), 0.0360720 secs]
32.092: [GC 2085067K->370146K(2216256K), 0.0358980 secs]
34.110: [GC 2086688K->374717K(2218880K), 0.0373150 secs]
36.059: [GC 2053656K->380087K(2188800K), 0.0378160 secs]
38.026: [GC 2059677K->393392K(2195840K), 0.0421820 secs]
39.946: [GC 2032124K->397017K(2164800K), 0.0421180 secs]
41.898: [GC 2035801K->399675K(2179520K), 0.0428240 secs]
43.773: [GC 1998653K->402784K(2132288K), 0.0429760 secs]
45.662: [GC 2003180K->400756K(2171072K), 0.0438330 secs]
47.536: [GC 1974426K->403489K(2108032K), 0.0439460 secs]
49.413: [GC 1977286K->404524K(2166912K), 0.0445700 secs]
51.255: [GC 1966137K->402591K(2169280K), 0.0431030 secs]
53.115: [GC 1964932K->405166K(2166272K), 0.0429040 secs]
54.946: [GC 1967197K->410467K(2168192K), 0.0445260 secs]
56.793: [GC 1972470K->410472K(2166208K), 0.0430010 secs]
58.635: [GC 1975657K->413459K(2169088K), 0.0433650 secs]
60.506: [GC 1979619K->413920K(2167808K), 0.0433200 secs]
