1.165: [GC 94799K->30565K(365760K), 0.0781810 secs]
1.405: [GC 125989K->63234K(461184K), 0.1017330 secs]
1.821: [GC 254082K->133833K(461184K), 0.0915080 secs]
2.206: [GC 324681K->196396K(652032K), 0.1681430 secs]
2.374: [Full GC 196396K->196351K(818176K), 0.5600310 secs]
3.639: [GC 578047K->233523K(818176K), 0.0328610 secs]
3.936: [GC 613505K->243428K(1061312K), 0.0149020 secs]
4.390: [GC 800647K->257861K(1080704K), 0.0487490 secs]
4.793: [GC 815809K->269803K(1283200K), 0.0361260 secs]
5.343: [GC 1056091K->281765K(1301312K), 0.0310930 secs]
5.879: [GC 1069514K->286981K(1465216K), 0.0418670 secs]
6.505: [GC 1242693K->297776K(1472448K), 0.0390930 secs]
7.133: [GC 1252016K->306470K(1659392K), 0.0443430 secs]
7.904: [GC 1441593K->316555K(1666944K), 0.0610920 secs]
8.656: [GC 1451960K->327544K(1875904K), 0.0604010 secs]
9.519: [GC 1663689K->334398K(1887616K), 0.0685650 secs]
10.405: [GC 1670718K->341953K(2129728K), 0.0619210 secs]
11.442: [GC 1908609K->355968K(2141824K), 0.0687990 secs]
12.482: [GC 1921284K->364381K(2257664K), 0.0729680 secs]
13.551: [GC 2030783K->368578K(2239360K), 0.0734240 secs]
14.644: [GC 2035374K->367595K(2245120K), 0.0721390 secs]
15.695: [GC 1993365K->371934K(2193280K), 0.0697390 secs]
16.739: [GC 1998895K->382664K(2232896K), 0.0742810 secs]
17.773: [GC 1984840K->381715K(2170624K), 0.0714640 secs]
18.824: [GC 1983891K->386606K(2232960K), 0.0749970 secs]
19.874: [GC 1977838K->385338K(2234624K), 0.0743760 secs]
20.924: [GC 1977518K->399752K(2230976K), 0.0770840 secs]
21.978: [GC 1988796K->407785K(2167680K), 0.0784440 secs]
22.998: [GC 1997305K->409687K(2228992K), 0.0815650 secs]
24.053: [GC 1991586K->422239K(2168128K), 0.0820560 secs]
25.120: [GC 2004340K->423955K(2222080K), 0.0814410 secs]
26.182: [GC 1993626K->423143K(2224192K), 0.0825160 secs]
27.264: [GC 1993110K->436582K(2219136K), 0.0845010 secs]
28.333: [GC 2002345K->428433K(2222016K), 0.0835540 secs]
29.400: [GC 1994632K->427889K(2213568K), 0.0814170 secs]
30.474: [GC 1996081K->443620K(2218112K), 0.0860420 secs]
31.567: [GC 2012964K->438962K(2224128K), 0.0825560 secs]
32.633: [GC 2016421K->443448K(2225792K), 0.0859980 secs]
33.731: [GC 2020291K->449405K(2227712K), 0.0863960 secs]
34.809: [GC 2034493K->446893K(2228416K), 0.0841980 secs]
35.900: [GC 2031786K->456369K(2231168K), 0.0856440 secs]
36.961: [GC 2047793K->448711K(2230720K), 0.0827790 secs]
38.071: [GC 2040135K->460214K(2233600K), 0.0818420 secs]
39.191: [GC 2059126K->464066K(2232128K), 0.0833400 secs]
40.250: [GC 2062959K->471397K(2242368K), 0.0840600 secs]
41.351: [GC 2080097K->473258K(2241984K), 0.0841900 secs]
42.471: [GC 2082209K->479729K(2244096K), 0.0859760 secs]
43.574: [GC 2092886K->480033K(2243904K), 0.0854770 secs]
44.685: [GC 2093159K->483661K(2244608K), 0.0845060 secs]
45.759: [GC 2100463K->489163K(2244096K), 0.0850480 secs]
46.858: [GC 2104922K->490895K(2248192K), 0.0855680 secs]
47.979: [GC 2114545K->494541K(2248768K), 0.0852890 secs]
49.056: [GC 2117522K->497829K(2249664K), 0.0858260 secs]
50.174: [GC 2127243K->503602K(2250240K), 0.0881650 secs]
51.271: [GC 2132344K->506218K(2254976K), 0.0841060 secs]
52.421: [GC 2141911K->509192K(2255360K), 0.0848560 secs]
53.564: [GC 2144851K->505771K(2253952K), 0.0817250 secs]
54.668: [GC 2145585K->511873K(2255936K), 0.0840800 secs]
55.808: [GC 2152724K->515721K(2259456K), 0.0828030 secs]
56.929: [GC 2165871K->519849K(2260736K), 0.0970710 secs]
58.070: [GC 2168907K->519467K(2261824K), 0.0893840 secs]
59.201: [GC 2174743K->527301K(2264384K), 0.1318570 secs]
60.407: [GC 2182074K->526393K(2265280K), 0.0965330 secs]
61.552: [GC 2188611K->533914K(2267776K), 0.0914040 secs]
62.677: [GC 2196068K->540127K(2270080K), 0.0890890 secs]
