0.529: [GC 95424K->59877K(365760K), 0.0762880 secs]
0.686: [GC 155301K->119809K(461184K), 0.1174990 secs]
1.409: [GC 310215K->166551K(461184K), 0.0818460 secs]
2.234: [GC 356993K->170597K(652032K), 0.0220820 secs]
3.524: [GC 551458K->173020K(652032K), 0.0111300 secs]
4.589: [GC 553989K->174426K(1110208K), 0.0113900 secs]
7.233: [GC 937428K->180126K(1110272K), 0.0486990 secs]
9.704: [GC 941584K->185678K(1867456K), 0.0591110 secs]
14.229: [GC 1712070K->198794K(1869632K), 0.0135220 secs]
19.278: [GC 1724792K->209588K(2196224K), 0.0368340 secs]
25.365: [GC 2072692K->218496K(2197824K), 0.0187410 secs]
25.384: [Full GC 218496K->175718K(2312000K), 0.5906370 secs]
32.783: [GC 2038822K->191255K(2320512K), 0.0089400 secs]
40.027: [GC 2066816K->203922K(2322560K), 0.0610540 secs]
48.018: [GC 2079720K->216252K(2320960K), 0.0170520 secs]
57.314: [GC 2096828K->224736K(2323840K), 0.0155330 secs]
