0.537: [GC 95424K->60472K(365760K), 0.0850130 secs]
0.712: [GC 155896K->122677K(461184K), 0.1093110 secs]
1.246: [GC 313470K->166228K(461184K), 0.0833640 secs]
1.715: [GC 356454K->170095K(652032K), 0.0218160 secs]
2.545: [GC 551791K->172443K(652032K), 0.0189020 secs]
3.289: [GC 554139K->176198K(1110848K), 0.0337770 secs]
5.045: [GC 938084K->181727K(1111680K), 0.0297840 secs]
6.655: [GC 943390K->187982K(1867840K), 0.0217840 secs]
9.967: [GC 1713193K->201679K(1870400K), 0.0185140 secs]
13.129: [GC 1728463K->211773K(2195136K), 0.0187390 secs]
16.840: [GC 2072889K->226123K(2197056K), 0.0274720 secs]
16.867: [Full GC 226123K->176009K(2324224K), 0.7314420 secs]
21.169: [GC 2037701K->192003K(2334656K), 0.0083410 secs]
25.010: [GC 2067862K->206556K(2335616K), 0.0147040 secs]
28.861: [GC 2081733K->218798K(2337280K), 0.0240540 secs]
32.985: [GC 2099834K->232082K(2336960K), 0.0225120 secs]
36.893: [GC 2114450K->237460K(2329536K), 0.0339660 secs]
40.944: [GC 2108052K->246657K(2322880K), 0.0300300 secs]
44.596: [GC 2117249K->255223K(2309120K), 0.0239700 secs]
48.226: [GC 2092512K->262696K(2305792K), 0.0252750 secs]
51.956: [GC 2100136K->266877K(2289664K), 0.0266300 secs]
55.465: [GC 2065917K->274684K(2279360K), 0.0281080 secs]
59.042: [GC 2073724K->276069K(2271936K), 0.0290480 secs]
