1.172: [GC 95424K->31556K(365760K), 0.0607830 secs]
1.394: [GC 126980K->65296K(461184K), 0.0617150 secs]
1.773: [GC 256144K->135891K(461184K), 0.0996860 secs]
2.167: [GC 326739K->198486K(652032K), 0.1203900 secs]
2.288: [Full GC 198486K->198445K(825344K), 0.5619010 secs]
3.509: [GC 580141K->229437K(825344K), 0.0343530 secs]
3.755: [GC 611133K->234192K(1055360K), 0.0125540 secs]
4.003: [GC 773712K->236943K(1071808K), 0.0175630 secs]
4.225: [GC 776463K->238883K(1256128K), 0.0216470 secs]
4.483: [GC 976931K->239767K(1265856K), 0.0149980 secs]
4.746: [GC 977815K->247167K(1386304K), 0.0173620 secs]
5.099: [GC 1124482K->251575K(1399488K), 0.0183170 secs]
5.479: [GC 1130423K->257329K(1526016K), 0.0224470 secs]
5.984: [GC 1282673K->265597K(1537664K), 0.0305060 secs]
6.500: [GC 1290941K->266823K(1687424K), 0.0286200 secs]
7.072: [GC 1449223K->273210K(1694400K), 0.0334860 secs]
7.718: [GC 1455066K->281197K(1868096K), 0.0366730 secs]
8.470: [GC 1635094K->289918K(1872384K), 0.0407690 secs]
9.257: [GC 1643966K->295774K(1998976K), 0.0446120 secs]
10.127: [GC 1768744K->309237K(2006208K), 0.0605670 secs]
11.010: [GC 1783413K->311560K(2152384K), 0.0499850 secs]
11.937: [GC 1921288K->319244K(2157376K), 0.0475820 secs]
12.860: [GC 1928972K->319852K(2306048K), 0.0483050 secs]
13.706: [GC 2072166K->327190K(2309824K), 0.0501460 secs]
14.568: [GC 2079958K->329903K(2320192K), 0.0528710 secs]
15.409: [GC 2087855K->339963K(2292096K), 0.0553230 secs]
16.301: [GC 2097915K->343304K(2309184K), 0.0587450 secs]
17.159: [GC 2079859K->349110K(2275008K), 0.0587310 secs]
17.961: [GC 2085686K->354107K(2303680K), 0.0612420 secs]
18.748: [GC 2075707K->362610K(2264576K), 0.0626330 secs]
19.563: [GC 2084210K->371040K(2293568K), 0.0669260 secs]
20.388: [GC 2075744K->372859K(2250496K), 0.0665490 secs]
21.231: [GC 2077563K->375437K(2292736K), 0.0671180 secs]
22.058: [GC 2072333K->383346K(2246336K), 0.0705350 secs]
22.927: [GC 2080242K->381561K(2293184K), 0.0644760 secs]
23.791: [GC 2075449K->392161K(2245312K), 0.0682670 secs]
24.815: [GC 2084251K->392116K(2293376K), 0.0679850 secs]
25.606: [GC 2085748K->398324K(2239552K), 0.0669360 secs]
26.385: [GC 2091956K->403026K(2291200K), 0.0674630 secs]
27.147: [GC 2097542K->405992K(2290176K), 0.0665960 secs]
27.897: [GC 2100648K->412388K(2293312K), 0.0679950 secs]
28.626: [GC 2114020K->415044K(2291968K), 0.0649050 secs]
29.375: [GC 2115481K->422406K(2298176K), 0.0646220 secs]
30.118: [GC 2133958K->422179K(2295872K), 0.0647430 secs]
30.969: [GC 2133731K->425376K(2302912K), 0.0654440 secs]
31.961: [GC 2147943K->435952K(2300096K), 0.0637520 secs]
32.978: [GC 2159920K->438235K(2312064K), 0.0635530 secs]
34.105: [GC 2176799K->450876K(2310208K), 0.0675440 secs]
35.161: [GC 2191292K->453981K(2320000K), 0.0685770 secs]
36.199: [GC 2204832K->458156K(2318848K), 0.0660200 secs]
37.256: [GC 2208682K->460678K(2322496K), 0.0657470 secs]
38.300: [GC 2216902K->467163K(2321600K), 0.0680580 secs]
39.355: [GC 2223387K->465468K(2322688K), 0.0656810 secs]
40.433: [GC 2226570K->475981K(2323520K), 0.0709510 secs]
41.431: [GC 2237133K->483740K(2323776K), 0.0726650 secs]
42.455: [GC 2244124K->491915K(2318208K), 0.0732160 secs]
43.495: [GC 2251415K->493985K(2315904K), 0.0735950 secs]
44.640: [GC 2241057K->500079K(2310656K), 0.0761900 secs]
45.810: [GC 2245597K->507333K(2305280K), 0.0791100 secs]
46.991: [GC 2236485K->507764K(2292992K), 0.0802810 secs]
48.138: [GC 2236916K->516889K(2300800K), 0.0803950 secs]
49.351: [GC 2234393K->519764K(2286592K), 0.0811910 secs]
50.542: [GC 2236393K->522031K(2299776K), 0.0807780 secs]
51.732: [GC 2231613K->537246K(2288320K), 0.0828360 secs]
52.883: [GC 2247454K->532002K(2293568K), 0.0815260 secs]
53.980: [GC 2230178K->541758K(2274560K), 0.0851550 secs]
55.115: [GC 2239051K->541530K(2289664K), 0.0834320 secs]
56.266: [GC 2231988K->548143K(2266880K), 0.0874430 secs]
57.433: [GC 2238639K->550243K(2288384K), 0.0859620 secs]
58.601: [GC 2236771K->553696K(2262080K), 0.0825650 secs]
59.727: [GC 2240224K->555539K(2289984K), 0.0854060 secs]
60.846: [GC 2242314K->561841K(2260992K), 0.0837000 secs]
61.973: [GC 2247924K->567313K(2287552K), 0.0855650 secs]
63.092: [GC 2254417K->571245K(2287808K), 0.0844560 secs]
63.177: [Full GC 571245K->215574K(2306752K), 0.7278250 secs]
