0.537: [GC 95424K->59877K(365760K), 0.1177390 secs]
0.745: [GC 155301K->119821K(461184K), 0.0930490 secs]
1.151: [GC 310669K->164286K(461184K), 0.0361360 secs]
1.419: [GC 354397K->170384K(652032K), 0.0112080 secs]
1.916: [GC 552080K->184042K(652032K), 0.0240600 secs]
2.408: [GC 565738K->193125K(1106176K), 0.0113290 secs]
3.394: [GC 955641K->210080K(1106432K), 0.0224200 secs]
4.282: [GC 972678K->223249K(1858624K), 0.0180640 secs]
6.217: [GC 1749361K->247931K(1861824K), 0.0300760 secs]
7.976: [GC 1774027K->271184K(2199808K), 0.0951220 secs]
8.071: [Full GC 271184K->176820K(2328128K), 0.5981370 secs]
10.783: [GC 2035754K->222544K(2289408K), 0.0296310 secs]
12.927: [GC 2081600K->251299K(2322432K), 0.0240090 secs]
15.007: [GC 2105072K->267199K(2328384K), 0.0279470 secs]
17.141: [GC 2122540K->282696K(2309568K), 0.0392920 secs]
19.268: [GC 2118576K->309439K(2310528K), 0.0705490 secs]
21.359: [GC 2144230K->320792K(2288384K), 0.0369680 secs]
23.402: [GC 2118341K->328069K(2290112K), 0.0308440 secs]
25.450: [GC 2125102K->350036K(2251584K), 0.0372780 secs]
27.448: [GC 2089957K->359911K(2246912K), 0.0386450 secs]
29.441: [GC 2099560K->370705K(2235328K), 0.0372510 secs]
31.354: [GC 2064465K->383481K(2224128K), 0.0395520 secs]
33.269: [GC 2076914K->382666K(2211328K), 0.0399880 secs]
35.114: [GC 2024616K->390227K(2180096K), 0.0413920 secs]
37.003: [GC 2032122K->393890K(2191232K), 0.0428530 secs]
38.807: [GC 1994560K->397899K(2145472K), 0.0428570 secs]
40.679: [GC 1997722K->394742K(2181504K), 0.0425230 secs]
42.469: [GC 1966502K->400518K(2119552K), 0.0443830 secs]
44.281: [GC 1972479K->402755K(2171520K), 0.0440920 secs]
45.995: [GC 1953621K->402798K(2100736K), 0.0437100 secs]
47.767: [GC 1953960K->403583K(2170368K), 0.0446840 secs]
49.515: [GC 1944849K->403127K(2171776K), 0.0434320 secs]
51.245: [GC 1945399K->404118K(2169536K), 0.0430910 secs]
52.955: [GC 1946361K->404349K(2170752K), 0.0428840 secs]
54.703: [GC 1945035K->404246K(2167296K), 0.0430760 secs]
56.422: [GC 1950445K->403336K(2169472K), 0.0413740 secs]
58.159: [GC 1949163K->409496K(2175616K), 0.0434050 secs]
59.930: [GC 1970376K->407238K(2176256K), 0.0421030 secs]
