0.547: [GC 95424K->59922K(365760K), 0.0720590 secs]
0.706: [GC 155346K->119714K(461184K), 0.0831540 secs]
1.109: [GC 308962K->163022K(461184K), 0.0557960 secs]
1.375: [GC 352522K->167454K(652032K), 0.0140540 secs]
1.878: [GC 547899K->180386K(652032K), 0.0764620 secs]
2.421: [GC 560143K->192867K(1104000K), 0.0240450 secs]
3.410: [GC 956227K->210560K(1105472K), 0.0517680 secs]
4.307: [GC 973076K->222874K(1859840K), 0.0294240 secs]
6.207: [GC 1749658K->250311K(1861568K), 0.0412440 secs]
7.944: [GC 1777020K->272571K(2195520K), 0.0375290 secs]
7.981: [Full GC 272571K->175639K(2317696K), 0.4911970 secs]
10.531: [GC 2029719K->222940K(2321536K), 0.0196830 secs]
12.599: [GC 2075741K->255855K(2310336K), 0.0458240 secs]
14.647: [GC 2101659K->274514K(2317632K), 0.0642570 secs]
16.735: [GC 2120786K->300161K(2288064K), 0.0440910 secs]
18.757: [GC 2116265K->320604K(2290944K), 0.0287800 secs]
20.749: [GC 2135416K->330957K(2272128K), 0.0313650 secs]
22.688: [GC 2107641K->339612K(2270272K), 0.0334520 secs]
24.654: [GC 2116349K->352745K(2242816K), 0.0364990 secs]
26.629: [GC 2077295K->362405K(2241088K), 0.0383970 secs]
28.540: [GC 2086905K->363603K(2218048K), 0.0383500 secs]
30.406: [GC 2034238K->374813K(2199744K), 0.0414770 secs]
32.259: [GC 2045661K->379309K(2192128K), 0.0422210 secs]
34.018: [GC 1998800K->378548K(2151872K), 0.0417180 secs]
35.802: [GC 1997052K->379572K(2181056K), 0.0423940 secs]
37.570: [GC 1965863K->380686K(2121664K), 0.0424570 secs]
39.344: [GC 1968014K->387571K(2170112K), 0.0477180 secs]
41.123: [GC 1950298K->388781K(2106176K), 0.0476660 secs]
42.855: [GC 1952466K->390183K(2167616K), 0.0446220 secs]
44.561: [GC 1939506K->394548K(2091840K), 0.0445750 secs]
46.267: [GC 1943142K->389856K(2169856K), 0.0433620 secs]
47.959: [GC 1938233K->392606K(2084928K), 0.0435070 secs]
49.662: [GC 1940752K->393999K(2168192K), 0.0430270 secs]
51.362: [GC 1944085K->389036K(2166016K), 0.0411750 secs]
52.994: [GC 1939001K->388262K(2168384K), 0.0414690 secs]
54.645: [GC 1950566K->390924K(2166848K), 0.0415490 secs]
56.284: [GC 1952013K->390682K(2179200K), 0.0410500 secs]
57.969: [GC 1973919K->396852K(2177792K), 0.0432580 secs]
59.651: [GC 1980468K->403388K(2191360K), 0.0442960 secs]
