1.169: [GC 95424K->31604K(365760K), 0.0578450 secs]
1.389: [GC 127028K->64840K(461184K), 0.0990190 secs]
1.809: [GC 255688K->135431K(461184K), 0.1139310 secs]
2.221: [GC 326279K->198006K(652032K), 0.1301870 secs]
2.352: [Full GC 198006K->197973K(821376K), 0.5832630 secs]
3.727: [GC 578199K->232423K(821376K), 0.0232970 secs]
4.098: [GC 614119K->245438K(1049728K), 0.0127520 secs]
4.627: [GC 791664K->262896K(1072192K), 0.0176510 secs]
5.094: [GC 809456K->276715K(1227456K), 0.0208370 secs]
5.673: [GC 1008875K->291315K(1250560K), 0.0242260 secs]
6.247: [GC 1023475K->299554K(1377472K), 0.0266860 secs]
6.940: [GC 1152316K->309955K(1383552K), 0.0294330 secs]
7.607: [GC 1164439K->321916K(1511808K), 0.0342700 secs]
8.362: [GC 1296075K->330993K(1522944K), 0.0330300 secs]
9.131: [GC 1304310K->337304K(1656448K), 0.0384560 secs]
9.997: [GC 1431064K->347794K(1668480K), 0.0376340 secs]
10.831: [GC 1442853K->356663K(1806784K), 0.0440370 secs]
11.749: [GC 1575727K->367396K(1820480K), 0.0425960 secs]
12.685: [GC 1587940K->371553K(1922304K), 0.0474760 secs]
13.715: [GC 1679137K->378762K(1935360K), 0.0465940 secs]
14.772: [GC 1686346K->380340K(2044864K), 0.0493080 secs]
15.896: [GC 1784628K->390263K(2052544K), 0.0443290 secs]
17.059: [GC 1794551K->396342K(2160320K), 0.0476500 secs]
18.286: [GC 1900215K->397125K(2166912K), 0.0444530 secs]
19.476: [GC 1901253K->400810K(2214464K), 0.0454470 secs]
20.708: [GC 1949240K->411604K(2140800K), 0.0473530 secs]
21.905: [GC 1960148K->412967K(2210688K), 0.0455960 secs]
23.134: [GC 1952935K->414013K(2126528K), 0.0451500 secs]
24.376: [GC 1952894K->415696K(2213696K), 0.0456560 secs]
25.644: [GC 1958025K->425795K(2211392K), 0.0467860 secs]
26.867: [GC 1967470K->427783K(2213760K), 0.0464880 secs]
28.041: [GC 1973319K->431573K(2212928K), 0.0465760 secs]
29.259: [GC 1975507K->432428K(2212992K), 0.0466850 secs]
30.475: [GC 1981532K->436542K(2213440K), 0.0457160 secs]
31.688: [GC 1986119K->432740K(2212736K), 0.0452970 secs]
32.921: [GC 1989414K->436296K(2215232K), 0.0456550 secs]
34.154: [GC 1994552K->447576K(2225664K), 0.0490200 secs]
35.424: [GC 2019418K->453050K(2225024K), 0.0491450 secs]
36.650: [GC 2025113K->451110K(2227136K), 0.0469160 secs]
37.885: [GC 2028280K->450674K(2228736K), 0.0479270 secs]
39.110: [GC 2028915K->457892K(2229824K), 0.0473090 secs]
40.384: [GC 2046067K->464001K(2230336K), 0.0471350 secs]
41.669: [GC 2052225K->461824K(2234688K), 0.0463900 secs]
42.923: [GC 2061367K->458912K(2237248K), 0.0444440 secs]
44.180: [GC 2059262K->470904K(2244864K), 0.0473560 secs]
45.483: [GC 2086456K->476465K(2244928K), 0.0485400 secs]
46.787: [GC 2090551K->477518K(2252096K), 0.0463500 secs]
48.052: [GC 2101697K->479673K(2252480K), 0.0467760 secs]
49.333: [GC 2105401K->481875K(2254784K), 0.0475180 secs]
50.625: [GC 2112877K->483080K(2254720K), 0.0477500 secs]
51.967: [GC 2114754K->489424K(2259264K), 0.0482910 secs]
53.297: [GC 2126385K->491972K(2258624K), 0.0489140 secs]
54.566: [GC 2129828K->489689K(2259840K), 0.0468590 secs]
55.842: [GC 2132870K->489906K(2260672K), 0.0461400 secs]
57.159: [GC 2132617K->496503K(2265344K), 0.0480540 secs]
58.457: [GC 2148727K->502910K(2265152K), 0.0488310 secs]
59.732: [GC 2155134K->504257K(2270272K), 0.0478590 secs]
61.034: [GC 2161345K->498594K(2245824K), 0.0463910 secs]
62.334: [GC 2154168K->505599K(2269568K), 0.0477890 secs]
