0.529: [GC 95424K->59865K(365760K), 0.0887400 secs]
0.698: [GC 155289K->119809K(461184K), 0.1051770 secs]
1.344: [GC 309438K->178576K(461184K), 0.0589440 secs]
1.599: [GC 367882K->178672K(652032K), 0.0335060 secs]
2.475: [GC 560368K->180128K(652032K), 0.0388490 secs]
3.307: [GC 561824K->181809K(1116160K), 0.0103240 secs]
4.808: [GC 943960K->184434K(1116736K), 0.0123090 secs]
6.336: [GC 946091K->187055K(1875904K), 0.0103020 secs]
9.879: [GC 1712501K->192400K(1877184K), 0.0084680 secs]
12.910: [GC 1719184K->194893K(2190144K), 0.0094010 secs]
16.725: [GC 2039681K->202321K(2191488K), 0.0095990 secs]
21.048: [GC 2047452K->213773K(2192960K), 0.0111100 secs]
21.059: [Full GC 213773K->186916K(2331200K), 0.6017050 secs]
25.943: [GC 2043618K->208454K(2333632K), 0.0085840 secs]
30.120: [GC 2066167K->214942K(2337216K), 0.0432630 secs]
34.140: [GC 2087991K->218545K(2340608K), 0.0090720 secs]
38.205: [GC 2090482K->221969K(2350272K), 0.0154250 secs]
42.056: [GC 2111954K->229478K(2352064K), 0.0144550 secs]
46.164: [GC 2118555K->237984K(2351680K), 0.0189290 secs]
50.292: [GC 2127017K->242757K(2337984K), 0.0334740 secs]
54.478: [GC 2132008K->244829K(2342592K), 0.0155070 secs]
58.237: [GC 2117176K->250691K(2328896K), 0.0172640 secs]
