0.548: [GC 95424K->59890K(365760K), 0.0816970 secs]
0.717: [GC 155314K->119846K(461184K), 0.1325180 secs]
1.183: [GC 309464K->172463K(461184K), 0.0563600 secs]
1.578: [GC 362932K->180958K(652032K), 0.0265850 secs]
2.225: [GC 561371K->182798K(652032K), 0.0542660 secs]
2.922: [GC 563209K->186317K(1110528K), 0.0237090 secs]
4.129: [GC 947913K->191331K(1110784K), 0.0498640 secs]
5.442: [GC 954467K->194790K(1869760K), 0.0083640 secs]
7.935: [GC 1719220K->201995K(1871104K), 0.0079690 secs]
10.343: [GC 1727057K->210372K(2195200K), 0.0098470 secs]
13.225: [GC 2067926K->217245K(2196672K), 0.0115480 secs]
13.236: [Full GC 217245K->187404K(2329792K), 0.4966910 secs]
16.715: [GC 2045305K->209099K(2333824K), 0.0071480 secs]
19.702: [GC 2078219K->210504K(2336256K), 0.0097490 secs]
22.430: [GC 2078528K->220330K(2335744K), 0.0075310 secs]
25.216: [GC 2097972K->229272K(2340288K), 0.0106060 secs]
28.001: [GC 2105376K->237010K(2346560K), 0.0118860 secs]
30.781: [GC 2126149K->242227K(2347904K), 0.0136700 secs]
33.741: [GC 2130780K->243470K(2349824K), 0.0199930 secs]
36.502: [GC 2133879K->252179K(2332800K), 0.0187850 secs]
39.343: [GC 2141359K->252099K(2341248K), 0.0258110 secs]
42.131: [GC 2129287K->255876K(2323072K), 0.0261330 secs]
44.803: [GC 2131500K->258506K(2333632K), 0.0167690 secs]
47.536: [GC 2121623K->261524K(2314752K), 0.0366690 secs]
50.349: [GC 2123872K->267470K(2323456K), 0.0365270 secs]
53.054: [GC 2111548K->271853K(2307712K), 0.0192680 secs]
55.824: [GC 2117121K->269332K(2316800K), 0.0204760 secs]
58.640: [GC 2097062K->276704K(2295488K), 0.0249230 secs]
