1.171: [GC 95424K->31580K(365760K), 0.0590400 secs]
1.400: [GC 127004K->65292K(461184K), 0.0969130 secs]
1.822: [GC 256140K->135907K(461184K), 0.1290850 secs]
2.258: [GC 326755K->198506K(652032K), 0.1255230 secs]
2.384: [Full GC 198506K->198480K(821184K), 0.5617890 secs]
3.602: [GC 580176K->242237K(821184K), 0.0212080 secs]
3.842: [GC 623845K->252270K(1094464K), 0.0495510 secs]
4.304: [GC 822830K->259688K(1095488K), 0.0220470 secs]
4.677: [GC 829975K->273530K(1287552K), 0.0203010 secs]
4.992: [GC 1073450K->276769K(1317376K), 0.0344000 secs]
5.343: [GC 1077025K->287219K(1484928K), 0.0311600 secs]
5.783: [GC 1265385K->289431K(1492736K), 0.0258770 secs]
6.202: [GC 1269376K->291077K(1686912K), 0.0361470 secs]
6.753: [GC 1468229K->302571K(1691520K), 0.0261850 secs]
7.249: [GC 1478780K->297277K(1882432K), 0.0238050 secs]
7.832: [GC 1672200K->304832K(1897408K), 0.0275610 secs]
8.482: [GC 1679611K->304560K(2085184K), 0.0233910 secs]
9.222: [GC 1877192K->315478K(2101760K), 0.0272440 secs]
9.916: [GC 1889323K->321843K(2239936K), 0.0286350 secs]
10.701: [GC 2026963K->327011K(2246976K), 0.0281280 secs]
11.536: [GC 2031859K->333652K(2325504K), 0.0326610 secs]
12.356: [GC 2110622K->338146K(2299072K), 0.0271620 secs]
13.187: [GC 2114689K->339807K(2324160K), 0.0274520 secs]
13.966: [GC 2107551K->351985K(2293696K), 0.0279690 secs]
14.769: [GC 2118076K->355599K(2318144K), 0.0271160 secs]
15.597: [GC 2111881K->353566K(2320064K), 0.0275220 secs]
16.421: [GC 2109651K->359923K(2318848K), 0.0266030 secs]
17.262: [GC 2115941K->367804K(2286080K), 0.0297600 secs]
18.084: [GC 2123423K->371961K(2313664K), 0.0285900 secs]
18.909: [GC 2120057K->387820K(2293120K), 0.0305200 secs]
19.722: [GC 2134863K->385689K(2304384K), 0.0310010 secs]
20.570: [GC 2114745K->390348K(2271168K), 0.0309900 secs]
21.416: [GC 2120395K->391137K(2303680K), 0.0317120 secs]
22.277: [GC 2114687K->390924K(2257792K), 0.0311240 secs]
23.045: [GC 2115764K->393937K(2304768K), 0.0292080 secs]
23.926: [GC 2119732K->394634K(2254720K), 0.0303460 secs]
24.811: [GC 2120621K->398887K(2306176K), 0.0294200 secs]
25.680: [GC 2133634K->406432K(2301824K), 0.0308080 secs]
26.531: [GC 2140053K->407160K(2312768K), 0.0296790 secs]
27.365: [GC 2156152K->413662K(2309888K), 0.0309470 secs]
28.201: [GC 2162031K->429531K(2314688K), 0.0318520 secs]
29.098: [GC 2183942K->420603K(2316992K), 0.0302190 secs]
29.902: [GC 2176571K->423212K(2316736K), 0.0302190 secs]
30.750: [GC 2187116K->426943K(2318976K), 0.0306740 secs]
31.601: [GC 2190847K->431020K(2323392K), 0.0318430 secs]
32.429: [GC 2204579K->432956K(2325504K), 0.0326070 secs]
33.281: [GC 2208171K->441291K(2328192K), 0.0327590 secs]
34.161: [GC 2224299K->443983K(2330688K), 0.0420870 secs]
35.094: [GC 2228175K->446277K(2332800K), 0.0434290 secs]
36.002: [GC 2237637K->450410K(2335168K), 0.0333320 secs]
36.872: [GC 2240756K->458392K(2338816K), 0.0299200 secs]
37.765: [GC 2253189K->462820K(2330304K), 0.0302160 secs]
38.662: [GC 2257459K->474261K(2332096K), 0.0314770 secs]
39.554: [GC 2261415K->462807K(2335424K), 0.0294520 secs]
40.457: [GC 2248972K->462950K(2334848K), 0.0296300 secs]
41.409: [GC 2251942K->468374K(2335680K), 0.0283170 secs]
42.321: [GC 2257366K->470825K(2335488K), 0.0284350 secs]
43.141: [GC 2259171K->475342K(2336000K), 0.0298080 secs]
44.021: [GC 2263493K->478324K(2335296K), 0.0272450 secs]
44.880: [GC 2267681K->479513K(2335936K), 0.0270880 secs]
45.730: [GC 2269644K->484402K(2336064K), 0.0274200 secs]
46.606: [GC 2278196K->487020K(2337280K), 0.0271360 secs]
47.452: [GC 2279923K->491087K(2338240K), 0.0298340 secs]
48.352: [GC 2287047K->498620K(2339072K), 0.0293980 secs]
49.301: [GC 2295301K->498821K(2339904K), 0.0284190 secs]
50.121: [GC 2299549K->507818K(2340288K), 0.0301310 secs]
51.036: [GC 2308436K->511489K(2343104K), 0.0311890 secs]
51.928: [GC 2315192K->520131K(2339968K), 0.0309130 secs]
52.820: [GC 2323538K->520857K(2337408K), 0.0312550 secs]
53.632: [GC 2315203K->529005K(2334976K), 0.0314540 secs]
54.483: [GC 2322862K->531205K(2330880K), 0.0319610 secs]
55.321: [GC 2314525K->534510K(2321216K), 0.0328110 secs]
55.354: [Full GC 534510K->234670K(2376896K), 0.6334650 secs]
56.771: [GC 2018222K->255054K(2363136K), 0.0099670 secs]
57.548: [GC 2010693K->271552K(2272512K), 0.0123440 secs]
58.376: [GC 2027188K->284798K(2366656K), 0.0147260 secs]
59.209: [GC 2026552K->288213K(2368064K), 0.0261460 secs]
60.093: [GC 2029457K->296755K(2362304K), 0.0470060 secs]
60.947: [GC 2038731K->311071K(2365376K), 0.0266630 secs]
61.781: [GC 2051572K->311498K(2363456K), 0.0292160 secs]
62.587: [GC 2064028K->319710K(2366080K), 0.0246240 secs]
