0.532: [GC 95424K->59877K(365760K), 0.0908880 secs]
0.705: [GC 155301K->119821K(461184K), 0.1000040 secs]
1.233: [GC 310588K->167176K(461184K), 0.0533660 secs]
1.596: [GC 356988K->169318K(652032K), 0.0101250 secs]
2.378: [GC 550166K->175129K(652032K), 0.0432020 secs]
3.157: [GC 555623K->183698K(1106816K), 0.0143260 secs]
4.789: [GC 945876K->192842K(1108224K), 0.0569780 secs]
6.249: [GC 956003K->198871K(1862336K), 0.0114040 secs]
9.596: [GC 1723816K->213799K(1865408K), 0.0623400 secs]
12.802: [GC 1740218K->229466K(2200384K), 0.0178760 secs]
16.767: [GC 2100573K->246466K(2202496K), 0.0278380 secs]
16.795: [Full GC 246466K->178086K(2326272K), 0.5870210 secs]
21.663: [GC 2049109K->201572K(2335808K), 0.0120980 secs]
26.402: [GC 2085780K->215839K(2336960K), 0.0589160 secs]
31.158: [GC 2099382K->230764K(2336512K), 0.0553310 secs]
35.731: [GC 2120147K->241656K(2338304K), 0.0197830 secs]
40.413: [GC 2130981K->258500K(2326656K), 0.0224310 secs]
45.278: [GC 2133163K->272647K(2334336K), 0.0418150 secs]
49.690: [GC 2149025K->284090K(2303488K), 0.0676090 secs]
54.110: [GC 2129149K->293393K(2301952K), 0.0232050 secs]
58.438: [GC 2137386K->304374K(2294272K), 0.0281020 secs]
