0.532: [GC 95424K->59882K(365760K), 0.0712350 secs]
0.686: [GC 155306K->119722K(461184K), 0.0825590 secs]
1.140: [GC 310495K->166061K(461184K), 0.0686070 secs]
1.447: [GC 356219K->169368K(652032K), 0.0820620 secs]
2.090: [GC 549839K->177448K(652032K), 0.0199430 secs]
2.627: [GC 559037K->181816K(1108672K), 0.0146920 secs]
3.868: [GC 945208K->190870K(1108672K), 0.0646050 secs]
4.931: [GC 952585K->196906K(1863552K), 0.0427990 secs]
7.263: [GC 1722708K->213434K(1866496K), 0.0209880 secs]
9.381: [GC 1739216K->225277K(2198656K), 0.0611840 secs]
12.053: [GC 2093798K->244345K(2200896K), 0.0354990 secs]
12.089: [Full GC 244345K->178455K(2324480K), 0.5860150 secs]
15.395: [GC 2047390K->201104K(2335872K), 0.0400630 secs]
17.997: [GC 2086224K->214676K(2336512K), 0.0219460 secs]
20.787: [GC 2099303K->236178K(2338496K), 0.0258010 secs]
23.556: [GC 2125162K->252709K(2327296K), 0.0514570 secs]
26.490: [GC 2141500K->266371K(2319488K), 0.0419940 secs]
29.143: [GC 2131043K->280671K(2328448K), 0.0452590 secs]
31.814: [GC 2144520K->293549K(2288640K), 0.0561100 secs]
34.448: [GC 2117903K->304900K(2295360K), 0.1015400 secs]
37.295: [GC 2130003K->315147K(2275136K), 0.0936580 secs]
39.978: [GC 2096182K->320870K(2267904K), 0.0605130 secs]
42.602: [GC 2101793K->326710K(2253504K), 0.0523690 secs]
45.047: [GC 2063218K->333466K(2235840K), 0.0837060 secs]
47.556: [GC 2069952K->336294K(2234112K), 0.0616430 secs]
50.001: [GC 2030501K->340376K(2201280K), 0.0662150 secs]
52.390: [GC 2035826K->342274K(2220224K), 0.1033240 secs]
54.882: [GC 2004110K->350815K(2179328K), 0.1047540 secs]
57.383: [GC 2013047K->356225K(2202304K), 0.0732600 secs]
59.746: [GC 1984994K->357680K(2152384K), 0.0703860 secs]
