1.200: [GC 95424K->31620K(365760K), 0.0922170 secs]
1.454: [GC 127044K->64060K(461184K), 0.0778300 secs]
1.853: [GC 254908K->134635K(461184K), 0.1045140 secs]
2.258: [GC 325483K->197238K(652032K), 0.1970610 secs]
2.455: [Full GC 197238K->197207K(817664K), 0.5574010 secs]
3.839: [GC 578903K->234051K(817664K), 0.0279480 secs]
4.099: [GC 615747K->247885K(1064448K), 0.0158850 secs]
4.406: [GC 807854K->251166K(1083008K), 0.0172100 secs]
4.712: [GC 812775K->264334K(1272000K), 0.0206160 secs]
5.131: [GC 1045964K->265236K(1296128K), 0.0241070 secs]
5.514: [GC 1047073K->274353K(1461952K), 0.0589280 secs]
6.033: [GC 1227633K->278679K(1460736K), 0.0310830 secs]
6.514: [GC 1231062K->284900K(1649792K), 0.0363900 secs]
7.072: [GC 1429381K->294951K(1656192K), 0.0345970 secs]
7.665: [GC 1439175K->304124K(1869440K), 0.0373480 secs]
8.379: [GC 1657937K->313565K(1876992K), 0.0427000 secs]
9.110: [GC 1667677K->324803K(2108864K), 0.0461910 secs]
10.001: [GC 1901379K->327267K(2120448K), 0.0474710 secs]
10.872: [GC 1902675K->330825K(2289216K), 0.0503660 secs]
11.811: [GC 2065389K->341446K(2298496K), 0.0532330 secs]
12.789: [GC 2075535K->353604K(2281344K), 0.0576170 secs]
13.738: [GC 2060484K->358670K(2255808K), 0.0515620 secs]
14.786: [GC 2065442K->362486K(2268032K), 0.0542360 secs]
15.723: [GC 2035659K->374600K(2237312K), 0.0593620 secs]
16.687: [GC 2048875K->380903K(2249088K), 0.0590350 secs]
17.553: [GC 2020071K->376998K(2197184K), 0.0581600 secs]
18.455: [GC 2015007K->384752K(2247040K), 0.0602860 secs]
19.325: [GC 2009968K->389475K(2187328K), 0.0587740 secs]
20.169: [GC 2014367K->396884K(2243456K), 0.0611280 secs]
21.008: [GC 2012429K->403355K(2182656K), 0.0646850 secs]
21.841: [GC 2018490K->411915K(2240000K), 0.0636270 secs]
22.696: [GC 2019439K->416551K(2177984K), 0.0639980 secs]
23.533: [GC 2023021K->412866K(2243392K), 0.0617250 secs]
24.386: [GC 2020391K->413630K(2169472K), 0.0627610 secs]
25.235: [GC 2020467K->419156K(2240384K), 0.0617170 secs]
26.041: [GC 2029904K->425475K(2237568K), 0.0647240 secs]
26.893: [GC 2035586K->428354K(2245504K), 0.0625800 secs]
27.752: [GC 2052546K->437615K(2243392K), 0.0646650 secs]
28.604: [GC 2061495K->438781K(2253504K), 0.0617360 secs]
29.443: [GC 2075781K->445878K(2251968K), 0.0636080 secs]
30.298: [GC 2084470K->450010K(2260352K), 0.0610270 secs]
31.101: [GC 2099182K->456602K(2258688K), 0.0642330 secs]
31.950: [GC 2106200K->457605K(2264192K), 0.0623080 secs]
32.791: [GC 2115288K->463790K(2264128K), 0.0580020 secs]
33.596: [GC 2122682K->462563K(2265600K), 0.0626450 secs]
34.429: [GC 2130703K->471330K(2267008K), 0.0656330 secs]
35.302: [GC 2138324K->472635K(2272384K), 0.0609410 secs]
36.157: [GC 2152467K->474996K(2274944K), 0.0605100 secs]
36.986: [GC 2155360K->482672K(2279488K), 0.0621640 secs]
37.852: [GC 2172474K->477122K(2280192K), 0.0612260 secs]
38.763: [GC 2166575K->484490K(2284160K), 0.0581470 secs]
39.720: [GC 2183499K->488671K(2285184K), 0.0635220 secs]
40.630: [GC 2186470K->493456K(2287424K), 0.0555750 secs]
41.517: [GC 2200400K->494935K(2288448K), 0.0583870 secs]
42.394: [GC 2201353K->498804K(2293056K), 0.0589620 secs]
43.287: [GC 2211406K->502433K(2293504K), 0.0562720 secs]
44.165: [GC 2214857K->510050K(2293504K), 0.0574570 secs]
45.028: [GC 2228834K->515521K(2294784K), 0.0584050 secs]
45.893: [GC 2233165K->517523K(2298368K), 0.0569750 secs]
46.741: [GC 2242923K->521015K(2298816K), 0.0573800 secs]
47.650: [GC 2246691K->527562K(2301504K), 0.0569940 secs]
48.531: [GC 2256851K->529839K(2301888K), 0.0580120 secs]
49.445: [GC 2260847K->533220K(2303296K), 0.0583890 secs]
50.305: [GC 2268196K->541524K(2303936K), 0.0594320 secs]
51.254: [GC 2275113K->549513K(2305472K), 0.0597260 secs]
52.189: [GC 2286203K->547633K(2306432K), 0.0607640 secs]
52.250: [Full GC 547633K->211810K(2323008K), 0.7088730 secs]
53.791: [GC 1948382K->230758K(2289152K), 0.0156700 secs]
54.652: [GC 1934694K->244747K(2174976K), 0.0202130 secs]
55.514: [GC 1950011K->255030K(2285376K), 0.0205930 secs]
56.384: [GC 1925835K->272905K(2170496K), 0.0274330 secs]
57.307: [GC 1944065K->276187K(2292480K), 0.0294040 secs]
58.204: [GC 1948768K->288550K(2187712K), 0.0342210 secs]
59.066: [GC 1961989K->301297K(2293056K), 0.0409410 secs]
59.948: [GC 1982449K->307426K(2286144K), 0.0435940 secs]
60.879: [GC 1988578K->318195K(2292480K), 0.0466480 secs]
61.746: [GC 2012233K->320097K(2290048K), 0.0492290 secs]
62.631: [GC 2014689K->321694K(2310720K), 0.0472100 secs]
