0.526: [GC 95424K->59869K(365760K), 0.1065920 secs]
0.713: [GC 155293K->119813K(461184K), 0.0952200 secs]
1.309: [GC 309442K->178557K(461184K), 0.0463090 secs]
1.553: [GC 367864K->178693K(652032K), 0.0453790 secs]
2.438: [GC 558479K->182342K(652032K), 0.0126230 secs]
3.215: [GC 562753K->184005K(1116224K), 0.0091410 secs]
4.615: [GC 947243K->186720K(1116416K), 0.0118310 secs]
6.042: [GC 950112K->189352K(1876032K), 0.0114290 secs]
9.604: [GC 1714732K->193877K(1877184K), 0.0081070 secs]
12.669: [GC 1719742K->199539K(2189440K), 0.0072750 secs]
16.446: [GC 2045495K->201803K(2191168K), 0.0126620 secs]
16.459: [Full GC 201803K->186946K(2331520K), 0.5937140 secs]
21.432: [GC 2031702K->199738K(2335488K), 0.0069850 secs]
25.965: [GC 2055962K->211330K(2337472K), 0.0084570 secs]
30.667: [GC 2067933K->215227K(2337792K), 0.0090770 secs]
34.826: [GC 2084353K->217889K(2340096K), 0.0159930 secs]
38.935: [GC 2086391K->223163K(2353792K), 0.0137590 secs]
43.099: [GC 2111153K->228869K(2353856K), 0.0227790 secs]
47.226: [GC 2117351K->234222K(2355648K), 0.0138940 secs]
51.518: [GC 2123213K->241323K(2339520K), 0.0198350 secs]
55.841: [GC 2130254K->240742K(2347904K), 0.0179600 secs]
60.051: [GC 2116075K->246771K(2330880K), 0.0289150 secs]
