0.545: [GC 95424K->59882K(365760K), 0.0871250 secs]
0.719: [GC 155306K->119810K(461184K), 0.0667810 secs]
1.156: [GC 309439K->178868K(461184K), 0.0824050 secs]
1.483: [GC 369261K->180226K(652032K), 0.0629590 secs]
2.215: [GC 560689K->183443K(652032K), 0.0139690 secs]
2.856: [GC 564990K->188174K(1114944K), 0.0237910 secs]
4.110: [GC 950082K->191818K(1115904K), 0.0185750 secs]
5.327: [GC 953560K->195945K(1873536K), 0.0562680 secs]
7.760: [GC 1721704K->203299K(1875456K), 0.0567600 secs]
10.250: [GC 1730083K->207221K(2191424K), 0.0481220 secs]
13.465: [GC 2057505K->220902K(2192896K), 0.0523690 secs]
13.524: [Full GC 220902K->186804K(2324800K), 0.4927280 secs]
16.897: [GC 2036836K->211966K(2329856K), 0.0206650 secs]
19.624: [GC 2075560K->219504K(2331136K), 0.0140020 secs]
22.349: [GC 2083226K->222563K(2336512K), 0.0107620 secs]
25.197: [GC 2098964K->230291K(2338432K), 0.0166230 secs]
28.108: [GC 2106707K->236024K(2343872K), 0.0329640 secs]
30.870: [GC 2124308K->238704K(2344000K), 0.0196150 secs]
33.528: [GC 2126614K->244843K(2350976K), 0.0189500 secs]
36.271: [GC 2140630K->249112K(2331776K), 0.0214910 secs]
39.139: [GC 2145596K->254696K(2344192K), 0.0250960 secs]
41.937: [GC 2141394K->255138K(2328000K), 0.0333360 secs]
44.889: [GC 2142242K->261728K(2336000K), 0.0311690 secs]
47.810: [GC 2132880K->267658K(2325888K), 0.0426720 secs]
50.823: [GC 2139167K->269576K(2324736K), 0.0364470 secs]
53.657: [GC 2119195K->271630K(2308480K), 0.0372140 secs]
56.455: [GC 2121541K->270965K(2318592K), 0.0319490 secs]
59.249: [GC 2104282K->278433K(2299456K), 0.0462380 secs]
