1.165: [GC 94827K->30509K(365760K), 0.0461520 secs]
1.377: [GC 125933K->63146K(461184K), 0.0503270 secs]
1.757: [GC 253994K->133705K(461184K), 0.1092740 secs]
2.176: [GC 324553K->196292K(652032K), 0.1682710 secs]
2.344: [Full GC 196292K->196258K(818816K), 0.4631090 secs]
3.420: [GC 576891K->240871K(818816K), 0.0392890 secs]
3.711: [GC 620708K->251683K(1065664K), 0.0164390 secs]
4.029: [GC 811299K->263741K(1081664K), 0.0657290 secs]
4.290: [GC 822392K->271233K(1347072K), 0.0411760 secs]
4.667: [GC 1104245K->270520K(1346880K), 0.0230950 secs]
5.012: [GC 1103672K->272541K(1529536K), 0.0245840 secs]
5.485: [GC 1313639K->282883K(1548480K), 0.0296890 secs]
5.953: [GC 1324536K->281969K(1751744K), 0.0257950 secs]
6.569: [GC 1547953K->287743K(1770944K), 0.0311980 secs]
7.133: [GC 1551854K->301100K(2014656K), 0.0374020 secs]
7.859: [GC 1809333K->302116K(2020224K), 0.0339600 secs]
8.560: [GC 1809574K->308486K(2287936K), 0.0464150 secs]
9.386: [GC 2079398K->313831K(2293952K), 0.0536300 secs]
10.188: [GC 2085316K->315728K(2337152K), 0.0426850 secs]
11.042: [GC 2123149K->322460K(2326720K), 0.0571330 secs]
11.930: [GC 2128785K->327402K(2328512K), 0.0491030 secs]
12.767: [GC 2113268K->332362K(2299584K), 0.0447040 secs]
13.624: [GC 2118137K->342074K(2324096K), 0.0415640 secs]
14.478: [GC 2117818K->339239K(2287424K), 0.0426590 secs]
15.278: [GC 2113582K->342660K(2325760K), 0.0568970 secs]
16.134: [GC 2115554K->347319K(2291776K), 0.0452530 secs]
16.954: [GC 2121609K->363276K(2313536K), 0.0559150 secs]
17.772: [GC 2123532K->361423K(2285824K), 0.0503160 secs]
18.582: [GC 2119823K->365880K(2311872K), 0.0606190 secs]
19.418: [GC 2116408K->368482K(2277440K), 0.0500170 secs]
20.173: [GC 2117530K->377041K(2310400K), 0.0885150 secs]
20.986: [GC 2122212K->384167K(2277184K), 0.0540480 secs]
21.794: [GC 2127734K->388297K(2307968K), 0.0604050 secs]
22.591: [GC 2127589K->384002K(2263424K), 0.0844210 secs]
23.438: [GC 2122636K->393043K(2308096K), 0.0560430 secs]
24.309: [GC 2133471K->394984K(2307456K), 0.0737980 secs]
25.173: [GC 2134964K->403237K(2310016K), 0.0930580 secs]
26.088: [GC 2148581K->403566K(2309824K), 0.0731480 secs]
26.938: [GC 2148910K->410475K(2312512K), 0.0904860 secs]
27.815: [GC 2158926K->410850K(2312256K), 0.0482630 secs]
28.658: [GC 2159803K->415403K(2314368K), 0.0810210 secs]
29.515: [GC 2167311K->415515K(2313728K), 0.0686870 secs]
30.388: [GC 2167054K->421598K(2315840K), 0.0631150 secs]
31.308: [GC 2177508K->418616K(2314368K), 0.0740020 secs]
32.193: [GC 2175308K->417707K(2318720K), 0.0825820 secs]
33.070: [GC 2180529K->427787K(2317312K), 0.0585290 secs]
33.949: [GC 2191746K->436326K(2323392K), 0.0636270 secs]
34.784: [GC 2209790K->428434K(2321792K), 0.0877040 secs]
35.769: [GC 2200270K->428235K(2328000K), 0.0780350 secs]
36.629: [GC 2207618K->433317K(2327616K), 0.0804390 secs]
37.512: [GC 2214117K->442175K(2329920K), 0.0535590 secs]
38.338: [GC 2227583K->443134K(2330048K), 0.0458430 secs]
39.230: [GC 2228490K->450119K(2331008K), 0.0752740 secs]
40.045: [GC 2238510K->451619K(2331840K), 0.0837100 secs]
40.898: [GC 2241571K->450942K(2335296K), 0.0524920 secs]
41.792: [GC 2244802K->454206K(2335680K), 0.0443750 secs]
42.684: [GC 2249469K->467795K(2334016K), 0.0584740 secs]
43.529: [GC 2264641K->469782K(2335872K), 0.0531590 secs]
44.411: [GC 2267429K->472318K(2337088K), 0.0468750 secs]
45.341: [GC 2277896K->474689K(2338944K), 0.0511970 secs]
46.208: [GC 2280101K->483337K(2344576K), 0.0533510 secs]
47.172: [GC 2296329K->486116K(2345024K), 0.0571480 secs]
48.119: [GC 2298413K->492001K(2342592K), 0.0761800 secs]
49.023: [GC 2302036K->503492K(2343744K), 0.0709510 secs]
49.960: [GC 2313299K->505606K(2329920K), 0.0678920 secs]
50.824: [GC 2299329K->511413K(2330624K), 0.0678800 secs]
51.709: [GC 2306498K->508323K(2331712K), 0.0692590 secs]
52.560: [GC 2294980K->512207K(2315648K), 0.0679490 secs]
53.419: [GC 2298485K->527031K(2323072K), 0.0672900 secs]
54.328: [GC 2303744K->523823K(2313088K), 0.0712580 secs]
55.215: [GC 2300780K->525722K(2324992K), 0.0707230 secs]
56.104: [GC 2296989K->523403K(2300992K), 0.0729920 secs]
56.177: [Full GC 523403K->226282K(2321216K), 0.6162040 secs]
57.588: [GC 1997866K->247545K(2323904K), 0.0161860 secs]
58.383: [GC 1999344K->260620K(2228800K), 0.0232270 secs]
59.185: [GC 2013046K->262388K(2322432K), 0.0210630 secs]
60.008: [GC 1995319K->272314K(2220928K), 0.0268150 secs]
60.838: [GC 2005690K->281963K(2328576K), 0.0326430 secs]
61.668: [GC 2016513K->289360K(2240448K), 0.0317650 secs]
62.494: [GC 2024069K->297094K(2327232K), 0.0405520 secs]
