0.532: [GC 95424K->59877K(365760K), 0.0874250 secs]
0.707: [GC 155301K->119817K(461184K), 0.1125530 secs]
1.190: [GC 308937K->165068K(461184K), 0.0387540 secs]
1.573: [GC 354987K->172959K(652032K), 0.0150630 secs]
2.299: [GC 553324K->188975K(652032K), 0.0203330 secs]
2.973: [GC 570365K->202673K(1104064K), 0.0179560 secs]
4.381: [GC 966065K->227454K(1104960K), 0.0332790 secs]
5.688: [GC 989610K->239873K(1863424K), 0.0301380 secs]
8.362: [GC 1764737K->269636K(1865344K), 0.0433800 secs]
8.405: [Full GC 269636K->176852K(1994624K), 0.6028740 secs]
11.631: [GC 1699778K->211427K(2326848K), 0.0420360 secs]
15.006: [GC 2060899K->242018K(2298432K), 0.0368790 secs]
18.315: [GC 2090860K->266623K(2306304K), 0.0403140 secs]
21.647: [GC 2094179K->284047K(2316032K), 0.0863030 secs]
25.048: [GC 2111742K->306337K(2251264K), 0.0611510 secs]
28.258: [GC 2069061K->320929K(2242688K), 0.0569780 secs]
31.540: [GC 2085025K->341686K(2260672K), 0.0584060 secs]
34.704: [GC 2079542K->353976K(2249472K), 0.0626870 secs]
37.990: [GC 2091832K->356771K(2237120K), 0.0633750 secs]
41.063: [GC 2047693K->370253K(2220224K), 0.0688330 secs]
44.142: [GC 2062541K->378761K(2207744K), 0.0739600 secs]
47.093: [GC 2017929K->391879K(2188672K), 0.0793520 secs]
50.073: [GC 2031047K->390391K(2183296K), 0.0762310 secs]
52.952: [GC 1976439K->386419K(2130112K), 0.0765640 secs]
55.767: [GC 1970985K->392250K(2173184K), 0.0772930 secs]
58.599: [GC 1949754K->392557K(2107712K), 0.0786380 secs]
