0.541: [GC 95424K->59914K(365760K), 0.1119430 secs]
0.740: [GC 155338K->119826K(461184K), 0.0825660 secs]
1.227: [GC 308792K->164970K(461184K), 0.0437540 secs]
1.660: [GC 354970K->172488K(652032K), 0.0138830 secs]
2.459: [GC 552858K->188082K(652032K), 0.0190650 secs]
3.210: [GC 569518K->201375K(1104256K), 0.0184230 secs]
4.774: [GC 964767K->225779K(1105152K), 0.0267710 secs]
6.225: [GC 988094K->238207K(1863424K), 0.0307000 secs]
9.174: [GC 1762943K->268194K(1865472K), 0.0403120 secs]
11.956: [GC 1791638K->283140K(2195136K), 0.0452640 secs]
12.001: [Full GC 283140K->172656K(2312320K), 0.4831120 secs]
15.724: [GC 2019440K->215800K(2261632K), 0.0211550 secs]
19.006: [GC 2062584K->244762K(2313984K), 0.0327780 secs]
22.393: [GC 2094874K->279742K(2302528K), 0.0356960 secs]
25.831: [GC 2129854K->301675K(2283904K), 0.0438390 secs]
29.129: [GC 2117611K->316017K(2297472K), 0.0481800 secs]
32.459: [GC 2131953K->342643K(2281792K), 0.0412680 secs]
35.742: [GC 2144115K->358932K(2286016K), 0.0453520 secs]
39.137: [GC 2160404K->365681K(2243904K), 0.0475160 secs]
42.280: [GC 2116593K->383484K(2260032K), 0.0549680 secs]
45.513: [GC 2134396K->393628K(2202816K), 0.0588270 secs]
48.524: [GC 2077468K->403669K(2198464K), 0.0615110 secs]
51.602: [GC 2087509K->408606K(2197824K), 0.0587770 secs]
54.534: [GC 2047134K->400270K(2149760K), 0.0556100 secs]
57.488: [GC 2037724K->413318K(2186688K), 0.0604670 secs]
60.360: [GC 2024582K->411857K(2134080K), 0.0584410 secs]
