1.153: [GC 94827K->30509K(365760K), 0.0712820 secs]
1.390: [GC 125933K->63186K(461184K), 0.0754050 secs]
1.787: [GC 254034K->130945K(461184K), 0.0728810 secs]
2.159: [GC 321793K->193540K(652032K), 0.1210890 secs]
2.281: [Full GC 193540K->193498K(819520K), 0.5622440 secs]
3.885: [GC 575194K->229006K(819520K), 0.0448910 secs]
4.683: [GC 610702K->241636K(1030464K), 0.0160910 secs]
5.725: [GC 773732K->255240K(1054272K), 0.0205780 secs]
6.696: [GC 787336K->264703K(1171264K), 0.0230150 secs]
8.005: [GC 952575K->281366K(1200448K), 0.0291150 secs]
9.244: [GC 969238K->300195K(1295744K), 0.0339920 secs]
10.669: [GC 1080419K->310834K(1304576K), 0.0382010 secs]
12.035: [GC 1091058K->324117K(1395392K), 0.0429690 secs]
13.588: [GC 1184277K->335645K(1409024K), 0.0468590 secs]
15.204: [GC 1195805K->347724K(1496576K), 0.0517780 secs]
16.935: [GC 1280268K->354720K(1513088K), 0.0514910 secs]
18.655: [GC 1287264K->365146K(1599808K), 0.0567350 secs]
20.426: [GC 1368666K->367602K(1616064K), 0.0566730 secs]
22.172: [GC 1371122K->376091K(1676032K), 0.0598110 secs]
23.985: [GC 1425819K->376528K(1689728K), 0.0596090 secs]
25.781: [GC 1426256K->379225K(1755520K), 0.0613060 secs]
27.657: [GC 1483993K->390425K(1762240K), 0.0606350 secs]
29.749: [GC 1495193K->397884K(1827904K), 0.0643240 secs]
31.873: [GC 1560636K->395292K(1834176K), 0.0597140 secs]
34.087: [GC 1558044K->392947K(1889984K), 0.0593760 secs]
36.389: [GC 1617779K->397135K(1894912K), 0.0597020 secs]
38.774: [GC 1621967K->401028K(1930240K), 0.0605400 secs]
41.186: [GC 1671876K->402298K(1934784K), 0.0605690 secs]
43.397: [GC 1673146K->416584K(1976768K), 0.0640360 secs]
45.823: [GC 1732936K->417208K(1977856K), 0.0616260 secs]
48.338: [GC 1733560K->421706K(2023040K), 0.0642370 secs]
50.927: [GC 1785162K->429244K(2024128K), 0.0641040 secs]
53.520: [GC 1792355K->433567K(2071872K), 0.0661250 secs]
56.304: [GC 1843743K->432731K(2073152K), 0.0657220 secs]
59.053: [GC 1842081K->437820K(2111936K), 0.0667190 secs]
61.916: [GC 1887804K->443540K(2112320K), 0.0695110 secs]
