0.537: [GC 95424K->59869K(365760K), 0.1029680 secs]
0.723: [GC 155293K->119793K(461184K), 0.1230530 secs]
1.164: [GC 310641K->164328K(461184K), 0.0718370 secs]
1.488: [GC 354439K->170171K(652032K), 0.0726750 secs]
2.077: [GC 551585K->183739K(652032K), 0.0500060 secs]
2.632: [GC 563985K->193586K(1105728K), 0.0799800 secs]
3.788: [GC 956668K->210539K(1106240K), 0.0798320 secs]
4.869: [GC 973460K->229162K(1863552K), 0.0385480 secs]
6.998: [GC 1754419K->251729K(1864320K), 0.0562960 secs]
8.948: [GC 1776631K->275452K(2196736K), 0.0600200 secs]
9.008: [Full GC 275452K->175720K(2309888K), 0.4919890 secs]
11.820: [GC 2028449K->216414K(2312448K), 0.0266990 secs]
14.191: [GC 2069074K->246003K(2306368K), 0.0400450 secs]
16.476: [GC 2101561K->275205K(2309440K), 0.0419190 secs]
18.841: [GC 2130477K->302808K(2312064K), 0.0402200 secs]
21.290: [GC 2170284K->334812K(2315264K), 0.0467650 secs]
23.625: [GC 2201632K->359005K(2287168K), 0.0589120 secs]
25.942: [GC 2189878K->380854K(2269632K), 0.0599190 secs]
26.002: [Full GC 380854K->179280K(2340608K), 0.4602140 secs]
28.790: [GC 2011295K->219874K(2373824K), 0.0277880 secs]
31.168: [GC 2052834K->250585K(2372032K), 0.0457540 secs]
33.536: [GC 2083160K->273989K(2353280K), 0.0587100 secs]
35.906: [GC 2085024K->285424K(2357504K), 0.0641460 secs]
38.254: [GC 2097884K->295028K(2318720K), 0.0694690 secs]
40.542: [GC 2058356K->306782K(2329472K), 0.0767690 secs]
42.841: [GC 2069476K->316272K(2287232K), 0.0809570 secs]
44.961: [GC 2019174K->325041K(2288192K), 0.0860230 secs]
47.191: [GC 2028849K->328716K(2266496K), 0.0871080 secs]
49.314: [GC 1973839K->333610K(2239680K), 0.0899420 secs]
51.453: [GC 1978383K->333183K(2249344K), 0.0903670 secs]
53.507: [GC 1937279K->337879K(2201344K), 0.0919460 secs]
55.575: [GC 1941597K->337660K(2239488K), 0.0917420 secs]
57.654: [GC 1912348K->334301K(2165696K), 0.0888060 secs]
59.723: [GC 1910441K->337414K(2242496K), 0.0888200 secs]
