0.541: [GC 95424K->59882K(365760K), 0.0855190 secs]
0.712: [GC 155306K->119818K(461184K), 0.0796630 secs]
1.080: [GC 309066K->163055K(461184K), 0.0466640 secs]
1.334: [GC 353673K->167730K(652032K), 0.0367610 secs]
1.858: [GC 548143K->180452K(652032K), 0.0180880 secs]
2.328: [GC 560218K->191574K(1104768K), 0.0117470 secs]
3.293: [GC 953506K->211131K(1105920K), 0.0184870 secs]
4.163: [GC 973372K->223094K(1860800K), 0.0210740 secs]
6.101: [GC 1748028K->245518K(1862208K), 0.0653360 secs]
7.905: [GC 1770428K->272553K(2198464K), 0.0524680 secs]
7.957: [Full GC 272553K->176769K(2324352K), 0.5014250 secs]
10.582: [GC 2035585K->223355K(2327616K), 0.0344770 secs]
12.693: [GC 2081972K->248194K(2321920K), 0.0373100 secs]
14.819: [GC 2102953K->265102K(2325120K), 0.0383440 secs]
16.914: [GC 2120306K->284192K(2278656K), 0.0509400 secs]
18.983: [GC 2089693K->306625K(2273600K), 0.0526970 secs]
21.078: [GC 2113092K->322600K(2280256K), 0.0445080 secs]
23.034: [GC 2102633K->328475K(2269888K), 0.0336280 secs]
25.080: [GC 2110059K->343308K(2254976K), 0.0389470 secs]
27.082: [GC 2080618K->355351K(2253632K), 0.0379260 secs]
29.081: [GC 2092199K->372052K(2217664K), 0.0424160 secs]
31.004: [GC 2045146K->379985K(2214464K), 0.0437170 secs]
32.883: [GC 2054865K->377937K(2193856K), 0.0430310 secs]
34.739: [GC 1993087K->384943K(2160832K), 0.0449860 secs]
36.600: [GC 1999574K->383944K(2176320K), 0.0445030 secs]
38.443: [GC 1956388K->388322K(2121984K), 0.0466510 secs]
40.264: [GC 1960944K->388628K(2164992K), 0.0455000 secs]
42.021: [GC 1932447K->389829K(2095040K), 0.0458470 secs]
43.794: [GC 1934081K->391614K(2161856K), 0.0467350 secs]
45.569: [GC 1921875K->390695K(2164160K), 0.0455300 secs]
47.339: [GC 1921594K->392840K(2159168K), 0.0444920 secs]
49.091: [GC 1925353K->384705K(2162176K), 0.0410450 secs]
50.787: [GC 1917355K->389917K(2161408K), 0.0425300 secs]
52.558: [GC 1933680K->386321K(2162944K), 0.0414460 secs]
54.284: [GC 1930526K->392416K(2174016K), 0.0430610 secs]
56.028: [GC 1956115K->397996K(2173312K), 0.0450310 secs]
57.832: [GC 1962667K->399416K(2185664K), 0.0435470 secs]
59.615: [GC 1978414K->400409K(2184896K), 0.0439420 secs]
