1.165: [GC 95424K->31572K(365760K), 0.1294840 secs]
1.456: [GC 126996K->64076K(461184K), 0.0782040 secs]
1.849: [GC 254924K->129771K(461184K), 0.0711920 secs]
2.216: [GC 320619K->192374K(652032K), 0.1222230 secs]
2.338: [Full GC 192374K->192330K(815296K), 0.5868720 secs]
3.633: [GC 573397K->223948K(815296K), 0.0236130 secs]
4.016: [GC 605644K->233887K(1077504K), 0.0789080 secs]
4.623: [GC 792900K->254565K(1077120K), 0.0571530 secs]
5.148: [GC 813380K->260292K(1258368K), 0.0265430 secs]
5.805: [GC 1039620K->274599K(1286784K), 0.0307970 secs]
6.434: [GC 1052127K->287136K(1434752K), 0.0301740 secs]
7.199: [GC 1213932K->296652K(1444352K), 0.0396860 secs]
7.948: [GC 1225036K->305379K(1601280K), 0.0316750 secs]
8.808: [GC 1382148K->321620K(1611072K), 0.0330100 secs]
9.627: [GC 1398612K->333617K(1766272K), 0.0387700 secs]
10.578: [GC 1552049K->343417K(1781632K), 0.0429080 secs]
11.536: [GC 1561198K->351004K(1941952K), 0.0428330 secs]
12.627: [GC 1713302K->354266K(1957376K), 0.0403330 secs]
13.687: [GC 1717082K->358581K(2066048K), 0.0461150 secs]
14.815: [GC 1815703K->360152K(2078016K), 0.0434150 secs]
15.914: [GC 1817775K->370147K(2187136K), 0.0487960 secs]
17.118: [GC 1927344K->380685K(2195328K), 0.0430680 secs]
18.333: [GC 1938125K->387937K(2210496K), 0.0457870 secs]
19.558: [GC 1950358K->397610K(2148416K), 0.0459650 secs]
20.754: [GC 1960719K->402959K(2201152K), 0.0456200 secs]
21.906: [GC 1943353K->406773K(2128192K), 0.0470690 secs]
23.084: [GC 1947893K->410793K(2198144K), 0.0463540 secs]
24.253: [GC 1939699K->409301K(2115328K), 0.0458110 secs]
25.446: [GC 1939029K->413615K(2200768K), 0.0469360 secs]
26.646: [GC 1942310K->424758K(2125568K), 0.0478450 secs]
27.835: [GC 1954049K->424487K(2197888K), 0.0469320 secs]
29.002: [GC 1948558K->426888K(2198208K), 0.0485270 secs]
30.172: [GC 1950290K->428250K(2195264K), 0.0482020 secs]
31.373: [GC 1951944K->430589K(2196736K), 0.0480570 secs]
32.581: [GC 1955242K->431767K(2194496K), 0.0472690 secs]
33.779: [GC 1961247K->435305K(2196736K), 0.0480080 secs]
34.986: [GC 1966633K->441145K(2202752K), 0.0474890 secs]
36.219: [GC 1985288K->446719K(2203456K), 0.0497780 secs]
37.438: [GC 1990911K->445191K(2204928K), 0.0479650 secs]
38.683: [GC 1999751K->447997K(2207808K), 0.0468560 secs]
39.922: [GC 2001705K->453735K(2215104K), 0.0487540 secs]
41.173: [GC 2020893K->453238K(2216000K), 0.0477450 secs]
42.402: [GC 2021284K->456989K(2220352K), 0.0481480 secs]
43.667: [GC 2036085K->454676K(2220672K), 0.0463250 secs]
44.888: [GC 2033659K->463206K(2228096K), 0.0486570 secs]
46.118: [GC 2055645K->465188K(2226112K), 0.0476740 secs]
47.360: [GC 2056584K->468340K(2234816K), 0.0477540 secs]
48.680: [GC 2071554K->469968K(2232896K), 0.0483960 secs]
49.966: [GC 2072913K->471164K(2239360K), 0.0475280 secs]
51.271: [GC 2085656K->477626K(2238016K), 0.0495770 secs]
52.605: [GC 2093402K->484182K(2246016K), 0.0508900 secs]
53.884: [GC 2109654K->484383K(2246336K), 0.0489430 secs]
55.152: [GC 2109026K->480817K(2244864K), 0.0473610 secs]
56.433: [GC 2109411K->484669K(2247360K), 0.0478900 secs]
57.779: [GC 2114566K->481991K(2251072K), 0.0468590 secs]
59.085: [GC 2121607K->493555K(2252416K), 0.0488830 secs]
60.441: [GC 2133171K->496897K(2256704K), 0.0504710 secs]
61.775: [GC 2142569K->498811K(2257664K), 0.0490400 secs]
63.036: [GC 2145195K->497861K(2257600K), 0.0467120 secs]
