0.531: [GC 95424K->59885K(365760K), 0.0820660 secs]
0.695: [GC 155309K->119837K(461184K), 0.0692650 secs]
1.078: [GC 310622K->166335K(461184K), 0.0458070 secs]
1.343: [GC 356919K->170873K(652032K), 0.0457840 secs]
1.885: [GC 552189K->174248K(652032K), 0.0101820 secs]
2.359: [GC 554431K->177289K(1109696K), 0.0091440 secs]
3.378: [GC 940202K->184846K(1109824K), 0.0109800 secs]
4.297: [GC 946384K->193164K(1864128K), 0.0105240 secs]
6.259: [GC 1719138K->215166K(1867456K), 0.0153960 secs]
8.067: [GC 1740339K->226517K(2198208K), 0.0176820 secs]
10.313: [GC 2091811K->243709K(2201536K), 0.0229920 secs]
10.337: [Full GC 243709K->179395K(2340480K), 0.5851050 secs]
13.087: [GC 2044882K->210217K(2341440K), 0.0109310 secs]
15.263: [GC 2085438K->232009K(2345088K), 0.0176390 secs]
17.514: [GC 2107013K->249407K(2336256K), 0.0217630 secs]
19.694: [GC 2113157K->264438K(2343424K), 0.0250850 secs]
21.939: [GC 2129398K->275164K(2294912K), 0.0279750 secs]
24.065: [GC 2089955K->287942K(2289664K), 0.0311570 secs]
26.271: [GC 2103266K->298875K(2299136K), 0.0266240 secs]
28.383: [GC 2088199K->306772K(2283648K), 0.0286660 secs]
30.442: [GC 2097386K->318473K(2275840K), 0.0308180 secs]
32.490: [GC 2069278K->329597K(2266816K), 0.0338070 secs]
34.579: [GC 2080796K->343567K(2243648K), 0.0370360 secs]
36.559: [GC 2037064K->349202K(2230336K), 0.0381750 secs]
38.514: [GC 2043793K->355863K(2218048K), 0.0400160 secs]
40.437: [GC 1994490K->360696K(2186944K), 0.0411140 secs]
42.361: [GC 1999795K->363991K(2198208K), 0.0416590 secs]
44.198: [GC 1958823K->365405K(2146176K), 0.0419910 secs]
46.069: [GC 1960125K->365049K(2188416K), 0.0410760 secs]
47.876: [GC 1931035K->370898K(2119104K), 0.0429060 secs]
49.727: [GC 1935598K->368108K(2187392K), 0.0404620 secs]
51.555: [GC 1920837K->367189K(2094976K), 0.0458060 secs]
53.394: [GC 1919897K->369337K(2190336K), 0.0391550 secs]
55.220: [GC 1927923K->379206K(2187008K), 0.0420570 secs]
57.007: [GC 1936589K->378797K(2192128K), 0.0402500 secs]
58.870: [GC 1942823K->378737K(2190336K), 0.0401350 secs]
60.764: [GC 1943660K->384971K(2194432K), 0.0408780 secs]
