0.536: [GC 95424K->59882K(365760K), 0.0713120 secs]
0.688: [GC 155306K->119822K(461184K), 0.1048660 secs]
1.090: [GC 308857K->166612K(461184K), 0.0587960 secs]
1.382: [GC 356943K->170796K(652032K), 0.0104710 secs]
1.877: [GC 551815K->177065K(652032K), 0.0160150 secs]
2.329: [GC 557067K->181682K(1108800K), 0.0131360 secs]
3.295: [GC 943123K->188386K(1108992K), 0.0130210 secs]
4.205: [GC 950073K->199437K(1862528K), 0.0186770 secs]
6.174: [GC 1724555K->222186K(1866304K), 0.0183040 secs]
7.963: [GC 1747805K->234404K(2200768K), 0.0207600 secs]
10.181: [GC 2100516K->259105K(2203200K), 0.0501960 secs]
10.231: [Full GC 259105K->175832K(2331136K), 0.4777880 secs]
12.834: [GC 2041944K->208101K(2332032K), 0.0204580 secs]
15.001: [GC 2081560K->235237K(2333248K), 0.0211620 secs]
17.139: [GC 2107217K->244514K(2325888K), 0.0619590 secs]
19.286: [GC 2107377K->248991K(2318784K), 0.0254800 secs]
21.395: [GC 2110539K->264297K(2304256K), 0.0291820 secs]
23.524: [GC 2092121K->272273K(2308096K), 0.0296970 secs]
25.652: [GC 2099959K->282547K(2273280K), 0.0365540 secs]
27.695: [GC 2061866K->284859K(2272320K), 0.0844460 secs]
29.735: [GC 2065498K->294241K(2255424K), 0.0418730 secs]
31.740: [GC 2028616K->301511K(2242624K), 0.0537850 secs]
33.768: [GC 2034548K->311142K(2229120K), 0.0434350 secs]
35.752: [GC 1994306K->316938K(2207488K), 0.0470580 secs]
37.681: [GC 1999624K->320760K(2208064K), 0.0715210 secs]
39.617: [GC 1957780K->323029K(2167104K), 0.0419700 secs]
41.492: [GC 1958957K->326879K(2193472K), 0.0691400 secs]
43.382: [GC 1928379K->327703K(2133568K), 0.0472920 secs]
45.261: [GC 1930053K->331385K(2190336K), 0.0892790 secs]
47.118: [GC 1916779K->332686K(2115904K), 0.0539840 secs]
48.961: [GC 1918297K->333041K(2192064K), 0.0407190 secs]
50.816: [GC 1914726K->335927K(2112768K), 0.0408300 secs]
52.631: [GC 1918593K->340724K(2191680K), 0.0391650 secs]
54.441: [GC 1924259K->341910K(2112768K), 0.0619300 secs]
56.305: [GC 1925619K->346047K(2192128K), 0.0401180 secs]
58.157: [GC 1931383K->348542K(2190592K), 0.0400990 secs]
59.960: [GC 1934436K->351371K(2193984K), 0.0405400 secs]
