1.156: [GC 94828K->30501K(365760K), 0.0535640 secs]
1.369: [GC 125925K->63426K(461184K), 0.0503340 secs]
1.717: [GC 254274K->131153K(461184K), 0.0860150 secs]
2.085: [GC 322001K->193712K(652032K), 0.1914970 secs]
2.277: [Full GC 193712K->193707K(813632K), 0.4493890 secs]
3.448: [GC 574065K->230140K(813632K), 0.0272200 secs]
3.689: [GC 611810K->239306K(1062784K), 0.0143760 secs]
4.022: [GC 800574K->242473K(1079296K), 0.0133880 secs]
4.351: [GC 802936K->249601K(1260224K), 0.0144330 secs]
4.768: [GC 1024251K->256716K(1287616K), 0.0170860 secs]
5.206: [GC 1032578K->266254K(1407936K), 0.0168450 secs]
5.677: [GC 1186747K->274535K(1425408K), 0.0258280 secs]
6.191: [GC 1193982K->288447K(1583872K), 0.0327350 secs]
6.759: [GC 1365221K->292285K(1589504K), 0.0735460 secs]
7.353: [GC 1369962K->295114K(1802496K), 0.0583710 secs]
8.063: [GC 1579576K->305177K(1808000K), 0.0513840 secs]
8.766: [GC 1590937K->313639K(2063808K), 0.0718860 secs]
9.622: [GC 1846048K->325259K(2073152K), 0.0452820 secs]
10.414: [GC 1857231K->328809K(2272256K), 0.0770320 secs]
11.352: [GC 2049904K->335763K(2282752K), 0.0739170 secs]
12.252: [GC 2056776K->343891K(2278464K), 0.0462340 secs]
13.132: [GC 2049331K->345145K(2244416K), 0.0338350 secs]
13.977: [GC 2050110K->352517K(2268224K), 0.0430780 secs]
14.873: [GC 2032715K->359933K(2228160K), 0.0375800 secs]
15.718: [GC 2038868K->363644K(2258688K), 0.0399280 secs]
16.590: [GC 2021409K->371715K(2208448K), 0.0358530 secs]
17.467: [GC 2029754K->376409K(2253248K), 0.0460480 secs]
18.360: [GC 2019205K->376705K(2256128K), 0.0447210 secs]
19.232: [GC 2019723K->382786K(2255488K), 0.0759570 secs]
20.155: [GC 2025434K->387633K(2255936K), 0.0417180 secs]
21.076: [GC 2031665K->390763K(2252608K), 0.0401960 secs]
21.927: [GC 2033646K->405861K(2254336K), 0.0862160 secs]
22.805: [GC 2050000K->409397K(2255488K), 0.0398970 secs]
23.674: [GC 2052789K->410450K(2197120K), 0.0501500 secs]
24.505: [GC 2053422K->420347K(2253824K), 0.0392580 secs]
25.351: [GC 2061189K->422500K(2255040K), 0.0394130 secs]
26.183: [GC 2063967K->420170K(2247296K), 0.0392360 secs]
27.038: [GC 2061449K->433985K(2251456K), 0.0388220 secs]
27.899: [GC 2076759K->427766K(2248384K), 0.0413190 secs]
28.740: [GC 2077775K->430950K(2253952K), 0.0408910 secs]
29.617: [GC 2080691K->435838K(2254912K), 0.0390670 secs]
30.500: [GC 2103550K->442416K(2259712K), 0.0365960 secs]
31.409: [GC 2108264K->441022K(2266112K), 0.0397020 secs]
32.288: [GC 2128323K->445035K(2271616K), 0.0359530 secs]
33.213: [GC 2131993K->457232K(2280832K), 0.0386940 secs]
34.130: [GC 2158993K->464929K(2283072K), 0.0390050 secs]
35.024: [GC 2167133K->469051K(2285504K), 0.0505270 secs]
35.899: [GC 2171320K->474698K(2264448K), 0.0405450 secs]
36.803: [GC 2178164K->480999K(2280192K), 0.0392170 secs]
37.659: [GC 2177127K->472637K(2247872K), 0.0400980 secs]
38.531: [GC 2167707K->484312K(2281728K), 0.0388010 secs]
39.378: [GC 2183768K->484802K(2281344K), 0.0394570 secs]
40.270: [GC 2182567K->492543K(2283968K), 0.0394460 secs]
41.151: [GC 2196735K->493564K(2283456K), 0.0382180 secs]
42.053: [GC 2197376K->498146K(2287488K), 0.0407380 secs]
42.992: [GC 2207049K->510254K(2286592K), 0.0405280 secs]
43.829: [GC 2218919K->509921K(2289664K), 0.0411470 secs]
44.667: [GC 2219924K->512976K(2267072K), 0.0395020 secs]
45.566: [GC 2222956K->514747K(2289088K), 0.0379140 secs]
46.403: [GC 2226986K->525171K(2287232K), 0.0410440 secs]
47.298: [GC 2235987K->530763K(2291648K), 0.0404340 secs]
48.232: [GC 2245034K->531810K(2272768K), 0.0401690 secs]
49.142: [GC 2247031K->535114K(2292352K), 0.0404430 secs]
50.020: [GC 2252632K->540825K(2290624K), 0.0400120 secs]
50.927: [GC 2257452K->547837K(2292032K), 0.0411640 secs]
51.823: [GC 2268030K->550389K(2293184K), 0.0395470 secs]
52.699: [GC 2269318K->555574K(2293504K), 0.0417630 secs]
53.624: [GC 2274530K->559445K(2294336K), 0.0416680 secs]
53.666: [Full GC 559445K->219445K(2330944K), 0.6309960 secs]
55.144: [GC 1939939K->245813K(2294720K), 0.0155010 secs]
55.999: [GC 1929675K->259391K(2177408K), 0.0148960 secs]
56.844: [GC 1943140K->271889K(2291328K), 0.0188650 secs]
57.700: [GC 1922938K->277545K(2163008K), 0.0195240 secs]
58.545: [GC 1929142K->286386K(2296000K), 0.0210790 secs]
59.399: [GC 1935868K->297759K(2180672K), 0.0251300 secs]
60.239: [GC 1946874K->300108K(2295424K), 0.0259870 secs]
61.026: [GC 1952771K->310359K(2290496K), 0.0259470 secs]
61.856: [GC 1963583K->318395K(2297472K), 0.0287490 secs]
62.702: [GC 1988613K->323748K(2293440K), 0.0284070 secs]
