0.544: [GC 95424K->59897K(365760K), 0.0826470 secs]
0.715: [GC 155321K->119821K(461184K), 0.1084570 secs]
1.307: [GC 310184K->172917K(461184K), 0.0553530 secs]
1.842: [GC 363115K->174220K(652032K), 0.0441550 secs]
2.766: [GC 555075K->175853K(652032K), 0.0105550 secs]
3.476: [GC 557411K->178173K(1111680K), 0.0452110 secs]
5.381: [GC 941565K->184666K(1111936K), 0.0324520 secs]
7.104: [GC 946187K->186939K(1869952K), 0.0098090 secs]
10.907: [GC 1712226K->198276K(1871552K), 0.0090150 secs]
14.711: [GC 1723603K->208444K(2193856K), 0.0109280 secs]
19.143: [GC 2066941K->217540K(2195712K), 0.0147090 secs]
19.158: [Full GC 217540K->181434K(2317632K), 0.4896820 secs]
24.098: [GC 2039624K->201647K(2325760K), 0.0074950 secs]
28.628: [GC 2074526K->212571K(2327616K), 0.0112840 secs]
33.357: [GC 2084646K->221232K(2327424K), 0.0104870 secs]
38.442: [GC 2104432K->229899K(2330304K), 0.0158530 secs]
43.398: [GC 2111624K->235872K(2338560K), 0.0163160 secs]
47.823: [GC 2127169K->240471K(2320128K), 0.0159260 secs]
52.663: [GC 2130694K->248710K(2327296K), 0.0284140 secs]
57.544: [GC 2123950K->254035K(2318080K), 0.0361940 secs]
