0.524: [GC 95424K->59898K(365760K), 0.0827500 secs]
0.688: [GC 155322K->119814K(461184K), 0.1053590 secs]
1.176: [GC 310174K->172913K(461184K), 0.0505140 secs]
1.502: [GC 363349K->175438K(652032K), 0.0129180 secs]
2.177: [GC 557107K->180659K(652032K), 0.0278120 secs]
2.749: [GC 562227K->187390K(1109568K), 0.0639640 secs]
3.969: [GC 949724K->190328K(1110272K), 0.0172580 secs]
5.017: [GC 952962K->194507K(1868416K), 0.0154000 secs]
7.525: [GC 1720086K->207114K(1870144K), 0.0114330 secs]
9.914: [GC 1733132K->213579K(2196736K), 0.0130030 secs]
12.697: [GC 2073339K->227860K(2198016K), 0.0289020 secs]
12.726: [Full GC 227860K->181778K(2329600K), 0.5987230 secs]
16.005: [GC 2042312K->202570K(2337408K), 0.0124480 secs]
18.683: [GC 2076419K->207933K(2338048K), 0.0276160 secs]
21.547: [GC 2080569K->218900K(2340736K), 0.0214860 secs]
24.285: [GC 2100488K->229945K(2341248K), 0.0164630 secs]
27.004: [GC 2111806K->234169K(2343360K), 0.0368980 secs]
29.807: [GC 2116371K->241683K(2329920K), 0.0902530 secs]
32.699: [GC 2124734K->248159K(2329472K), 0.0279010 secs]
35.544: [GC 2111071K->258463K(2325696K), 0.0768130 secs]
38.442: [GC 2120594K->266974K(2307392K), 0.0384040 secs]
41.385: [GC 2092171K->272236K(2303104K), 0.0357210 secs]
44.141: [GC 2098469K->279734K(2286912K), 0.0271050 secs]
46.814: [GC 2064713K->284178K(2275072K), 0.0405910 secs]
49.546: [GC 2069793K->292707K(2265920K), 0.0359150 secs]
52.189: [GC 2037775K->297746K(2247552K), 0.0378120 secs]
54.802: [GC 2041833K->300639K(2248512K), 0.0338400 secs]
57.286: [GC 2006336K->307894K(2215296K), 0.0450300 secs]
59.897: [GC 2013314K->309289K(2237824K), 0.0346510 secs]
