1.155: [GC 95424K->31580K(365760K), 0.0832500 secs]
1.400: [GC 127004K->64016K(461184K), 0.0514010 secs]
1.752: [GC 254864K->131795K(461184K), 0.0857430 secs]
2.121: [GC 322643K->194406K(652032K), 0.1640730 secs]
2.286: [Full GC 194406K->194373K(818176K), 0.5591540 secs]
3.500: [GC 576069K->236813K(818176K), 0.0730450 secs]
3.761: [GC 616738K->247205K(1066880K), 0.0239570 secs]
4.031: [GC 802395K->251556K(1075712K), 0.0185270 secs]
4.307: [GC 807204K->258428K(1252992K), 0.0143180 secs]
4.648: [GC 1022068K->267295K(1279296K), 0.0185470 secs]
5.019: [GC 1031913K->267350K(1396160K), 0.0189450 secs]
5.434: [GC 1175510K->276199K(1413824K), 0.0186370 secs]
5.843: [GC 1184302K->279254K(1567872K), 0.0342960 secs]
6.363: [GC 1341965K->278460K(1568064K), 0.0221220 secs]
6.863: [GC 1341149K->283901K(1715072K), 0.0225630 secs]
7.430: [GC 1502909K->296509K(1724992K), 0.0238870 secs]
8.000: [GC 1513882K->295874K(1887552K), 0.0239690 secs]
8.623: [GC 1671068K->304209K(1892544K), 0.0253620 secs]
9.254: [GC 1681041K->305758K(2006144K), 0.0271230 secs]
9.973: [GC 1788793K->313118K(2011584K), 0.0269810 secs]
10.692: [GC 1796829K->313870K(2128768K), 0.0312490 secs]
11.510: [GC 1907994K->323216K(2130752K), 0.0262030 secs]
12.284: [GC 1916951K->328009K(2243008K), 0.0336980 secs]
13.143: [GC 2031625K->334073K(2245888K), 0.0404170 secs]
13.982: [GC 2036686K->341044K(2324672K), 0.0315600 secs]
14.869: [GC 2119807K->340797K(2295168K), 0.0251170 secs]
15.838: [GC 2119476K->347237K(2321088K), 0.0294810 secs]
16.764: [GC 2116416K->354632K(2295296K), 0.0285250 secs]
17.690: [GC 2124303K->359236K(2312256K), 0.0294750 secs]
18.538: [GC 2112716K->372099K(2290240K), 0.0304640 secs]
19.462: [GC 2126395K->369513K(2305536K), 0.0312040 secs]
20.385: [GC 2108311K->376322K(2271616K), 0.0318940 secs]
21.302: [GC 2114980K->374562K(2306112K), 0.0307380 secs]
22.166: [GC 2108314K->379507K(2263424K), 0.0523130 secs]
23.107: [GC 2112989K->377484K(2308096K), 0.0372390 secs]
23.945: [GC 2113608K->384191K(2264256K), 0.0328830 secs]
24.874: [GC 2121272K->391431K(2305728K), 0.0318940 secs]
25.747: [GC 2129219K->396467K(2305088K), 0.0315360 secs]
26.605: [GC 2135387K->411811K(2305920K), 0.0362430 secs]
27.557: [GC 2150803K->408012K(2308672K), 0.0327470 secs]
28.440: [GC 2146905K->411930K(2302528K), 0.0312110 secs]
29.383: [GC 2153896K->417161K(2306176K), 0.0303690 secs]
30.240: [GC 2159177K->416161K(2304832K), 0.0324750 secs]
31.168: [GC 2166636K->425460K(2309568K), 0.0299850 secs]
32.062: [GC 2175505K->428758K(2310336K), 0.0316510 secs]
32.975: [GC 2188324K->440378K(2315328K), 0.0323770 secs]
33.924: [GC 2201850K->448419K(2318208K), 0.0346320 secs]
34.814: [GC 2212131K->449998K(2301248K), 0.0338060 secs]
35.676: [GC 2212255K->451517K(2317376K), 0.0347130 secs]
36.564: [GC 2211005K->455592K(2298880K), 0.0376830 secs]
37.454: [GC 2215080K->468695K(2309952K), 0.0360300 secs]
38.287: [GC 2218290K->472628K(2297216K), 0.0357420 secs]
39.174: [GC 2222618K->469089K(2311744K), 0.0350250 secs]
40.048: [GC 2213713K->479048K(2310784K), 0.0337420 secs]
40.903: [GC 2224648K->479937K(2310400K), 0.0359300 secs]
41.735: [GC 2225921K->489320K(2293312K), 0.0372320 secs]
42.624: [GC 2234715K->497795K(2303680K), 0.0385480 secs]
43.587: [GC 2233464K->495039K(2284352K), 0.0373780 secs]
44.468: [GC 2230375K->498295K(2307520K), 0.0353520 secs]
45.375: [GC 2235703K->502064K(2281536K), 0.0362460 secs]
46.314: [GC 2239472K->500406K(2308224K), 0.0338190 secs]
47.166: [GC 2238835K->515955K(2305600K), 0.0361040 secs]
48.041: [GC 2254758K->514956K(2309376K), 0.0349320 secs]
48.881: [GC 2259634K->522322K(2308736K), 0.0376850 secs]
49.762: [GC 2265893K->521300K(2310400K), 0.0359530 secs]
50.679: [GC 2271438K->527107K(2311168K), 0.0364940 secs]
51.584: [GC 2277523K->538344K(2314752K), 0.0346090 secs]
52.489: [GC 2294312K->530692K(2315200K), 0.0371280 secs]
52.526: [Full GC 530692K->213257K(2356864K), 0.6053650 secs]
53.918: [GC 1967984K->233069K(2329600K), 0.0116150 secs]
54.770: [GC 1962091K->249891K(2228608K), 0.0240610 secs]
55.588: [GC 1979555K->263831K(2330432K), 0.0218750 secs]
56.450: [GC 1969498K->268215K(2224128K), 0.0189130 secs]
57.267: [GC 1975090K->279254K(2335424K), 0.0201510 secs]
58.145: [GC 1986664K->287363K(2244544K), 0.0319780 secs]
59.007: [GC 1994522K->303567K(2335104K), 0.0238720 secs]
59.922: [GC 2018114K->305863K(2328640K), 0.0247970 secs]
60.851: [GC 2018968K->309400K(2338048K), 0.0258950 secs]
61.747: [GC 2037612K->316327K(2334784K), 0.0287540 secs]
62.697: [GC 2044199K->317317K(2351168K), 0.0287060 secs]
