0.527: [GC 95424K->59897K(365760K), 0.0814570 secs]
0.690: [GC 155321K->119833K(461184K), 0.1200820 secs]
1.097: [GC 309953K->167298K(461184K), 0.0788540 secs]
1.488: [GC 356912K->170240K(652032K), 0.0203620 secs]
1.972: [GC 551126K->176391K(652032K), 0.0185020 secs]
2.534: [GC 558087K->180715K(1109056K), 0.0120960 secs]
3.605: [GC 942860K->184320K(1109248K), 0.0151710 secs]
4.601: [GC 946854K->189411K(1867456K), 0.0121920 secs]
6.672: [GC 1715597K->201287K(1869376K), 0.0145850 secs]
8.857: [GC 1728071K->208566K(2197120K), 0.0122250 secs]
11.468: [GC 2070437K->221485K(2198784K), 0.0141160 secs]
13.847: [GC 2083378K->237698K(2203456K), 0.0169190 secs]
13.864: [Full GC 237698K->180773K(2333952K), 0.5926970 secs]
16.867: [GC 2056064K->212906K(2335936K), 0.0109550 secs]
19.222: [GC 2088270K->226661K(2343360K), 0.0168240 secs]
21.613: [GC 2112883K->237330K(2344064K), 0.0455750 secs]
24.053: [GC 2124519K->245725K(2331840K), 0.0197450 secs]
26.503: [GC 2116330K->258717K(2333632K), 0.0212400 secs]
28.971: [GC 2127586K->266707K(2301632K), 0.0239260 secs]
31.360: [GC 2094623K->272724K(2306560K), 0.0248400 secs]
33.782: [GC 2102345K->277344K(2286400K), 0.0263420 secs]
36.136: [GC 2063071K->286536K(2278400K), 0.0282380 secs]
38.554: [GC 2072548K->291419K(2263744K), 0.0297230 secs]
40.968: [GC 2034689K->301064K(2248640K), 0.0325350 secs]
43.244: [GC 2042837K->307315K(2239424K), 0.0331670 secs]
45.384: [GC 2002041K->309490K(2210112K), 0.0336600 secs]
47.466: [GC 2005326K->311093K(2225280K), 0.0333880 secs]
49.513: [GC 1970438K->316148K(2181312K), 0.0358770 secs]
51.545: [GC 1976784K->315782K(2218176K), 0.0352280 secs]
53.511: [GC 1953078K->319791K(2152064K), 0.0350870 secs]
55.553: [GC 1956928K->324925K(2216256K), 0.0347850 secs]
57.512: [GC 1955131K->326274K(2218048K), 0.0375200 secs]
59.529: [GC 1954831K->328824K(2215488K), 0.0347640 secs]
