0.549: [GC 95424K->59890K(365760K), 0.1146980 secs]
0.752: [GC 155314K->119838K(461184K), 0.1306960 secs]
1.161: [GC 309943K->169851K(461184K), 0.0520770 secs]
1.455: [GC 360473K->176809K(652032K), 0.0332250 secs]
1.957: [GC 557299K->179314K(652032K), 0.0300270 secs]
2.428: [GC 560248K->183468K(1110016K), 0.0113300 secs]
3.403: [GC 946576K->188128K(1110080K), 0.0299530 secs]
4.279: [GC 950305K->192813K(1868096K), 0.0122870 secs]
6.229: [GC 1718205K->208206K(1869952K), 0.0244650 secs]
8.023: [GC 1734990K->225144K(2198336K), 0.0291240 secs]
10.241: [GC 2086329K->238929K(2198656K), 0.0249600 secs]
10.266: [Full GC 238929K->181296K(2328832K), 0.4853970 secs]
12.845: [GC 2042939K->205229K(2336896K), 0.0288780 secs]
15.020: [GC 2079681K->218739K(2336256K), 0.0196770 secs]
17.182: [GC 2093064K->231701K(2337792K), 0.0367230 secs]
19.378: [GC 2111353K->239101K(2339456K), 0.0344860 secs]
21.546: [GC 2117464K->257552K(2322368K), 0.0552470 secs]
23.733: [GC 2114796K->269161K(2331584K), 0.0357480 secs]
25.849: [GC 2127186K->277078K(2283328K), 0.0377240 secs]
27.981: [GC 2086787K->285810K(2280640K), 0.0432760 secs]
30.047: [GC 2094410K->296470K(2283520K), 0.0415280 secs]
32.126: [GC 2075211K->298486K(2262976K), 0.0433300 secs]
34.197: [GC 2076248K->312826K(2262592K), 0.0579720 secs]
36.235: [GC 2053895K->316381K(2243584K), 0.0788550 secs]
38.248: [GC 2057311K->320929K(2245184K), 0.0565310 secs]
40.221: [GC 2023719K->327647K(2216448K), 0.0546160 secs]
42.213: [GC 2030449K->332704K(2226432K), 0.0558090 secs]
44.131: [GC 1997759K->332667K(2183872K), 0.0568690 secs]
46.031: [GC 1998751K->333793K(2217920K), 0.0582530 secs]
47.923: [GC 1974216K->341764K(2166336K), 0.0596860 secs]
49.863: [GC 1983255K->344441K(2208704K), 0.0601020 secs]
51.737: [GC 1963854K->348847K(2148352K), 0.0606160 secs]
53.628: [GC 1968378K->348094K(2208768K), 0.0608390 secs]
55.511: [GC 1961225K->350274K(2133696K), 0.0607710 secs]
57.354: [GC 1962670K->345670K(2212800K), 0.0569280 secs]
59.194: [GC 1962547K->348682K(2129472K), 0.0587480 secs]
