1.152: [GC 94789K->30485K(365760K), 0.0611490 secs]
1.376: [GC 125909K->63146K(461184K), 0.0866360 secs]
1.761: [GC 253994K->130917K(461184K), 0.1022520 secs]
2.146: [GC 321765K->193496K(652032K), 0.1459930 secs]
2.292: [Full GC 193496K->193458K(811968K), 0.4655880 secs]
3.434: [GC 575154K->235187K(811968K), 0.0292690 secs]
3.658: [GC 616619K->246908K(1098496K), 0.0461640 secs]
3.986: [GC 830073K->248972K(1098624K), 0.0259070 secs]
4.283: [GC 833215K->258009K(1331584K), 0.0198920 secs]
4.722: [GC 1107884K->261620K(1358656K), 0.0191790 secs]
5.178: [GC 1110334K->264682K(1518592K), 0.0241500 secs]
5.721: [GC 1304822K->269450K(1540608K), 0.0223710 secs]
6.234: [GC 1309356K->277704K(1718976K), 0.0259330 secs]
6.821: [GC 1511265K->280340K(1733312K), 0.0282260 secs]
7.491: [GC 1514850K->287813K(1946624K), 0.0440710 secs]
8.324: [GC 1733555K->294825K(1950144K), 0.0434520 secs]
9.084: [GC 1741095K->300651K(2184896K), 0.0383860 secs]
9.943: [GC 1976308K->313310K(2191104K), 0.0422690 secs]
10.815: [GC 1988723K->323425K(2318208K), 0.0456680 secs]
11.731: [GC 2116361K->332950K(2322624K), 0.0485500 secs]
12.646: [GC 2126888K->344586K(2288960K), 0.0528760 secs]
13.511: [GC 2091232K->348418K(2278784K), 0.0498960 secs]
14.403: [GC 2094895K->350684K(2283072K), 0.0501480 secs]
15.266: [GC 2065350K->351481K(2246528K), 0.0480570 secs]
16.136: [GC 2065884K->351132K(2280896K), 0.0484240 secs]
17.046: [GC 2051871K->373543K(2250176K), 0.0540570 secs]
17.946: [GC 2074086K->368364K(2265664K), 0.0539550 secs]
18.792: [GC 2041702K->372560K(2216192K), 0.0550910 secs]
19.626: [GC 2046250K->376708K(2263360K), 0.0549240 secs]
20.544: [GC 2042265K->380457K(2206016K), 0.0608780 secs]
21.410: [GC 2044500K->382277K(2266304K), 0.0559980 secs]
22.295: [GC 2047232K->381614K(2198400K), 0.0515910 secs]
23.143: [GC 2047823K->387787K(2264256K), 0.0535800 secs]
24.031: [GC 2056194K->395467K(2261120K), 0.0535420 secs]
24.943: [GC 2064614K->398803K(2268864K), 0.0535530 secs]
25.814: [GC 2080632K->397153K(2266816K), 0.0496640 secs]
26.690: [GC 2080097K->406997K(2276480K), 0.0514080 secs]
27.575: [GC 2104084K->414204K(2273088K), 0.0532570 secs]
28.461: [GC 2112565K->420315K(2285440K), 0.0517770 secs]
29.354: [GC 2132989K->416594K(2284416K), 0.0507720 secs]
30.241: [GC 2130263K->420986K(2289984K), 0.0514270 secs]
31.117: [GC 2146938K->432694K(2288704K), 0.0517250 secs]
32.013: [GC 2157657K->434805K(2299712K), 0.0539450 secs]
32.911: [GC 2173183K->439989K(2299584K), 0.0537020 secs]
33.813: [GC 2179371K->446514K(2303488K), 0.0545610 secs]
34.728: [GC 2190811K->447226K(2303488K), 0.0571510 secs]
35.590: [GC 2190626K->457873K(2302464K), 0.0562210 secs]
36.469: [GC 2201819K->463814K(2288128K), 0.0568290 secs]
37.379: [GC 2207517K->461169K(2304640K), 0.0566240 secs]
38.296: [GC 2203033K->468281K(2282240K), 0.0563690 secs]
39.238: [GC 2210046K->467492K(2304832K), 0.0536920 secs]
40.134: [GC 2211786K->470509K(2302848K), 0.0547340 secs]
41.003: [GC 2215708K->483323K(2301504K), 0.0593060 secs]
41.898: [GC 2228464K->482799K(2303104K), 0.0573180 secs]
42.806: [GC 2227799K->482861K(2302208K), 0.0537400 secs]
43.727: [GC 2231901K->483054K(2305024K), 0.0542260 secs]
44.627: [GC 2232501K->490011K(2306304K), 0.0560410 secs]
45.576: [GC 2245873K->502020K(2308736K), 0.0563320 secs]
46.487: [GC 2257685K->499463K(2311232K), 0.0565570 secs]
47.404: [GC 2257209K->502878K(2311040K), 0.0549770 secs]
48.311: [GC 2261055K->504762K(2311808K), 0.0534990 secs]
49.241: [GC 2266142K->514667K(2311296K), 0.0550930 secs]
50.143: [GC 2276095K->523822K(2310784K), 0.0554950 secs]
51.056: [GC 2284032K->515990K(2312896K), 0.0556750 secs]
51.959: [GC 2276594K->522265K(2310912K), 0.0529010 secs]
52.893: [GC 2283393K->524686K(2312384K), 0.0531120 secs]
53.779: [GC 2285545K->517974K(2313920K), 0.0504850 secs]
53.830: [Full GC 517974K->215671K(2338304K), 0.7070250 secs]
55.350: [GC 1979710K->241639K(2229696K), 0.0149860 secs]
56.201: [GC 2005582K->251179K(2306368K), 0.0187110 secs]
57.045: [GC 1967460K->265498K(2206144K), 0.0216330 secs]
57.887: [GC 1982063K->272058K(2310272K), 0.0279300 secs]
58.746: [GC 1978815K->283454K(2215296K), 0.0451120 secs]
59.681: [GC 1991120K->290409K(2313344K), 0.0394440 secs]
60.589: [GC 2003881K->296503K(2233152K), 0.0397370 secs]
61.372: [GC 2008713K->300179K(2313856K), 0.0399030 secs]
62.257: [GC 2022318K->304347K(2308288K), 0.0415410 secs]
