0.533: [GC 95424K->59893K(365760K), 0.0964590 secs]
0.719: [GC 155317K->119837K(461184K), 0.0861860 secs]
1.103: [GC 309041K->164603K(461184K), 0.0550310 secs]
1.383: [GC 353860K->171902K(652032K), 0.0190120 secs]
1.888: [GC 552665K->187501K(652032K), 0.0147050 secs]
2.333: [GC 567400K->201719K(1103744K), 0.0109230 secs]
3.258: [GC 963901K->221190K(1104896K), 0.0177190 secs]
4.096: [GC 984008K->236160K(1861376K), 0.0187980 secs]
5.918: [GC 1760520K->262445K(1862720K), 0.0269610 secs]
7.540: [GC 1787885K->284828K(2194432K), 0.0336970 secs]
7.573: [Full GC 284828K->173238K(2324288K), 0.5822890 secs]
10.100: [GC 2023478K->217227K(2327296K), 0.0185030 secs]
12.036: [GC 2066868K->250856K(2318528K), 0.0244050 secs]
14.035: [GC 2093135K->277856K(2324096K), 0.0338720 secs]
15.993: [GC 2121696K->302333K(2287360K), 0.0428930 secs]
17.929: [GC 2109437K->323182K(2296768K), 0.0309420 secs]
19.862: [GC 2129990K->340875K(2263232K), 0.0353690 secs]
21.728: [GC 2096523K->353190K(2275328K), 0.0378770 secs]
23.583: [GC 2108838K->360295K(2219904K), 0.0393300 secs]
25.366: [GC 2049428K->374757K(2232128K), 0.0425940 secs]
27.152: [GC 2065637K->379623K(2195392K), 0.0439470 secs]
28.864: [GC 2001279K->379562K(2169216K), 0.0439340 secs]
30.577: [GC 2002630K->380340K(2181760K), 0.0435040 secs]
32.240: [GC 1958395K->380023K(2125248K), 0.0434180 secs]
33.911: [GC 1958775K->380660K(2173760K), 0.0441770 secs]
35.537: [GC 1932713K->376294K(2096576K), 0.0423500 secs]
37.172: [GC 1930086K->378651K(2174080K), 0.0427510 secs]
38.808: [GC 1925531K->384899K(2098240K), 0.0444350 secs]
40.419: [GC 1931779K->390134K(2171072K), 0.0467260 secs]
42.046: [GC 1929258K->392969K(2171968K), 0.0445760 secs]
43.695: [GC 1931318K->393276K(2169152K), 0.0440760 secs]
45.325: [GC 1932559K->395038K(2170560K), 0.0441600 secs]
46.954: [GC 1934011K->394573K(2167616K), 0.0446850 secs]
48.586: [GC 1938765K->390600K(2170304K), 0.0425880 secs]
50.200: [GC 1934792K->395008K(2173056K), 0.0438800 secs]
51.853: [GC 1952320K->397718K(2174400K), 0.0447780 secs]
53.500: [GC 1953216K->392188K(2178368K), 0.0430210 secs]
55.143: [GC 1964362K->395999K(2181952K), 0.0437480 secs]
56.819: [GC 1969247K->398819K(2190336K), 0.0438080 secs]
58.495: [GC 1987967K->393220K(2192832K), 0.0424760 secs]
60.170: [GC 1982737K->394854K(2195584K), 0.0430710 secs]
