0.563: [GC 95424K->59890K(365760K), 0.0814360 secs]
0.733: [GC 155314K->119814K(461184K), 0.0600570 secs]
1.096: [GC 308861K->164556K(461184K), 0.0528860 secs]
1.377: [GC 354630K->171600K(652032K), 0.0496030 secs]
1.922: [GC 552715K->186819K(652032K), 0.0637340 secs]
2.415: [GC 566798K->201591K(1103360K), 0.0770320 secs]
3.404: [GC 964071K->221218K(1104768K), 0.0219180 secs]
4.248: [GC 984602K->236290K(1861120K), 0.0371820 secs]
6.097: [GC 1760827K->262384K(1862848K), 0.0305360 secs]
7.724: [GC 1786784K->284655K(2194304K), 0.0327050 secs]
7.756: [Full GC 284655K->173239K(2313088K), 0.4902550 secs]
10.196: [GC 2022967K->219142K(2315968K), 0.0184600 secs]
12.132: [GC 2068020K->252954K(2309632K), 0.0321050 secs]
14.147: [GC 2104578K->291860K(2312896K), 0.0419700 secs]
16.132: [GC 2144144K->313664K(2315008K), 0.0518690 secs]
18.123: [GC 2159132K->345346K(2298944K), 0.0248700 secs]
20.099: [GC 2191042K->370156K(2283008K), 0.0316460 secs]
22.025: [GC 2179003K->388499K(2261056K), 0.0423760 secs]
22.068: [Full GC 388499K->181041K(2365120K), 0.4644930 secs]
24.403: [GC 1989777K->228405K(2401984K), 0.0167840 secs]
26.320: [GC 2039925K->262086K(2399872K), 0.0245620 secs]
28.277: [GC 2073606K->287487K(2378368K), 0.0313700 secs]
30.161: [GC 2075391K->303159K(2387392K), 0.0348870 secs]
32.044: [GC 2089690K->309568K(2334400K), 0.0358520 secs]
33.884: [GC 2041024K->319232K(2344064K), 0.0382720 secs]
35.702: [GC 2050688K->319861K(2325760K), 0.0394410 secs]
37.474: [GC 2002175K->325086K(2301312K), 0.0393510 secs]
39.256: [GC 2007902K->337999K(2300864K), 0.0427270 secs]
40.964: [GC 1973654K->346114K(2276224K), 0.0447790 secs]
42.702: [GC 1982850K->347258K(2280128K), 0.0447520 secs]
44.411: [GC 1936146K->348377K(2232320K), 0.0452180 secs]
46.101: [GC 1938251K->351708K(2267904K), 0.0462810 secs]
47.764: [GC 1911516K->349304K(2202496K), 0.0443720 secs]
49.411: [GC 1908004K->346899K(2267264K), 0.0435220 secs]
51.036: [GC 1894675K->352439K(2191232K), 0.0457670 secs]
52.684: [GC 1898832K->355109K(2265472K), 0.0459350 secs]
54.324: [GC 1897509K->350967K(2181056K), 0.0453100 secs]
55.944: [GC 1893367K->352898K(2267456K), 0.0429020 secs]
57.593: [GC 1898498K->354856K(2265152K), 0.0444540 secs]
59.228: [GC 1900456K->350437K(2265920K), 0.0434630 secs]
60.865: [GC 1902360K->351799K(2265728K), 0.0427010 secs]
