1.156: [GC 95424K->31560K(365760K), 0.0715030 secs]
1.382: [GC 126984K->65276K(461184K), 0.0630170 secs]
1.739: [GC 256124K->133507K(461184K), 0.0879020 secs]
2.105: [GC 324355K->196098K(652032K), 0.1224000 secs]
2.227: [Full GC 196098K->196084K(821312K), 0.5598040 secs]
3.725: [GC 577780K->232910K(821312K), 0.0304610 secs]
4.403: [GC 614169K->254133K(1036416K), 0.0270710 secs]
5.274: [GC 791029K->271054K(1058944K), 0.0267120 secs]
6.052: [GC 807587K->283849K(1205120K), 0.0316280 secs]
7.048: [GC 990209K->302855K(1224576K), 0.0520290 secs]
7.998: [GC 1009927K->316721K(1345600K), 0.0845190 secs]
9.137: [GC 1136561K->326706K(1356544K), 0.0902640 secs]
10.290: [GC 1146546K->335902K(1498624K), 0.0524650 secs]
11.539: [GC 1285342K->347785K(1511936K), 0.0707020 secs]
12.788: [GC 1297225K->361545K(1655488K), 0.0617140 secs]
14.242: [GC 1439561K->371420K(1672512K), 0.0716550 secs]
15.634: [GC 1449330K->374260K(1824384K), 0.0700220 secs]
17.237: [GC 1586996K->382173K(1839040K), 0.0745880 secs]
18.871: [GC 1594909K->391529K(1942912K), 0.0792750 secs]
20.579: [GC 1693081K->400081K(1957504K), 0.0834290 secs]
22.284: [GC 1702417K->405561K(2068480K), 0.0836600 secs]
24.129: [GC 1803885K->407173K(2079168K), 0.0807720 secs]
25.983: [GC 1806149K->402362K(2191808K), 0.0785210 secs]
27.955: [GC 1906618K->405681K(2100096K), 0.0811800 secs]
29.957: [GC 1909937K->412757K(2191296K), 0.0834050 secs]
31.931: [GC 1913941K->414815K(2192192K), 0.0838250 secs]
33.879: [GC 1915999K->423049K(2189952K), 0.0869320 secs]
35.850: [GC 1922441K->420002K(2191296K), 0.0853870 secs]
37.829: [GC 1919394K->416947K(2183168K), 0.0833430 secs]
39.762: [GC 1917619K->416938K(2187264K), 0.0815680 secs]
41.756: [GC 1917610K->417784K(2188032K), 0.0823930 secs]
43.745: [GC 1932536K->420800K(2192000K), 0.0833840 secs]
45.731: [GC 1935132K->420928K(2197568K), 0.0811850 secs]
47.733: [GC 1953536K->419971K(2201792K), 0.0824530 secs]
49.746: [GC 1952579K->426425K(2209024K), 0.0829340 secs]
51.724: [GC 1976111K->420210K(2211008K), 0.0795440 secs]
53.758: [GC 1968916K->419028K(2213760K), 0.0795560 secs]
55.807: [GC 1986004K->422977K(2216192K), 0.0816650 secs]
57.842: [GC 1989953K->426009K(2228992K), 0.1053930 secs]
59.941: [GC 2014442K->428523K(2230528K), 0.0883710 secs]
62.018: [GC 2017643K->435934K(2240896K), 0.0859330 secs]
