0.536: [GC 95424K->59869K(365760K), 0.0786880 secs]
0.697: [GC 155293K->119781K(461184K), 0.1473790 secs]
1.240: [GC 308701K->164102K(461184K), 0.0774310 secs]
1.683: [GC 354531K->171697K(652032K), 0.0135530 secs]
2.605: [GC 552161K->179837K(652032K), 0.0543880 secs]
3.489: [GC 559837K->186121K(1107648K), 0.0428790 secs]
5.201: [GC 949497K->197320K(1107840K), 0.0459390 secs]
6.843: [GC 959238K->207561K(1859776K), 0.0187360 secs]
10.275: [GC 1732559K->225050K(1863808K), 0.0498460 secs]
13.657: [GC 1751653K->245636K(2205568K), 0.0227940 secs]
17.594: [GC 2117411K->272015K(2207488K), 0.0295160 secs]
17.631: [Full GC 272015K->176640K(2322624K), 0.4794130 secs]
21.810: [GC 2048736K->214067K(2321664K), 0.0144510 secs]
25.547: [GC 2090185K->234026K(2322368K), 0.0226950 secs]
29.364: [GC 2110850K->258136K(2328768K), 0.0247440 secs]
33.098: [GC 2145049K->280287K(2328960K), 0.0193690 secs]
36.886: [GC 2166849K->298344K(2315136K), 0.0234000 secs]
40.605: [GC 2169430K->316623K(2300352K), 0.0333990 secs]
44.390: [GC 2187406K->334763K(2307456K), 0.0231120 secs]
48.191: [GC 2188023K->348037K(2314624K), 0.0257150 secs]
51.943: [GC 2202691K->354599K(2271488K), 0.0289190 secs]
55.626: [GC 2164404K->368670K(2260992K), 0.0351090 secs]
59.030: [GC 2178932K->387144K(2273088K), 0.0289910 secs]
