0.534: [GC 95424K->59874K(365760K), 0.0978320 secs]
0.713: [GC 155298K->119814K(461184K), 0.0783920 secs]
1.117: [GC 308845K->163958K(461184K), 0.0615250 secs]
1.463: [GC 354537K->170245K(652032K), 0.0122370 secs]
2.126: [GC 551436K->178012K(652032K), 0.0386970 secs]
2.776: [GC 558278K->184143K(1107584K), 0.0173680 secs]
4.029: [GC 947535K->198546K(1107968K), 0.0208270 secs]
5.165: [GC 960492K->207392K(1858944K), 0.0170500 secs]
7.594: [GC 1733406K->226309K(1863168K), 0.0227920 secs]
10.002: [GC 1752901K->241153K(2202624K), 0.0769820 secs]
10.079: [Full GC 241153K->177249K(2325184K), 0.5012120 secs]
13.436: [GC 2049633K->205859K(2328256K), 0.0377680 secs]
16.313: [GC 2076368K->224051K(2331456K), 0.0266590 secs]
19.172: [GC 2102190K->249982K(2333184K), 0.0286150 secs]
22.123: [GC 2128167K->272360K(2319040K), 0.0337770 secs]
24.869: [GC 2136101K->284998K(2327232K), 0.0264890 secs]
27.650: [GC 2149702K->296327K(2298816K), 0.0534860 secs]
30.372: [GC 2132546K->312599K(2299392K), 0.0428140 secs]
33.181: [GC 2147454K->324655K(2283072K), 0.0340960 secs]
35.840: [GC 2121117K->331997K(2280640K), 0.0290620 secs]
38.527: [GC 2129654K->334875K(2262656K), 0.0305280 secs]
41.088: [GC 2089329K->348255K(2254272K), 0.0334130 secs]
43.657: [GC 2103423K->353210K(2236224K), 0.0346210 secs]
46.152: [GC 2058775K->355637K(2212480K), 0.0355120 secs]
48.613: [GC 2060139K->364809K(2215744K), 0.0377690 secs]
51.047: [GC 2028440K->367401K(2181888K), 0.0375430 secs]
53.466: [GC 2030650K->371472K(2200128K), 0.0378950 secs]
55.896: [GC 1999020K->372694K(2150976K), 0.0386150 secs]
58.256: [GC 1999356K->379549K(2187008K), 0.0402110 secs]
60.566: [GC 1977642K->382575K(2128576K), 0.0402120 secs]
