1.163: [GC 94827K->30493K(365760K), 0.0611810 secs]
1.405: [GC 125917K->63178K(461184K), 0.0901190 secs]
1.816: [GC 254026K->136337K(461184K), 0.1280920 secs]
2.245: [GC 327185K->198924K(652032K), 0.1122750 secs]
2.358: [Full GC 198924K->198877K(824704K), 0.5592670 secs]
3.629: [GC 580573K->234808K(824704K), 0.0387600 secs]
3.921: [GC 615365K->241552K(1062400K), 0.0134280 secs]
4.313: [GC 789223K->256294K(1080832K), 0.0182700 secs]
4.637: [GC 805414K->260055K(1244736K), 0.0181720 secs]
5.057: [GC 1005197K->266471K(1268224K), 0.0201570 secs]
5.470: [GC 1012007K->273095K(1385408K), 0.0241820 secs]
5.945: [GC 1154247K->283690K(1396736K), 0.0257790 secs]
6.434: [GC 1163818K->289803K(1539904K), 0.0263260 secs]
7.036: [GC 1311960K->300605K(1544320K), 0.0311850 secs]
7.632: [GC 1321868K->309470K(1699008K), 0.0334900 secs]
8.337: [GC 1480044K->317198K(1707520K), 0.0377940 secs]
9.022: [GC 1487302K->323966K(1875776K), 0.0409500 secs]
9.807: [GC 1653706K->334116K(1885824K), 0.0456340 secs]
10.604: [GC 1663972K->340757K(2012032K), 0.0451190 secs]
11.459: [GC 1784443K->350586K(2023680K), 0.0473040 secs]
12.350: [GC 1793333K->354319K(2161600K), 0.0521860 secs]
13.311: [GC 1923010K->365072K(2170368K), 0.0491440 secs]
14.234: [GC 1934672K->373865K(2261824K), 0.0533410 secs]
15.169: [GC 2024487K->377229K(2220480K), 0.0505980 secs]
16.126: [GC 2028685K->385166K(2248960K), 0.0518600 secs]
17.005: [GC 2006412K->398033K(2206400K), 0.0564260 secs]
17.963: [GC 2020561K->400132K(2235392K), 0.0552690 secs]
18.905: [GC 1993028K->406777K(2179136K), 0.0577120 secs]
19.872: [GC 1998276K->407551K(2230272K), 0.0574370 secs]
20.857: [GC 1983227K->414340K(2163776K), 0.0598980 secs]
21.872: [GC 1988652K->421557K(2223872K), 0.0594030 secs]
22.872: [GC 1985461K->423968K(2154624K), 0.0604660 secs]
23.853: [GC 1987872K->424075K(2226688K), 0.0596970 secs]
24.852: [GC 1985660K->433845K(2151808K), 0.0609220 secs]
25.838: [GC 1995532K->433130K(2228928K), 0.0599200 secs]
26.855: [GC 1998446K->440153K(2150336K), 0.0565050 secs]
27.832: [GC 2004607K->442423K(2228608K), 0.0584940 secs]
28.816: [GC 2013091K->444035K(2224000K), 0.0572180 secs]
29.848: [GC 2016451K->447026K(2233152K), 0.0569800 secs]
30.833: [GC 2033751K->450576K(2228096K), 0.0577430 secs]
31.849: [GC 2036289K->452180K(2243328K), 0.0564950 secs]
32.882: [GC 2060394K->453075K(2238912K), 0.0540590 secs]
33.872: [GC 2061261K->459744K(2255168K), 0.0541120 secs]
34.880: [GC 2090976K->468471K(2251008K), 0.0577010 secs]
35.904: [GC 2099703K->470523K(2266304K), 0.0566640 secs]
36.894: [GC 2117044K->475841K(2264704K), 0.0597260 secs]
37.882: [GC 2122163K->480842K(2271424K), 0.0590760 secs]
38.942: [GC 2136394K->485725K(2270592K), 0.0603740 secs]
39.967: [GC 2141277K->489849K(2274112K), 0.0591530 secs]
41.033: [GC 2149753K->495105K(2273600K), 0.0604520 secs]
42.105: [GC 2154128K->494179K(2273664K), 0.0600200 secs]
43.164: [GC 2156387K->507826K(2274816K), 0.0610800 secs]
44.187: [GC 2168548K->502155K(2275968K), 0.0605300 secs]
45.178: [GC 2161997K->502673K(2243584K), 0.0600890 secs]
46.184: [GC 2161902K->502905K(2274624K), 0.0567060 secs]
47.199: [GC 2164449K->505481K(2272128K), 0.0551270 secs]
48.224: [GC 2167395K->515819K(2278464K), 0.0603770 secs]
49.319: [GC 2187691K->524218K(2276672K), 0.0612880 secs]
50.390: [GC 2196090K->531334K(2282240K), 0.1023140 secs]
51.510: [GC 2208832K->531304K(2282944K), 0.0860450 secs]
52.609: [GC 2209040K->535465K(2284864K), 0.0567920 secs]
53.669: [GC 2215456K->535819K(2265920K), 0.0586630 secs]
54.754: [GC 2216247K->545621K(2283456K), 0.0611070 secs]
55.812: [GC 2224785K->542169K(2284352K), 0.0570310 secs]
56.844: [GC 2221144K->540895K(2284224K), 0.0574470 secs]
57.886: [GC 2224287K->548632K(2284928K), 0.0580670 secs]
58.942: [GC 2231451K->546814K(2287744K), 0.0580580 secs]
59.993: [GC 2235638K->553883K(2288448K), 0.0570480 secs]
61.062: [GC 2242680K->564652K(2288640K), 0.0605320 secs]
62.124: [GC 2255276K->567540K(2289856K), 0.0605920 secs]
