0.534: [GC 95424K->59873K(365760K), 0.1313500 secs]
0.753: [GC 155297K->119493K(461184K), 0.0764800 secs]
1.186: [GC 308459K->163211K(461184K), 0.0434810 secs]
1.530: [GC 354059K->168504K(652032K), 0.0222490 secs]
2.332: [GC 549447K->178322K(652032K), 0.0136620 secs]
3.048: [GC 559510K->189275K(1104832K), 0.0120420 secs]
4.491: [GC 952646K->201556K(1106176K), 0.0170210 secs]
5.774: [GC 963870K->213757K(1856640K), 0.0159120 secs]
8.650: [GC 1738667K->236932K(1860928K), 0.0229860 secs]
11.343: [GC 1762328K->254425K(2208192K), 0.0257370 secs]
11.368: [Full GC 254425K->175796K(2333760K), 0.5876920 secs]
15.202: [GC 2047172K->206422K(2282688K), 0.0335000 secs]
18.586: [GC 2078422K->231988K(2332608K), 0.0374740 secs]
21.794: [GC 2103370K->253559K(2329408K), 0.0279390 secs]
25.050: [GC 2125111K->269329K(2297920K), 0.0421450 secs]
28.194: [GC 2100806K->287622K(2288512K), 0.0365820 secs]
31.399: [GC 2118423K->303336K(2292800K), 0.0271710 secs]
34.542: [GC 2109285K->309151K(2285504K), 0.0281680 secs]
37.568: [GC 2115296K->323654K(2267904K), 0.0317830 secs]
40.493: [GC 2088144K->329537K(2263488K), 0.0330890 secs]
43.511: [GC 2092623K->334247K(2246016K), 0.0334500 secs]
46.361: [GC 2051379K->338643K(2226496K), 0.0359200 secs]
49.213: [GC 2055523K->343836K(2227264K), 0.0360220 secs]
52.081: [GC 2022172K->351707K(2199424K), 0.0387720 secs]
55.029: [GC 2029929K->356681K(2207040K), 0.0397860 secs]
57.872: [GC 1993078K->357905K(2165120K), 0.0399810 secs]
60.680: [GC 1994249K->364551K(2192448K), 0.0417530 secs]
