0.544: [GC 95424K->59890K(365760K), 0.0837990 secs]
0.717: [GC 155314K->119830K(461184K), 0.1074380 secs]
1.144: [GC 308794K->164091K(461184K), 0.0578720 secs]
1.473: [GC 354768K->169222K(652032K), 0.0131880 secs]
2.139: [GC 550374K->178642K(652032K), 0.0438860 secs]
2.732: [GC 559770K->185224K(1107264K), 0.0341720 secs]
4.017: [GC 948507K->198940K(1107648K), 0.0231160 secs]
5.164: [GC 960880K->212281K(1857408K), 0.0600710 secs]
7.731: [GC 1738324K->233133K(1862272K), 0.0245400 secs]
10.115: [GC 1759080K->251257K(2207168K), 0.0323310 secs]
10.148: [Full GC 251257K->177062K(2327488K), 0.4974330 secs]
13.432: [GC 2046728K->212520K(2280000K), 0.0155830 secs]
16.177: [GC 2080560K->237854K(2327232K), 0.0357600 secs]
18.986: [GC 2109039K->257510K(2325440K), 0.0351140 secs]
21.707: [GC 2128998K->272200K(2320512K), 0.0207280 secs]
24.517: [GC 2137257K->293271K(2325824K), 0.0283210 secs]
27.268: [GC 2159477K->304662K(2298304K), 0.0340680 secs]
30.112: [GC 2143172K->318320K(2295680K), 0.0242230 secs]
32.840: [GC 2155699K->331791K(2286208K), 0.0280260 secs]
35.579: [GC 2136857K->341902K(2287168K), 0.0295790 secs]
38.280: [GC 2146809K->352227K(2255936K), 0.0318110 secs]
40.940: [GC 2109865K->363113K(2259456K), 0.0343710 secs]
43.563: [GC 2119773K->369866K(2227584K), 0.0363920 secs]
46.091: [GC 2071052K->374195K(2214464K), 0.0373870 secs]
48.632: [GC 2074180K->384650K(2204032K), 0.0406360 secs]
51.016: [GC 2034217K->384424K(2172736K), 0.0395580 secs]
53.419: [GC 2033726K->390382K(2186880K), 0.0409360 secs]
55.870: [GC 1998960K->391852K(2139072K), 0.0416990 secs]
58.257: [GC 1999893K->395589K(2174272K), 0.0414200 secs]
60.610: [GC 1973328K->396314K(2109312K), 0.0423360 secs]
