1.165: [GC 94827K->30493K(365760K), 0.0872030 secs]
1.415: [GC 125917K->63162K(461184K), 0.1197100 secs]
1.855: [GC 254010K->135293K(461184K), 0.1316370 secs]
2.289: [GC 326141K->197848K(652032K), 0.1511840 secs]
2.440: [Full GC 197848K->197808K(814272K), 0.4509620 secs]
3.612: [GC 579504K->233207K(814272K), 0.0344880 secs]
3.931: [GC 614903K->242925K(1084096K), 0.0162710 secs]
4.393: [GC 826257K->253808K(1103936K), 0.0360460 secs]
4.831: [GC 837130K->264170K(1316800K), 0.0171090 secs]
5.459: [GC 1105322K->271688K(1351616K), 0.0222230 secs]
6.017: [GC 1112038K->282479K(1525312K), 0.0345470 secs]
6.760: [GC 1309295K->290362K(1536192K), 0.0275700 secs]
7.490: [GC 1315616K->299902K(1721664K), 0.0281710 secs]
8.348: [GC 1513086K->309005K(1733056K), 0.0431460 secs]
9.310: [GC 1522189K->314187K(1942400K), 0.0518030 secs]
10.377: [GC 1727564K->327141K(1950912K), 0.0978460 secs]
11.459: [GC 1740646K->339504K(2204608K), 0.0790710 secs]
12.641: [GC 1995760K->352299K(2218240K), 0.0435770 secs]
13.829: [GC 2008555K->361258K(2260160K), 0.0435740 secs]
15.024: [GC 2043249K->369894K(2251840K), 0.0511210 secs]
16.256: [GC 2052454K->378892K(2234304K), 0.0593700 secs]
17.472: [GC 2004364K->386016K(2201792K), 0.0425810 secs]
18.709: [GC 2011410K->387510K(2219072K), 0.0425150 secs]
19.955: [GC 1971902K->391872K(2162432K), 0.0430800 secs]
21.164: [GC 1977280K->400625K(2206272K), 0.0507990 secs]
22.354: [GC 1957483K->399204K(2135296K), 0.0431130 secs]
23.516: [GC 1955561K->400472K(2207680K), 0.0432600 secs]
24.677: [GC 1949016K->396867K(2118016K), 0.0416800 secs]
25.858: [GC 1945411K->403709K(2209664K), 0.0420420 secs]
26.993: [GC 1954968K->413538K(2207616K), 0.0445510 secs]
28.141: [GC 1964336K->410515K(2208064K), 0.0437450 secs]
29.298: [GC 1968467K->417160K(2209344K), 0.0427680 secs]
30.444: [GC 1975112K->418389K(2211712K), 0.0432750 secs]
31.618: [GC 1987413K->423669K(2214016K), 0.0430540 secs]
32.739: [GC 1992640K->430227K(2219520K), 0.0438150 secs]
34.007: [GC 2012307K->431322K(2221504K), 0.0437220 secs]
35.226: [GC 2013402K->439345K(2227712K), 0.0452560 secs]
36.481: [GC 2033178K->443572K(2227904K), 0.0449700 secs]
37.710: [GC 2037428K->449291K(2233728K), 0.0449470 secs]
38.882: [GC 2051799K->447945K(2233408K), 0.0439150 secs]
40.042: [GC 2049148K->448424K(2233216K), 0.0425780 secs]
41.249: [GC 2058213K->454941K(2233664K), 0.0446840 secs]
42.478: [GC 2065019K->454973K(2241664K), 0.0442620 secs]
43.684: [GC 2080661K->469817K(2242944K), 0.0474530 secs]
44.920: [GC 2095160K->471748K(2252544K), 0.0448340 secs]
46.185: [GC 2107079K->473902K(2252672K), 0.0449590 secs]
47.435: [GC 2111022K->478687K(2253248K), 0.0457300 secs]
48.703: [GC 2117151K->481558K(2253248K), 0.0449920 secs]
49.979: [GC 2119249K->480851K(2250368K), 0.0461290 secs]
51.229: [GC 2119009K->488330K(2252352K), 0.0453760 secs]
52.521: [GC 2127882K->484138K(2248768K), 0.0450440 secs]
53.847: [GC 2128298K->490136K(2252864K), 0.0448540 secs]
55.141: [GC 2133650K->492697K(2254080K), 0.0444090 secs]
56.403: [GC 2146905K->497443K(2258048K), 0.0449910 secs]
57.673: [GC 2150418K->503267K(2262144K), 0.0450130 secs]
58.964: [GC 2165476K->501114K(2264576K), 0.0443410 secs]
60.249: [GC 2163964K->509537K(2267456K), 0.0457840 secs]
61.527: [GC 2178492K->514626K(2267840K), 0.0466140 secs]
62.771: [GC 2184146K->518095K(2270272K), 0.0452490 secs]
