0.541: [GC 95424K->59893K(365760K), 0.0964080 secs]
0.726: [GC 155317K->119825K(461184K), 0.0696580 secs]
1.328: [GC 310673K->164429K(461184K), 0.0873150 secs]
1.965: [GC 355277K->167164K(652032K), 0.0095310 secs]
3.076: [GC 548826K->174971K(652032K), 0.0127920 secs]
4.184: [GC 556049K->179838K(1108160K), 0.0094650 secs]
6.651: [GC 941870K->189747K(1108480K), 0.0139820 secs]
8.934: [GC 951280K->196133K(1862144K), 0.0238030 secs]
13.734: [GC 1722626K->212061K(1865408K), 0.0226550 secs]
18.400: [GC 1738457K->225201K(2200896K), 0.0199220 secs]
24.312: [GC 2097393K->238735K(2202688K), 0.0512950 secs]
24.363: [Full GC 238735K->176555K(2316032K), 0.4848360 secs]
30.603: [GC 2048747K->197987K(2325056K), 0.0087800 secs]
36.554: [GC 2082787K->213046K(2326592K), 0.0186630 secs]
42.325: [GC 2096965K->228780K(2326016K), 0.0612870 secs]
48.388: [GC 2116552K->251653K(2328000K), 0.0161140 secs]
54.610: [GC 2138711K->262896K(2324032K), 0.0224540 secs]
60.705: [GC 2146596K->276634K(2321536K), 0.0579100 secs]
