0.544: [GC 95424K->59898K(365760K), 0.0946800 secs]
0.723: [GC 155322K->119838K(461184K), 0.1509070 secs]
1.339: [GC 310320K->165575K(461184K), 0.0768550 secs]
1.835: [GC 355206K->167267K(652032K), 0.0294220 secs]
2.753: [GC 548963K->176076K(652032K), 0.0738120 secs]
3.716: [GC 557772K->182405K(1107584K), 0.0113300 secs]
5.596: [GC 944228K->191984K(1108160K), 0.0324860 secs]
7.260: [GC 954238K->198445K(1862336K), 0.0281420 secs]
10.851: [GC 1724581K->215393K(1865280K), 0.0154500 secs]
14.279: [GC 1742177K->226291K(2201024K), 0.0225080 secs]
18.721: [GC 2097750K->240247K(2202752K), 0.0244800 secs]
18.746: [Full GC 240247K->177156K(2317120K), 0.4906180 secs]
23.336: [GC 2049412K->197111K(2326784K), 0.0103400 secs]
27.573: [GC 2081207K->213177K(2327872K), 0.0169440 secs]
31.738: [GC 2096679K->229731K(2326400K), 0.0205210 secs]
36.057: [GC 2116104K->248857K(2327936K), 0.0185330 secs]
40.570: [GC 2133959K->266967K(2322560K), 0.0201220 secs]
44.851: [GC 2149013K->281461K(2325120K), 0.0230420 secs]
49.116: [GC 2164213K->296352K(2285312K), 0.0257310 secs]
53.749: [GC 2131778K->309598K(2280192K), 0.0293630 secs]
57.985: [GC 2146654K->329488K(2277184K), 0.0279800 secs]
