1.174: [GC 95424K->31588K(365760K), 0.0581710 secs]
1.390: [GC 127012K->64820K(461184K), 0.0491010 secs]
1.756: [GC 255668K->132547K(461184K), 0.0999870 secs]
2.154: [GC 323395K->195134K(652032K), 0.1133430 secs]
2.267: [Full GC 195134K->195098K(818048K), 0.4588330 secs]
3.377: [GC 576794K->225139K(818048K), 0.0237270 secs]
3.698: [GC 606835K->228444K(1050560K), 0.0124730 secs]
4.142: [GC 772003K->231111K(1068928K), 0.0130710 secs]
4.539: [GC 776263K->237839K(1232192K), 0.0208620 secs]
5.262: [GC 971663K->247192K(1252416K), 0.0199110 secs]
5.936: [GC 979600K->251974K(1343104K), 0.0210960 secs]
6.743: [GC 1105734K->257617K(1362240K), 0.0233970 secs]
7.604: [GC 1111377K->263961K(1463936K), 0.0265990 secs]
8.617: [GC 1231164K->271994K(1474496K), 0.0280930 secs]
9.630: [GC 1240378K->278655K(1589312K), 0.0317680 secs]
10.821: [GC 1359167K->284332K(1593728K), 0.0339940 secs]
12.072: [GC 1364844K->292155K(1709696K), 0.0366900 secs]
13.414: [GC 1481701K->301106K(1716736K), 0.0413020 secs]
14.735: [GC 1492146K->312385K(1794752K), 0.0459000 secs]
16.277: [GC 1571800K->325759K(1805824K), 0.0489780 secs]
17.775: [GC 1585983K->326107K(1895296K), 0.0511330 secs]
19.365: [GC 1661282K->333079K(1903296K), 0.0479320 secs]
20.647: [GC 1669079K->342045K(1989440K), 0.0517400 secs]
21.680: [GC 1756253K->342206K(1998336K), 0.0505580 secs]
22.919: [GC 1756414K->346594K(2104832K), 0.0522150 secs]
24.208: [GC 1861410K->349720K(2108800K), 0.0508310 secs]
25.543: [GC 1864536K->353333K(2195712K), 0.0533260 secs]
27.104: [GC 1952373K->353883K(2197312K), 0.0521370 secs]
28.774: [GC 1952923K->363206K(2277888K), 0.0546790 secs]
30.774: [GC 2044166K->361677K(2214976K), 0.0523730 secs]
32.724: [GC 2042637K->371618K(2277568K), 0.0569420 secs]
34.747: [GC 2053794K->375711K(2277568K), 0.0562000 secs]
36.790: [GC 2057887K->389288K(2277760K), 0.0589470 secs]
38.775: [GC 2072465K->395415K(2231936K), 0.0615430 secs]
40.882: [GC 2078615K->398415K(2278336K), 0.0591110 secs]
42.845: [GC 2078799K->405755K(2230208K), 0.0617880 secs]
44.730: [GC 2086139K->414837K(2274176K), 0.0615060 secs]
46.764: [GC 2090485K->411664K(2276160K), 0.0598030 secs]
48.674: [GC 2087312K->420394K(2274688K), 0.0628670 secs]
50.601: [GC 2095658K->423625K(2233024K), 0.0627550 secs]
52.491: [GC 2098889K->435360K(2266944K), 0.0676990 secs]
53.882: [GC 2100640K->438639K(2234240K), 0.0654510 secs]
55.151: [GC 2103919K->439296K(2264704K), 0.0657330 secs]
56.299: [GC 2094976K->439902K(2266176K), 0.0639150 secs]
57.485: [GC 2095582K->445471K(2265344K), 0.0661840 secs]
58.771: [GC 2099542K->448268K(2216320K), 0.0641110 secs]
60.122: [GC 2104140K->450220K(2268096K), 0.0629960 secs]
61.455: [GC 2110700K->451510K(2214976K), 0.0633310 secs]
62.690: [GC 2111990K->454007K(2269376K), 0.0594110 secs]
