0.527: [GC 95424K->59869K(365760K), 0.0803060 secs]
0.688: [GC 155293K->119801K(461184K), 0.1162820 secs]
1.266: [GC 310245K->164349K(461184K), 0.0473840 secs]
1.816: [GC 354206K->166904K(652032K), 0.0473000 secs]
2.766: [GC 548600K->175379K(652032K), 0.0184440 secs]
3.878: [GC 556964K->181895K(1107200K), 0.0106230 secs]
6.148: [GC 944934K->188785K(1107904K), 0.0277560 secs]
8.386: [GC 951484K->195058K(1863424K), 0.0133630 secs]
12.934: [GC 1719953K->209917K(1866112K), 0.0165180 secs]
17.581: [GC 1735280K->227467K(2198848K), 0.0200670 secs]
23.674: [GC 2097739K->242241K(2201280K), 0.0310370 secs]
23.705: [Full GC 242241K->175664K(2316096K), 0.5780340 secs]
29.527: [GC 2044639K->203224K(2323584K), 0.0109420 secs]
35.209: [GC 2086971K->220055K(2326464K), 0.0215250 secs]
40.935: [GC 2104215K->234568K(2328128K), 0.0164300 secs]
46.846: [GC 2125010K->260169K(2327808K), 0.0216590 secs]
52.751: [GC 2150220K->273456K(2304384K), 0.0238720 secs]
58.528: [GC 2131376K->290990K(2300288K), 0.0295710 secs]
