0.537: [GC 95424K->59882K(365760K), 0.0773220 secs]
0.694: [GC 155306K->119834K(461184K), 0.0922150 secs]
1.259: [GC 310435K->164398K(461184K), 0.0885810 secs]
1.792: [GC 355246K->167016K(652032K), 0.0342930 secs]
2.764: [GC 548617K->175600K(652032K), 0.0135740 secs]
3.650: [GC 557296K->181003K(1107840K), 0.0142380 secs]
5.425: [GC 944395K->189901K(1108224K), 0.0314330 secs]
6.999: [GC 952603K->199354K(1861376K), 0.0209340 secs]
10.658: [GC 1726138K->216027K(1865024K), 0.0480490 secs]
14.072: [GC 1742453K->234399K(2201856K), 0.0278340 secs]
18.451: [GC 2103945K->252244K(2204352K), 0.0756520 secs]
18.527: [Full GC 252244K->174014K(2316480K), 0.4730630 secs]
23.157: [GC 2045374K->204261K(2319872K), 0.0124700 secs]
27.476: [GC 2083284K->219875K(2321920K), 0.0325410 secs]
31.854: [GC 2099195K->239058K(2322816K), 0.0227600 secs]
36.459: [GC 2127442K->261443K(2325696K), 0.0208940 secs]
41.069: [GC 2148746K->281623K(2310464K), 0.0239240 secs]
45.526: [GC 2152215K->295894K(2319744K), 0.0346350 secs]
50.120: [GC 2165326K->312089K(2286592K), 0.1205300 secs]
54.647: [GC 2148850K->326168K(2288448K), 0.0259340 secs]
59.093: [GC 2163471K->339190K(2272960K), 0.0428940 secs]
