1.176: [GC 94789K->30525K(365760K), 0.0618610 secs]
1.400: [GC 125949K->63434K(461184K), 0.0740230 secs]
1.790: [GC 254282K->134025K(461184K), 0.1186470 secs]
2.202: [GC 324873K->196628K(652032K), 0.1844820 secs]
2.387: [Full GC 196628K->196598K(814848K), 0.4551090 secs]
3.557: [GC 578294K->226974K(814848K), 0.0653340 secs]
3.909: [GC 608670K->230276K(1077056K), 0.0128870 secs]
4.361: [GC 805124K->231148K(1097088K), 0.0173070 secs]
4.843: [GC 805996K->237780K(1290624K), 0.0159910 secs]
5.512: [GC 1043540K->243043K(1323200K), 0.0180860 secs]
6.155: [GC 1048803K->250942K(1473152K), 0.0527420 secs]
6.913: [GC 1224254K->257068K(1481344K), 0.0278080 secs]
7.660: [GC 1230380K->261922K(1629632K), 0.0304980 secs]
8.518: [GC 1403097K->267501K(1645376K), 0.0318040 secs]
9.387: [GC 1409389K->273631K(1812800K), 0.0355850 secs]
10.518: [GC 1587359K->284142K(1820416K), 0.0418170 secs]
11.597: [GC 1597870K->288723K(2005760K), 0.0445420 secs]
13.019: [GC 1782099K->297648K(2011776K), 0.0490210 secs]
14.474: [GC 1791024K->307978K(2138560K), 0.0546860 secs]
16.098: [GC 1920138K->318276K(2148608K), 0.0611280 secs]
17.765: [GC 1930436K->325694K(2283840K), 0.0632130 secs]
19.543: [GC 2060846K->335179K(2292096K), 0.0629730 secs]
21.479: [GC 2070795K->341699K(2285504K), 0.0682290 secs]
23.471: [GC 2061379K->350810K(2261312K), 0.0704940 secs]
25.606: [GC 2070420K->362095K(2264256K), 0.0739680 secs]
27.671: [GC 2041711K->364086K(2228800K), 0.0769620 secs]
29.702: [GC 2043702K->370350K(2253376K), 0.0809400 secs]
31.762: [GC 2020910K->369430K(2200832K), 0.0756050 secs]
33.751: [GC 2019990K->371356K(2252288K), 0.0855090 secs]
35.778: [GC 2009756K->378392K(2191488K), 0.0886030 secs]
37.822: [GC 2016792K->388070K(2245056K), 0.0843100 secs]
39.693: [GC 2014566K->399038K(2193024K), 0.0880420 secs]
41.753: [GC 2025534K->403452K(2236160K), 0.0908560 secs]
43.594: [GC 2012540K->407289K(2174208K), 0.0902330 secs]
45.298: [GC 2016377K->414619K(2233408K), 0.0923380 secs]
47.071: [GC 2015643K->418162K(2170752K), 0.0933770 secs]
48.745: [GC 2019186K->423771K(2232192K), 0.1155040 secs]
50.389: [GC 2019931K->421503K(2159552K), 0.0803690 secs]
51.951: [GC 2017663K->424439K(2234496K), 0.0830940 secs]
53.448: [GC 2024631K->431452K(2231488K), 0.0972440 secs]
54.997: [GC 2031644K->436436K(2235648K), 0.0824420 secs]
56.395: [GC 2042836K->434545K(2233920K), 0.1058450 secs]
57.834: [GC 2040945K->437466K(2238144K), 0.0797990 secs]
59.196: [GC 2055578K->438599K(2236672K), 0.0869190 secs]
60.477: [GC 2056711K->441822K(2246912K), 0.0810590 secs]
61.887: [GC 2077890K->450028K(2245312K), 0.0820240 secs]
