0.543: [GC 95424K->59877K(365760K), 0.0742920 secs]
0.702: [GC 155301K->119801K(461184K), 0.0908440 secs]
1.215: [GC 308737K->165605K(461184K), 0.0741540 secs]
1.618: [GC 356026K->169807K(652032K), 0.0118760 secs]
2.405: [GC 549909K->175872K(652032K), 0.0132490 secs]
3.290: [GC 555927K->186683K(1105600K), 0.0129720 secs]
4.935: [GC 949955K->193994K(1107392K), 0.0153730 secs]
6.493: [GC 956269K->204793K(1858880K), 0.0177390 secs]
9.897: [GC 1730228K->219876K(1863104K), 0.0228160 secs]
12.777: [GC 1746150K->230310K(2202176K), 0.0227810 secs]
16.733: [GC 2106278K->249627K(2205376K), 0.0271480 secs]
16.760: [Full GC 249627K->178067K(2326528K), 0.4922860 secs]
20.930: [GC 2053645K->213323K(2330240K), 0.0194170 secs]
24.701: [GC 2100318K->236074K(2334080K), 0.0293960 secs]
28.586: [GC 2123478K->250331K(2337792K), 0.0231880 secs]
32.731: [GC 2144273K->267652K(2334656K), 0.0317830 secs]
36.819: [GC 2163076K->282799K(2316288K), 0.0433370 secs]
40.849: [GC 2148313K->297716K(2307136K), 0.0457230 secs]
44.676: [GC 2161909K->309564K(2309568K), 0.0421420 secs]
48.570: [GC 2154404K->323930K(2313088K), 0.0496700 secs]
52.373: [GC 2167776K->330943K(2276096K), 0.0523140 secs]
56.091: [GC 2133183K->335727K(2259968K), 0.0535650 secs]
59.963: [GC 2136673K->350936K(2277056K), 0.0544230 secs]
