0.541: [GC 95424K->59890K(365760K), 0.0876710 secs]
0.715: [GC 155314K->119830K(461184K), 0.0892360 secs]
1.155: [GC 308772K->165859K(461184K), 0.0331280 secs]
1.428: [GC 355841K->170210K(652032K), 0.0093080 secs]
2.012: [GC 551666K->176111K(652032K), 0.0105420 secs]
2.613: [GC 557585K->180333K(1108864K), 0.0094590 secs]
3.821: [GC 943725K->189264K(1109056K), 0.0134080 secs]
4.990: [GC 952656K->197856K(1862848K), 0.0116370 secs]
7.389: [GC 1723424K->216340K(1866240K), 0.0146580 secs]
9.602: [GC 1741970K->228928K(2198144K), 0.0181360 secs]
12.549: [GC 2097195K->248267K(2201792K), 0.0249450 secs]
12.574: [Full GC 248267K->177984K(2333376K), 0.4899930 secs]
15.849: [GC 2046481K->214952K(2335040K), 0.0160090 secs]
18.846: [GC 2095589K->234825K(2339968K), 0.0284140 secs]
21.856: [GC 2114441K->256298K(2324864K), 0.0250330 secs]
24.755: [GC 2118826K->266894K(2335168K), 0.0307110 secs]
27.599: [GC 2129422K->286202K(2325248K), 0.0212210 secs]
30.462: [GC 2138993K->298198K(2323456K), 0.0238310 secs]
33.260: [GC 2151767K->311644K(2296576K), 0.0279980 secs]
36.043: [GC 2122772K->323059K(2306624K), 0.0296730 secs]
38.795: [GC 2135283K->326624K(2261312K), 0.0300880 secs]
41.452: [GC 2085416K->335030K(2266496K), 0.0329420 secs]
44.085: [GC 2094621K->344856K(2243712K), 0.0358750 secs]
46.661: [GC 2051531K->349484K(2227840K), 0.0361920 secs]
49.299: [GC 2056337K->355048K(2221504K), 0.0438660 secs]
51.711: [GC 2012195K->355729K(2185664K), 0.0371510 secs]
54.229: [GC 2012828K->360463K(2206464K), 0.0385460 secs]
56.701: [GC 1982402K->363193K(2157056K), 0.0389410 secs]
59.115: [GC 1984064K->367607K(2193664K), 0.0400740 secs]
