1.165: [GC 94827K->30497K(365760K), 0.0629750 secs]
1.397: [GC 125921K->63394K(461184K), 0.0701130 secs]
1.785: [GC 254242K->135477K(461184K), 0.1447910 secs]
2.228: [GC 326325K->198120K(652032K), 0.1657200 secs]
2.394: [Full GC 198120K->198111K(817536K), 0.4580340 secs]
3.564: [GC 578145K->233756K(817536K), 0.0585770 secs]
3.888: [GC 615419K->243271K(1080704K), 0.0169070 secs]
4.246: [GC 819015K->253551K(1099200K), 0.0210730 secs]
4.571: [GC 829295K->259548K(1309248K), 0.0192590 secs]
5.036: [GC 1080412K->266324K(1335808K), 0.0272630 secs]
5.526: [GC 1086167K->277750K(1500544K), 0.0315080 secs]
6.112: [GC 1278511K->287044K(1512256K), 0.0335160 secs]
6.715: [GC 1288897K->294760K(1713280K), 0.0375330 secs]
7.474: [GC 1493335K->300447K(1718528K), 0.0398890 secs]
8.250: [GC 1499340K->308112K(1937600K), 0.0418480 secs]
9.154: [GC 1719512K->318513K(1945152K), 0.0483600 secs]
10.116: [GC 1731130K->328562K(2184512K), 0.0523830 secs]
11.168: [GC 1969671K->339314K(2195904K), 0.0592390 secs]
12.219: [GC 1981746K->343326K(2285632K), 0.0622520 secs]
13.285: [GC 2060763K->357100K(2278400K), 0.0678350 secs]
14.223: [GC 2075107K->360618K(2263552K), 0.0693330 secs]
15.181: [GC 2029939K->369953K(2233280K), 0.0694150 secs]
16.178: [GC 2040494K->375395K(2246528K), 0.0706620 secs]
17.107: [GC 2009028K->380793K(2202176K), 0.0698010 secs]
18.050: [GC 2014415K->382742K(2236928K), 0.0717900 secs]
19.058: [GC 1990023K->387703K(2175872K), 0.0721090 secs]
20.010: [GC 1996064K->399134K(2228864K), 0.0758660 secs]
20.961: [GC 1990091K->396768K(2160000K), 0.0724520 secs]
21.927: [GC 1987030K->400139K(2232448K), 0.0728820 secs]
22.857: [GC 1988567K->405111K(2158144K), 0.0748140 secs]
23.779: [GC 1993340K->406897K(2233728K), 0.0747910 secs]
24.700: [GC 1996192K->414544K(2232064K), 0.0760920 secs]
25.610: [GC 2004499K->414269K(2231168K), 0.0754080 secs]
26.542: [GC 2006962K->423375K(2231808K), 0.0759150 secs]
27.518: [GC 2016110K->424487K(2233856K), 0.0771550 secs]
28.469: [GC 2024639K->426322K(2236032K), 0.0760370 secs]
29.430: [GC 2025914K->433071K(2235136K), 0.0764200 secs]
30.380: [GC 2041769K->442465K(2237376K), 0.0765390 secs]
31.366: [GC 2051873K->438512K(2237760K), 0.0741760 secs]
32.321: [GC 2059668K->442786K(2243008K), 0.0749010 secs]
33.297: [GC 2062582K->442746K(2242432K), 0.0723760 secs]
34.253: [GC 2078844K->459063K(2248960K), 0.0747160 secs]
35.209: [GC 2095162K->457560K(2258560K), 0.0770000 secs]
36.220: [GC 2107544K->459224K(2260672K), 0.0767200 secs]
37.181: [GC 2108902K->464943K(2261248K), 0.0770590 secs]
38.164: [GC 2119927K->464176K(2262912K), 0.0760440 secs]
39.137: [GC 2120327K->470738K(2265344K), 0.0737580 secs]
40.175: [GC 2137975K->469010K(2266304K), 0.0721130 secs]
41.173: [GC 2134768K->475351K(2272576K), 0.0730010 secs]
42.150: [GC 2155443K->477728K(2273792K), 0.0718240 secs]
43.084: [GC 2157133K->483743K(2278080K), 0.0737100 secs]
44.028: [GC 2174253K->488729K(2279488K), 0.0721180 secs]
45.009: [GC 2177498K->492071K(2283712K), 0.0736470 secs]
45.921: [GC 2192423K->494091K(2284736K), 0.0745270 secs]
46.925: [GC 2194140K->497304K(2289728K), 0.0721880 secs]
47.912: [GC 2204049K->503772K(2290240K), 0.0731850 secs]
48.928: [GC 2211292K->512673K(2292224K), 0.0746470 secs]
49.929: [GC 2225757K->514014K(2292480K), 0.0723470 secs]
50.863: [GC 2226961K->522797K(2294912K), 0.0754930 secs]
51.866: [GC 2241901K->524257K(2295360K), 0.0722940 secs]
52.885: [GC 2241890K->525961K(2298944K), 0.0703110 secs]
53.878: [GC 2249376K->531170K(2298752K), 0.0708910 secs]
54.848: [GC 2254537K->533628K(2300288K), 0.0699680 secs]
55.814: [GC 2258713K->536915K(2299776K), 0.0709120 secs]
56.776: [GC 2262486K->546308K(2300672K), 0.0733990 secs]
57.824: [GC 2274021K->556789K(2298112K), 0.0787580 secs]
58.872: [GC 2285128K->562005K(2295232K), 0.0777620 secs]
59.893: [GC 2280897K->563195K(2291712K), 0.0784600 secs]
60.921: [GC 2282654K->565859K(2294784K), 0.0785590 secs]
60.999: [Full GC 565859K->205679K(2291200K), 0.7226410 secs]
62.663: [GC 1919530K->228959K(2155008K), 0.0148670 secs]
