0.536: [GC 95424K->59885K(365760K), 0.0828720 secs]
0.700: [GC 155309K->119821K(461184K), 0.0794020 secs]
1.104: [GC 310627K->164555K(461184K), 0.0567940 secs]
1.423: [GC 355205K->170404K(652032K), 0.0154810 secs]
2.006: [GC 550580K->175176K(652032K), 0.0554270 secs]
2.599: [GC 556872K->180643K(1108096K), 0.0089970 secs]
3.814: [GC 943436K->194532K(1108672K), 0.0136740 secs]
4.910: [GC 956315K->209762K(1858112K), 0.0153520 secs]
7.206: [GC 1735366K->227757K(1862912K), 0.0201080 secs]
9.296: [GC 1754464K->245036K(2205504K), 0.0252510 secs]
9.321: [Full GC 245036K->176959K(2332800K), 0.4930080 secs]
12.239: [GC 2046904K->212545K(2333888K), 0.0130170 secs]
14.710: [GC 2083711K->230996K(2335360K), 0.0174970 secs]
17.128: [GC 2104687K->244123K(2324160K), 0.0212380 secs]
19.618: [GC 2118428K->257767K(2315712K), 0.0239030 secs]
22.043: [GC 2107842K->262771K(2317696K), 0.0246950 secs]
24.398: [GC 2112373K->278640K(2287872K), 0.0295550 secs]
26.776: [GC 2083770K->293647K(2282048K), 0.0348030 secs]
29.171: [GC 2099983K->307408K(2273536K), 0.0304230 secs]
31.555: [GC 2076725K->319139K(2270784K), 0.0323930 secs]
33.871: [GC 2088145K->327431K(2244992K), 0.0349850 secs]
36.133: [GC 2043668K->333928K(2233280K), 0.0360010 secs]
38.384: [GC 2049368K->336126K(2223744K), 0.0371380 secs]
40.562: [GC 2004690K->342435K(2194368K), 0.0377950 secs]
42.720: [GC 2010747K->350896K(2201408K), 0.0398010 secs]
44.895: [GC 1975392K->351125K(2159296K), 0.0405250 secs]
47.013: [GC 1976520K->355460K(2188032K), 0.0407110 secs]
49.072: [GC 1947861K->359277K(2134208K), 0.0413790 secs]
51.150: [GC 1952109K->360066K(2179072K), 0.0412230 secs]
53.171: [GC 1928610K->361915K(2107776K), 0.0417310 secs]
55.117: [GC 1929324K->361610K(2180736K), 0.0411750 secs]
57.154: [GC 1923871K->367700K(2100736K), 0.0422370 secs]
59.172: [GC 1930038K->369841K(2182144K), 0.0419630 secs]
