0.541: [GC 95424K->59874K(365760K), 0.0931240 secs]
0.722: [GC 155298K->119802K(461184K), 0.1301840 secs]
1.154: [GC 310620K->165214K(461184K), 0.0376980 secs]
1.433: [GC 354890K->170571K(652032K), 0.0433560 secs]
1.955: [GC 551246K->177012K(652032K), 0.0152420 secs]
2.433: [GC 558301K->183221K(1107840K), 0.0250050 secs]
3.448: [GC 946613K->196552K(1108352K), 0.0253190 secs]
4.352: [GC 959868K->208625K(1858304K), 0.0221110 secs]
6.367: [GC 1735161K->233519K(1863104K), 0.0301330 secs]
8.185: [GC 1759008K->249801K(2205440K), 0.0261250 secs]
8.228: [Full GC 249801K->176090K(2329280K), 0.4934520 secs]
10.969: [GC 2041618K->212489K(2280960K), 0.0596070 secs]
13.222: [GC 2078308K->235112K(2329088K), 0.0473670 secs]
15.465: [GC 2102226K->254983K(2326784K), 0.0280730 secs]
17.688: [GC 2122655K->274450K(2318400K), 0.0270100 secs]
19.866: [GC 2133904K->285645K(2323456K), 0.0443210 secs]
22.026: [GC 2144609K->296301K(2284160K), 0.0321900 secs]
24.203: [GC 2111122K->313826K(2281472K), 0.0367250 secs]
26.392: [GC 2128701K->331767K(2274240K), 0.0425920 secs]
28.505: [GC 2109525K->344055K(2275712K), 0.0930960 secs]
30.690: [GC 2123040K->354362K(2239360K), 0.0432430 secs]
32.749: [GC 2075791K->357166K(2232256K), 0.0431890 secs]
34.834: [GC 2078857K->364697K(2219648K), 0.0468430 secs]
36.812: [GC 2036810K->374457K(2198976K), 0.0422330 secs]
38.793: [GC 2044872K->378488K(2195136K), 0.0432260 secs]
40.726: [GC 1998960K->383275K(2157248K), 0.0528000 secs]
42.695: [GC 2003605K->388298K(2176000K), 0.0938480 secs]
44.611: [GC 1966903K->391006K(2123072K), 0.0437090 secs]
46.462: [GC 1970644K->391546K(2164864K), 0.0429590 secs]
48.304: [GC 1940650K->395403K(2094336K), 0.0439520 secs]
50.125: [GC 1945279K->396518K(2163200K), 0.0430010 secs]
51.966: [GC 1932481K->397281K(2164928K), 0.0427740 secs]
53.769: [GC 1934488K->399407K(2160896K), 0.0424280 secs]
55.588: [GC 1935936K->399814K(2163136K), 0.0417460 secs]
57.381: [GC 1936936K->402764K(2161600K), 0.0413410 secs]
59.233: [GC 1947750K->403335K(2163776K), 0.0415940 secs]
