1.169: [GC 94789K->30501K(365760K), 0.0912260 secs]
1.423: [GC 125925K->63146K(461184K), 0.0741970 secs]
1.801: [GC 253994K->135237K(461184K), 0.1509480 secs]
2.231: [GC 326085K->197824K(652032K), 0.1596890 secs]
2.391: [Full GC 197824K->197784K(819136K), 0.5507240 secs]
3.503: [GC 579480K->234156K(819136K), 0.0296700 secs]
3.774: [GC 615300K->244473K(1065216K), 0.0110100 secs]
4.142: [GC 804436K->257043K(1086464K), 0.0165730 secs]
4.476: [GC 817757K->261835K(1281920K), 0.0291500 secs]
4.942: [GC 1044888K->268842K(1300416K), 0.0273550 secs]
5.361: [GC 1052507K->273338K(1459584K), 0.0431560 secs]
5.925: [GC 1225792K->285470K(1463552K), 0.0219440 secs]
6.461: [GC 1238622K->292692K(1627136K), 0.0241020 secs]
7.113: [GC 1413558K->303462K(1638784K), 0.0273180 secs]
7.763: [GC 1424355K->313744K(1816128K), 0.0305110 secs]
8.471: [GC 1603840K->324241K(1825856K), 0.0328910 secs]
9.198: [GC 1614989K->324584K(2013504K), 0.0339900 secs]
10.002: [GC 1791005K->337041K(2022848K), 0.0352690 secs]
10.802: [GC 1804022K->344260K(2151616K), 0.0387450 secs]
11.674: [GC 1927496K->343553K(2163712K), 0.0364650 secs]
12.552: [GC 1928520K->355822K(2274496K), 0.0435780 secs]
13.474: [GC 2041496K->368942K(2246208K), 0.0366440 secs]
14.408: [GC 2055252K->369465K(2260416K), 0.0370950 secs]
15.356: [GC 2023479K->376046K(2215936K), 0.0368810 secs]
16.275: [GC 2030029K->382577K(2248192K), 0.0387350 secs]
17.218: [GC 2011790K->387867K(2197696K), 0.0422580 secs]
18.125: [GC 2017691K->389473K(2243648K), 0.0400730 secs]
19.076: [GC 2002460K->399145K(2185408K), 0.0399060 secs]
20.002: [GC 2011398K->395946K(2244032K), 0.0417700 secs]
20.888: [GC 2003040K->397821K(2166400K), 0.0374870 secs]
21.793: [GC 2005693K->407293K(2241088K), 0.0382820 secs]
22.667: [GC 2016239K->415328K(2239808K), 0.0405480 secs]
23.552: [GC 2022912K->416420K(2247104K), 0.0396360 secs]
24.459: [GC 2032724K->423559K(2247104K), 0.0407740 secs]
25.383: [GC 2040082K->418151K(2240320K), 0.0410340 secs]
26.274: [GC 2036929K->426574K(2244416K), 0.0398630 secs]
27.218: [GC 2046478K->428824K(2245376K), 0.0399380 secs]
28.176: [GC 2061387K->435024K(2250240K), 0.0405280 secs]
29.085: [GC 2067172K->441715K(2255680K), 0.0397930 secs]
29.974: [GC 2089333K->444739K(2259392K), 0.0405570 secs]
30.866: [GC 2091875K->450644K(2261824K), 0.0411980 secs]
31.799: [GC 2107744K->452345K(2265408K), 0.0401700 secs]
32.718: [GC 2110063K->458405K(2267520K), 0.0403960 secs]
33.624: [GC 2125648K->462112K(2270208K), 0.0413650 secs]
34.608: [GC 2129017K->463917K(2270976K), 0.0402790 secs]
35.517: [GC 2140518K->469857K(2274112K), 0.0392630 secs]
36.492: [GC 2148193K->474316K(2279232K), 0.0404910 secs]
37.446: [GC 2162243K->482874K(2281856K), 0.0416320 secs]
38.394: [GC 2170602K->486161K(2285056K), 0.0412170 secs]
39.299: [GC 2176210K->485438K(2258112K), 0.0410680 secs]
40.225: [GC 2176677K->492338K(2283648K), 0.0423980 secs]
41.197: [GC 2182019K->491485K(2283584K), 0.0412940 secs]
42.139: [GC 2182813K->497907K(2284928K), 0.0437620 secs]
43.077: [GC 2192393K->500246K(2284096K), 0.0410040 secs]
43.996: [GC 2195422K->503611K(2288704K), 0.0442940 secs]
44.933: [GC 2206400K->515446K(2287616K), 0.0411640 secs]
45.956: [GC 2218722K->524062K(2291776K), 0.0424820 secs]
46.922: [GC 2230393K->523074K(2293376K), 0.0427380 secs]
47.872: [GC 2230360K->525323K(2290880K), 0.0409260 secs]
48.816: [GC 2233339K->528791K(2292480K), 0.0423630 secs]
49.772: [GC 2237591K->529467K(2292480K), 0.0399820 secs]
50.689: [GC 2240820K->534798K(2293952K), 0.0432470 secs]
51.682: [GC 2246827K->543495K(2297600K), 0.0440370 secs]
52.648: [GC 2260558K->543154K(2297856K), 0.0427330 secs]
53.593: [GC 2259995K->548553K(2298816K), 0.0429120 secs]
54.553: [GC 2266565K->554607K(2298816K), 0.0425550 secs]
55.535: [GC 2271977K->548699K(2298304K), 0.0401740 secs]
56.477: [GC 2267564K->551791K(2298688K), 0.0423350 secs]
57.369: [GC 2269807K->557910K(2297728K), 0.0413160 secs]
57.410: [Full GC 557910K->208781K(2319552K), 0.6896790 secs]
58.998: [GC 1929070K->231814K(2186944K), 0.0145780 secs]
59.931: [GC 1952326K->258531K(2284032K), 0.0177250 secs]
60.853: [GC 1922316K->269734K(2169152K), 0.0205090 secs]
61.789: [GC 1933502K->282467K(2288704K), 0.0233520 secs]
62.705: [GC 1936539K->292855K(2182784K), 0.0253670 secs]
