0.528: [GC 95424K->59873K(365760K), 0.0744770 secs]
0.683: [GC 155297K->119797K(461184K), 0.0877700 secs]
1.175: [GC 310404K->168669K(461184K), 0.0880430 secs]
1.738: [GC 358496K->172259K(652032K), 0.0236110 secs]
2.617: [GC 553507K->174140K(652032K), 0.0109800 secs]
3.531: [GC 555836K->178300K(1109568K), 0.0157810 secs]
5.162: [GC 941556K->183528K(1110080K), 0.0134160 secs]
6.757: [GC 945464K->188958K(1866560K), 0.0391880 secs]
10.533: [GC 1713811K->201766K(1868800K), 0.0139410 secs]
13.780: [GC 1727794K->213587K(2196736K), 0.0198400 secs]
17.581: [GC 2077345K->225139K(2198656K), 0.0193760 secs]
17.601: [Full GC 225139K->178941K(2324416K), 0.5852940 secs]
22.071: [GC 2042359K->194001K(2334656K), 0.0306010 secs]
25.955: [GC 2072593K->208420K(2335872K), 0.0164030 secs]
30.014: [GC 2085584K->222926K(2336384K), 0.0402680 secs]
33.997: [GC 2104024K->232317K(2336384K), 0.0185750 secs]
38.177: [GC 2114063K->242963K(2326784K), 0.0535330 secs]
42.287: [GC 2112256K->248511K(2319808K), 0.0200940 secs]
46.153: [GC 2116930K->251109K(2313280K), 0.0205900 secs]
50.130: [GC 2093509K->263771K(2308288K), 0.0237960 secs]
54.068: [GC 2105971K->269351K(2290688K), 0.0254230 secs]
58.119: [GC 2072481K->274040K(2279872K), 0.0261380 secs]
