0.541: [GC 95424K->59890K(365760K), 0.0768030 secs]
0.704: [GC 155314K->119838K(461184K), 0.1100940 secs]
1.216: [GC 310503K->170168K(461184K), 0.0419730 secs]
1.599: [GC 359896K->174154K(652032K), 0.0189840 secs]
2.284: [GC 555700K->180438K(652032K), 0.0145680 secs]
2.900: [GC 560558K->186591K(1108800K), 0.0142050 secs]
4.084: [GC 948471K->190022K(1109120K), 0.0179650 secs]
5.341: [GC 952701K->196152K(1866880K), 0.0203240 secs]
7.953: [GC 1721066K->210193K(1868992K), 0.0483600 secs]
10.294: [GC 1736312K->214905K(2198272K), 0.0564880 secs]
13.345: [GC 2077976K->233482K(2199360K), 0.0370970 secs]
13.382: [Full GC 233482K->179953K(2322944K), 0.4952690 secs]
16.517: [GC 2042886K->198182K(2332160K), 0.0148790 secs]
19.311: [GC 2074344K->209956K(2331264K), 0.0163280 secs]
22.120: [GC 2085398K->221354K(2332160K), 0.0271780 secs]
24.929: [GC 2105082K->232202K(2333568K), 0.0255030 secs]
27.998: [GC 2115320K->238104K(2340992K), 0.0543360 secs]
30.857: [GC 2128813K->248975K(2327808K), 0.0333780 secs]
33.650: [GC 2140626K->254274K(2326400K), 0.0341260 secs]
36.483: [GC 2125989K->267386K(2325888K), 0.0454230 secs]
39.324: [GC 2137453K->273809K(2300288K), 0.0440970 secs]
42.187: [GC 2108143K->282345K(2303232K), 0.0653790 secs]
44.946: [GC 2116030K->291700K(2277376K), 0.0553550 secs]
47.785: [GC 2080152K->300904K(2276224K), 0.0634980 secs]
50.558: [GC 2089445K->303943K(2254784K), 0.0631960 secs]
53.390: [GC 2042960K->312648K(2239552K), 0.0686650 secs]
55.993: [GC 2051187K->317128K(2232128K), 0.0726440 secs]
58.550: [GC 2009673K->320802K(2201792K), 0.0745810 secs]
