1.157: [GC 95424K->31596K(365760K), 0.0602770 secs]
1.373: [GC 127020K->64056K(461184K), 0.0674290 secs]
1.739: [GC 254904K->134631K(461184K), 0.0935830 secs]
2.116: [GC 325479K->197218K(652032K), 0.1264610 secs]
2.242: [Full GC 197218K->197177K(822720K), 0.5564910 secs]
3.429: [GC 578873K->234811K(822720K), 0.0339760 secs]
3.702: [GC 615165K->248440K(1054592K), 0.0175940 secs]
3.968: [GC 793272K->255645K(1070912K), 0.0300410 secs]
4.243: [GC 798658K->258146K(1291136K), 0.0449810 secs]
4.636: [GC 1029858K->259063K(1290816K), 0.0258100 secs]
4.991: [GC 1030417K->267900K(1434432K), 0.0262990 secs]
5.415: [GC 1204486K->274493K(1449728K), 0.0274920 secs]
5.864: [GC 1212349K->280276K(1612800K), 0.0270770 secs]
6.352: [GC 1393044K->288694K(1624576K), 0.0306870 secs]
6.833: [GC 1400635K->291177K(1820736K), 0.0657650 secs]
7.434: [GC 1596161K->293145K(1824384K), 0.0635690 secs]
8.075: [GC 1598361K->301583K(2065408K), 0.0394550 secs]
8.777: [GC 1848079K->307203K(2074880K), 0.0400110 secs]
9.512: [GC 1853522K->320662K(2249728K), 0.0550440 secs]
10.313: [GC 2035265K->319478K(2259776K), 0.0705130 secs]
11.148: [GC 2032512K->325615K(2324096K), 0.0709570 secs]
11.959: [GC 2097263K->335960K(2301440K), 0.0882160 secs]
12.804: [GC 2107029K->339486K(2312512K), 0.1051930 secs]
13.709: [GC 2088734K->350619K(2290048K), 0.0494920 secs]
14.599: [GC 2099577K->353764K(2298432K), 0.0515910 secs]
15.424: [GC 2076511K->350671K(2258496K), 0.0471220 secs]
16.281: [GC 2073372K->359790K(2296320K), 0.0536850 secs]
17.129: [GC 2072213K->373242K(2264192K), 0.0594010 secs]
18.014: [GC 2084134K->370736K(2287360K), 0.0498120 secs]
18.835: [GC 2065200K->381544K(2250560K), 0.0619260 secs]
19.690: [GC 2074635K->381060K(2281984K), 0.0542860 secs]
20.530: [GC 2061262K->389347K(2233536K), 0.0558110 secs]
21.379: [GC 2070371K->394915K(2279232K), 0.0554770 secs]
22.237: [GC 2070011K->401324K(2230848K), 0.0580630 secs]
23.102: [GC 2075420K->405196K(2278336K), 0.0586870 secs]
23.903: [GC 2076827K->410659K(2228160K), 0.0603630 secs]
24.729: [GC 2080984K->420381K(2276672K), 0.0587390 secs]
25.543: [GC 2088523K->421589K(2277696K), 0.0608300 secs]
26.430: [GC 2090312K->418912K(2268032K), 0.0580100 secs]
27.244: [GC 2086999K->425252K(2273024K), 0.0571790 secs]
28.074: [GC 2094948K->433307K(2279360K), 0.0579400 secs]
28.937: [GC 2115095K->439712K(2281984K), 0.0608210 secs]
29.788: [GC 2121785K->441623K(2283776K), 0.0608370 secs]
30.717: [GC 2127800K->446193K(2285248K), 0.0602710 secs]
31.566: [GC 2131866K->454218K(2287680K), 0.0612000 secs]
32.404: [GC 2145802K->456320K(2287552K), 0.0613060 secs]
33.253: [GC 2147086K->461236K(2288640K), 0.0638970 secs]
34.131: [GC 2154449K->463364K(2288896K), 0.0622580 secs]
35.011: [GC 2156353K->477216K(2288768K), 0.0634240 secs]
35.903: [GC 2172105K->473208K(2290688K), 0.0620600 secs]
36.732: [GC 2168002K->479420K(2290240K), 0.0620980 secs]
37.639: [GC 2178044K->478448K(2291136K), 0.0614470 secs]
38.530: [GC 2176102K->482699K(2290176K), 0.0604080 secs]
39.410: [GC 2185483K->489844K(2291136K), 0.0616260 secs]
40.294: [GC 2191661K->484068K(2292288K), 0.0599750 secs]
41.151: [GC 2193027K->491979K(2295424K), 0.0611590 secs]
42.070: [GC 2201386K->495610K(2296640K), 0.0609700 secs]
42.938: [GC 2212197K->499162K(2299648K), 0.0620310 secs]
43.810: [GC 2216103K->509632K(2304320K), 0.0634140 secs]
44.643: [GC 2233562K->512440K(2304768K), 0.0615660 secs]
45.551: [GC 2237297K->515879K(2303680K), 0.0644680 secs]
46.447: [GC 2242322K->526102K(2304768K), 0.0637590 secs]
47.319: [GC 2252544K->532784K(2303360K), 0.0628240 secs]
48.161: [GC 2257500K->535715K(2291968K), 0.0625470 secs]
49.039: [GC 2258882K->523261K(2305216K), 0.0590830 secs]
49.906: [GC 2246566K->528445K(2277568K), 0.0587420 secs]
50.719: [GC 2252797K->537243K(2306304K), 0.0615440 secs]
51.587: [GC 2262222K->544692K(2304320K), 0.0594760 secs]
52.450: [GC 2269411K->544848K(2306432K), 0.0609670 secs]
53.363: [GC 2273431K->551364K(2304832K), 0.0610480 secs]
54.218: [GC 2279331K->555543K(2309312K), 0.0635500 secs]
54.282: [Full GC 555543K->222218K(2338624K), 0.7266140 secs]
55.787: [GC 1956547K->246555K(2214208K), 0.0215640 secs]
56.592: [GC 1980392K->258065K(2303552K), 0.0194570 secs]
57.379: [GC 1941720K->271128K(2187520K), 0.0230930 secs]
58.169: [GC 1955146K->280799K(2306880K), 0.0288570 secs]
58.976: [GC 1952058K->289445K(2193280K), 0.0334050 secs]
59.809: [GC 1960997K->298298K(2311552K), 0.0358180 secs]
60.702: [GC 1975098K->310885K(2219968K), 0.0395240 secs]
61.560: [GC 1986615K->314063K(2310080K), 0.0407620 secs]
62.429: [GC 1998355K->323108K(2303488K), 0.0454190 secs]
