0.546: [GC 95424K->59869K(365760K), 0.0892740 secs]
0.722: [GC 155293K->119821K(461184K), 0.1088230 secs]
0.949: [GC 310669K->174335K(461184K), 0.0755660 secs]
1.585: [GC 365172K->182220K(652032K), 0.0283930 secs]
2.319: [GC 562058K->182721K(652032K), 0.0126250 secs]
2.832: [GC 564093K->184146K(1112448K), 0.0124050 secs]
4.415: [GC 946806K->185701K(1112896K), 0.0130370 secs]
5.902: [GC 948154K->188673K(1874048K), 0.0105120 secs]
9.627: [GC 1714561K->194227K(1874560K), 0.0095620 secs]
12.904: [GC 1718679K->197465K(2192384K), 0.0075460 secs]
17.158: [GC 2045320K->202935K(2193344K), 0.0091670 secs]
21.293: [GC 2051536K->203110K(2198144K), 0.0061700 secs]
25.726: [GC 2062678K->210066K(2198400K), 0.0097890 secs]
30.038: [GC 2069978K->218067K(2202688K), 0.0110240 secs]
30.049: [Full GC 218067K->190088K(2333632K), 0.4951260 secs]
34.925: [GC 2060213K->202641K(2333760K), 0.0060370 secs]
40.060: [GC 2073445K->211404K(2339584K), 0.0187800 secs]
44.607: [GC 2095820K->219801K(2340480K), 0.0133900 secs]
49.411: [GC 2104172K->227426K(2348160K), 0.0180760 secs]
54.129: [GC 2122292K->231613K(2347200K), 0.0205070 secs]
58.911: [GC 2126059K->234749K(2352576K), 0.0217370 secs]
