0.534: [GC 95424K->59882K(365760K), 0.0744810 secs]
0.697: [GC 155306K->119838K(461184K), 0.0775300 secs]
0.914: [GC 310686K->174480K(461184K), 0.0463710 secs]
1.420: [GC 364242K->183343K(652032K), 0.0207850 secs]
2.028: [GC 563160K->185678K(652032K), 0.0161220 secs]
2.614: [GC 566972K->187557K(1111680K), 0.0237540 secs]
3.785: [GC 950262K->191318K(1112320K), 0.0292780 secs]
4.925: [GC 954070K->195206K(1871424K), 0.0311200 secs]
7.364: [GC 1719003K->202632K(1872704K), 0.0223450 secs]
9.437: [GC 1726921K->209383K(2192128K), 0.0094060 secs]
12.051: [GC 2061659K->211433K(2193920K), 0.0088140 secs]
12.060: [Full GC 211433K->188779K(2338304K), 0.5934890 secs]
15.341: [GC 2040544K->208427K(2342400K), 0.0073180 secs]
18.174: [GC 2072656K->215036K(2345408K), 0.0094360 secs]
20.889: [GC 2078365K->220007K(2344832K), 0.0110950 secs]
23.679: [GC 2095239K->224306K(2348416K), 0.0124100 secs]
26.499: [GC 2100189K->224883K(2356288K), 0.0130470 secs]
29.442: [GC 2116966K->233103K(2359488K), 0.0154500 secs]
32.226: [GC 2125488K->238171K(2360704K), 0.0336230 secs]
35.106: [GC 2129967K->244892K(2347712K), 0.0157920 secs]
37.926: [GC 2136995K->247504K(2350528K), 0.0164020 secs]
40.651: [GC 2121933K->251315K(2337408K), 0.0166730 secs]
43.254: [GC 2126424K->249662K(2344320K), 0.0161790 secs]
45.950: [GC 2108741K->254499K(2325568K), 0.0175630 secs]
48.678: [GC 2115136K->260755K(2332992K), 0.0190040 secs]
51.324: [GC 2102999K->262084K(2315136K), 0.0182060 secs]
54.162: [GC 2104922K->267690K(2322944K), 0.0251740 secs]
56.867: [GC 2089446K->273077K(2301760K), 0.0218090 secs]
59.629: [GC 2095565K->273345K(2319936K), 0.0209550 secs]
