1.157: [GC 95424K->31588K(365760K), 0.0617160 secs]
1.380: [GC 127012K->64048K(461184K), 0.0681490 secs]
1.745: [GC 254896K->134615K(461184K), 0.0886770 secs]
2.115: [GC 325463K->197210K(652032K), 0.1389290 secs]
2.254: [Full GC 197210K->197168K(822720K), 0.5675630 secs]
3.248: [GC 578864K->240651K(822720K), 0.0334210 secs]
3.587: [GC 621409K->250768K(1045632K), 0.0111060 secs]
3.943: [GC 790608K->261864K(1065856K), 0.0537620 secs]
4.292: [GC 801704K->269107K(1240704K), 0.0222660 secs]
4.684: [GC 1013064K->274946K(1262464K), 0.0223360 secs]
5.013: [GC 1018234K->293061K(1409088K), 0.0405160 secs]
5.367: [GC 1188485K->290259K(1412096K), 0.0482060 secs]
5.788: [GC 1184565K->295362K(1590464K), 0.0297440 secs]
6.253: [GC 1374107K->302487K(1599360K), 0.0417200 secs]
6.764: [GC 1380136K->300123K(1796544K), 0.0317490 secs]
7.357: [GC 1579529K->307149K(1807680K), 0.0494280 secs]
7.942: [GC 1585552K->308707K(2037696K), 0.0409160 secs]
8.675: [GC 1814858K->319055K(2041984K), 0.0546690 secs]
9.351: [GC 1825423K->313632K(2218752K), 0.0532230 secs]
10.079: [GC 1988812K->321858K(2221888K), 0.0409030 secs]
10.830: [GC 1997933K->324744K(2332864K), 0.0461210 secs]
11.667: [GC 2105406K->327062K(2334016K), 0.0396570 secs]
12.432: [GC 2108059K->331381K(2329088K), 0.0272440 secs]
13.201: [GC 2114485K->333256K(2331584K), 0.0289540 secs]
14.011: [GC 2115396K->337206K(2333056K), 0.0276940 secs]
14.860: [GC 2128502K->342382K(2335424K), 0.0337780 secs]
15.658: [GC 2132484K->349121K(2339264K), 0.0409930 secs]
16.487: [GC 2147915K->352981K(2340608K), 0.0279440 secs]
17.351: [GC 2152892K->361419K(2343296K), 0.0338430 secs]
18.234: [GC 2163022K->359374K(2344640K), 0.0529370 secs]
19.079: [GC 2161646K->363569K(2341952K), 0.0365660 secs]
19.912: [GC 2167329K->370341K(2343616K), 0.0275710 secs]
20.759: [GC 2172857K->366147K(2343040K), 0.0294530 secs]
21.595: [GC 2171031K->374632K(2344192K), 0.0359640 secs]
22.436: [GC 2180231K->379921K(2346816K), 0.0285030 secs]
23.231: [GC 2186949K->388925K(2330560K), 0.0295480 secs]
24.043: [GC 2196263K->391273K(2342080K), 0.0300750 secs]
24.801: [GC 2190493K->395920K(2326336K), 0.0279410 secs]
25.571: [GC 2196410K->400999K(2336960K), 0.0295140 secs]
26.335: [GC 2192581K->405813K(2323264K), 0.0321250 secs]
27.131: [GC 2198581K->399467K(2338176K), 0.0376700 secs]
27.876: [GC 2186768K->405769K(2312256K), 0.0284880 secs]
28.671: [GC 2193984K->411590K(2336768K), 0.0300170 secs]
29.473: [GC 2201350K->415758K(2336000K), 0.0304650 secs]
30.268: [GC 2205388K->410866K(2337984K), 0.0298570 secs]
31.052: [GC 2205344K->424175K(2337664K), 0.0292710 secs]
31.804: [GC 2218735K->423611K(2340288K), 0.0298310 secs]
32.575: [GC 2222863K->435701K(2341120K), 0.0293820 secs]
33.327: [GC 2235362K->437232K(2341888K), 0.0308450 secs]
34.128: [GC 2236656K->439157K(2326592K), 0.0311400 secs]
34.932: [GC 2236862K->439543K(2344192K), 0.0360170 secs]
35.683: [GC 2238580K->442287K(2321280K), 0.0334270 secs]
36.444: [GC 2242402K->443556K(2342336K), 0.0301450 secs]
37.236: [GC 2244236K->445040K(2340800K), 0.0323200 secs]
38.056: [GC 2246377K->449745K(2345984K), 0.0303410 secs]
38.871: [GC 2257663K->451028K(2344896K), 0.0308440 secs]
39.681: [GC 2260052K->455169K(2348928K), 0.0350440 secs]
40.478: [GC 2268238K->461745K(2347776K), 0.0456490 secs]
41.298: [GC 2275332K->459806K(2351040K), 0.0334640 secs]
42.123: [GC 2276865K->472158K(2350656K), 0.0276940 secs]
42.940: [GC 2290526K->467198K(2353216K), 0.0272040 secs]
43.763: [GC 2285859K->477077K(2343168K), 0.0429960 secs]
44.582: [GC 2297365K->472277K(2352320K), 0.0411680 secs]
45.380: [GC 2291914K->480293K(2352832K), 0.0283910 secs]
46.201: [GC 2300069K->482343K(2352448K), 0.0365110 secs]
46.959: [GC 2301110K->483061K(2352704K), 0.0297620 secs]
47.764: [GC 2302068K->488978K(2351936K), 0.0278370 secs]
48.573: [GC 2309803K->495179K(2352832K), 0.0272060 secs]
49.392: [GC 2315053K->495588K(2354624K), 0.0413950 secs]
50.241: [GC 2319130K->501504K(2354624K), 0.0275320 secs]
51.018: [GC 2325633K->504539K(2355008K), 0.0285490 secs]
51.878: [GC 2330391K->511676K(2355200K), 0.0291470 secs]
52.687: [GC 2338315K->515745K(2356800K), 0.0289210 secs]
52.716: [Full GC 515745K->240603K(2423936K), 0.6290330 secs]
54.216: [GC 2068553K->253470K(2333696K), 0.0071060 secs]
55.039: [GC 2080569K->263595K(2397568K), 0.0105630 secs]
55.819: [GC 2052502K->276322K(2317376K), 0.0115330 secs]
56.641: [GC 2064934K->285454K(2402432K), 0.0148900 secs]
57.497: [GC 2069423K->286126K(2322112K), 0.0283980 secs]
58.302: [GC 2070382K->294124K(2404032K), 0.0147680 secs]
59.093: [GC 2080713K->296548K(2335616K), 0.0173060 secs]
59.928: [GC 2083055K->301287K(2404288K), 0.0188940 secs]
60.762: [GC 2094518K->299114K(2400000K), 0.0161290 secs]
61.582: [GC 2093354K->302371K(2410496K), 0.0182540 secs]
62.438: [GC 2110883K->311113K(2406592K), 0.0212640 secs]
63.242: [GC 2119052K->316456K(2416320K), 0.0207970 secs]
