0.535: [GC 95424K->59877K(365760K), 0.0843790 secs]
0.700: [GC 155301K->119569K(461184K), 0.1101760 secs]
1.257: [GC 309198K->170603K(461184K), 0.0540290 secs]
2.140: [GC 359824K->178566K(652032K), 0.0365790 secs]
3.490: [GC 560054K->179620K(652032K), 0.0092480 secs]
5.030: [GC 560577K->179815K(1109312K), 0.0116440 secs]
8.726: [GC 940436K->180496K(1110208K), 0.0136000 secs]
12.460: [GC 941062K->182701K(1872448K), 0.0090710 secs]
18.911: [GC 1707570K->185266K(1872448K), 0.0048890 secs]
28.174: [GC 1708861K->187477K(2194752K), 0.0042860 secs]
37.018: [GC 2037785K->187277K(2195328K), 0.0069460 secs]
46.677: [GC 2038078K->189043K(2196928K), 0.0039760 secs]
56.164: [GC 2045301K->193598K(2198016K), 0.0057620 secs]
