0.526: [GC 95424K->59890K(365760K), 0.1192730 secs]
0.727: [GC 155314K->119046K(461184K), 0.1022460 secs]
1.118: [GC 308675K->170200K(461184K), 0.0371640 secs]
1.611: [GC 360655K->175443K(652032K), 0.0285270 secs]
2.566: [GC 555394K->179590K(652032K), 0.0141970 secs]
3.295: [GC 561286K->181737K(1108608K), 0.0403080 secs]
4.847: [GC 943125K->181182K(1109184K), 0.0129750 secs]
6.364: [GC 942518K->184167K(1871808K), 0.0091230 secs]
9.439: [GC 1709616K->186811K(1871872K), 0.0044790 secs]
12.844: [GC 1711759K->189797K(2195840K), 0.0057170 secs]
16.634: [GC 2042652K->190801K(2196480K), 0.0074080 secs]
20.356: [GC 2042676K->195721K(2197696K), 0.0050400 secs]
24.235: [GC 2056201K->196001K(2199104K), 0.0050900 secs]
28.411: [GC 2056163K->201985K(2200384K), 0.0066120 secs]
32.577: [GC 2071809K->206525K(2202688K), 0.0085050 secs]
36.545: [GC 2074943K->207523K(2206336K), 0.0113510 secs]
40.948: [GC 2088198K->212857K(2060160K), 0.0073870 secs]
44.847: [GC 2005099K->216407K(1975744K), 0.0085220 secs]
48.337: [GC 1923352K->218718K(1890496K), 0.0089080 secs]
51.806: [GC 1845382K->221699K(1815360K), 0.0167140 secs]
55.196: [GC 1770923K->223998K(1742656K), 0.0057120 secs]
58.616: [GC 1701310K->225198K(1671808K), 0.0093460 secs]
