1.155: [GC 94827K->30493K(365760K), 0.0514940 secs]
1.364: [GC 125917K->63146K(461184K), 0.0808830 secs]
1.736: [GC 253994K->130905K(461184K), 0.0891210 secs]
2.102: [GC 321753K->193496K(652032K), 0.1049420 secs]
2.207: [Full GC 193496K->193454K(814912K), 0.4592360 secs]
3.579: [GC 575150K->235013K(814912K), 0.0278000 secs]
3.847: [GC 616709K->239779K(1054272K), 0.0116910 secs]
4.104: [GC 792867K->246787K(1071616K), 0.0116190 secs]
4.394: [GC 799875K->244822K(1246848K), 0.0139000 secs]
4.779: [GC 999894K->253811K(1269760K), 0.0154660 secs]
5.103: [GC 1008883K->259371K(1400000K), 0.0249440 secs]
5.439: [GC 1160235K->261989K(1407296K), 0.0211640 secs]
5.733: [GC 1162853K->267881K(1558592K), 0.0199890 secs]
6.054: [GC 1332393K->273457K(1564288K), 0.0202970 secs]
6.364: [GC 1337969K->278631K(1750592K), 0.0383580 secs]
6.739: [GC 1529383K->273876K(1752192K), 0.0268430 secs]
7.089: [GC 1524628K->275470K(1986496K), 0.0269870 secs]
7.493: [GC 1763406K->278401K(1988480K), 0.0323060 secs]
7.939: [GC 1766337K->285915K(2173568K), 0.0445680 secs]
8.453: [GC 1958363K->289044K(2176640K), 0.0247420 secs]
8.962: [GC 1961428K->287708K(2363520K), 0.0256240 secs]
9.527: [GC 2144247K->293022K(2362816K), 0.0196360 secs]
10.043: [GC 2150942K->297065K(2364416K), 0.0188680 secs]
10.551: [GC 2158057K->290522K(2363392K), 0.0183050 secs]
11.160: [GC 2151438K->299925K(2365504K), 0.0200200 secs]
11.633: [GC 2166997K->294455K(2364544K), 0.0185430 secs]
12.143: [GC 2160631K->296811K(2371648K), 0.0151050 secs]
12.641: [GC 2172587K->295103K(2370560K), 0.0250140 secs]
13.157: [GC 2169139K->299131K(2374592K), 0.0143570 secs]
13.683: [GC 2179899K->310733K(2374208K), 0.0148610 secs]
14.173: [GC 2191501K->301976K(2375040K), 0.0141880 secs]
14.642: [GC 2185752K->307815K(2374400K), 0.0146370 secs]
15.199: [GC 2191591K->302759K(2377728K), 0.0146670 secs]
15.733: [GC 2189906K->307222K(2377600K), 0.0129870 secs]
16.333: [GC 2195862K->307314K(2380992K), 0.0133230 secs]
17.023: [GC 2199664K->310910K(2380672K), 0.0128650 secs]
17.655: [GC 2202499K->316981K(2379840K), 0.0124850 secs]
18.314: [GC 2212725K->321309K(2380480K), 0.0150150 secs]
19.005: [GC 2217053K->326197K(2384960K), 0.0153020 secs]
19.643: [GC 2228213K->325525K(2384512K), 0.0150430 secs]
20.295: [GC 2226214K->331900K(2385664K), 0.0176130 secs]
20.983: [GC 2236028K->332763K(2386496K), 0.0182050 secs]
21.694: [GC 2235314K->341718K(2381248K), 0.0197910 secs]
22.339: [GC 2240214K->341227K(2374144K), 0.0234350 secs]
23.063: [GC 2238402K->342741K(2380544K), 0.0190680 secs]
23.751: [GC 2234379K->350419K(2374144K), 0.0220240 secs]
24.515: [GC 2242548K->352912K(2373376K), 0.0198510 secs]
25.216: [GC 2234512K->351782K(2362240K), 0.0195500 secs]
25.924: [GC 2233382K->357934K(2368960K), 0.0206920 secs]
26.578: [GC 2229990K->369364K(2368576K), 0.0213660 secs]
27.241: [GC 2242388K->369723K(2356032K), 0.0210500 secs]
27.943: [GC 2223931K->367005K(2341568K), 0.0221610 secs]
28.573: [GC 2221213K->372484K(2357120K), 0.0225670 secs]
29.174: [GC 2220676K->379087K(2345344K), 0.0233380 secs]
29.793: [GC 2226328K->381072K(2351232K), 0.0238580 secs]
30.424: [GC 2217744K->382021K(2330176K), 0.0235850 secs]
31.093: [GC 2218118K->385863K(2350080K), 0.0238970 secs]
31.783: [GC 2218419K->387442K(2351488K), 0.0239910 secs]
32.493: [GC 2220018K->388026K(2348288K), 0.0237480 secs]
33.164: [GC 2220858K->391937K(2350016K), 0.0224970 secs]
33.794: [GC 2223713K->397964K(2351936K), 0.0227640 secs]
34.419: [GC 2234956K->404274K(2352960K), 0.0251980 secs]
35.103: [GC 2241266K->403128K(2353024K), 0.0223310 secs]
35.763: [GC 2239721K->412903K(2339200K), 0.0231520 secs]
36.493: [GC 2249136K->413253K(2353280K), 0.0227700 secs]
37.190: [GC 2248974K->417543K(2333568K), 0.0269630 secs]
37.931: [GC 2251935K->416309K(2354688K), 0.0259520 secs]
38.684: [GC 2252486K->424934K(2352896K), 0.0249070 secs]
39.393: [GC 2262379K->422704K(2352768K), 0.0233870 secs]
40.203: [GC 2261114K->427994K(2352960K), 0.0246040 secs]
40.980: [GC 2266949K->426943K(2355392K), 0.0240810 secs]
41.783: [GC 2272443K->444685K(2355904K), 0.0247780 secs]
42.632: [GC 2288964K->443246K(2355520K), 0.0256400 secs]
43.494: [GC 2283817K->445130K(2356224K), 0.0249540 secs]
44.349: [GC 2287178K->443109K(2352960K), 0.0242990 secs]
45.184: [GC 2285541K->447542K(2354752K), 0.0237840 secs]
46.057: [GC 2289195K->455612K(2357696K), 0.0253190 secs]
46.891: [GC 2301345K->457223K(2357952K), 0.0250060 secs]
47.783: [GC 2302834K->463061K(2357632K), 0.0252100 secs]
48.613: [GC 2308493K->457420K(2342784K), 0.0250280 secs]
49.384: [GC 2304605K->466542K(2357120K), 0.0257350 secs]
50.187: [GC 2313582K->465676K(2358592K), 0.0248510 secs]
50.962: [GC 2312716K->467957K(2357888K), 0.0263500 secs]
51.793: [GC 2315573K->472270K(2358528K), 0.0266670 secs]
52.573: [GC 2319824K->470239K(2357632K), 0.0251060 secs]
53.353: [GC 2319135K->472450K(2358720K), 0.0249420 secs]
53.971: [GC 2321346K->480056K(2358528K), 0.0239720 secs]
54.643: [GC 2330404K->476191K(2359744K), 0.0241320 secs]
55.300: [GC 2327327K->475658K(2359040K), 0.0233970 secs]
55.335: [Full GC 475658K->229131K(2414592K), 0.6306190 secs]
56.606: [GC 2078987K->238678K(2332352K), 0.0072480 secs]
57.178: [GC 2088534K->240701K(2392576K), 0.0065290 secs]
57.723: [GC 2056880K->248389K(2309120K), 0.0079160 secs]
58.274: [GC 2063486K->249541K(2393344K), 0.0085740 secs]
58.849: [GC 2057541K->253754K(2394752K), 0.0098660 secs]
59.408: [GC 2061754K->257523K(2390272K), 0.0163020 secs]
60.033: [GC 2066035K->260676K(2392768K), 0.0113790 secs]
60.570: [GC 2069188K->265126K(2389888K), 0.0144400 secs]
61.145: [GC 2081062K->268532K(2393344K), 0.0134900 secs]
61.705: [GC 2084468K->270162K(2396096K), 0.0135600 secs]
62.283: [GC 2100180K->277904K(2399616K), 0.0159830 secs]
62.824: [GC 2109008K->278990K(2407104K), 0.0156730 secs]
