0.533: [GC 95424K->59877K(365760K), 0.0968440 secs]
0.710: [GC 155301K->119825K(461184K), 0.1004920 secs]
1.164: [GC 309068K->164164K(461184K), 0.0919400 secs]
1.585: [GC 353219K->169570K(652032K), 0.0308510 secs]
2.298: [GC 550663K->179906K(652032K), 0.0161540 secs]
2.930: [GC 559957K->187836K(1106688K), 0.0921970 secs]
4.325: [GC 949466K->206167K(1107200K), 0.0606970 secs]
5.590: [GC 967630K->217791K(1859648K), 0.0196590 secs]
7.806: [GC 1744575K->244115K(1862464K), 0.0332290 secs]
9.814: [GC 1769213K->256666K(2205056K), 0.0285740 secs]
9.843: [Full GC 256666K->170166K(2316736K), 0.4749950 secs]
12.565: [GC 2033473K->208229K(2268480K), 0.0210800 secs]
14.889: [GC 2072416K->236188K(2315904K), 0.0371980 secs]
17.244: [GC 2102353K->262281K(2313472K), 0.0262180 secs]
19.615: [GC 2128712K->290476K(2312704K), 0.0210880 secs]
21.960: [GC 2156482K->313322K(2316864K), 0.0287260 secs]
24.231: [GC 2180828K->335223K(2294848K), 0.0387160 secs]
26.542: [GC 2177012K->356138K(2297920K), 0.0270050 secs]
28.816: [GC 2198082K->367672K(2274368K), 0.0291070 secs]
31.059: [GC 2170827K->384249K(2286144K), 0.0339240 secs]
33.298: [GC 2186691K->398034K(2242112K), 0.0403490 secs]
35.514: [GC 2156420K->411665K(2242752K), 0.0334150 secs]
37.678: [GC 2170087K->422610K(2229440K), 0.0356860 secs]
39.785: [GC 2136089K->421049K(2207104K), 0.0346450 secs]
41.877: [GC 2134451K->436852K(2207360K), 0.0392910 secs]
44.010: [GC 2107595K->441295K(2184192K), 0.0399760 secs]
46.158: [GC 2111644K->447391K(2186432K), 0.0416110 secs]
48.273: [GC 2074070K->450287K(2148160K), 0.0419530 secs]
50.381: [GC 2076485K->453180K(2171584K), 0.0435580 secs]
52.407: [GC 2043626K->453686K(2116096K), 0.0423260 secs]
54.437: [GC 2045035K->455741K(2163456K), 0.0426880 secs]
56.440: [GC 2024387K->454218K(2094080K), 0.0422670 secs]
58.434: [GC 2022603K->455529K(2162496K), 0.0425930 secs]
60.442: [GC 2014561K->458374K(2087232K), 0.0427550 secs]
