0.540: [GC 95424K->59906K(365760K), 0.1129800 secs]
0.740: [GC 155330K->119834K(461184K), 0.1014780 secs]
1.131: [GC 309116K->164361K(461184K), 0.0756850 secs]
1.449: [GC 354537K->172958K(652032K), 0.0143020 secs]
1.969: [GC 553811K->181661K(652032K), 0.0149080 secs]
2.425: [GC 561974K->190967K(1106368K), 0.0134690 secs]
3.417: [GC 954262K->204443K(1107072K), 0.0229770 secs]
4.333: [GC 966818K->218833K(1859264K), 0.0186100 secs]
6.296: [GC 1744947K->241782K(1862720K), 0.0311090 secs]
8.102: [GC 1767023K->256264K(2205120K), 0.0434470 secs]
8.146: [Full GC 256264K->170699K(2323520K), 0.4867350 secs]
10.824: [GC 2035239K->204566K(2272320K), 0.0122820 secs]
12.980: [GC 2068768K->234877K(2319040K), 0.0233550 secs]
15.188: [GC 2095704K->257537K(2321984K), 0.0277730 secs]
17.410: [GC 2120065K->277540K(2292928K), 0.0394750 secs]
19.564: [GC 2109846K->293948K(2297728K), 0.0971470 secs]
21.783: [GC 2126673K->312080K(2270656K), 0.0421710 secs]
23.899: [GC 2098819K->321981K(2279936K), 0.0522530 secs]
26.005: [GC 2107863K->327657K(2231936K), 0.0363490 secs]
28.058: [GC 2057507K->333767K(2234496K), 0.0381890 secs]
30.075: [GC 2064061K->342623K(2215488K), 0.0739720 secs]
32.069: [GC 2018209K->343225K(2190336K), 0.0618500 secs]
34.045: [GC 2019349K->354068K(2193600K), 0.0407980 secs]
35.964: [GC 1984196K->356953K(2157696K), 0.0419380 secs]
37.893: [GC 1987353K->358833K(2178176K), 0.0416420 secs]
39.718: [GC 1950339K->362531K(2124992K), 0.0426950 secs]
41.535: [GC 1953744K->362680K(2167936K), 0.0425180 secs]
43.286: [GC 1927874K->364546K(2100416K), 0.0427500 secs]
45.075: [GC 1929377K->365229K(2165184K), 0.0435600 secs]
46.813: [GC 1916512K->363639K(2167104K), 0.0419080 secs]
48.567: [GC 1915689K->364993K(2163904K), 0.0426170 secs]
50.329: [GC 1917447K->362470K(2165824K), 0.0413520 secs]
52.116: [GC 1914511K->369143K(2167488K), 0.0430780 secs]
53.916: [GC 1928363K->374139K(2167296K), 0.0436040 secs]
55.668: [GC 1932753K->372280K(2168768K), 0.0430400 secs]
57.428: [GC 1938655K->371937K(2171136K), 0.0426020 secs]
59.212: [GC 1939425K->374654K(2171520K), 0.0432160 secs]
