1.167: [GC 95424K->31580K(365760K), 0.0583120 secs]
1.385: [GC 127004K->64816K(461184K), 0.0625070 secs]
1.764: [GC 255664K->132511K(461184K), 0.1208240 secs]
2.179: [GC 323359K->195098K(652032K), 0.1864490 secs]
2.365: [Full GC 195098K->195065K(815872K), 0.5567660 secs]
3.572: [GC 576005K->227141K(815872K), 0.0251790 secs]
3.891: [GC 608441K->240512K(1048128K), 0.0121620 secs]
4.297: [GC 790834K->253713K(1070464K), 0.0565700 secs]
4.681: [GC 804025K->263565K(1299840K), 0.0599910 secs]
5.276: [GC 1055907K->272912K(1302272K), 0.0213530 secs]
5.765: [GC 1065808K->279464K(1461120K), 0.0294510 secs]
6.395: [GC 1240620K->290402K(1473984K), 0.0347610 secs]
6.996: [GC 1252360K->300689K(1652800K), 0.0293830 secs]
7.729: [GC 1435058K->311580K(1660928K), 0.0651290 secs]
8.479: [GC 1445524K->317579K(1862848K), 0.0368300 secs]
9.324: [GC 1643779K->327493K(1873344K), 0.0365560 secs]
10.184: [GC 1653210K->334989K(2079232K), 0.0609200 secs]
11.188: [GC 1854990K->348406K(2091520K), 0.0408240 secs]
12.175: [GC 1868150K->362415K(2236288K), 0.0505530 secs]
13.238: [GC 2012376K->363715K(2252992K), 0.0423700 secs]
14.279: [GC 2014059K->368586K(2236032K), 0.0443670 secs]
15.281: [GC 1987344K->375080K(2194112K), 0.0430580 secs]
16.331: [GC 1994342K->376397K(2225600K), 0.0443550 secs]
17.352: [GC 1966669K->379620K(2163072K), 0.0426170 secs]
18.414: [GC 1968966K->391251K(2214144K), 0.0451440 secs]
19.456: [GC 1957855K->396116K(2151680K), 0.0754200 secs]
20.535: [GC 1963876K->403801K(2205376K), 0.0658620 secs]
21.594: [GC 1951524K->412216K(2140352K), 0.0468180 secs]
22.631: [GC 1959795K->408970K(2204352K), 0.0469220 secs]
23.657: [GC 1945125K->416652K(2126208K), 0.0476980 secs]
24.681: [GC 1954005K->414468K(2205248K), 0.0454030 secs]
25.684: [GC 1950700K->417980K(2121664K), 0.0463690 secs]
26.714: [GC 1953014K->425302K(2202688K), 0.0485110 secs]
27.694: [GC 1961575K->432027K(2201920K), 0.0492430 secs]
28.666: [GC 1968096K->433961K(2206848K), 0.0477770 secs]
29.706: [GC 1976391K->438837K(2206784K), 0.0487720 secs]
30.722: [GC 1981921K->431749K(2198336K), 0.0472700 secs]
31.723: [GC 1978256K->436046K(2203392K), 0.0465080 secs]
32.715: [GC 1981584K->437324K(2204928K), 0.0467120 secs]
33.734: [GC 2000345K->446840K(2210304K), 0.0469280 secs]
34.790: [GC 2011128K->447153K(2215552K), 0.0455950 secs]
35.829: [GC 2029130K->451422K(2222144K), 0.0479550 secs]
36.888: [GC 2034492K->453329K(2222400K), 0.0478130 secs]
37.945: [GC 2049883K->456592K(2229376K), 0.0472790 secs]
39.003: [GC 2052794K->460551K(2231872K), 0.0489550 secs]
40.060: [GC 2073607K->464728K(2238080K), 0.0478880 secs]
41.128: [GC 2076675K->475263K(2246208K), 0.0481060 secs]
42.211: [GC 2098983K->473485K(2247872K), 0.0479440 secs]
43.301: [GC 2096557K->480859K(2247296K), 0.0465720 secs]
44.366: [GC 2108635K->478390K(2247872K), 0.0466480 secs]
45.421: [GC 2105332K->480715K(2248960K), 0.0456010 secs]
46.497: [GC 2116027K->487641K(2249024K), 0.0490880 secs]
47.605: [GC 2122480K->488368K(2256704K), 0.0478270 secs]
48.753: [GC 2135587K->490602K(2257152K), 0.0484730 secs]
49.841: [GC 2137094K->500570K(2260992K), 0.0472700 secs]
50.965: [GC 2154091K->499442K(2260672K), 0.0484690 secs]
52.084: [GC 2153022K->500984K(2263744K), 0.0460430 secs]
53.186: [GC 2160667K->509947K(2263488K), 0.0464890 secs]
54.250: [GC 2168938K->516432K(2268032K), 0.0474610 secs]
55.335: [GC 2179848K->516290K(2268544K), 0.0488950 secs]
56.446: [GC 2179823K->520486K(2268224K), 0.0482690 secs]
57.518: [GC 2186470K->519656K(2268416K), 0.0466570 secs]
58.601: [GC 2185345K->522015K(2268864K), 0.0475830 secs]
59.716: [GC 2189931K->525317K(2268672K), 0.0475280 secs]
60.813: [GC 2193884K->529196K(2271872K), 0.0480840 secs]
61.925: [GC 2201384K->540992K(2269760K), 0.0492940 secs]
63.019: [GC 2211785K->538355K(2270976K), 0.0484560 secs]
