0.536: [GC 95424K->59869K(365760K), 0.0851840 secs]
0.704: [GC 155293K->119813K(461184K), 0.0695010 secs]
1.017: [GC 309442K->170727K(461184K), 0.0493890 secs]
1.294: [GC 360036K->171312K(652032K), 0.0133570 secs]
1.775: [GC 551075K->171673K(652032K), 0.0118230 secs]
2.170: [GC 551861K->179820K(1107776K), 0.0213620 secs]
3.155: [GC 941322K->184322K(1109696K), 0.0193200 secs]
4.092: [GC 947283K->186614K(1867264K), 0.0174100 secs]
6.099: [GC 1712624K->194245K(1868864K), 0.0220110 secs]
7.963: [GC 1720462K->198550K(2199104K), 0.0084250 secs]
10.375: [GC 2060202K->206696K(2200704K), 0.0115640 secs]
12.669: [GC 2068641K->219054K(2200448K), 0.0111340 secs]
12.680: [Full GC 219054K->186510K(2343232K), 0.6016480 secs]
15.566: [GC 2054383K->214470K(2346048K), 0.0720210 secs]
17.892: [GC 2083269K->229950K(2352064K), 0.0270040 secs]
20.202: [GC 2109680K->241264K(2352384K), 0.0244300 secs]
22.475: [GC 2120737K->244177K(2345472K), 0.0242580 secs]
24.715: [GC 2112431K->248632K(2328448K), 0.0232320 secs]
27.007: [GC 2117616K->253308K(2334272K), 0.0279940 secs]
29.283: [GC 2100316K->259140K(2318848K), 0.0244210 secs]
31.537: [GC 2106326K->265565K(2319040K), 0.0275300 secs]
33.719: [GC 2086560K->266780K(2299776K), 0.0470130 secs]
35.994: [GC 2087502K->272578K(2307072K), 0.0253360 secs]
38.298: [GC 2069064K->277829K(2285696K), 0.0352310 secs]
40.659: [GC 2074276K->280694K(2293888K), 0.0309150 secs]
42.905: [GC 2050294K->285855K(2267008K), 0.0368720 secs]
45.082: [GC 2055240K->289718K(2280704K), 0.0473150 secs]
47.193: [GC 2032292K->296585K(2251456K), 0.0520790 secs]
49.386: [GC 2039264K->298360K(2271488K), 0.0379600 secs]
51.539: [GC 2018554K->304136K(2223104K), 0.0703370 secs]
53.719: [GC 2024808K->310761K(2269568K), 0.0445140 secs]
55.848: [GC 2023194K->319295K(2221952K), 0.0487360 secs]
58.121: [GC 2030397K->322299K(2265280K), 0.0386850 secs]
60.217: [GC 2025778K->324897K(2212608K), 0.0397380 secs]
