0.528: [GC 95424K->59874K(365760K), 0.0795590 secs]
0.691: [GC 155298K->119810K(461184K), 0.0903270 secs]
1.014: [GC 310658K->171625K(461184K), 0.0500010 secs]
1.258: [GC 362383K->174275K(652032K), 0.0122360 secs]
1.699: [GC 555505K->182368K(652032K), 0.0214290 secs]
2.116: [GC 563599K->184772K(1108480K), 0.0249570 secs]
3.011: [GC 946681K->190192K(1109248K), 0.0136610 secs]
3.837: [GC 952540K->194332K(1867776K), 0.0100910 secs]
5.568: [GC 1718805K->208322K(1869248K), 0.0115430 secs]
7.124: [GC 1732936K->217791K(2195328K), 0.0254720 secs]
9.149: [GC 2077018K->231620K(2196544K), 0.0348320 secs]
9.184: [Full GC 231620K->186714K(2338496K), 0.5944650 secs]
11.686: [GC 2046490K->214231K(2347200K), 0.0136600 secs]
13.674: [GC 2089828K->230694K(2348224K), 0.0294340 secs]
15.710: [GC 2106643K->236158K(2355264K), 0.0205200 secs]
17.766: [GC 2119334K->249122K(2343168K), 0.0230330 secs]
19.836: [GC 2132928K->257684K(2336192K), 0.0209920 secs]
21.868: [GC 2114893K->263616K(2331904K), 0.0217280 secs]
23.915: [GC 2121490K->270753K(2317696K), 0.0225610 secs]
25.909: [GC 2094895K->275786K(2310144K), 0.0242670 secs]
27.894: [GC 2099567K->281887K(2299264K), 0.0261150 secs]
29.864: [GC 2068391K->290512K(2288640K), 0.0357870 secs]
31.844: [GC 2077699K->292472K(2280576K), 0.0495410 secs]
33.774: [GC 2042069K->301079K(2260928K), 0.0327130 secs]
35.690: [GC 2049352K->301702K(2263488K), 0.0359880 secs]
37.609: [GC 2014580K->309687K(2233728K), 0.0436050 secs]
39.499: [GC 2023414K->307757K(2250496K), 0.0340620 secs]
41.434: [GC 1990918K->316316K(2207296K), 0.0475280 secs]
43.329: [GC 1999258K->317836K(2242752K), 0.0386570 secs]
45.167: [GC 1980352K->325224K(2188224K), 0.0746850 secs]
47.098: [GC 1988235K->330652K(2236928K), 0.0351990 secs]
48.942: [GC 1980322K->333437K(2176192K), 0.0343840 secs]
50.770: [GC 1982733K->331042K(2239808K), 0.0335350 secs]
52.593: [GC 1979732K->340928K(2238336K), 0.0350740 secs]
54.447: [GC 1988577K->341955K(2239040K), 0.0344690 secs]
56.288: [GC 1991671K->343412K(2172992K), 0.0346550 secs]
58.134: [GC 1993481K->346824K(2239872K), 0.0348180 secs]
59.980: [GC 1998127K->347260K(2237952K), 0.0342750 secs]
