1.171: [GC 95424K->31592K(365760K), 0.0552180 secs]
1.383: [GC 127016K->65340K(461184K), 0.0671920 secs]
1.765: [GC 256188K->135947K(461184K), 0.1667600 secs]
2.228: [GC 326795K->198566K(652032K), 0.1101750 secs]
2.338: [Full GC 198566K->198498K(818112K), 0.4563010 secs]
3.568: [GC 579321K->242507K(818112K), 0.0375250 secs]
3.867: [GC 623408K->255947K(1073088K), 0.0185690 secs]
4.175: [GC 824002K->259785K(1089728K), 0.0216030 secs]
4.461: [GC 827885K->264764K(1306112K), 0.0219420 secs]
4.857: [GC 1073340K->266831K(1325440K), 0.0235100 secs]
5.228: [GC 1074770K->275992K(1490496K), 0.0305060 secs]
5.693: [GC 1268787K->280263K(1501248K), 0.0280360 secs]
6.193: [GC 1273223K->289112K(1708224K), 0.0721880 secs]
6.829: [GC 1490968K->292835K(1709568K), 0.0290320 secs]
7.398: [GC 1492963K->291387K(1957248K), 0.0465390 secs]
8.125: [GC 1739725K->297933K(1959936K), 0.0355530 secs]
8.849: [GC 1746096K->302120K(2217856K), 0.0387750 secs]
9.750: [GC 2012143K->308213K(2228608K), 0.0370480 secs]
10.605: [GC 2018933K->316613K(2339840K), 0.0449870 secs]
11.508: [GC 2132051K->320178K(2331072K), 0.0512310 secs]
12.439: [GC 2135501K->323761K(2334784K), 0.0589330 secs]
13.341: [GC 2121628K->323872K(2300224K), 0.0446570 secs]
14.245: [GC 2121239K->336090K(2332992K), 0.0526190 secs]
15.155: [GC 2128494K->339006K(2304000K), 0.0446690 secs]
16.047: [GC 2131392K->349884K(2323584K), 0.0551370 secs]
16.941: [GC 2129437K->355587K(2302464K), 0.0568670 secs]
17.861: [GC 2135046K->360869K(2314496K), 0.0559570 secs]
18.760: [GC 2122357K->361605K(2285440K), 0.0656020 secs]
19.632: [GC 2121927K->363528K(2313152K), 0.0609730 secs]
20.544: [GC 2115739K->373244K(2283264K), 0.0588930 secs]
21.384: [GC 2124504K->369502K(2311680K), 0.0678930 secs]
22.255: [GC 2114896K->377783K(2273984K), 0.0550630 secs]
23.169: [GC 2123849K->385424K(2307456K), 0.0747240 secs]
24.055: [GC 2126608K->389111K(2308992K), 0.0538630 secs]
24.930: [GC 2129773K->392001K(2306816K), 0.0610250 secs]
25.818: [GC 2132033K->396499K(2307904K), 0.0615170 secs]
26.743: [GC 2136641K->401493K(2309184K), 0.0646640 secs]
27.569: [GC 2145813K->402739K(2268864K), 0.0649460 secs]
28.487: [GC 2147059K->407755K(2311552K), 0.0553500 secs]
29.389: [GC 2154621K->404678K(2309568K), 0.0863540 secs]
30.253: [GC 2152603K->413617K(2311872K), 0.0599300 secs]
31.072: [GC 2167695K->419256K(2309888K), 0.0656090 secs]
31.958: [GC 2172915K->426307K(2317888K), 0.0589720 secs]
32.836: [GC 2189285K->425854K(2318144K), 0.0589070 secs]
33.726: [GC 2189512K->424637K(2318784K), 0.0580320 secs]
34.567: [GC 2194020K->428430K(2320128K), 0.0500480 secs]
35.404: [GC 2197988K->431773K(2323776K), 0.0789430 secs]
36.299: [GC 2211693K->431859K(2325056K), 0.0567510 secs]
37.140: [GC 2210835K->434713K(2330176K), 0.0476600 secs]
38.031: [GC 2222194K->441424K(2331328K), 0.0527430 secs]
38.851: [GC 2230589K->442038K(2333120K), 0.0504960 secs]
39.730: [GC 2236066K->449399K(2333696K), 0.0486420 secs]
40.581: [GC 2242978K->452814K(2335680K), 0.0519210 secs]
41.435: [GC 2251020K->454099K(2335872K), 0.0624120 secs]
42.331: [GC 2252799K->456636K(2339648K), 0.0493480 secs]
43.220: [GC 2261143K->468471K(2339712K), 0.0665540 secs]
44.137: [GC 2273600K->470913K(2341696K), 0.0553340 secs]
45.060: [GC 2278565K->475802K(2342080K), 0.0580040 secs]
45.942: [GC 2283347K->479239K(2342656K), 0.0596630 secs]
46.830: [GC 2287851K->485844K(2336320K), 0.0633600 secs]
47.727: [GC 2293383K->487425K(2340224K), 0.0774370 secs]
48.629: [GC 2291631K->493560K(2333760K), 0.0673020 secs]
49.588: [GC 2297255K->495937K(2337856K), 0.0637490 secs]
50.468: [GC 2295342K->495205K(2338752K), 0.0653490 secs]
51.396: [GC 2294702K->500690K(2337280K), 0.1114420 secs]
52.350: [GC 2299237K->509743K(2335232K), 0.0798670 secs]
53.241: [GC 2308966K->511761K(2333312K), 0.0639860 secs]
54.073: [GC 2303352K->512279K(2334272K), 0.0696970 secs]
54.929: [GC 2303474K->512516K(2331520K), 0.0848640 secs]
55.838: [GC 2303319K->519168K(2332928K), 0.0757250 secs]
56.659: [GC 2311169K->519304K(2334272K), 0.0737570 secs]
57.481: [GC 2314881K->533123K(2335488K), 0.1294650 secs]
57.611: [Full GC 533123K->237588K(2355008K), 0.6337520 secs]
58.984: [GC 2032862K->260508K(2325696K), 0.0147330 secs]
59.799: [GC 2025372K->273097K(2240448K), 0.0217810 secs]
60.647: [GC 2036304K->281844K(2327040K), 0.0403030 secs]
61.562: [GC 2026206K->292925K(2330176K), 0.0328440 secs]
62.479: [GC 2036320K->301830K(2324480K), 0.0384610 secs]
