0.541: [GC 95424K->59869K(365760K), 0.0782790 secs]
0.716: [GC 155293K->119805K(461184K), 0.1015960 secs]
1.418: [GC 310419K->164581K(461184K), 0.0468210 secs]
2.114: [GC 355003K->167759K(652032K), 0.0183510 secs]
3.591: [GC 548754K->174195K(652032K), 0.0129960 secs]
4.922: [GC 554671K->177647K(1108864K), 0.0247210 secs]
7.397: [GC 940812K->184431K(1108992K), 0.0292980 secs]
9.636: [GC 947562K->189471K(1865280K), 0.0112390 secs]
14.323: [GC 1714906K->204308K(1867648K), 0.0130250 secs]
18.991: [GC 1731092K->215725K(2198208K), 0.0176130 secs]
24.985: [GC 2082989K->231344K(2200000K), 0.0207210 secs]
25.022: [Full GC 231344K->177677K(2317504K), 0.4896850 secs]
31.218: [GC 2043867K->200907K(2324928K), 0.0081860 secs]
37.049: [GC 2081148K->218040K(2327360K), 0.0150120 secs]
42.819: [GC 2096693K->233292K(2328192K), 0.0143140 secs]
48.695: [GC 2120304K->251348K(2330560K), 0.0144140 secs]
54.560: [GC 2138425K->263319K(2329600K), 0.0173440 secs]
60.457: [GC 2150700K->277081K(2327680K), 0.0196630 secs]
