0.537: [GC 95424K->59890K(365760K), 0.0863230 secs]
0.707: [GC 155314K->119830K(461184K), 0.0959760 secs]
1.213: [GC 310324K->164352K(461184K), 0.0520600 secs]
1.686: [GC 354814K->167677K(652032K), 0.0134080 secs]
2.581: [GC 549373K->174371K(652032K), 0.0142030 secs]
3.434: [GC 554732K->178282K(1108544K), 0.0618540 secs]
5.146: [GC 941241K->185089K(1108800K), 0.0275390 secs]
6.819: [GC 948125K->191552K(1864576K), 0.0140070 secs]
10.159: [GC 1718336K->204314K(1867200K), 0.0159700 secs]
13.455: [GC 1730274K->217733K(2198016K), 0.0179580 secs]
17.618: [GC 2084117K->231515K(2200512K), 0.0212210 secs]
17.639: [Full GC 231515K->177372K(2318720K), 0.4883460 secs]
22.219: [GC 2045009K->200642K(2325056K), 0.0701500 secs]
26.439: [GC 2081090K->217527K(2328000K), 0.0335630 secs]
30.460: [GC 2096289K->230816K(2328512K), 0.0434130 secs]
34.560: [GC 2118560K->244430K(2331584K), 0.0479290 secs]
38.497: [GC 2131255K->252703K(2336960K), 0.0180300 secs]
42.613: [GC 2147266K->266966K(2326016K), 0.0177670 secs]
46.734: [GC 2161313K->281071K(2315712K), 0.0210430 secs]
50.977: [GC 2150127K->287353K(2319360K), 0.0218390 secs]
55.043: [GC 2156409K->300434K(2285952K), 0.0256000 secs]
58.900: [GC 2123431K->314993K(2286016K), 0.0308090 secs]
