1.166: [GC 94788K->30509K(365760K), 0.0467640 secs]
1.372: [GC 125933K->63146K(461184K), 0.0515920 secs]
1.718: [GC 253994K->130933K(461184K), 0.0799480 secs]
2.076: [GC 321781K->193528K(652032K), 0.1137160 secs]
2.190: [Full GC 193528K->193481K(821760K), 0.5535050 secs]
3.296: [GC 575177K->224821K(821760K), 0.0253560 secs]
3.555: [GC 606517K->227881K(1040576K), 0.0127560 secs]
3.826: [GC 755006K->230805K(1056320K), 0.0165530 secs]
4.089: [GC 759765K->237146K(1244544K), 0.0533720 secs]
4.481: [GC 955994K->239142K(1241088K), 0.0347540 secs]
4.821: [GC 957990K->239596K(1362240K), 0.0187160 secs]
5.238: [GC 1103852K->247242K(1379328K), 0.0233760 secs]
5.672: [GC 1111498K->251804K(1538944K), 0.0611030 secs]
6.215: [GC 1280348K->257710K(1535360K), 0.0666750 secs]
6.720: [GC 1286254K->264708K(1743296K), 0.0481290 secs]
7.317: [GC 1502340K->264543K(1744576K), 0.0336080 secs]
7.914: [GC 1502175K->268317K(1952384K), 0.0363030 secs]
8.637: [GC 1723805K->274455K(1964928K), 0.0352400 secs]
9.393: [GC 1728906K->280533K(2121152K), 0.0759440 secs]
10.280: [GC 1888853K->290168K(2125952K), 0.0414910 secs]
11.226: [GC 1898488K->293239K(2283520K), 0.0426490 secs]
12.281: [GC 2058487K->300855K(2292864K), 0.0357790 secs]
13.382: [GC 2065719K->311525K(2339456K), 0.0458670 secs]
14.322: [GC 2119141K->316770K(2324096K), 0.0482540 secs]
15.309: [GC 2124386K->321345K(2328128K), 0.0487290 secs]
16.261: [GC 2104897K->324615K(2304064K), 0.0870360 secs]
17.238: [GC 2108167K->324272K(2324544K), 0.0575450 secs]
18.190: [GC 2093616K->334579K(2293888K), 0.0601430 secs]
19.145: [GC 2103923K->339390K(2314688K), 0.0590050 secs]
20.107: [GC 2092350K->341351K(2279232K), 0.0609980 secs]
21.101: [GC 2094311K->347021K(2309568K), 0.0650500 secs]
22.163: [GC 2088333K->354973K(2275648K), 0.0658900 secs]
23.524: [GC 2096285K->358340K(2303360K), 0.0676620 secs]
24.679: [GC 2086596K->364133K(2265536K), 0.0702880 secs]
25.677: [GC 2092389K->370457K(2299008K), 0.0706050 secs]
26.671: [GC 2088857K->373004K(2254784K), 0.0705910 secs]
27.631: [GC 2091404K->379239K(2299776K), 0.0686980 secs]
28.579: [GC 2095021K->380227K(2247744K), 0.0685160 secs]
29.683: [GC 2096579K->384328K(2301056K), 0.0683420 secs]
30.898: [GC 2103880K->388403K(2298304K), 0.0661130 secs]
32.300: [GC 2107955K->398378K(2299712K), 0.0702030 secs]
33.709: [GC 2121770K->400095K(2300160K), 0.0724300 secs]
35.081: [GC 2123487K->408437K(2307072K), 0.0721220 secs]
36.512: [GC 2138997K->402018K(2260352K), 0.0702740 secs]
37.858: [GC 2132578K->412525K(2304512K), 0.0722750 secs]
39.195: [GC 2144493K->420733K(2303360K), 0.0752360 secs]
40.809: [GC 2152701K->426486K(2312320K), 0.0772210 secs]
42.475: [GC 2166966K->437583K(2287360K), 0.0797010 secs]
44.159: [GC 2178063K->444188K(2306368K), 0.0816660 secs]
45.886: [GC 2177308K->451992K(2287808K), 0.0862480 secs]
47.509: [GC 2185112K->465177K(2291392K), 0.0901900 secs]
49.068: [GC 2177689K->467636K(2278400K), 0.0914220 secs]
50.572: [GC 2179614K->466537K(2288192K), 0.0899240 secs]
52.200: [GC 2163391K->474321K(2263808K), 0.0922150 secs]
53.852: [GC 2171601K->478144K(2281472K), 0.0915870 secs]
55.330: [GC 2162880K->484589K(2257856K), 0.0944210 secs]
56.562: [GC 2169325K->488243K(2273536K), 0.0942780 secs]
57.956: [GC 2158131K->489592K(2244096K), 0.0950950 secs]
59.389: [GC 2159480K->493324K(2271424K), 0.0956590 secs]
60.795: [GC 2155276K->500241K(2238592K), 0.0965420 secs]
62.231: [GC 2162193K->506987K(2267648K), 0.0984690 secs]
