0.529: [GC 95424K->59869K(365760K), 0.0828160 secs]
0.695: [GC 155293K->119789K(461184K), 0.1203350 secs]
1.189: [GC 310619K->164290K(461184K), 0.0578530 secs]
1.533: [GC 354989K->168797K(652032K), 0.0333600 secs]
2.404: [GC 548920K->178715K(652032K), 0.0510080 secs]
3.177: [GC 559844K->185376K(1107200K), 0.0104350 secs]
4.776: [GC 948202K->197457K(1107584K), 0.0228030 secs]
6.278: [GC 959762K->209332K(1858048K), 0.0149830 secs]
9.549: [GC 1735865K->236877K(1862656K), 0.0260530 secs]
12.545: [GC 1761732K->253978K(2200384K), 0.0264830 secs]
16.261: [GC 2114573K->280475K(2157632K), 0.0375390 secs]
16.299: [Full GC 280475K->177268K(2280768K), 0.4828480 secs]
20.313: [GC 2038046K->212627K(2326848K), 0.0195190 secs]
23.874: [GC 2077438K->236491K(2324800K), 0.0786310 secs]
27.501: [GC 2101397K->263751K(2328704K), 0.0292240 secs]
31.092: [GC 2135930K->288267K(2326976K), 0.0663030 secs]
34.677: [GC 2160277K->302212K(2316032K), 0.0660690 secs]
38.365: [GC 2159748K->316598K(2324224K), 0.0403540 secs]
41.862: [GC 2173114K->334490K(2291712K), 0.0398050 secs]
45.357: [GC 2158852K->351017K(2296960K), 0.0642710 secs]
48.870: [GC 2175043K->362662K(2275136K), 0.0328710 secs]
52.300: [GC 2144561K->373901K(2277568K), 0.0353700 secs]
55.690: [GC 2154735K->382485K(2241472K), 0.0562320 secs]
59.044: [GC 2110613K->393294K(2242304K), 0.0379600 secs]
