0.527: [GC 95424K->59882K(365760K), 0.1084660 secs]
0.717: [GC 155306K->119818K(461184K), 0.0764920 secs]
1.112: [GC 308740K->163808K(461184K), 0.0493420 secs]
1.414: [GC 353664K->168798K(652032K), 0.0913610 secs]
2.119: [GC 549863K->177943K(652032K), 0.0223050 secs]
2.640: [GC 558012K->183783K(1107584K), 0.0091440 secs]
3.761: [GC 946565K->194280K(1107840K), 0.0119880 secs]
4.804: [GC 957211K->203867K(1860416K), 0.0126110 secs]
7.141: [GC 1730427K->225335K(1864256K), 0.0215290 secs]
9.353: [GC 1750188K->244610K(2206336K), 0.0226970 secs]
12.154: [GC 2113134K->266826K(2160640K), 0.0313790 secs]
12.186: [Full GC 266826K->176143K(2289216K), 0.5722510 secs]
15.427: [GC 2045218K->216008K(2337984K), 0.0151440 secs]
18.088: [GC 2091329K->234818K(2334656K), 0.0187660 secs]
20.769: [GC 2109606K->255177K(2320704K), 0.0236840 secs]
23.469: [GC 2112779K->270300K(2301696K), 0.0339130 secs]
26.205: [GC 2127791K->288828K(2315648K), 0.0238130 secs]
28.911: [GC 2131786K->300378K(2316672K), 0.0258400 secs]
31.484: [GC 2142189K->313969K(2283648K), 0.0300910 secs]
34.070: [GC 2111760K->321120K(2260480K), 0.0363790 secs]
36.646: [GC 2118582K->337584K(2286016K), 0.0273560 secs]
39.267: [GC 2119472K->347397K(2271552K), 0.0294150 secs]
41.879: [GC 2130531K->361309K(2260224K), 0.0334530 secs]
44.354: [GC 2103451K->368830K(2252032K), 0.0350040 secs]
46.964: [GC 2109804K->379554K(2233088K), 0.0377290 secs]
49.444: [GC 2069104K->387048K(2219136K), 0.0395540 secs]
51.894: [GC 2077863K->392432K(2208512K), 0.0405200 secs]
54.307: [GC 2032047K->394249K(2175040K), 0.0410700 secs]
56.707: [GC 2033010K->399715K(2191168K), 0.0421470 secs]
59.022: [GC 1997876K->399123K(2139968K), 0.0425320 secs]
