1.168: [GC 94828K->30509K(365760K), 0.0578240 secs]
1.382: [GC 125933K->63170K(461184K), 0.0545280 secs]
1.729: [GC 254018K->133733K(461184K), 0.2133930 secs]
2.219: [GC 324581K->196312K(652032K), 0.1884910 secs]
2.408: [Full GC 196312K->196270K(816000K), 0.5646150 secs]
3.624: [GC 577241K->231051K(816000K), 0.0435820 secs]
3.933: [GC 610885K->240721K(1068736K), 0.0166310 secs]
4.333: [GC 808017K->248751K(1088320K), 0.0191450 secs]
4.727: [GC 815332K->259280K(1277888K), 0.0244010 secs]
5.268: [GC 1051856K->269306K(1304960K), 0.0309980 secs]
5.811: [GC 1061882K->280210K(1453952K), 0.0339040 secs]
6.523: [GC 1232133K->292827K(1464320K), 0.0407730 secs]
7.219: [GC 1244430K->303777K(1640384K), 0.0460540 secs]
8.062: [GC 1426657K->311762K(1648960K), 0.0510050 secs]
8.918: [GC 1433851K->321900K(1839488K), 0.0558460 secs]
9.905: [GC 1625243K->336049K(1850944K), 0.0628510 secs]
10.870: [GC 1639588K->345919K(2062080K), 0.0688570 secs]
11.951: [GC 1846577K->354152K(2077056K), 0.0717620 secs]
13.027: [GC 1854824K->363860K(2237376K), 0.0779220 secs]
14.217: [GC 2009940K->371008K(2220352K), 0.0782180 secs]
15.417: [GC 2016113K->378724K(2227712K), 0.0827890 secs]
16.668: [GC 1985124K->381922K(2183168K), 0.0794670 secs]
17.763: [GC 1987466K->386216K(2214080K), 0.0827430 secs]
18.833: [GC 1957672K->396465K(2157632K), 0.0853630 secs]
19.926: [GC 1966713K->395294K(2205952K), 0.0843250 secs]
21.062: [GC 1941847K->399114K(2128256K), 0.0829780 secs]
22.197: [GC 1946112K->400734K(2206336K), 0.0814130 secs]
23.354: [GC 1941622K->407640K(2122816K), 0.0841460 secs]
24.518: [GC 1948546K->406701K(2208640K), 0.0855430 secs]
25.708: [GC 1948973K->412308K(2119680K), 0.0831020 secs]
26.888: [GC 1954580K->419174K(2205568K), 0.0838440 secs]
28.104: [GC 1963302K->421089K(2203712K), 0.0852300 secs]
29.285: [GC 1964722K->423045K(2209536K), 0.0849000 secs]
30.526: [GC 1978053K->427996K(2208256K), 0.0839870 secs]
31.734: [GC 1982297K->426529K(2212928K), 0.0829290 secs]
32.966: [GC 1995587K->431228K(2213760K), 0.0847570 secs]
34.230: [GC 2000764K->437307K(2224448K), 0.0851060 secs]
35.526: [GC 2026030K->442829K(2224064K), 0.0841880 secs]
36.747: [GC 2031693K->449705K(2235264K), 0.0834650 secs]
38.003: [GC 2052905K->449720K(2233856K), 0.0839350 secs]
39.184: [GC 2052920K->448652K(2238400K), 0.0823640 secs]
40.426: [GC 2061465K->454524K(2238016K), 0.0869910 secs]
41.677: [GC 2067900K->458098K(2245504K), 0.0901010 secs]
42.963: [GC 2083442K->464584K(2245120K), 0.0884830 secs]
44.274: [GC 2089923K->469058K(2251968K), 0.0884260 secs]
45.589: [GC 2102530K->471125K(2251392K), 0.0869800 secs]
46.857: [GC 2102813K->475103K(2252736K), 0.0894150 secs]
48.173: [GC 2112078K->475038K(2252864K), 0.0845560 secs]
49.452: [GC 2112862K->484187K(2255488K), 0.0883070 secs]
50.731: [GC 2126431K->481076K(2255040K), 0.0922590 secs]
51.959: [GC 2124148K->487344K(2258880K), 0.0910170 secs]
53.176: [GC 2137136K->488745K(2257280K), 0.0876340 secs]
54.393: [GC 2138537K->494503K(2262272K), 0.0884720 secs]
55.535: [GC 2150619K->494112K(2261952K), 0.0852370 secs]
56.683: [GC 2150432K->495916K(2264640K), 0.0852870 secs]
57.930: [GC 2158818K->508884K(2263936K), 0.0904570 secs]
59.199: [GC 2172180K->510423K(2270720K), 0.0902910 secs]
60.437: [GC 2178932K->514992K(2254144K), 0.0885310 secs]
61.668: [GC 2183792K->515879K(2272576K), 0.0870440 secs]
62.895: [GC 2186791K->520272K(2253440K), 0.0872240 secs]
