0.533: [GC 95424K->59885K(365760K), 0.0912360 secs]
0.707: [GC 155309K->119817K(461184K), 0.0919860 secs]
1.152: [GC 310424K->168582K(461184K), 0.0888530 secs]
1.470: [GC 359430K->170047K(652032K), 0.0186420 secs]
2.007: [GC 550167K->176266K(652032K), 0.0131100 secs]
2.505: [GC 557074K->177746K(1109248K), 0.0116780 secs]
3.652: [GC 938999K->183731K(1109696K), 0.0184700 secs]
4.628: [GC 945790K->191010K(1866112K), 0.0122560 secs]
6.882: [GC 1715445K->210712K(1868352K), 0.0470300 secs]
9.024: [GC 1736389K->227577K(2200320K), 0.0277120 secs]
11.485: [GC 2088794K->242564K(2199360K), 0.0260880 secs]
11.512: [Full GC 242564K->179840K(2332480K), 0.5773520 secs]
14.311: [GC 2040991K->204190K(2338624K), 0.0190400 secs]
16.780: [GC 2074903K->221998K(2336960K), 0.0178300 secs]
19.061: [GC 2093513K->241441K(2337408K), 0.0322710 secs]
21.352: [GC 2115990K->251052K(2333760K), 0.0387670 secs]
23.665: [GC 2124238K->268720K(2310528K), 0.0332580 secs]
26.025: [GC 2103254K->280959K(2305408K), 0.0343170 secs]
28.230: [GC 2114483K->284760K(2300544K), 0.0268250 secs]
30.503: [GC 2088759K->293930K(2288192K), 0.0479200 secs]
32.733: [GC 2097491K->297425K(2282112K), 0.0376480 secs]
34.894: [GC 2065910K->302408K(2261760K), 0.0291320 secs]
36.997: [GC 2070761K->315379K(2259968K), 0.0514310 secs]
39.134: [GC 2044840K->316442K(2236992K), 0.1079550 secs]
41.224: [GC 2047608K->323167K(2243328K), 0.0522150 secs]
43.273: [GC 2016803K->331628K(2215296K), 0.0368100 secs]
45.266: [GC 2025509K->332365K(2226112K), 0.0367750 secs]
47.268: [GC 1988512K->337529K(2184320K), 0.0372780 secs]
49.427: [GC 1994260K->344185K(2209664K), 0.0383780 secs]
51.466: [GC 1967779K->348073K(2158720K), 0.0398100 secs]
53.602: [GC 1971866K->345846K(2206720K), 0.0378210 secs]
55.600: [GC 1953334K->349793K(2133504K), 0.0385600 secs]
57.751: [GC 1955809K->350430K(2210624K), 0.0371970 secs]
59.796: [GC 1958378K->356386K(2134528K), 0.0390100 secs]
