0.542: [GC 95424K->59890K(365760K), 0.1190940 secs]
0.747: [GC 155314K->119802K(461184K), 0.0902670 secs]
1.148: [GC 310579K->166821K(461184K), 0.0388880 secs]
1.442: [GC 357203K->173602K(652032K), 0.0329760 secs]
1.958: [GC 555269K->178829K(652032K), 0.0576770 secs]
2.462: [GC 559863K->185351K(1108096K), 0.0162060 secs]
3.416: [GC 947871K->191481K(1108608K), 0.0590240 secs]
4.357: [GC 953517K->202161K(1862848K), 0.0580970 secs]
6.377: [GC 1727517K->221670K(1866304K), 0.0527100 secs]
8.167: [GC 1747595K->235298K(2199616K), 0.0316710 secs]
10.365: [GC 2102448K->252936K(2203008K), 0.0319720 secs]
10.397: [Full GC 252936K->178672K(2327744K), 0.4836180 secs]
12.981: [GC 2044888K->207728K(2328640K), 0.0934930 secs]
15.246: [GC 2082895K->238743K(2332224K), 0.0247840 secs]
17.453: [GC 2113038K->252897K(2333632K), 0.0357460 secs]
19.663: [GC 2137565K->276117K(2335680K), 0.0195790 secs]
21.844: [GC 2159647K->291855K(2325056K), 0.0256910 secs]
24.021: [GC 2163268K->302384K(2332032K), 0.0271280 secs]
26.196: [GC 2173591K->316870K(2286592K), 0.0466030 secs]
28.316: [GC 2140287K->331286K(2287872K), 0.0299190 secs]
30.405: [GC 2154738K->340974K(2285440K), 0.0271360 secs]
32.475: [GC 2134862K->358578K(2284672K), 0.0320870 secs]
34.503: [GC 2152335K->367197K(2249728K), 0.0341130 secs]
36.507: [GC 2106673K->378322K(2250688K), 0.0366180 secs]
38.492: [GC 2118428K->383703K(2224768K), 0.0365760 secs]
40.423: [GC 2066125K->390246K(2205248K), 0.0392480 secs]
42.349: [GC 2072279K->393668K(2202432K), 0.0397040 secs]
44.263: [GC 2026631K->402927K(2168640K), 0.0461700 secs]
46.145: [GC 2034835K->405781K(2181056K), 0.0525420 secs]
47.996: [GC 1994135K->405283K(2125952K), 0.0581110 secs]
49.842: [GC 1993564K->411779K(2168192K), 0.0444520 secs]
51.649: [GC 1968981K->410875K(2097920K), 0.0443300 secs]
53.422: [GC 1966998K->414546K(2167168K), 0.0437230 secs]
55.207: [GC 1958508K->412471K(2169536K), 0.0604570 secs]
57.018: [GC 1956287K->415299K(2164160K), 0.0492030 secs]
58.813: [GC 1962275K->417034K(2166848K), 0.0470980 secs]
60.586: [GC 1962651K->423242K(2170304K), 0.0437640 secs]
