1.166: [GC 95424K->31588K(365760K), 0.0637540 secs]
1.385: [GC 127012K->64824K(461184K), 0.0773470 secs]
1.759: [GC 255672K->135423K(461184K), 0.1151050 secs]
2.153: [GC 326271K->198026K(652032K), 0.1395930 secs]
2.292: [Full GC 198026K->198010K(820736K), 0.5512500 secs]
3.464: [GC 578827K->235165K(820736K), 0.0308640 secs]
3.742: [GC 616861K->243502K(1059904K), 0.0134270 secs]
4.071: [GC 796310K->259318K(1078592K), 0.0220920 secs]
4.415: [GC 811362K->259119K(1258048K), 0.0237010 secs]
4.834: [GC 1020975K->266071K(1279104K), 0.0242460 secs]
5.245: [GC 1026229K->272027K(1403712K), 0.0233990 secs]
5.772: [GC 1178573K->275788K(1418240K), 0.0343290 secs]
6.262: [GC 1183661K->279150K(1565632K), 0.0290600 secs]
6.797: [GC 1343506K->290035K(1574016K), 0.0345500 secs]
7.317: [GC 1353332K->306488K(1746240K), 0.0376340 secs]
7.963: [GC 1538831K->309538K(1755264K), 0.0409070 secs]
8.604: [GC 1541214K->314359K(1953728K), 0.0425870 secs]
9.339: [GC 1737093K->320971K(1962048K), 0.0453920 secs]
10.089: [GC 1742152K->323127K(2110464K), 0.0471780 secs]
10.882: [GC 1885230K->329443K(2118336K), 0.0541470 secs]
11.682: [GC 1890724K->341129K(2279168K), 0.0539000 secs]
12.585: [GC 2054217K->342860K(2286720K), 0.0497950 secs]
13.474: [GC 2056302K->345917K(2298880K), 0.0478120 secs]
14.358: [GC 2066362K->359365K(2265664K), 0.0529300 secs]
15.267: [GC 2080001K->364000K(2284928K), 0.0548400 secs]
16.121: [GC 2061498K->363905K(2242240K), 0.0535800 secs]
16.982: [GC 2060949K->368929K(2282816K), 0.0545460 secs]
17.847: [GC 2056146K->372170K(2232384K), 0.0560530 secs]
18.791: [GC 2060301K->379795K(2280384K), 0.0568310 secs]
19.663: [GC 2061028K->386861K(2230400K), 0.0597630 secs]
20.517: [GC 2068226K->390740K(2281024K), 0.0580770 secs]
21.422: [GC 2069124K->393030K(2225792K), 0.0585110 secs]
22.292: [GC 2071953K->404667K(2279040K), 0.0634370 secs]
23.165: [GC 2083450K->414899K(2239488K), 0.0610290 secs]
24.027: [GC 2092675K->419782K(2272448K), 0.0654220 secs]
24.899: [GC 2087246K->425475K(2234048K), 0.0631650 secs]
25.771: [GC 2092154K->420180K(2272832K), 0.0639420 secs]
26.674: [GC 2081927K->428042K(2223360K), 0.0630110 secs]
27.519: [GC 2089162K->423307K(2275904K), 0.0613300 secs]
28.385: [GC 2090123K->432278K(2221376K), 0.0616450 secs]
29.255: [GC 2097265K->438741K(2271936K), 0.0616570 secs]
30.177: [GC 2108053K->439682K(2270400K), 0.0612040 secs]
31.131: [GC 2108306K->443389K(2278848K), 0.0615090 secs]
32.003: [GC 2122569K->447513K(2277376K), 0.0628890 secs]
32.903: [GC 2126345K->452497K(2283520K), 0.0638790 secs]
33.766: [GC 2139931K->457131K(2281792K), 0.0642130 secs]
34.712: [GC 2145398K->467881K(2286400K), 0.0653390 secs]
35.565: [GC 2162008K->469285K(2286080K), 0.0645420 secs]
36.477: [GC 2163637K->466742K(2287232K), 0.0616830 secs]
37.360: [GC 2167487K->469844K(2287616K), 0.0611400 secs]
38.314: [GC 2170122K->476263K(2292992K), 0.0609470 secs]
39.212: [GC 2187852K->483011K(2293312K), 0.0617660 secs]
40.091: [GC 2195030K->482732K(2297984K), 0.0596310 secs]
40.983: [GC 2204164K->497810K(2299392K), 0.0666590 secs]
41.910: [GC 2220543K->497479K(2304768K), 0.0639470 secs]
42.807: [GC 2222517K->497258K(2280640K), 0.0625910 secs]
43.721: [GC 2223914K->494854K(2302656K), 0.0586860 secs]
44.596: [GC 2222534K->501348K(2301632K), 0.0595070 secs]
45.470: [GC 2229003K->511740K(2306688K), 0.0605150 secs]
46.371: [GC 2245730K->513967K(2305600K), 0.0613470 secs]
47.266: [GC 2246836K->515184K(2309184K), 0.0608090 secs]
48.154: [GC 2254277K->517306K(2308416K), 0.0592120 secs]
49.051: [GC 2255574K->525100K(2311488K), 0.0596300 secs]
49.926: [GC 2269676K->531032K(2311872K), 0.0604730 secs]
50.807: [GC 2274194K->536496K(2313408K), 0.0616790 secs]
51.725: [GC 2283544K->539480K(2313536K), 0.0600790 secs]
52.620: [GC 2287462K->543933K(2316480K), 0.0632480 secs]
53.520: [GC 2296803K->552976K(2316224K), 0.0643460 secs]
53.584: [Full GC 552976K->219809K(2339584K), 0.7162140 secs]
55.153: [GC 1973043K->242236K(2307648K), 0.0204090 secs]
55.978: [GC 1961301K->263559K(2210624K), 0.0240760 secs]
56.808: [GC 1983879K->269448K(2306048K), 0.0397170 secs]
57.663: [GC 1962083K->277153K(2196928K), 0.0358480 secs]
58.542: [GC 1969232K->295463K(2312640K), 0.0316110 secs]
59.412: [GC 1988147K->294086K(2214208K), 0.0366210 secs]
60.211: [GC 1986514K->306051K(2311808K), 0.0396350 secs]
61.074: [GC 2003833K->317561K(2306240K), 0.0457800 secs]
61.900: [GC 2015618K->322015K(2313792K), 0.0468410 secs]
62.729: [GC 2033173K->322292K(2310528K), 0.0462360 secs]
