0.540: [GC 95424K->59877K(365760K), 0.0797530 secs]
0.705: [GC 155301K->119801K(461184K), 0.0848730 secs]
1.289: [GC 310245K->164063K(461184K), 0.0407040 secs]
1.823: [GC 353037K->166720K(652032K), 0.0103690 secs]
2.780: [GC 548416K->175317K(652032K), 0.0113280 secs]
3.937: [GC 555197K->181956K(1107136K), 0.0086870 secs]
6.376: [GC 944794K->191417K(1107840K), 0.0124150 secs]
8.734: [GC 954302K->202245K(1859712K), 0.0130270 secs]
13.280: [GC 1727196K->218463K(1863808K), 0.0164260 secs]
17.908: [GC 1744195K->231705K(2200320K), 0.0199030 secs]
17.928: [Full GC 231705K->176212K(2318656K), 0.4984350 secs]
24.290: [GC 2048739K->199765K(2322816K), 0.0085470 secs]
29.978: [GC 2072741K->215566K(2329920K), 0.0153620 secs]
35.682: [GC 2099150K->229231K(2331328K), 0.0125180 secs]
41.396: [GC 2111174K->247958K(2328384K), 0.0170910 secs]
47.401: [GC 2131708K->268562K(2331456K), 0.0228310 secs]
53.374: [GC 2152722K->279014K(2310720K), 0.0279970 secs]
58.989: [GC 2139849K->294887K(2311808K), 0.0227140 secs]
