0.540: [GC 95424K->59898K(365760K), 0.0812400 secs]
0.704: [GC 155322K->119826K(461184K), 0.1023480 secs]
1.276: [GC 310472K->164397K(461184K), 0.0577730 secs]
1.809: [GC 355210K->167996K(652032K), 0.0126430 secs]
2.835: [GC 547822K->175937K(652032K), 0.0517210 secs]
3.816: [GC 557182K->181795K(1107648K), 0.0196460 secs]
5.662: [GC 944116K->190721K(1108160K), 0.0294070 secs]
7.364: [GC 953347K->197286K(1862592K), 0.0173540 secs]
10.835: [GC 1724070K->214018K(1865600K), 0.0520020 secs]
14.041: [GC 1739141K->227439K(2199808K), 0.0250130 secs]
18.521: [GC 2098991K->242911K(2202048K), 0.0445150 secs]
18.566: [Full GC 242911K->177022K(2319168K), 0.4937180 secs]
23.166: [GC 2048247K->194564K(2330048K), 0.0084600 secs]
27.552: [GC 2077768K->211487K(2331136K), 0.0469010 secs]
31.961: [GC 2096095K->227382K(2328384K), 0.0253620 secs]
36.464: [GC 2113561K->252604K(2330304K), 0.0176480 secs]
41.109: [GC 2139644K->267881K(2319936K), 0.0733280 secs]
45.458: [GC 2141711K->277787K(2320448K), 0.0224570 secs]
49.776: [GC 2152603K->292441K(2289856K), 0.0310290 secs]
54.254: [GC 2123865K->301932K(2275264K), 0.0509170 secs]
58.501: [GC 2132563K->313046K(2287040K), 0.0876830 secs]
