1.164: [GC 94799K->30509K(365760K), 0.0512120 secs]
1.378: [GC 125933K->63154K(461184K), 0.0483360 secs]
1.744: [GC 254002K->133649K(461184K), 0.1304750 secs]
2.173: [GC 324497K->196244K(652032K), 0.1286270 secs]
2.302: [Full GC 196244K->196211K(819136K), 0.4578330 secs]
3.429: [GC 577907K->226067K(819136K), 0.0237660 secs]
3.733: [GC 606413K->229531K(1073216K), 0.0243370 secs]
4.166: [GC 789019K->229957K(1085888K), 0.0113890 secs]
4.557: [GC 789445K->232949K(1256640K), 0.0133430 secs]
5.140: [GC 995765K->237573K(1285184K), 0.0138920 secs]
5.788: [GC 1000389K->244577K(1380352K), 0.0148390 secs]
6.532: [GC 1133921K->250130K(1403456K), 0.0679500 secs]
7.270: [GC 1139474K->257159K(1529024K), 0.0302850 secs]
8.081: [GC 1292295K->265266K(1541824K), 0.0672120 secs]
8.869: [GC 1300402K->268411K(1690688K), 0.0247700 secs]
9.721: [GC 1464827K->273074K(1705600K), 0.0203200 secs]
10.598: [GC 1469490K->281125K(1850816K), 0.0221700 secs]
11.524: [GC 1626533K->289153K(1862144K), 0.0249910 secs]
12.447: [GC 1634561K->290836K(1964800K), 0.0241950 secs]
13.451: [GC 1732180K->295377K(1970624K), 0.0246960 secs]
14.417: [GC 1736721K->295148K(2067008K), 0.0269930 secs]
15.432: [GC 1829164K->299526K(2069824K), 0.0223950 secs]
16.526: [GC 1833542K->307354K(2159040K), 0.0253920 secs]
17.737: [GC 1929370K->311891K(2162432K), 0.0251930 secs]
18.894: [GC 1933907K->314902K(2250944K), 0.0270340 secs]
20.179: [GC 2021974K->319064K(2253824K), 0.0261860 secs]
21.514: [GC 2026136K->324998K(2317696K), 0.0260460 secs]
22.910: [GC 2094214K->328710K(2319616K), 0.0265380 secs]
24.430: [GC 2097926K->332235K(2328000K), 0.0252220 secs]
26.069: [GC 2109067K->340406K(2292224K), 0.0253950 secs]
27.731: [GC 2117238K->348623K(2319744K), 0.0275480 secs]
29.255: [GC 2116047K->351630K(2288320K), 0.0284970 secs]
30.769: [GC 2119054K->356545K(2318016K), 0.0281810 secs]
32.341: [GC 2116929K->364770K(2287104K), 0.0290380 secs]
33.960: [GC 2125154K->370633K(2311488K), 0.0302820 secs]
35.752: [GC 2120265K->380018K(2284992K), 0.0318530 secs]
37.562: [GC 2129650K->379077K(2306496K), 0.0304520 secs]
39.303: [GC 2116805K->389399K(2275840K), 0.0335330 secs]
40.827: [GC 2127127K->400391K(2294016K), 0.0343320 secs]
42.375: [GC 2119683K->407945K(2270272K), 0.0347970 secs]
43.907: [GC 2128137K->406852K(2289792K), 0.0357710 secs]
45.521: [GC 2111940K->413870K(2254784K), 0.0344540 secs]
47.298: [GC 2118958K->414405K(2286848K), 0.0361050 secs]
49.155: [GC 2111301K->423028K(2249856K), 0.0378650 secs]
50.940: [GC 2119924K->429123K(2279872K), 0.0379230 secs]
52.852: [GC 2115395K->434848K(2244224K), 0.0384650 secs]
54.676: [GC 2121120K->439011K(2275712K), 0.0374330 secs]
56.024: [GC 2115811K->444276K(2238912K), 0.0380980 secs]
57.540: [GC 2121076K->447984K(2272320K), 0.0403990 secs]
59.019: [GC 2116415K->454843K(2233408K), 0.0426810 secs]
60.392: [GC 2123707K->455995K(2270976K), 0.0392100 secs]
61.476: [GC 2120251K->456294K(2222912K), 0.0380890 secs]
62.606: [GC 2120550K->456684K(2275008K), 0.0360210 secs]
