0.536: [GC 95424K->60484K(365760K), 0.1137260 secs]
0.737: [GC 155908K->121713K(461184K), 0.0947700 secs]
0.946: [GC 312561K->172630K(461184K), 0.0499160 secs]
1.595: [GC 363268K->172702K(652032K), 0.0150040 secs]
3.231: [GC 554398K->180711K(652032K), 0.0355180 secs]
4.538: [GC 560649K->182072K(1110336K), 0.0141930 secs]
7.470: [GC 944665K->182634K(1110976K), 0.0223920 secs]
11.015: [GC 943677K->184490K(1873472K), 0.0231250 secs]
18.200: [GC 1709589K->187062K(1873600K), 0.0080780 secs]
25.665: [GC 1710816K->187407K(2193984K), 0.0045390 secs]
34.076: [GC 2036242K->186155K(2194624K), 0.0073750 secs]
44.000: [GC 2033907K->188701K(2195584K), 0.0082660 secs]
53.429: [GC 2043371K->192715K(2197056K), 0.0054040 secs]
