0.538: [GC 95424K->60468K(365760K), 0.0904680 secs]
0.718: [GC 155892K->122641K(461184K), 0.1177370 secs]
0.971: [GC 313489K->173837K(461184K), 0.0567590 secs]
1.457: [GC 363405K->174083K(652032K), 0.0112330 secs]
2.396: [GC 554094K->182993K(652032K), 0.0270930 secs]
3.246: [GC 563193K->184471K(1111040K), 0.0146290 secs]
4.766: [GC 946651K->184699K(1111680K), 0.0121320 secs]
6.091: [GC 947451K->184580K(1873920K), 0.0069200 secs]
9.411: [GC 1709630K->189739K(1874304K), 0.0063540 secs]
12.005: [GC 1714859K->187892K(2193536K), 0.0041320 secs]
16.426: [GC 2034506K->191943K(2193920K), 0.0049700 secs]
20.383: [GC 2039751K->192467K(2195456K), 0.0052410 secs]
24.290: [GC 2047187K->194029K(2196032K), 0.0052080 secs]
28.249: [GC 2048749K->196134K(2199168K), 0.0061450 secs]
32.143: [GC 2060283K->200028K(2200128K), 0.0058370 secs]
35.957: [GC 2062995K->201293K(2204672K), 0.0060290 secs]
39.989: [GC 2077192K->206270K(2054592K), 0.0059070 secs]
43.666: [GC 1994100K->208510K(1967680K), 0.0073740 secs]
47.455: [GC 1911928K->212189K(1888704K), 0.0065830 secs]
51.014: [GC 1835037K->211934K(1807680K), 0.0096560 secs]
54.500: [GC 1757924K->216768K(1739008K), 0.0057090 secs]
57.831: [GC 1688697K->219086K(1670528K), 0.0104350 secs]
61.042: [GC 1621548K->221173K(1603648K), 0.0078300 secs]
