1.147: [GC 94828K->30501K(365760K), 0.0833090 secs]
1.395: [GC 125925K->63126K(461184K), 0.0956790 secs]
1.783: [GC 253974K->135333K(461184K), 0.1355000 secs]
2.194: [GC 326181K->197920K(652032K), 0.1798410 secs]
2.374: [Full GC 197920K->197866K(818176K), 0.5534710 secs]
3.330: [GC 579562K->242286K(818176K), 0.0648820 secs]
3.871: [GC 623982K->252104K(1067584K), 0.0133930 secs]
4.090: [GC 819784K->253221K(1090304K), 0.0180320 secs]
4.320: [GC 819809K->253801K(1346432K), 0.0441510 secs]
4.618: [GC 1078825K->257743K(1344512K), 0.0304790 secs]
4.951: [GC 1082767K->267226K(1521792K), 0.0283200 secs]
5.330: [GC 1293157K->269439K(1539456K), 0.0438830 secs]
5.647: [GC 1295145K->273723K(1757888K), 0.0295750 secs]
6.028: [GC 1538683K->285832K(1769472K), 0.0255740 secs]
6.405: [GC 1550792K->284297K(2010048K), 0.0249660 secs]
6.855: [GC 1804425K->295367K(2026624K), 0.0300490 secs]
7.274: [GC 1815495K->294431K(2316224K), 0.0339770 secs]
7.790: [GC 2099999K->292775K(2319040K), 0.0362360 secs]
8.303: [GC 2096645K->297686K(2356672K), 0.0488340 secs]
8.810: [GC 2138001K->298996K(2335040K), 0.0428230 secs]
9.301: [GC 2140788K->304282K(2357824K), 0.0314410 secs]
9.815: [GC 2141235K->302826K(2317056K), 0.0274470 secs]
10.361: [GC 2140650K->306183K(2356416K), 0.0381100 secs]
10.863: [GC 2147143K->306965K(2353280K), 0.0300820 secs]
11.331: [GC 2147501K->311085K(2359872K), 0.0267840 secs]
11.895: [GC 2160286K->314378K(2358400K), 0.0258080 secs]
12.381: [GC 2163784K->313461K(2366848K), 0.0276070 secs]
12.870: [GC 2174364K->319353K(2364992K), 0.0253960 secs]
13.370: [GC 2181113K->312919K(2369856K), 0.0194880 secs]
13.891: [GC 2181719K->309933K(2369664K), 0.0251580 secs]
14.550: [GC 2178733K->316759K(2375488K), 0.0235440 secs]
15.180: [GC 2190927K->319978K(2338752K), 0.0211300 secs]
15.842: [GC 2192828K->321445K(2375424K), 0.0296230 secs]
16.621: [GC 2196613K->324642K(2374720K), 0.0203720 secs]
17.377: [GC 2198655K->328648K(2376448K), 0.0214690 secs]
18.189: [GC 2207752K->333439K(2376192K), 0.0191410 secs]
18.984: [GC 2212543K->332964K(2378432K), 0.0188940 secs]
19.755: [GC 2216868K->340967K(2377728K), 0.0223780 secs]
20.583: [GC 2224871K->336863K(2381568K), 0.0193830 secs]
21.341: [GC 2225909K->341277K(2380416K), 0.0190180 secs]
22.095: [GC 2231389K->338832K(2384832K), 0.0288240 secs]
22.877: [GC 2235394K->343587K(2383296K), 0.0300930 secs]
23.682: [GC 2238495K->350299K(2386496K), 0.0224060 secs]
24.474: [GC 2251227K->350196K(2387776K), 0.0240680 secs]
25.297: [GC 2250451K->352038K(2388160K), 0.0241140 secs]
26.107: [GC 2252146K->358008K(2380160K), 0.0253630 secs]
26.992: [GC 2258297K->356766K(2387776K), 0.0447070 secs]
27.831: [GC 2255006K->362549K(2387392K), 0.0322710 secs]
28.711: [GC 2258903K->373115K(2381760K), 0.0377800 secs]
29.561: [GC 2265723K->377893K(2379712K), 0.0318400 secs]
30.402: [GC 2270175K->380391K(2375424K), 0.0291660 secs]
31.227: [GC 2259416K->384218K(2371328K), 0.0319450 secs]
32.010: [GC 2264081K->383178K(2370816K), 0.0340330 secs]
32.842: [GC 2252234K->388019K(2361984K), 0.0328700 secs]
33.601: [GC 2257075K->394257K(2361984K), 0.0365540 secs]
34.324: [GC 2248365K->396674K(2354624K), 0.0472290 secs]
35.077: [GC 2250260K->401939K(2356160K), 0.0378800 secs]
35.779: [GC 2243157K->406408K(2344960K), 0.0633660 secs]
36.621: [GC 2247088K->412900K(2346944K), 0.0402790 secs]
37.429: [GC 2239076K->408722K(2329216K), 0.0385220 secs]
38.243: [GC 2234354K->409733K(2348864K), 0.0373110 secs]
39.010: [GC 2230863K->410022K(2349504K), 0.0413120 secs]
39.860: [GC 2232102K->414544K(2349312K), 0.0387630 secs]
40.681: [GC 2236394K->418858K(2325440K), 0.0602130 secs]
41.521: [GC 2241066K->421422K(2349632K), 0.0440870 secs]
42.337: [GC 2243566K->424166K(2323136K), 0.0510160 secs]
43.171: [GC 2246310K->430435K(2347776K), 0.0445900 secs]
43.944: [GC 2251513K->427120K(2318784K), 0.0428470 secs]
44.753: [GC 2247388K->433365K(2349184K), 0.0448030 secs]
45.565: [GC 2258965K->429155K(2347904K), 0.0389250 secs]
46.327: [GC 2252977K->435598K(2352448K), 0.0418520 secs]
47.091: [GC 2267007K->437426K(2351744K), 0.0439470 secs]
47.843: [GC 2270642K->442476K(2357248K), 0.0480950 secs]
48.651: [GC 2282796K->442349K(2356224K), 0.0435120 secs]
49.436: [GC 2282202K->445717K(2360064K), 0.0392600 secs]
50.182: [GC 2289949K->449367K(2359488K), 0.0355720 secs]
50.966: [GC 2294423K->449273K(2361600K), 0.0352770 secs]
51.729: [GC 2297401K->450504K(2360960K), 0.0381780 secs]
52.534: [GC 2298381K->452456K(2363008K), 0.0373550 secs]
53.311: [GC 2302877K->451802K(2362624K), 0.0368170 secs]
54.035: [GC 2303514K->459023K(2364032K), 0.0390720 secs]
54.791: [GC 2313228K->461853K(2364608K), 0.0375400 secs]
55.537: [GC 2316652K->463379K(2366528K), 0.0365660 secs]
56.340: [GC 2323347K->464209K(2366912K), 0.0379700 secs]
57.153: [GC 2324177K->465270K(2369152K), 0.0350620 secs]
57.838: [GC 2328803K->468637K(2369408K), 0.0388380 secs]
58.550: [GC 2330652K->473073K(2369856K), 0.0452780 secs]
59.276: [GC 2339313K->475632K(2370368K), 0.0352510 secs]
59.311: [Full GC 475632K->236025K(2413056K), 0.6254530 secs]
60.693: [GC 2102265K->255247K(2403584K), 0.0100330 secs]
61.412: [GC 2112655K->263214K(2347904K), 0.0139290 secs]
62.120: [GC 2119152K->259383K(2401984K), 0.0150450 secs]
62.807: [GC 2104551K->280561K(2404416K), 0.0192820 secs]
