0.532: [GC 95424K->60496K(365760K), 0.0907600 secs]
0.711: [GC 155920K->122349K(461184K), 0.0876320 secs]
1.490: [GC 313197K->169118K(461184K), 0.0540650 secs]
2.371: [GC 359457K->169555K(652032K), 0.0130190 secs]
4.329: [GC 551251K->171898K(652032K), 0.0162540 secs]
6.403: [GC 552295K->174282K(1111488K), 0.0157250 secs]
10.646: [GC 937102K->177142K(1112192K), 0.0123390 secs]
14.989: [GC 938778K->180541K(1871104K), 0.0149430 secs]
23.308: [GC 1707325K->190172K(1872576K), 0.0231210 secs]
31.466: [GC 1716417K->195914K(2194816K), 0.0105780 secs]
41.061: [GC 2051884K->202140K(2195904K), 0.0191650 secs]
50.563: [GC 2058524K->208220K(2201792K), 0.0159030 secs]
50.579: [Full GC 208220K->177427K(2317312K), 0.7209520 secs]
60.825: [GC 2043037K->187961K(2318592K), 0.0108710 secs]
