0.531: [GC 95424K->60464K(365760K), 0.0968590 secs]
0.715: [GC 155888K->122661K(461184K), 0.0920430 secs]
1.286: [GC 313245K->166844K(461184K), 0.0568530 secs]
1.826: [GC 357692K->170431K(652032K), 0.0233130 secs]
2.737: [GC 552127K->173609K(652032K), 0.0121440 secs]
3.729: [GC 553383K->176031K(1111488K), 0.0122280 secs]
5.325: [GC 939423K->179187K(1111936K), 0.0223890 secs]
6.800: [GC 942102K->182100K(1871040K), 0.0102990 secs]
10.057: [GC 1707754K->193060K(1872384K), 0.0105800 secs]
13.274: [GC 1718050K->204748K(2192192K), 0.0139880 secs]
17.084: [GC 2061516K->212309K(2194624K), 0.0153120 secs]
17.100: [Full GC 212309K->180329K(2330176K), 0.7198260 secs]
21.459: [GC 2037066K->197857K(2336960K), 0.0082440 secs]
25.214: [GC 2067203K->208093K(2339904K), 0.0174500 secs]
28.898: [GC 2078941K->214393K(2341760K), 0.0157830 secs]
32.546: [GC 2094875K->220910K(2343552K), 0.0189480 secs]
36.436: [GC 2101134K->228242K(2350464K), 0.0226900 secs]
40.174: [GC 2115688K->229483K(2328512K), 0.0224690 secs]
43.862: [GC 2118395K->239588K(2340800K), 0.0276030 secs]
47.865: [GC 2114483K->248456K(2333888K), 0.0311800 secs]
51.974: [GC 2123097K->253667K(2323520K), 0.0334010 secs]
56.019: [GC 2100067K->258923K(2315072K), 0.0350820 secs]
60.086: [GC 2105323K->265389K(2306304K), 0.0386570 secs]
