1.163: [GC 95424K->31568K(365760K), 0.0876880 secs]
1.407: [GC 126992K->65308K(461184K), 0.0880090 secs]
1.794: [GC 256156K->135895K(461184K), 0.1061050 secs]
2.190: [GC 326743K->198522K(652032K), 0.1352750 secs]
2.325: [Full GC 198522K->198476K(821120K), 0.5632620 secs]
3.401: [GC 580172K->228875K(821120K), 0.0288900 secs]
3.641: [GC 610571K->237032K(1071360K), 0.0204600 secs]
3.915: [GC 795560K->244658K(1085888K), 0.0236760 secs]
4.121: [GC 802896K->244906K(1296256K), 0.0215270 secs]
4.400: [GC 1033770K->245579K(1309568K), 0.0191550 secs]
4.645: [GC 1034288K->246843K(1464960K), 0.0220410 secs]
4.920: [GC 1208251K->247535K(1475712K), 0.0193880 secs]
5.190: [GC 1208943K->255164K(1660480K), 0.0281670 secs]
5.553: [GC 1413120K->259677K(1665216K), 0.0295730 secs]
5.926: [GC 1417411K->264993K(1879104K), 0.0302970 secs]
6.438: [GC 1646945K->265341K(1885696K), 0.0284860 secs]
6.964: [GC 1647086K->274773K(2130112K), 0.0425380 secs]
7.609: [GC 1901589K->279951K(2132928K), 0.0310460 secs]
8.224: [GC 1906767K->286460K(2308160K), 0.0358080 secs]
8.879: [GC 2083213K->290204K(2313664K), 0.0371840 secs]
9.492: [GC 2088220K->295772K(2357120K), 0.0390800 secs]
10.149: [GC 2129795K->302388K(2332672K), 0.0384100 secs]
10.834: [GC 2138292K->307151K(2352512K), 0.0350710 secs]
11.692: [GC 2134095K->314526K(2332608K), 0.0378770 secs]
12.532: [GC 2141470K->318740K(2342784K), 0.0407960 secs]
13.410: [GC 2127670K->328033K(2327680K), 0.0440830 secs]
14.265: [GC 2138849K->336897K(2325248K), 0.0460590 secs]
15.141: [GC 2119886K->338829K(2306752K), 0.0482310 secs]
16.003: [GC 2121875K->353074K(2311040K), 0.0506430 secs]
16.870: [GC 2107577K->359011K(2294528K), 0.0515560 secs]
17.748: [GC 2113144K->360106K(2300032K), 0.0542870 secs]
18.505: [GC 2088746K->354964K(2255488K), 0.0500760 secs]
19.234: [GC 2083604K->365178K(2301568K), 0.0517140 secs]
20.029: [GC 2089466K->369862K(2259904K), 0.0533170 secs]
20.693: [GC 2094150K->372759K(2300736K), 0.0552140 secs]
21.385: [GC 2092183K->371500K(2248768K), 0.0526580 secs]
22.075: [GC 2089826K->379954K(2299584K), 0.0548500 secs]
22.799: [GC 2099506K->383657K(2299840K), 0.0526840 secs]
23.557: [GC 2103209K->385450K(2299392K), 0.0509390 secs]
24.310: [GC 2107357K->394141K(2300288K), 0.0499280 secs]
25.083: [GC 2117981K->396930K(2302464K), 0.0569280 secs]
25.839: [GC 2127418K->404793K(2304256K), 0.0552540 secs]
26.584: [GC 2135259K->408099K(2304512K), 0.0569720 secs]
27.345: [GC 2145891K->417120K(2307392K), 0.0591270 secs]
28.135: [GC 2154912K->424945K(2310848K), 0.0587020 secs]
28.960: [GC 2168203K->423686K(2312640K), 0.0558080 secs]
29.823: [GC 2167737K->433034K(2314240K), 0.0623560 secs]
30.679: [GC 2181770K->437135K(2314496K), 0.0604080 secs]
31.501: [GC 2185747K->442517K(2315200K), 0.0633050 secs]
32.353: [GC 2191462K->443340K(2286848K), 0.0596680 secs]
33.190: [GC 2192460K->448399K(2316160K), 0.0649400 secs]
34.047: [GC 2198799K->457045K(2315648K), 0.0676520 secs]
34.876: [GC 2207445K->457247K(2316736K), 0.0645380 secs]
35.628: [GC 2208223K->461945K(2316480K), 0.0643300 secs]
36.203: [GC 2212921K->465065K(2316800K), 0.0632800 secs]
36.790: [GC 2217129K->467370K(2291200K), 0.0640270 secs]
37.397: [GC 2219434K->475177K(2317248K), 0.0632010 secs]
37.941: [GC 2229545K->472793K(2316480K), 0.0590660 secs]
38.485: [GC 2227161K->476631K(2319040K), 0.0606870 secs]
39.039: [GC 2234557K->481209K(2317760K), 0.0597860 secs]
39.571: [GC 2240697K->487705K(2322496K), 0.0608000 secs]
40.134: [GC 2254397K->485734K(2321856K), 0.0592430 secs]
40.733: [GC 2252774K->486547K(2327104K), 0.0537850 secs]
41.350: [GC 2257139K->497663K(2296960K), 0.0575170 secs]
41.964: [GC 2269784K->495620K(2326912K), 0.0525010 secs]
42.556: [GC 2268356K->505534K(2327104K), 0.0521190 secs]
43.113: [GC 2278270K->502560K(2327168K), 0.0509680 secs]
43.164: [Full GC 502560K->219683K(2342656K), 0.7202330 secs]
44.383: [GC 1993315K->235840K(2228864K), 0.0099750 secs]
44.934: [GC 2009472K->242146K(2316544K), 0.0141070 secs]
45.460: [GC 1976674K->250021K(2203968K), 0.0179460 secs]
46.046: [GC 1984549K->261555K(2320832K), 0.0231750 secs]
46.636: [GC 1989171K->263009K(2209984K), 0.0227130 secs]
47.211: [GC 1990625K->273296K(2323136K), 0.0276120 secs]
47.805: [GC 2005072K->274472K(2225664K), 0.0291660 secs]
48.411: [GC 2004362K->279205K(2323328K), 0.0286620 secs]
49.229: [GC 2019813K->285075K(2317952K), 0.0352400 secs]
50.052: [GC 2025683K->296448K(2328512K), 0.0407420 secs]
50.845: [GC 2051840K->307581K(2324992K), 0.0462250 secs]
51.666: [GC 2064829K->308797K(2342592K), 0.0433970 secs]
52.494: [GC 2082941K->311779K(2343232K), 0.0472980 secs]
53.298: [GC 2085100K->317904K(2337856K), 0.0512580 secs]
54.086: [GC 2085456K->318537K(2305472K), 0.0536180 secs]
54.937: [GC 2086089K->327838K(2330624K), 0.0542180 secs]
55.825: [GC 2081170K->331921K(2300032K), 0.0573890 secs]
56.704: [GC 2085516K->334890K(2328000K), 0.0566680 secs]
57.635: [GC 2080810K->341877K(2294784K), 0.0568670 secs]
58.603: [GC 2086017K->347829K(2321152K), 0.0594770 secs]
59.520: [GC 2082357K->349065K(2284672K), 0.0573430 secs]
60.438: [GC 2083371K->360357K(2315520K), 0.0596100 secs]
61.318: [GC 2084901K->358439K(2279552K), 0.0593830 secs]
62.145: [GC 2082935K->360801K(2317248K), 0.0608000 secs]
63.017: [GC 2082017K->368434K(2317504K), 0.0620140 secs]
