0.541: [GC 95424K->59877K(365760K), 0.0992590 secs]
0.727: [GC 155301K->119813K(461184K), 0.0833820 secs]
0.926: [GC 310661K->174375K(461184K), 0.0922760 secs]
1.592: [GC 365214K->184252K(652032K), 0.0429350 secs]
2.358: [GC 564090K->184754K(652032K), 0.0096500 secs]
2.887: [GC 566126K->186212K(1112000K), 0.0445990 secs]
4.486: [GC 947774K->187688K(1112640K), 0.0120600 secs]
5.929: [GC 949276K->190315K(1874112K), 0.0131370 secs]
9.581: [GC 1715295K->196435K(1874432K), 0.0061970 secs]
13.154: [GC 1720517K->197648K(2192960K), 0.0379090 secs]
17.528: [GC 2045662K->202245K(2193408K), 0.0120350 secs]
21.662: [GC 2049797K->206261K(2196416K), 0.0062250 secs]
21.668: [Full GC 206261K->188878K(2324544K), 0.4850960 secs]
26.614: [GC 2045836K->205403K(2325312K), 0.0054110 secs]
31.430: [GC 2063095K->214805K(2328064K), 0.0104580 secs]
36.347: [GC 2084492K->223254K(2329664K), 0.0103410 secs]
41.181: [GC 2093839K->227606K(2336320K), 0.0106660 secs]
45.839: [GC 2113727K->231795K(2337728K), 0.0103310 secs]
50.420: [GC 2117335K->235566K(2349696K), 0.0118750 secs]
54.819: [GC 2136082K->239233K(2349632K), 0.0113430 secs]
59.302: [GC 2140080K->247681K(2346304K), 0.0508070 secs]
