0.532: [GC 95424K->59906K(365760K), 0.0868500 secs]
0.701: [GC 155330K->119838K(461184K), 0.0973800 secs]
0.921: [GC 310686K->174496K(461184K), 0.0559270 secs]
1.418: [GC 365187K->183591K(652032K), 0.0303180 secs]
1.977: [GC 564625K->185238K(652032K), 0.0110220 secs]
2.566: [GC 565359K->187739K(1112064K), 0.0129650 secs]
3.720: [GC 950023K->191079K(1112512K), 0.0203000 secs]
4.785: [GC 953295K->193907K(1872192K), 0.0231270 secs]
7.170: [GC 1719316K->202223K(1873216K), 0.0128150 secs]
9.263: [GC 1727870K->206393K(2193024K), 0.0092810 secs]
12.362: [GC 2058307K->215456K(2194112K), 0.0110520 secs]
12.373: [Full GC 215456K->189143K(2337408K), 0.5958550 secs]
15.694: [GC 2040940K->213135K(2342464K), 0.0083000 secs]
18.494: [GC 2078805K->220204K(2343616K), 0.0265270 secs]
21.441: [GC 2084815K->222169K(2348672K), 0.0127710 secs]
24.293: [GC 2101011K->231654K(2349440K), 0.0139750 secs]
27.100: [GC 2111542K->243030K(2354752K), 0.0157750 secs]
29.833: [GC 2127391K->248607K(2343104K), 0.0199050 secs]
32.627: [GC 2134116K->252855K(2342976K), 0.0240700 secs]
35.436: [GC 2116877K->261193K(2335168K), 0.0216290 secs]
38.176: [GC 2125469K->264414K(2327424K), 0.0284040 secs]
40.760: [GC 2099900K->269795K(2315776K), 0.0208300 secs]
43.516: [GC 2105225K->273179K(2313280K), 0.0221490 secs]
46.119: [GC 2081615K->271862K(2289536K), 0.0295580 secs]
48.945: [GC 2079305K->277323K(2304192K), 0.0255190 secs]
51.719: [GC 2063837K->278965K(2275904K), 0.0233790 secs]
54.476: [GC 2066617K->280432K(2296960K), 0.0242380 secs]
57.291: [GC 2051184K->283901K(2259968K), 0.0249540 secs]
60.045: [GC 2054267K->285398K(2295936K), 0.0248070 secs]
