1.168: [GC 94828K->30501K(365760K), 0.0538940 secs]
1.386: [GC 125925K->63146K(461184K), 0.0477100 secs]
1.761: [GC 253994K->130937K(461184K), 0.1173950 secs]
2.184: [GC 321785K->193544K(652032K), 0.1289120 secs]
2.312: [Full GC 193544K->193497K(815872K), 0.4607950 secs]
3.309: [GC 575193K->239504K(815872K), 0.0290090 secs]
3.769: [GC 621200K->250811K(1049920K), 0.0197290 secs]
4.144: [GC 801851K->263765K(1068288K), 0.0223440 secs]
4.419: [GC 814026K->266758K(1258880K), 0.0211340 secs]
4.794: [GC 1029040K->270641K(1273792K), 0.0255020 secs]
5.174: [GC 1034337K->270771K(1413568K), 0.0252590 secs]
5.584: [GC 1192052K->291148K(1425152K), 0.0415450 secs]
5.949: [GC 1213330K->288278K(1621376K), 0.0300650 secs]
6.418: [GC 1404118K->297290K(1622784K), 0.0322930 secs]
6.942: [GC 1412995K->298757K(1838016K), 0.0319840 secs]
7.548: [GC 1626588K->312621K(1844608K), 0.0395970 secs]
8.118: [GC 1641115K->309465K(2094336K), 0.0404160 secs]
8.786: [GC 1880517K->317531K(2099456K), 0.0421950 secs]
9.419: [GC 1888244K->321335K(2287424K), 0.0452530 secs]
10.169: [GC 2072273K->326515K(2294208K), 0.0470100 secs]
10.908: [GC 2077456K->330073K(2317184K), 0.0487160 secs]
11.818: [GC 2098206K->335624K(2283072K), 0.0433510 secs]
12.658: [GC 2102051K->356137K(2304256K), 0.0462920 secs]
13.431: [GC 2105877K->341938K(2311232K), 0.0451320 secs]
14.239: [GC 2090674K->345529K(2309696K), 0.0461830 secs]
14.968: [GC 2094757K->354070K(2310720K), 0.0433700 secs]
15.735: [GC 2103981K->352661K(2308352K), 0.0404480 secs]
16.443: [GC 2102239K->360060K(2309760K), 0.0428650 secs]
17.201: [GC 2110918K->352701K(2303040K), 0.0431560 secs]
17.962: [GC 2107994K->360158K(2308480K), 0.0461060 secs]
18.695: [GC 2115679K->363924K(2312896K), 0.0523670 secs]
19.428: [GC 2133888K->370503K(2317696K), 0.0453560 secs]
20.166: [GC 2139671K->373421K(2320256K), 0.0479140 secs]
20.908: [GC 2150486K->379539K(2323328K), 0.0453870 secs]
21.685: [GC 2158213K->384692K(2324096K), 0.0643130 secs]
22.478: [GC 2169588K->388158K(2326720K), 0.0812020 secs]
23.309: [GC 2171478K->380218K(2325760K), 0.0843280 secs]
24.128: [GC 2170327K->394979K(2328704K), 0.0689090 secs]
25.000: [GC 2185123K->396226K(2327680K), 0.0479920 secs]
25.776: [GC 2191708K->399302K(2331392K), 0.0656970 secs]
26.568: [GC 2195058K->406086K(2334080K), 0.0590690 secs]
27.371: [GC 2211576K->404707K(2336576K), 0.0504250 secs]
28.228: [GC 2210211K->409503K(2338752K), 0.0561070 secs]
29.058: [GC 2221727K->417628K(2340224K), 0.0956050 secs]
29.937: [GC 2228533K->415571K(2342784K), 0.0590700 secs]
30.723: [GC 2229740K->424536K(2342976K), 0.0835200 secs]
31.546: [GC 2237796K->424162K(2343104K), 0.0728440 secs]
32.313: [GC 2239688K->427453K(2343616K), 0.0552720 secs]
33.110: [GC 2243773K->431818K(2344896K), 0.0991760 secs]
33.947: [GC 2248697K->435169K(2344896K), 0.0534830 secs]
34.760: [GC 2253537K->440477K(2345216K), 0.0645260 secs]
35.592: [GC 2257971K->442304K(2332224K), 0.0819190 secs]
36.378: [GC 2260304K->448748K(2345600K), 0.0796860 secs]
37.211: [GC 2269676K->446292K(2345088K), 0.0475090 secs]
37.981: [GC 2266538K->457418K(2347264K), 0.0502440 secs]
38.751: [GC 2279723K->462147K(2347264K), 0.0555750 secs]
39.613: [GC 2284600K->459891K(2347712K), 0.0520760 secs]
40.437: [GC 2283699K->461527K(2336448K), 0.0717720 secs]
41.308: [GC 2285335K->467067K(2348416K), 0.0633330 secs]
42.099: [GC 2291444K->468499K(2347520K), 0.0476950 secs]
42.861: [GC 2293767K->466897K(2348608K), 0.0598820 secs]
43.658: [GC 2292792K->475213K(2348672K), 0.0585930 secs]
44.409: [GC 2302010K->476418K(2349952K), 0.0510860 secs]
45.236: [GC 2304654K->479678K(2350208K), 0.0441750 secs]
46.029: [GC 2308412K->481894K(2351552K), 0.0483140 secs]
46.808: [GC 2314278K->484566K(2351744K), 0.0698020 secs]
47.608: [GC 2315284K->492191K(2352896K), 0.0678200 secs]
48.505: [GC 2325522K->502520K(2352896K), 0.0607570 secs]
49.284: [GC 2336222K->502826K(2347648K), 0.0696350 secs]
50.119: [GC 2331050K->501737K(2350272K), 0.0535920 secs]
50.949: [GC 2329562K->507176K(2349056K), 0.0579080 secs]
51.007: [Full GC 507176K->235273K(2387712K), 0.6271400 secs]
52.398: [GC 2062922K->248782K(2299200K), 0.0116610 secs]
53.244: [GC 2075827K->258322K(2361088K), 0.0171630 secs]
54.083: [GC 2045417K->269496K(2279488K), 0.0280090 secs]
54.870: [GC 2056753K->277543K(2364608K), 0.0262760 secs]
55.687: [GC 2057846K->280208K(2282432K), 0.0226010 secs]
56.494: [GC 2059512K->284144K(2366848K), 0.0282380 secs]
57.323: [GC 2067312K->288589K(2293504K), 0.0312210 secs]
58.122: [GC 2069891K->306425K(2366336K), 0.0330410 secs]
58.926: [GC 2092733K->302974K(2362688K), 0.0381590 secs]
59.798: [GC 2090896K->306382K(2369728K), 0.0423800 secs]
60.675: [GC 2104430K->317989K(2366784K), 0.0433380 secs]
61.528: [GC 2117861K->319736K(2378048K), 0.0465370 secs]
62.428: [GC 2129400K->321277K(2352640K), 0.0476760 secs]
63.241: [GC 2130364K->319306K(2377600K), 0.0483160 secs]
