0.540: [GC 95424K->59873K(365760K), 0.0798090 secs]
0.707: [GC 155297K->119801K(461184K), 0.0922770 secs]
1.144: [GC 310164K->170200K(461184K), 0.0664130 secs]
1.456: [GC 360790K->173476K(652032K), 0.0228750 secs]
2.021: [GC 553672K->176085K(652032K), 0.0172070 secs]
2.604: [GC 557781K->179072K(1110336K), 0.0119950 secs]
3.795: [GC 940642K->182789K(1110464K), 0.0693560 secs]
4.996: [GC 944313K->191207K(1867904K), 0.0280160 secs]
7.471: [GC 1717981K->205086K(1870144K), 0.0307260 secs]
9.807: [GC 1731185K->218374K(2195200K), 0.0150240 secs]
12.691: [GC 2080743K->231737K(2197056K), 0.0183690 secs]
12.710: [Full GC 231737K->181110K(2324416K), 0.4904520 secs]
15.926: [GC 2043412K->210902K(2332288K), 0.0205000 secs]
18.715: [GC 2087374K->228903K(2334400K), 0.0218800 secs]
21.310: [GC 2106830K->242668K(2341632K), 0.0152100 secs]
24.177: [GC 2129895K->260806K(2335104K), 0.0608730 secs]
26.963: [GC 2149074K->276335K(2317056K), 0.0310300 secs]
29.676: [GC 2132152K->284798K(2304896K), 0.0294080 secs]
32.392: [GC 2141036K->297985K(2308864K), 0.0258450 secs]
35.021: [GC 2129968K->307502K(2304448K), 0.0296680 secs]
37.700: [GC 2139707K->316921K(2285056K), 0.0315280 secs]
40.278: [GC 2108809K->318986K(2274816K), 0.0716690 secs]
42.921: [GC 2109986K->326877K(2266112K), 0.0319930 secs]
45.310: [GC 2079033K->327321K(2243712K), 0.0304680 secs]
47.840: [GC 2079508K->332926K(2251648K), 0.0328000 secs]
50.266: [GC 2052423K->341343K(2224832K), 0.0342730 secs]
52.738: [GC 2060502K->345728K(2233024K), 0.0351940 secs]
55.247: [GC 2029786K->348615K(2195904K), 0.0342490 secs]
57.741: [GC 2031342K->355458K(2217600K), 0.0363970 secs]
60.153: [GC 2006221K->355389K(2170816K), 0.0359350 secs]
