0.530: [GC 95424K->59882K(365760K), 0.0884340 secs]
0.699: [GC 155306K->119822K(461184K), 0.1149890 secs]
1.087: [GC 310322K->168516K(461184K), 0.0506680 secs]
1.350: [GC 357540K->173507K(652032K), 0.0255990 secs]
1.816: [GC 553864K->178149K(652032K), 0.0153090 secs]
2.256: [GC 559637K->183004K(1109184K), 0.0141300 secs]
3.136: [GC 945839K->187625K(1109440K), 0.0139090 secs]
3.917: [GC 950140K->191569K(1867584K), 0.0123570 secs]
5.709: [GC 1718353K->213149K(1869376K), 0.0243080 secs]
7.340: [GC 1738042K->223599K(2198912K), 0.0576330 secs]
9.441: [GC 2086569K->242130K(2198656K), 0.0671670 secs]
9.508: [Full GC 242130K->178964K(2329280K), 0.5784380 secs]
12.050: [GC 2042235K->205637K(2339136K), 0.0349620 secs]
14.091: [GC 2082717K->220955K(2337408K), 0.0300120 secs]
16.115: [GC 2098074K->240227K(2337280K), 0.0300160 secs]
18.196: [GC 2119646K->253602K(2339264K), 0.0372740 secs]
20.245: [GC 2131198K->267145K(2303936K), 0.0502250 secs]
22.268: [GC 2102633K->274108K(2295104K), 0.0594870 secs]
24.305: [GC 2110855K->282860K(2305152K), 0.0398710 secs]
26.317: [GC 2098162K->293576K(2294080K), 0.0396120 secs]
28.315: [GC 2109811K->305071K(2280512K), 0.0969400 secs]
30.315: [GC 2082127K->314767K(2275712K), 0.0550980 secs]
32.336: [GC 2090672K->318226K(2257408K), 0.0486620 secs]
34.262: [GC 2048283K->321930K(2236416K), 0.0536080 secs]
36.224: [GC 2051566K->325737K(2240448K), 0.0566810 secs]
38.141: [GC 2017167K->330664K(2207424K), 0.0527780 secs]
39.991: [GC 2022463K->339110K(2221632K), 0.0667130 secs]
41.878: [GC 1993894K->341170K(2181440K), 0.0599590 secs]
43.755: [GC 1997425K->343926K(2209344K), 0.0869170 secs]
45.576: [GC 1970537K->347640K(2154752K), 0.1154030 secs]
47.463: [GC 1974216K->349159K(2205952K), 0.0599490 secs]
49.275: [GC 1959231K->350592K(2133312K), 0.0699220 secs]
51.124: [GC 1960950K->344782K(2212352K), 0.0592440 secs]
52.949: [GC 1958480K->358030K(2208384K), 0.0832520 secs]
54.766: [GC 1972450K->361374K(2208576K), 0.0919390 secs]
56.581: [GC 1974817K->361859K(2208384K), 0.0825670 secs]
58.417: [GC 1975368K->363508K(2208576K), 0.0703310 secs]
60.271: [GC 1984500K->371680K(2209344K), 0.0814020 secs]
