1.176: [GC 95424K->31592K(365760K), 0.1086070 secs]
1.443: [GC 127016K->65364K(461184K), 0.0665890 secs]
1.828: [GC 256212K->137479K(461184K), 0.1232650 secs]
2.250: [GC 328327K->200078K(652032K), 0.1172190 secs]
2.367: [Full GC 200078K->200067K(820928K), 0.4597270 secs]
3.503: [GC 581620K->242825K(820928K), 0.0344770 secs]
3.770: [GC 623689K->252005K(1091072K), 0.0290120 secs]
4.135: [GC 824963K->263340K(1099968K), 0.0443720 secs]
4.463: [GC 835878K->265566K(1327232K), 0.0221360 secs]
4.903: [GC 1097143K->272986K(1351040K), 0.0240860 secs]
5.376: [GC 1104337K->282069K(1517824K), 0.0288060 secs]
5.966: [GC 1303233K->291806K(1534528K), 0.0292910 secs]
6.480: [GC 1312268K->291670K(1726592K), 0.0287150 secs]
7.140: [GC 1513017K->303586K(1738432K), 0.0337230 secs]
7.748: [GC 1524936K->305463K(1961856K), 0.0364620 secs]
8.488: [GC 1745807K->312743K(1966464K), 0.0416250 secs]
9.242: [GC 1752609K->321379K(2213120K), 0.0434690 secs]
10.080: [GC 2001786K->326481K(2221056K), 0.0462420 secs]
10.926: [GC 2007782K->330229K(2319680K), 0.0486690 secs]
11.878: [GC 2102125K->335091K(2303936K), 0.0521400 secs]
12.793: [GC 2107507K->341974K(2308096K), 0.0505340 secs]
13.713: [GC 2086473K->346002K(2276928K), 0.0498140 secs]
14.601: [GC 2090694K->351749K(2301056K), 0.0531440 secs]
15.472: [GC 2077873K->359829K(2268096K), 0.0556700 secs]
16.406: [GC 2087225K->361004K(2294528K), 0.0548670 secs]
17.277: [GC 2073004K->368644K(2252736K), 0.0569780 secs]
18.166: [GC 2080644K->372306K(2289600K), 0.0566150 secs]
19.076: [GC 2073682K->387209K(2254272K), 0.0600350 secs]
19.976: [GC 2088585K->382769K(2284544K), 0.0603850 secs]
20.819: [GC 2070116K->385696K(2285440K), 0.0593340 secs]
21.708: [GC 2073028K->389573K(2284480K), 0.0594160 secs]
22.645: [GC 2077011K->393760K(2284992K), 0.0874420 secs]
23.562: [GC 2081436K->397237K(2283712K), 0.0857680 secs]
24.425: [GC 2087046K->402674K(2284864K), 0.0906080 secs]
25.329: [GC 2092372K->406221K(2284160K), 0.0923460 secs]
26.220: [GC 2099370K->411628K(2286016K), 0.0907940 secs]
27.103: [GC 2103103K->414794K(2285568K), 0.0630240 secs]
28.057: [GC 2112779K->421625K(2287808K), 0.0551330 secs]
28.927: [GC 2119012K->421771K(2286016K), 0.0807480 secs]
29.841: [GC 2125837K->428957K(2289984K), 0.0702940 secs]
30.755: [GC 2134365K->428557K(2289856K), 0.0658980 secs]
31.645: [GC 2141913K->432793K(2294528K), 0.0678140 secs]
32.570: [GC 2146213K->446359K(2302528K), 0.0718920 secs]
33.492: [GC 2170538K->447568K(2276736K), 0.0723830 secs]
34.380: [GC 2172389K->453292K(2301696K), 0.0714770 secs]
35.263: [GC 2174808K->454073K(2302720K), 0.0708620 secs]
36.210: [GC 2175491K->456354K(2298816K), 0.0704620 secs]
37.103: [GC 2178249K->470383K(2300864K), 0.1075280 secs]
38.054: [GC 2194176K->461884K(2302272K), 0.0682820 secs]
38.956: [GC 2187640K->472514K(2302720K), 0.0713270 secs]
39.879: [GC 2197620K->472907K(2301696K), 0.0618360 secs]
40.773: [GC 2201252K->476585K(2303744K), 0.0893890 secs]
41.765: [GC 2205077K->477557K(2303936K), 0.0804730 secs]
42.700: [GC 2212751K->479159K(2305792K), 0.0680600 secs]
43.566: [GC 2214283K->487267K(2307904K), 0.0665080 secs]
44.469: [GC 2231139K->490019K(2310208K), 0.0664390 secs]
45.383: [GC 2232149K->500753K(2316096K), 0.0662530 secs]
46.279: [GC 2252369K->504164K(2316416K), 0.0658010 secs]
47.213: [GC 2254102K->504350K(2315584K), 0.0649280 secs]
48.142: [GC 2257865K->505721K(2316288K), 0.0629180 secs]
49.084: [GC 2259513K->517993K(2319936K), 0.0640140 secs]
50.045: [GC 2275080K->515859K(2301376K), 0.0648260 secs]
50.983: [GC 2272794K->517908K(2320256K), 0.0621120 secs]
51.944: [GC 2275794K->527902K(2319744K), 0.0634580 secs]
52.907: [GC 2286638K->526747K(2321280K), 0.0628240 secs]
53.850: [GC 2288667K->529014K(2320576K), 0.0627240 secs]
54.758: [GC 2290934K->538497K(2322880K), 0.0641210 secs]
55.648: [GC 2302587K->534206K(2322560K), 0.0616180 secs]
55.710: [Full GC 534206K->217511K(2333312K), 0.7080710 secs]
57.260: [GC 1981761K->235093K(2302592K), 0.0116010 secs]
58.119: [GC 1967241K->248313K(2198976K), 0.0185670 secs]
59.007: [GC 1982329K->259590K(2300096K), 0.0233370 secs]
59.846: [GC 1965062K->265144K(2187264K), 0.0274460 secs]
60.697: [GC 1968989K->274029K(2304512K), 0.0315770 secs]
61.623: [GC 1977709K->281950K(2202240K), 0.0379200 secs]
62.535: [GC 1985248K->282317K(2303488K), 0.0384070 secs]
