0.543: [GC 95424K->59893K(365760K), 0.0866510 secs]
0.716: [GC 155317K->119817K(461184K), 0.0870090 secs]
1.131: [GC 310602K->166488K(461184K), 0.1136130 secs]
1.498: [GC 357336K->173454K(652032K), 0.0221610 secs]
2.069: [GC 554563K->176637K(652032K), 0.0229750 secs]
2.620: [GC 557970K->180918K(1109184K), 0.0270600 secs]
3.735: [GC 944308K->190883K(1109440K), 0.0320510 secs]
4.820: [GC 953032K->196109K(1864384K), 0.0639600 secs]
7.071: [GC 1721343K->217297K(1867200K), 0.0198500 secs]
9.054: [GC 1743821K->231470K(2200448K), 0.0276080 secs]
11.585: [GC 2096913K->250999K(2202176K), 0.0625980 secs]
11.648: [Full GC 250999K->177817K(2323840K), 0.4821220 secs]
14.561: [GC 2043074K->215737K(2325376K), 0.0278960 secs]
17.133: [GC 2090904K->242639K(2327616K), 0.0268810 secs]
19.623: [GC 2119430K->257923K(2331648K), 0.0187840 secs]
22.192: [GC 2139849K->270082K(2330560K), 0.0223860 secs]
24.710: [GC 2152883K->284214K(2303296K), 0.0254750 secs]
27.192: [GC 2128529K->301027K(2291200K), 0.0331290 secs]
29.698: [GC 2146915K->317915K(2297536K), 0.0268730 secs]
32.133: [GC 2141531K->322500K(2290368K), 0.0272770 secs]
34.613: [GC 2144854K->336021K(2274688K), 0.0301120 secs]
36.949: [GC 2118646K->345187K(2273792K), 0.0319000 secs]
39.251: [GC 2128716K->350479K(2250240K), 0.0331180 secs]
41.588: [GC 2084953K->359987K(2240320K), 0.0354190 secs]
43.960: [GC 2095059K->366705K(2224320K), 0.0371730 secs]
46.258: [GC 2051191K->371620K(2201536K), 0.0381100 secs]
48.586: [GC 2055520K->375004K(2205056K), 0.0396430 secs]
50.816: [GC 2016966K->381178K(2167808K), 0.0410930 secs]
53.018: [GC 2021666K->383722K(2188480K), 0.0400870 secs]
55.134: [GC 1988045K->386327K(2136320K), 0.0407780 secs]
57.238: [GC 1991394K->388701K(2179328K), 0.0407300 secs]
59.436: [GC 1969192K->392677K(2111680K), 0.0418650 secs]
