0.545: [GC 95424K->59882K(365760K), 0.0762240 secs]
0.706: [GC 155306K->118618K(461184K), 0.1266050 secs]
1.130: [GC 309378K->164957K(461184K), 0.0454150 secs]
1.405: [GC 355805K->169404K(652032K), 0.0465510 secs]
1.930: [GC 550633K->175178K(652032K), 0.0264810 secs]
2.396: [GC 555068K->179267K(1107968K), 0.0102080 secs]
3.394: [GC 942659K->192631K(1108032K), 0.0170370 secs]
4.274: [GC 954342K->201479K(1859904K), 0.0204310 secs]
6.227: [GC 1726696K->225527K(1863744K), 0.0276770 secs]
8.033: [GC 1750501K->243058K(2204288K), 0.0423790 secs]
10.300: [GC 2108427K->257368K(2155328K), 0.0382300 secs]
10.339: [Full GC 257368K->177210K(2280832K), 0.4822060 secs]
12.934: [GC 2043404K->212159K(2332160K), 0.0137050 secs]
15.095: [GC 2081306K->230134K(2329536K), 0.0189070 secs]
17.255: [GC 2099943K->245698K(2324416K), 0.0300810 secs]
19.415: [GC 2108499K->261544K(2328896K), 0.0269280 secs]
21.541: [GC 2126078K->269266K(2288320K), 0.0651910 secs]
23.724: [GC 2090466K->282897K(2282496K), 0.0310150 secs]
25.832: [GC 2103780K->298694K(2285184K), 0.0280690 secs]
27.921: [GC 2091884K->308981K(2280384K), 0.0298800 secs]
29.964: [GC 2101904K->316561K(2260224K), 0.0321400 secs]
32.018: [GC 2063382K->327840K(2253824K), 0.0345960 secs]
34.049: [GC 2075310K->336941K(2230912K), 0.0375030 secs]
36.042: [GC 2030092K->340174K(2212032K), 0.0388790 secs]
38.004: [GC 2032815K->349563K(2207232K), 0.0570750 secs]
39.940: [GC 1993773K->354976K(2177280K), 0.0485080 secs]
41.859: [GC 1998201K->355592K(2189568K), 0.0490590 secs]
43.735: [GC 1956351K->356402K(2136448K), 0.0502510 secs]
45.603: [GC 1958350K->359499K(2179072K), 0.0850480 secs]
47.477: [GC 1932693K->362346K(2112960K), 0.0565660 secs]
49.324: [GC 1935448K->369416K(2172800K), 0.0602850 secs]
51.158: [GC 1927432K->366249K(2176832K), 0.0416410 secs]
52.974: [GC 1922725K->365521K(2171200K), 0.0407370 secs]
54.777: [GC 1923582K->372291K(2174208K), 0.0412270 secs]
56.578: [GC 1929030K->373701K(2173888K), 0.0407620 secs]
58.396: [GC 1938400K->374727K(2177600K), 0.0408030 secs]
60.231: [GC 1938869K->374604K(2173952K), 0.0408030 secs]
