1.157: [GC 95424K->31596K(365760K), 0.0492800 secs]
1.362: [GC 127020K->64064K(461184K), 0.0574700 secs]
1.719: [GC 254912K->134595K(461184K), 0.0973640 secs]
2.101: [GC 325443K->197166K(652032K), 0.1730380 secs]
2.274: [Full GC 197166K->197159K(821376K), 0.5519850 secs]
3.426: [GC 577890K->242712K(821376K), 0.0279550 secs]
3.648: [GC 624227K->250826K(1061440K), 0.0157640 secs]
3.983: [GC 800062K->258324K(1074816K), 0.0185770 secs]
4.276: [GC 806495K->266847K(1260800K), 0.0260260 secs]
4.689: [GC 1023028K->276638K(1276160K), 0.0226770 secs]
5.102: [GC 1032129K->281972K(1408896K), 0.0304690 secs]
5.597: [GC 1187528K->287142K(1418432K), 0.0331770 secs]
6.101: [GC 1192445K->291558K(1571904K), 0.0307220 secs]
6.686: [GC 1355227K->299461K(1579520K), 0.0366170 secs]
7.251: [GC 1363166K->311450K(1755520K), 0.0395240 secs]
7.904: [GC 1549082K->317968K(1762880K), 0.0428280 secs]
8.564: [GC 1553818K->322616K(1963072K), 0.0490630 secs]
9.367: [GC 1751147K->334174K(1971264K), 0.0546560 secs]
10.146: [GC 1762513K->343816K(2122560K), 0.0571330 secs]
10.964: [GC 1912450K->347724K(2134592K), 0.0603850 secs]
11.803: [GC 1917246K->349135K(2296192K), 0.0623740 secs]
12.771: [GC 2068460K->352748K(2260288K), 0.0589510 secs]
13.680: [GC 2071953K->356619K(2289856K), 0.0605480 secs]
14.627: [GC 2060000K->369357K(2252928K), 0.0648810 secs]
15.563: [GC 2073037K->367636K(2282304K), 0.0633890 secs]
16.434: [GC 2053877K->380181K(2239872K), 0.0666800 secs]
17.367: [GC 2065002K->380430K(2275392K), 0.0657890 secs]
18.305: [GC 2050910K->382233K(2219328K), 0.0668150 secs]
19.260: [GC 2052601K->397823K(2269952K), 0.0687210 secs]
20.179: [GC 2060260K->399741K(2220096K), 0.0701180 secs]
21.085: [GC 2063211K->405453K(2270592K), 0.0714630 secs]
21.974: [GC 2063840K->414405K(2219712K), 0.0729540 secs]
22.867: [GC 2073359K->416002K(2270784K), 0.0729750 secs]
23.790: [GC 2072868K->427012K(2220544K), 0.0771500 secs]
24.685: [GC 2083194K->430011K(2269248K), 0.0752570 secs]
25.604: [GC 2085115K->432268K(2213376K), 0.0734100 secs]
26.514: [GC 2086293K->438157K(2269120K), 0.0755370 secs]
27.433: [GC 2093568K->443395K(2267584K), 0.0743270 secs]
28.292: [GC 2099028K->442840K(2268096K), 0.0734250 secs]
29.225: [GC 2105506K->443271K(2268736K), 0.0700880 secs]
30.137: [GC 2105416K->447599K(2273600K), 0.0679910 secs]
31.033: [GC 2121917K->453633K(2273280K), 0.0719770 secs]
31.933: [GC 2128668K->459886K(2283712K), 0.0739800 secs]
32.897: [GC 2150796K->462607K(2283136K), 0.0710560 secs]
33.786: [GC 2152583K->467576K(2289600K), 0.0715800 secs]
34.758: [GC 2168947K->475400K(2288384K), 0.0738520 secs]
35.703: [GC 2176263K->486276K(2294016K), 0.0750800 secs]
36.654: [GC 2194052K->479930K(2293952K), 0.0698240 secs]
37.553: [GC 2186820K->482323K(2295296K), 0.0704680 secs]
38.511: [GC 2195562K->486535K(2294656K), 0.0697010 secs]
39.420: [GC 2200519K->490205K(2301056K), 0.0702630 secs]
40.375: [GC 2212500K->491483K(2299968K), 0.0689140 secs]
41.255: [GC 2215268K->497097K(2305408K), 0.0678370 secs]
42.178: [GC 2228183K->507777K(2304640K), 0.0728550 secs]
43.131: [GC 2239734K->516972K(2304896K), 0.0756460 secs]
44.054: [GC 2248673K->518697K(2295808K), 0.0765590 secs]
45.026: [GC 2249435K->529103K(2297024K), 0.0777920 secs]
45.950: [GC 2248032K->529338K(2288064K), 0.0797190 secs]
46.895: [GC 2247043K->530542K(2296704K), 0.0774800 secs]
47.799: [GC 2242683K->528648K(2297984K), 0.0791000 secs]
48.722: [GC 2240418K->529594K(2292736K), 0.0744570 secs]
49.667: [GC 2242221K->538022K(2295488K), 0.0750720 secs]
50.582: [GC 2250598K->537448K(2296448K), 0.0732860 secs]
51.528: [GC 2256792K->544720K(2299648K), 0.0738840 secs]
52.476: [GC 2264199K->554702K(2303872K), 0.0796460 secs]
53.427: [GC 2281636K->562710K(2304960K), 0.0758590 secs]
53.503: [Full GC 562710K->219801K(2326208K), 0.7172870 secs]
55.051: [GC 1947198K->246290K(2293120K), 0.0157730 secs]
55.897: [GC 1938770K->265391K(2184640K), 0.0259530 secs]
56.777: [GC 1958873K->278241K(2293696K), 0.0340600 secs]
57.626: [GC 1947105K->290888K(2297344K), 0.0403730 secs]
58.449: [GC 1958684K->300100K(2290880K), 0.0454720 secs]
59.302: [GC 1968603K->311937K(2294336K), 0.0534340 secs]
60.161: [GC 1980343K->317063K(2290496K), 0.0527560 secs]
61.050: [GC 1996593K->322226K(2294656K), 0.0559020 secs]
61.941: [GC 2002411K->338696K(2309952K), 0.0629480 secs]
62.854: [GC 2040443K->340096K(2310016K), 0.0655490 secs]
