0.536: [GC 95424K->59893K(365760K), 0.0841040 secs]
0.704: [GC 155317K->119805K(461184K), 0.0539130 secs]
1.233: [GC 310169K->172839K(461184K), 0.0543100 secs]
1.725: [GC 363038K->174047K(652032K), 0.0290140 secs]
2.579: [GC 555743K->175462K(652032K), 0.0123360 secs]
3.164: [GC 556328K->177370K(1111936K), 0.0228550 secs]
4.918: [GC 939747K->182473K(1112064K), 0.0220480 secs]
6.449: [GC 944081K->185857K(1870272K), 0.0096830 secs]
9.726: [GC 1710997K->197718K(1871872K), 0.0095890 secs]
13.079: [GC 1723619K->208141K(2193280K), 0.0563970 secs]
17.212: [GC 2066637K->215193K(2195200K), 0.0169030 secs]
17.229: [Full GC 215193K->181448K(2326912K), 0.5925080 secs]
21.474: [GC 2038681K->202752K(2335168K), 0.0081820 secs]
25.356: [GC 2075344K->212408K(2337216K), 0.0109480 secs]
29.120: [GC 2085585K->216248K(2340160K), 0.0147860 secs]
32.903: [GC 2099907K->224702K(2341184K), 0.0145930 secs]
36.973: [GC 2108868K->236208K(2343424K), 0.0167960 secs]
41.013: [GC 2121904K->243501K(2335232K), 0.0175450 secs]
45.023: [GC 2129969K->248193K(2329088K), 0.0185750 secs]
48.766: [GC 2110849K->251227K(2318656K), 0.0195140 secs]
52.640: [GC 2113728K->256901K(2315776K), 0.0193350 secs]
56.889: [GC 2092063K->262567K(2304384K), 0.0214160 secs]
