0.536: [GC 95424K->59874K(365760K), 0.0805470 secs]
0.704: [GC 155298K->119814K(461184K), 0.1332760 secs]
1.209: [GC 310126K->173723K(461184K), 0.0672130 secs]
1.550: [GC 364331K->175346K(652032K), 0.0083970 secs]
2.154: [GC 555913K->177842K(652032K), 0.0326120 secs]
2.732: [GC 558144K->184652K(1110144K), 0.0129650 secs]
3.885: [GC 946434K->189159K(1111360K), 0.0188570 secs]
5.001: [GC 952359K->191970K(1868416K), 0.0102670 secs]
7.518: [GC 1716917K->205563K(1870336K), 0.0107400 secs]
9.859: [GC 1732094K->211421K(2196544K), 0.0246040 secs]
12.684: [GC 2072842K->223036K(2197696K), 0.0153530 secs]
12.700: [Full GC 223036K->180641K(2330560K), 0.5903650 secs]
16.013: [GC 2041858K->201805K(2338624K), 0.0075060 secs]
18.790: [GC 2075184K->211677K(2339648K), 0.0115720 secs]
21.540: [GC 2086186K->220260K(2343360K), 0.0133780 secs]
24.315: [GC 2103444K->226125K(2342656K), 0.0162110 secs]
27.166: [GC 2107895K->235256K(2344064K), 0.0167610 secs]
30.067: [GC 2117967K->244885K(2336000K), 0.0192010 secs]
32.907: [GC 2128145K->249204K(2328704K), 0.0220010 secs]
35.743: [GC 2108280K->254224K(2320640K), 0.0220630 secs]
38.702: [GC 2113315K->262952K(2311232K), 0.0378860 secs]
41.615: [GC 2090638K->268673K(2304512K), 0.0430560 secs]
44.515: [GC 2097357K->270501K(2295808K), 0.0298620 secs]
47.270: [GC 2066288K->281974K(2285056K), 0.0349210 secs]
50.029: [GC 2077619K->283948K(2276096K), 0.0481500 secs]
52.695: [GC 2042540K->296179K(2261888K), 0.0315710 secs]
55.338: [GC 2055121K->301955K(2251904K), 0.0593350 secs]
57.955: [GC 2015103K->300454K(2218496K), 0.0315500 secs]
60.668: [GC 2015526K->306287K(2245120K), 0.0325130 secs]
