1.166: [GC 95424K->31588K(365760K), 0.0559820 secs]
1.385: [GC 127012K->64000K(461184K), 0.0571330 secs]
1.756: [GC 254848K->134623K(461184K), 0.1031650 secs]
2.156: [GC 325471K->197194K(652032K), 0.1122300 secs]
2.269: [Full GC 197194K->197173K(824256K), 0.5502580 secs]
3.536: [GC 578869K->236729K(824256K), 0.0851670 secs]
3.894: [GC 618425K->248180K(1061440K), 0.0246080 secs]
4.217: [GC 794740K->256786K(1074432K), 0.0600530 secs]
4.502: [GC 802914K->259658K(1262976K), 0.0158950 secs]
4.865: [GC 1025802K->266159K(1287104K), 0.0219260 secs]
5.242: [GC 1030742K->269590K(1424320K), 0.0284780 secs]
5.682: [GC 1193353K->273074K(1437824K), 0.0187080 secs]
6.088: [GC 1198143K->282454K(1593408K), 0.0260570 secs]
6.559: [GC 1371490K->283875K(1600896K), 0.0372370 secs]
7.107: [GC 1372739K->287267K(1761728K), 0.0211790 secs]
7.737: [GC 1549106K->285503K(1777472K), 0.0221910 secs]
8.339: [GC 1546651K->293685K(1956224K), 0.0361560 secs]
9.029: [GC 1732871K->300254K(1959680K), 0.0245670 secs]
9.682: [GC 1739090K->299452K(2081984K), 0.0244720 secs]
10.386: [GC 1857517K->306326K(2086272K), 0.0254240 secs]
11.054: [GC 1863650K->310031K(2209216K), 0.0281450 secs]
11.820: [GC 1984190K->312110K(2210752K), 0.0216110 secs]
12.593: [GC 1986938K->316398K(2313472K), 0.0228030 secs]
13.374: [GC 2100666K->321073K(2320448K), 0.0233670 secs]
14.155: [GC 2106737K->330948K(2348352K), 0.0252760 secs]
14.985: [GC 2142040K->343062K(2336640K), 0.0263040 secs]
15.817: [GC 2155190K->343264K(2337472K), 0.0262180 secs]
16.641: [GC 2134850K->354414K(2323328K), 0.0276650 secs]
17.461: [GC 2147588K->351490K(2331520K), 0.0275280 secs]
18.249: [GC 2129143K->357103K(2304768K), 0.0310630 secs]
19.100: [GC 2134419K->365793K(2322368K), 0.0326150 secs]
19.953: [GC 2129889K->365028K(2292608K), 0.0323310 secs]
20.837: [GC 2128291K->371004K(2323136K), 0.0318100 secs]
21.670: [GC 2128519K->375359K(2289280K), 0.0315010 secs]
22.589: [GC 2133776K->391131K(2313728K), 0.0403190 secs]
23.473: [GC 2139099K->387084K(2283200K), 0.0333090 secs]
24.324: [GC 2133831K->394222K(2313408K), 0.0308850 secs]
25.194: [GC 2135655K->399105K(2282112K), 0.0342780 secs]
26.049: [GC 2140929K->404315K(2311680K), 0.0317630 secs]
26.917: [GC 2138819K->405019K(2271360K), 0.0317370 secs]
27.739: [GC 2140724K->422968K(2307968K), 0.0342200 secs]
28.639: [GC 2155796K->420192K(2311168K), 0.0405710 secs]
29.545: [GC 2153440K->422521K(2305792K), 0.0336840 secs]
30.375: [GC 2154281K->430313K(2308672K), 0.0311190 secs]
31.214: [GC 2162438K->432858K(2312704K), 0.0327310 secs]
32.030: [GC 2170297K->435434K(2313536K), 0.0326670 secs]
32.942: [GC 2173962K->436289K(2309952K), 0.0334570 secs]
33.750: [GC 2177740K->444194K(2311936K), 0.0342370 secs]
34.570: [GC 2185425K->454442K(2317888K), 0.0344390 secs]
35.419: [GC 2203587K->455225K(2319488K), 0.0342340 secs]
36.253: [GC 2205113K->459905K(2319040K), 0.0333890 secs]
37.101: [GC 2207714K->460777K(2291328K), 0.0350090 secs]
37.969: [GC 2209154K->467363K(2318016K), 0.0337050 secs]
38.848: [GC 2216627K->471177K(2317952K), 0.0336740 secs]
39.650: [GC 2220418K->474541K(2319488K), 0.0330000 secs]
40.515: [GC 2227218K->478844K(2320128K), 0.0341290 secs]
41.277: [GC 2230833K->481495K(2318976K), 0.0344210 secs]
42.128: [GC 2235013K->483592K(2320448K), 0.0328730 secs]
42.995: [GC 2238583K->494911K(2322816K), 0.0372220 secs]
43.837: [GC 2254010K->495025K(2323904K), 0.0346770 secs]
44.647: [GC 2253640K->500674K(2324032K), 0.0355600 secs]
45.479: [GC 2260901K->508976K(2313344K), 0.0357670 secs]
46.289: [GC 2269465K->517687K(2317760K), 0.0366290 secs]
47.172: [GC 2269879K->518232K(2304064K), 0.0372950 secs]
48.010: [GC 2269018K->516360K(2322176K), 0.0361400 secs]
48.820: [GC 2269960K->530048K(2312768K), 0.0386500 secs]
49.689: [GC 2283208K->534469K(2313536K), 0.0388630 secs]
50.540: [GC 2277349K->534797K(2303168K), 0.0382930 secs]
51.433: [GC 2277412K->543386K(2308608K), 0.0776140 secs]
52.357: [GC 2277893K->539839K(2311808K), 0.0549380 secs]
53.200: [GC 2273055K->548128K(2307328K), 0.0931960 secs]
54.117: [GC 2276919K->553345K(2295744K), 0.0498900 secs]
54.945: [GC 2282748K->563704K(2300288K), 0.0408110 secs]
55.715: [GC 2282325K->561034K(2304000K), 0.0400020 secs]
55.755: [Full GC 561034K->221684K(2338304K), 0.7284980 secs]
57.311: [GC 1939081K->247461K(2308352K), 0.0107740 secs]
58.107: [GC 1936421K->254702K(2182976K), 0.0129970 secs]
58.877: [GC 1941911K->267608K(2306048K), 0.0153400 secs]
59.676: [GC 1929506K->283629K(2309952K), 0.0184790 secs]
60.503: [GC 1944942K->285530K(2304320K), 0.0225220 secs]
61.258: [GC 1948297K->299418K(2307584K), 0.0301920 secs]
62.118: [GC 1962522K->312342K(2300160K), 0.0289910 secs]
62.907: [GC 1986518K->314579K(2305600K), 0.0292360 secs]
