0.536: [GC 95424K->59889K(365760K), 0.1023820 secs]
0.720: [GC 155313K->119817K(461184K), 0.0664420 secs]
1.519: [GC 310591K->162816K(461184K), 0.0396120 secs]
2.328: [GC 351877K->168473K(652032K), 0.0111640 secs]
3.949: [GC 548988K->178287K(652032K), 0.0555000 secs]
5.660: [GC 559983K->190276K(1104384K), 0.0182590 secs]
8.958: [GC 953668K->207121K(1106048K), 0.0219950 secs]
12.176: [GC 970513K->223878K(1864000K), 0.0569410 secs]
18.896: [GC 1750470K->244587K(1864192K), 0.0383290 secs]
25.178: [GC 1769364K->266428K(2203328K), 0.0324250 secs]
25.210: [Full GC 266428K->173844K(2311936K), 0.4759110 secs]
33.507: [GC 2035860K->216841K(2268096K), 0.0295630 secs]
41.521: [GC 2078857K->251521K(2312448K), 0.0321090 secs]
49.419: [GC 2116801K->276385K(2309184K), 0.0362250 secs]
57.621: [GC 2141665K->307234K(2315584K), 0.0394260 secs]
