0.538: [GC 95424K->59882K(365760K), 0.0819680 secs]
0.711: [GC 155306K->119806K(461184K), 0.1095260 secs]
1.580: [GC 310541K->162698K(461184K), 0.0782520 secs]
2.353: [GC 351648K->168736K(652032K), 0.0118350 secs]
3.862: [GC 550432K->178675K(652032K), 0.0321260 secs]
5.430: [GC 560290K->190337K(1104576K), 0.0146950 secs]
8.489: [GC 952060K->207208K(1106112K), 0.0784030 secs]
11.529: [GC 970600K->223965K(1864256K), 0.0185920 secs]
17.795: [GC 1749029K->246924K(1864256K), 0.0252740 secs]
23.689: [GC 1773708K->264802K(2203520K), 0.0313930 secs]
23.720: [Full GC 264802K->173857K(2314560K), 0.5593060 secs]
31.682: [GC 2035361K->218742K(2271936K), 0.0205010 secs]
39.296: [GC 2080246K->253478K(2314112K), 0.0362500 secs]
46.797: [GC 2116546K->278423K(2310656K), 0.0308910 secs]
54.608: [GC 2143383K->308553K(2310912K), 0.0229350 secs]
