1.163: [GC 94789K->30501K(365760K), 0.0607750 secs]
1.389: [GC 125925K->63434K(461184K), 0.1029170 secs]
1.809: [GC 254282K->131689K(461184K), 0.1110970 secs]
2.215: [GC 322537K->194276K(652032K), 0.1472450 secs]
2.362: [Full GC 194276K->194264K(811520K), 0.4613220 secs]
3.926: [GC 575960K->223092K(811520K), 0.0334630 secs]
4.814: [GC 604788K->227849K(1061440K), 0.0221050 secs]
6.128: [GC 794953K->233736K(1084608K), 0.0193730 secs]
7.475: [GC 800840K->240807K(1258688K), 0.0458260 secs]
9.389: [GC 1020327K->252037K(1289984K), 0.0243120 secs]
11.301: [GC 1031557K->257594K(1385472K), 0.0292240 secs]
13.467: [GC 1164602K->262064K(1409600K), 0.0492950 secs]
15.728: [GC 1169072K->273392K(1508672K), 0.0323300 secs]
18.591: [GC 1292208K->280970K(1524032K), 0.0343820 secs]
21.408: [GC 1299786K->291701K(1623168K), 0.0411620 secs]
24.722: [GC 1404405K->299429K(1631104K), 0.0437370 secs]
28.163: [GC 1412133K->309414K(1719552K), 0.0485680 secs]
31.774: [GC 1501414K->315652K(1730432K), 0.0519490 secs]
35.518: [GC 1507652K->323430K(1783168K), 0.0551580 secs]
39.891: [GC 1557286K->338409K(1794624K), 0.0609770 secs]
44.174: [GC 1572265K->348047K(1845952K), 0.0668390 secs]
48.990: [GC 1618767K->357070K(1857600K), 0.0632360 secs]
53.458: [GC 1627790K->368079K(1902848K), 0.0673670 secs]
57.343: [GC 1672335K->369553K(1915200K), 0.0669370 secs]
61.077: [GC 1673809K->375113K(1963968K), 0.0678100 secs]
