0.536: [GC 95424K->60504K(365760K), 0.1001100 secs]
0.727: [GC 155928K->122693K(461184K), 0.0727700 secs]
1.151: [GC 312431K->168934K(461184K), 0.0599980 secs]
1.439: [GC 358197K->169344K(652032K), 0.0098300 secs]
1.951: [GC 550433K->175866K(652032K), 0.0326770 secs]
2.470: [GC 555681K->179248K(1111104K), 0.0260640 secs]
3.641: [GC 941638K->183895K(1111552K), 0.0227900 secs]
4.728: [GC 946062K->186698K(1870208K), 0.0270140 secs]
7.043: [GC 1712015K->197524K(1871744K), 0.0204810 secs]
9.149: [GC 1724224K->210873K(2192256K), 0.0184650 secs]
11.724: [GC 2068476K->220376K(2195072K), 0.0189920 secs]
11.743: [Full GC 220376K->181326K(2334464K), 0.7373580 secs]
14.999: [GC 2037495K->208082K(2340416K), 0.0161930 secs]
17.578: [GC 2081334K->226041K(2343680K), 0.0230510 secs]
20.035: [GC 2098257K->238388K(2344960K), 0.0285830 secs]
22.553: [GC 2112600K->246801K(2334208K), 0.0337570 secs]
25.148: [GC 2120243K->252356K(2328896K), 0.0351160 secs]
27.639: [GC 2099007K->261043K(2321920K), 0.0394210 secs]
30.227: [GC 2107722K->267953K(2308736K), 0.0425350 secs]
32.704: [GC 2079946K->273507K(2298688K), 0.0468100 secs]
35.157: [GC 2084522K->280322K(2289088K), 0.0474170 secs]
37.558: [GC 2053932K->288899K(2275776K), 0.0531350 secs]
40.088: [GC 2063118K->295641K(2266304K), 0.0560680 secs]
42.458: [GC 2025211K->299843K(2243328K), 0.0571420 secs]
44.830: [GC 2028930K->301995K(2250304K), 0.0597220 secs]
47.215: [GC 1995472K->308793K(2215424K), 0.0635900 secs]
49.585: [GC 2002670K->310387K(2235392K), 0.0623730 secs]
51.857: [GC 1970343K->311285K(2182400K), 0.0635850 secs]
54.120: [GC 1971543K->318946K(2230016K), 0.0643350 secs]
56.424: [GC 1962847K->320185K(2165504K), 0.0674020 secs]
58.682: [GC 1963987K->326314K(2227840K), 0.0647090 secs]
