0.539: [GC 95424K->59906K(365760K), 0.1242850 secs]
0.746: [GC 155330K->119842K(461184K), 0.0898200 secs]
1.117: [GC 309953K->171295K(461184K), 0.0431040 secs]
1.395: [GC 361617K->178250K(652032K), 0.0318890 secs]
1.929: [GC 558658K->181099K(652032K), 0.0264590 secs]
2.392: [GC 562795K->184110K(1109696K), 0.0108750 secs]
3.321: [GC 945781K->188429K(1110080K), 0.0124430 secs]
4.178: [GC 950795K->193740K(1868608K), 0.0116380 secs]
6.093: [GC 1718590K->207817K(1870272K), 0.0125870 secs]
7.882: [GC 1732440K->222539K(2195136K), 0.0168990 secs]
10.096: [GC 2081384K->239825K(2196416K), 0.0339750 secs]
10.130: [Full GC 239825K->181996K(2329984K), 0.4880830 secs]
12.701: [GC 2041246K->207633K(2340096K), 0.0133170 secs]
14.881: [GC 2083124K->220337K(2339904K), 0.0138970 secs]
17.025: [GC 2096561K->225851K(2345664K), 0.0192830 secs]
19.176: [GC 2109720K->245334K(2344896K), 0.0203680 secs]
21.338: [GC 2130326K->260656K(2324160K), 0.0238330 secs]
23.489: [GC 2118278K->273983K(2321792K), 0.0272930 secs]
25.602: [GC 2129980K->278030K(2312768K), 0.0223910 secs]
27.743: [GC 2106216K->287748K(2305984K), 0.0246330 secs]
29.817: [GC 2114383K->295056K(2290752K), 0.0268560 secs]
31.868: [GC 2083809K->303775K(2283392K), 0.0296570 secs]
33.944: [GC 2092700K->307300K(2269696K), 0.0334760 secs]
35.999: [GC 2054884K->309532K(2247040K), 0.0313540 secs]
38.018: [GC 2055965K->318093K(2251648K), 0.0394900 secs]
39.977: [GC 2028720K->322191K(2223040K), 0.0374420 secs]
41.887: [GC 2031375K->319072K(2241216K), 0.0325240 secs]
43.786: [GC 1999184K->323486K(2195328K), 0.0338500 secs]
45.697: [GC 2003510K->330794K(2227776K), 0.0347740 secs]
47.584: [GC 1986399K->335351K(2179712K), 0.0453480 secs]
49.442: [GC 1992052K->337380K(2222976K), 0.0361620 secs]
51.295: [GC 1975973K->338462K(2225984K), 0.0351120 secs]
53.130: [GC 1978654K->343142K(2224448K), 0.0355450 secs]
54.954: [GC 1981789K->344679K(2152192K), 0.0348780 secs]
56.765: [GC 1983870K->349964K(2227200K), 0.0342180 secs]
58.601: [GC 1992960K->352115K(2225152K), 0.0351850 secs]
60.453: [GC 1996373K->353819K(2226624K), 0.0342450 secs]
