1.177: [GC 95424K->31620K(365760K), 0.0969400 secs]
1.438: [GC 127044K->64096K(461184K), 0.0531940 secs]
1.807: [GC 254944K->131847K(461184K), 0.0839850 secs]
2.186: [GC 322695K->194418K(652032K), 0.1625130 secs]
2.349: [Full GC 194418K->194408K(814016K), 0.4566840 secs]
3.498: [GC 576104K->242992K(814016K), 0.0276010 secs]
3.704: [GC 623151K->252111K(1061184K), 0.0117790 secs]
3.985: [GC 812493K->258927K(1076096K), 0.0140860 secs]
4.268: [GC 819306K->262871K(1261824K), 0.0131680 secs]
4.640: [GC 1038878K->266096K(1287232K), 0.0155440 secs]
5.015: [GC 1042800K->273100K(1410112K), 0.0165930 secs]
5.493: [GC 1198028K->277962K(1427904K), 0.0181750 secs]
5.978: [GC 1201152K->286645K(1563904K), 0.0193440 secs]
6.501: [GC 1359670K->293694K(1574976K), 0.0212080 secs]
7.064: [GC 1366007K->295643K(1731392K), 0.0237330 secs]
7.683: [GC 1522817K->308273K(1735680K), 0.0247730 secs]
8.322: [GC 1536448K->313168K(1904576K), 0.0282390 secs]
9.028: [GC 1701894K->320167K(1911744K), 0.0293960 secs]
9.732: [GC 1710621K->328731K(2032512K), 0.0301810 secs]
10.519: [GC 1831230K->335146K(2042176K), 0.0310510 secs]
11.309: [GC 1837651K->340313K(2172928K), 0.0351560 secs]
12.178: [GC 1963850K->349826K(2179072K), 0.0299980 secs]
12.992: [GC 1972679K->353965K(2297088K), 0.0329850 secs]
13.902: [GC 2088758K->360036K(2264384K), 0.0307540 secs]
14.833: [GC 2093213K->363149K(2288640K), 0.0310080 secs]
15.696: [GC 2078945K->366230K(2246016K), 0.0310250 secs]
16.605: [GC 2082259K->371705K(2285184K), 0.0342830 secs]
17.490: [GC 2078038K->374574K(2238272K), 0.0358020 secs]
18.357: [GC 2080403K->385810K(2279808K), 0.0589050 secs]
19.257: [GC 2082365K->379534K(2283072K), 0.0320250 secs]
20.136: [GC 2075675K->386320K(2280768K), 0.0317350 secs]
21.058: [GC 2083366K->387907K(2282496K), 0.0329400 secs]
21.876: [GC 2084952K->396948K(2284288K), 0.0326540 secs]
22.786: [GC 2098573K->397484K(2283776K), 0.0323740 secs]
23.679: [GC 2100072K->404259K(2286144K), 0.0336900 secs]
24.551: [GC 2111975K->411940K(2285120K), 0.0333620 secs]
25.473: [GC 2120635K->415896K(2291456K), 0.0488590 secs]
26.315: [GC 2131745K->420929K(2290816K), 0.0472900 secs]
27.239: [GC 2135785K->414918K(2286848K), 0.0388000 secs]
28.122: [GC 2133983K->426468K(2289664K), 0.0648990 secs]
28.995: [GC 2146478K->436144K(2299072K), 0.0366670 secs]
29.885: [GC 2165676K->436696K(2266048K), 0.0334060 secs]
30.773: [GC 2167104K->437793K(2302592K), 0.0339210 secs]
31.619: [GC 2172429K->441192K(2264192K), 0.0327840 secs]
32.553: [GC 2174915K->443186K(2300864K), 0.0323660 secs]
33.405: [GC 2182211K->449785K(2297856K), 0.0343070 secs]
34.276: [GC 2189350K->458605K(2305600K), 0.0350180 secs]
35.129: [GC 2207577K->459118K(2306176K), 0.0344170 secs]
35.971: [GC 2206618K->466950K(2310016K), 0.0342560 secs]
36.894: [GC 2220100K->468427K(2292544K), 0.0351070 secs]
37.747: [GC 2221724K->478476K(2305216K), 0.0365500 secs]
38.613: [GC 2225712K->480473K(2293632K), 0.0368010 secs]
39.524: [GC 2228003K->481390K(2305408K), 0.0365740 secs]
40.395: [GC 2223737K->486273K(2289152K), 0.0358420 secs]
41.259: [GC 2228966K->491233K(2301376K), 0.0361870 secs]
42.132: [GC 2228573K->484733K(2274368K), 0.0347670 secs]
43.023: [GC 2220138K->497664K(2301248K), 0.0362660 secs]
43.870: [GC 2234916K->494356K(2301888K), 0.0350410 secs]
44.712: [GC 2231954K->506496K(2302912K), 0.0376450 secs]
45.604: [GC 2246296K->510016K(2303424K), 0.0388550 secs]
46.463: [GC 2249683K->513428K(2305280K), 0.0348980 secs]
47.323: [GC 2254453K->515863K(2290624K), 0.0372750 secs]
48.245: [GC 2258009K->522293K(2302848K), 0.0376810 secs]
49.159: [GC 2260399K->522373K(2304128K), 0.0374710 secs]
50.077: [GC 2260915K->528857K(2302720K), 0.0374040 secs]
50.954: [GC 2268474K->527804K(2303616K), 0.0364460 secs]
51.798: [GC 2265886K->533240K(2302144K), 0.0360630 secs]
52.673: [GC 2274796K->541670K(2303296K), 0.0361430 secs]
52.709: [Full GC 541670K->225897K(2348096K), 0.6273210 secs]
54.219: [GC 1968050K->243973K(2320128K), 0.0092310 secs]
55.064: [GC 1958801K->258556K(2209664K), 0.0134270 secs]
55.944: [GC 1972930K->274923K(2319744K), 0.0162610 secs]
56.805: [GC 1961869K->285811K(2323456K), 0.0181240 secs]
57.657: [GC 1973825K->293459K(2318400K), 0.0202010 secs]
58.537: [GC 1982001K->297886K(2320960K), 0.0219640 secs]
59.399: [GC 1986654K->306250K(2316416K), 0.0228670 secs]
60.260: [GC 2002076K->308601K(2320576K), 0.0236090 secs]
61.127: [GC 2004373K->327422K(2332032K), 0.0274040 secs]
62.006: [GC 2045113K->328104K(2332928K), 0.0285550 secs]
62.854: [GC 2044220K->327340K(2339520K), 0.0294180 secs]
