0.544: [GC 95424K->59889K(365760K), 0.0950910 secs]
0.727: [GC 155313K->119829K(461184K), 0.2214920 secs]
1.550: [GC 310677K->168763K(461184K), 0.0513860 secs]
2.275: [GC 357878K->171844K(652032K), 0.0851430 secs]
4.021: [GC 553540K->172813K(652032K), 0.0362020 secs]
5.548: [GC 553037K->175318K(1110336K), 0.0810810 secs]
9.406: [GC 938304K->176984K(1110656K), 0.0108890 secs]
13.016: [GC 939405K->177767K(1872448K), 0.0250790 secs]
20.894: [GC 1703421K->184320K(1872704K), 0.0283720 secs]
29.822: [GC 1711026K->192169K(2194112K), 0.0131050 secs]
40.325: [GC 2046240K->200283K(2195520K), 0.0102950 secs]
50.800: [GC 2055131K->206412K(2200128K), 0.0117910 secs]
60.068: [GC 2072141K->208824K(2201280K), 0.0072580 secs]
