0.537: [GC 95424K->60468K(365760K), 0.1142790 secs]
0.741: [GC 155892K->122681K(461184K), 0.1141100 secs]
1.383: [GC 312959K->168274K(461184K), 0.0423620 secs]
1.866: [GC 358473K->173547K(652032K), 0.0167660 secs]
2.826: [GC 554367K->175573K(652032K), 0.0159800 secs]
3.715: [GC 556800K->177228K(1112320K), 0.0103830 secs]
5.660: [GC 940620K->179657K(1112448K), 0.0222000 secs]
7.422: [GC 943049K->181119K(1873152K), 0.0086850 secs]
10.917: [GC 1707865K->187444K(1873792K), 0.0068780 secs]
14.499: [GC 1712749K->194630K(2193216K), 0.0081580 secs]
18.798: [GC 2047494K->199265K(2194624K), 0.0093020 secs]
23.298: [GC 2051040K->210494K(2197248K), 0.0106750 secs]
27.387: [GC 2073114K->217100K(2199552K), 0.0120570 secs]
27.399: [Full GC 217100K->178897K(2330304K), 0.7186540 secs]
32.161: [GC 2042449K->188542K(2335872K), 0.0060170 secs]
36.132: [GC 2064190K->198279K(2337280K), 0.0104570 secs]
39.841: [GC 2073168K->203898K(2337664K), 0.0120830 secs]
43.733: [GC 2089508K->209500K(2339776K), 0.0223980 secs]
47.555: [GC 2096412K->210660K(2350016K), 0.0169360 secs]
51.421: [GC 2112659K->216719K(2351616K), 0.0283980 secs]
55.354: [GC 2118382K->223262K(2351296K), 0.0231600 secs]
59.316: [GC 2124958K->228388K(2336448K), 0.0244720 secs]
