1.155: [GC 94827K->30505K(365760K), 0.0637170 secs]
1.386: [GC 125929K->63406K(461184K), 0.0666840 secs]
1.767: [GC 254254K->135453K(461184K), 0.1199620 secs]
2.182: [GC 326301K->198064K(652032K), 0.1335820 secs]
2.316: [Full GC 198064K->198037K(824000K), 0.5590880 secs]
3.493: [GC 579733K->231115K(824000K), 0.0341870 secs]
3.676: [GC 612811K->238478K(1077120K), 0.0188240 secs]
3.976: [GC 792921K->243722K(1086464K), 0.0210880 secs]
4.239: [GC 799370K->248731K(1277056K), 0.0206180 secs]
4.512: [GC 1020763K->257124K(1296384K), 0.0239900 secs]
4.752: [GC 1029156K->252284K(1448000K), 0.0232750 secs]
5.006: [GC 1191868K->257241K(1455552K), 0.0228830 secs]
5.280: [GC 1196825K->257089K(1633280K), 0.0253370 secs]
5.647: [GC 1390081K->257017K(1641152K), 0.0288310 secs]
5.968: [GC 1388416K->257845K(1837824K), 0.0234480 secs]
6.333: [GC 1606069K->262393K(1849728K), 0.0238760 secs]
6.710: [GC 1609554K->259662K(2065024K), 0.0241040 secs]
7.143: [GC 1840974K->270076K(2078208K), 0.0280320 secs]
7.618: [GC 1851110K->267931K(2243264K), 0.0287610 secs]
8.142: [GC 2018971K->276925K(2249408K), 0.0300770 secs]
8.704: [GC 2027822K->273254K(2387712K), 0.0602050 secs]
9.365: [GC 2161062K->276803K(2360704K), 0.0297410 secs]
9.993: [GC 2164611K->285680K(2387712K), 0.0325850 secs]
10.622: [GC 2176624K->297066K(2386304K), 0.0408790 secs]
11.316: [GC 2187254K->296936K(2390592K), 0.0342990 secs]
11.973: [GC 2190568K->301988K(2379968K), 0.0309540 secs]
12.615: [GC 2193672K->317747K(2375104K), 0.0494500 secs]
13.274: [GC 2193587K->317605K(2374272K), 0.0367760 secs]
13.923: [GC 2192229K->320637K(2368704K), 0.0497130 secs]
14.535: [GC 2178557K->327034K(2365568K), 0.0385530 secs]
15.140: [GC 2184954K->330742K(2356416K), 0.0417300 secs]
15.762: [GC 2166006K->340224K(2353408K), 0.0436290 secs]
16.371: [GC 2175488K->340513K(2346624K), 0.0435320 secs]
16.973: [GC 2151740K->343891K(2327680K), 0.0446050 secs]
17.544: [GC 2154956K->346959K(2340544K), 0.0491770 secs]
18.143: [GC 2145999K->350260K(2317696K), 0.0447900 secs]
18.690: [GC 2149300K->347665K(2341312K), 0.0449230 secs]
19.273: [GC 2141137K->354824K(2304192K), 0.0450700 secs]
19.818: [GC 2146682K->358843K(2340544K), 0.0452580 secs]
20.383: [GC 2153147K->361931K(2339712K), 0.0442040 secs]
20.933: [GC 2156235K->364274K(2340992K), 0.0423770 secs]
21.500: [GC 2162322K->365589K(2340800K), 0.0419750 secs]
22.054: [GC 2164693K->371336K(2343872K), 0.0412760 secs]
22.610: [GC 2179336K->369564K(2343552K), 0.0417230 secs]
23.152: [GC 2177564K->369939K(2351808K), 0.0372680 secs]
23.704: [GC 2186995K->375975K(2350912K), 0.0392220 secs]
24.231: [GC 2194343K->391785K(2354688K), 0.0383330 secs]
24.745: [GC 2214294K->386054K(2353408K), 0.0366040 secs]
25.293: [GC 2209059K->387760K(2357568K), 0.0375810 secs]
25.863: [GC 2217648K->391611K(2356032K), 0.0382520 secs]
26.454: [GC 2221499K->394033K(2360640K), 0.0370090 secs]
26.993: [GC 2230577K->394991K(2359360K), 0.0385850 secs]
27.616: [GC 2230524K->401277K(2363712K), 0.0393270 secs]
28.141: [GC 2244833K->407203K(2363136K), 0.0389740 secs]
28.674: [GC 2250915K->404938K(2367872K), 0.0350650 secs]
29.211: [GC 2253767K->409550K(2367104K), 0.0426690 secs]
29.742: [GC 2259982K->419344K(2368512K), 0.0387470 secs]
30.262: [GC 2271185K->421376K(2369600K), 0.0573760 secs]
30.790: [GC 2273105K->422368K(2370496K), 0.0364640 secs]
31.353: [GC 2278816K->421106K(2371584K), 0.0359240 secs]
31.924: [GC 2277554K->427909K(2372096K), 0.0353810 secs]
32.521: [GC 2287493K->432441K(2372672K), 0.0341870 secs]
33.064: [GC 2291439K->426148K(2375168K), 0.0336700 secs]
33.639: [GC 2287958K->439946K(2375552K), 0.0333510 secs]
34.148: [GC 2302474K->438836K(2373056K), 0.0362950 secs]
34.683: [GC 2301556K->446174K(2374400K), 0.0357380 secs]
35.235: [GC 2307552K->446517K(2375424K), 0.0351960 secs]
35.814: [GC 2311413K->447228K(2376000K), 0.0372450 secs]
36.393: [GC 2312124K->452130K(2376000K), 0.0371070 secs]
37.013: [GC 2319394K->454128K(2376576K), 0.0364460 secs]
37.623: [GC 2321392K->459689K(2379008K), 0.0390290 secs]
38.323: [GC 2330473K->459874K(2378944K), 0.0356440 secs]
38.952: [GC 2330366K->467337K(2380224K), 0.0372230 secs]
39.565: [GC 2339529K->473280K(2379328K), 0.0380770 secs]
40.213: [GC 2344821K->477122K(2374976K), 0.0376570 secs]
40.774: [GC 2341675K->479804K(2371904K), 0.0389640 secs]
41.313: [GC 2345532K->483495K(2374400K), 0.0384260 secs]
41.884: [GC 2345767K->484671K(2368704K), 0.0386870 secs]
42.441: [GC 2346206K->487263K(2374144K), 0.0343250 secs]
43.034: [GC 2346780K->495831K(2372992K), 0.0416880 secs]
43.597: [GC 2356439K->493346K(2372352K), 0.0485300 secs]
44.159: [GC 2348373K->494868K(2361152K), 0.0414940 secs]
44.754: [GC 2351636K->501679K(2371712K), 0.0417300 secs]
45.386: [GC 2358423K->509829K(2371904K), 0.0445150 secs]
45.431: [Full GC 509829K->218177K(2391552K), 0.6075090 secs]
46.604: [GC 2073523K->235178K(2372800K), 0.0127950 secs]
47.226: [GC 2071850K->243503K(2308096K), 0.0186770 secs]
47.853: [GC 2080175K->258153K(2374656K), 0.0169700 secs]
48.473: [GC 2081769K->263102K(2375744K), 0.0232880 secs]
49.103: [GC 2085501K->266953K(2371840K), 0.0237520 secs]
49.693: [GC 2091209K->278285K(2374016K), 0.0316040 secs]
50.304: [GC 2101113K->284296K(2375488K), 0.0326990 secs]
50.955: [GC 2116552K->288151K(2375936K), 0.0395700 secs]
51.566: [GC 2120407K->292114K(2383424K), 0.0361250 secs]
52.168: [GC 2132434K->293423K(2361664K), 0.0376140 secs]
52.764: [GC 2133743K->300505K(2377280K), 0.0415430 secs]
53.375: [GC 2133209K->303200K(2363840K), 0.0418740 secs]
53.997: [GC 2135120K->309898K(2367168K), 0.0442740 secs]
54.593: [GC 2126218K->311599K(2355840K), 0.0445370 secs]
55.192: [GC 2127919K->321660K(2353408K), 0.0490060 secs]
55.757: [GC 2114812K->315223K(2331392K), 0.0453080 secs]
56.323: [GC 2107018K->323652K(2354048K), 0.0482660 secs]
56.923: [GC 2107953K->327182K(2325312K), 0.0449110 secs]
57.533: [GC 2112526K->324281K(2358336K), 0.0538550 secs]
58.158: [GC 2110649K->329157K(2319680K), 0.0443430 secs]
58.803: [GC 2115525K->332068K(2356992K), 0.0443430 secs]
59.428: [GC 2120816K->337236K(2353792K), 0.0431300 secs]
60.053: [GC 2126450K->336494K(2360896K), 0.0423850 secs]
60.662: [GC 2135470K->341337K(2358144K), 0.0555760 secs]
61.323: [GC 2140313K->350041K(2364928K), 0.0478720 secs]
61.960: [GC 2158617K->350025K(2363136K), 0.0499610 secs]
62.605: [GC 2158360K->353288K(2371200K), 0.0387670 secs]
63.200: [GC 2172360K->354822K(2369344K), 0.0484250 secs]
