0.541: [GC 95424K->59869K(365760K), 0.0895690 secs]
0.719: [GC 155293K->119797K(461184K), 0.0942540 secs]
1.129: [GC 309001K->166670K(461184K), 0.0525570 secs]
1.431: [GC 355927K->173695K(652032K), 0.0158800 secs]
1.983: [GC 554458K->188334K(652032K), 0.0203870 secs]
2.483: [GC 568234K->202152K(1104320K), 0.0516400 secs]
3.541: [GC 964334K->222141K(1105408K), 0.0396570 secs]
4.509: [GC 984959K->237062K(1862016K), 0.0328150 secs]
6.504: [GC 1761404K->263362K(1863424K), 0.0309170 secs]
8.303: [GC 1788738K->285577K(2193920K), 0.0365080 secs]
8.339: [Full GC 285577K->173236K(2314304K), 0.4866000 secs]
10.947: [GC 2022324K->219075K(2317248K), 0.0728800 secs]
13.120: [GC 2066713K->250926K(2311552K), 0.0458940 secs]
15.345: [GC 2102766K->289944K(2312384K), 0.0366240 secs]
17.520: [GC 2141784K->312944K(2282752K), 0.0774670 secs]
19.677: [GC 2124144K->336434K(2263488K), 0.0489730 secs]
21.822: [GC 2146604K->362437K(2277184K), 0.0457380 secs]
23.928: [GC 2151056K->377770K(2282688K), 0.0380680 secs]
26.023: [GC 2166826K->388844K(2234560K), 0.0357930 secs]
28.027: [GC 2120684K->406000K(2225792K), 0.0415180 secs]
30.064: [GC 2137289K->418924K(2229056K), 0.0362980 secs]
32.039: [GC 2111701K->422550K(2204800K), 0.0370150 secs]
34.010: [GC 2116886K->430941K(2209088K), 0.0385110 secs]
35.927: [GC 2084772K->432587K(2174400K), 0.0400310 secs]
37.836: [GC 2085871K->433667K(2197312K), 0.0401830 secs]
39.700: [GC 2056579K->436681K(2147520K), 0.0409470 secs]
41.598: [GC 2059560K->439617K(2187200K), 0.0413530 secs]
43.433: [GC 2039489K->448983K(2136832K), 0.0441660 secs]
45.282: [GC 2048304K->450767K(2173824K), 0.0431640 secs]
47.109: [GC 2024655K->452451K(2114304K), 0.0444090 secs]
48.944: [GC 2024817K->450496K(2170240K), 0.0434350 secs]
50.747: [GC 2010304K->451315K(2097536K), 0.0433600 secs]
52.570: [GC 2011123K->450172K(2172864K), 0.0436420 secs]
54.345: [GC 2008556K->451333K(2093056K), 0.0435870 secs]
56.175: [GC 2010437K->456387K(2170688K), 0.0442460 secs]
58.013: [GC 2015388K->449441K(2169664K), 0.0424780 secs]
59.854: [GC 2008327K->452046K(2172288K), 0.0426400 secs]
