0.540: [GC 95424K->59898K(365760K), 0.0886320 secs]
0.717: [GC 155322K->119838K(461184K), 0.0829530 secs]
1.118: [GC 308885K->164643K(461184K), 0.0418280 secs]
1.412: [GC 354717K->171461K(652032K), 0.0275930 secs]
1.977: [GC 552576K->186020K(652032K), 0.0645890 secs]
2.520: [GC 566000K->200328K(1103616K), 0.0168260 secs]
3.544: [GC 962807K->220167K(1105024K), 0.0221420 secs]
4.487: [GC 983550K->234602K(1862016K), 0.0633280 secs]
6.508: [GC 1758967K->260838K(1863552K), 0.0291360 secs]
8.278: [GC 1784285K->283157K(2193664K), 0.0494910 secs]
8.328: [Full GC 283157K->173234K(2313152K), 0.4890400 secs]
10.928: [GC 2021810K->218778K(2316096K), 0.0171780 secs]
13.039: [GC 2067354K->251355K(2309952K), 0.0371240 secs]
15.245: [GC 2100824K->291896K(2312896K), 0.0306140 secs]
17.407: [GC 2142754K->312886K(2280512K), 0.0478380 secs]
19.536: [GC 2121287K->335641K(2260224K), 0.0452580 secs]
21.692: [GC 2145433K->361761K(2276544K), 0.0465120 secs]
23.806: [GC 2150817K->377922K(2281792K), 0.0415520 secs]
25.890: [GC 2165604K->390863K(2232256K), 0.0407430 secs]
27.895: [GC 2119992K->406995K(2223552K), 0.0565480 secs]
29.917: [GC 2136705K->421657K(2226368K), 0.0401710 secs]
31.883: [GC 2113561K->422762K(2200832K), 0.0552220 secs]
33.855: [GC 2114666K->431894K(2207680K), 0.0398120 secs]
35.773: [GC 2083527K->433777K(2172544K), 0.0408070 secs]
37.676: [GC 2086385K->436181K(2194752K), 0.0399820 secs]
39.559: [GC 2056587K->437146K(2143936K), 0.0403520 secs]
41.454: [GC 2056877K->440441K(2185920K), 0.0412270 secs]
43.288: [GC 2039161K->449224K(2134080K), 0.0434940 secs]
45.149: [GC 2047944K->452220K(2172352K), 0.0435760 secs]
46.973: [GC 2024322K->454135K(2113408K), 0.0447720 secs]
48.806: [GC 2026004K->450968K(2169280K), 0.0431760 secs]
50.611: [GC 2010133K->455264K(2098944K), 0.0444580 secs]
52.429: [GC 2014432K->452693K(2170368K), 0.0438450 secs]
54.208: [GC 2008917K->450897K(2087680K), 0.0434880 secs]
56.002: [GC 2006771K->455489K(2168448K), 0.0437870 secs]
57.812: [GC 2013208K->451436K(2166592K), 0.0432350 secs]
59.626: [GC 2009516K->452263K(2171136K), 0.0428510 secs]
