1.113: [GC 94478K->31842K(365760K), 0.0700460 secs]
1.351: [GC 127266K->64989K(461184K), 0.0642500 secs]
1.730: [GC 255837K->132967K(461184K), 0.0891580 secs]
2.114: [GC 323815K->195804K(652032K), 0.1317440 secs]
2.246: [Full GC 195804K->195770K(823296K), 0.6280370 secs]
3.856: [GC 577466K->233848K(823296K), 0.0305730 secs]
4.587: [GC 615544K->247166K(1031808K), 0.0266590 secs]
5.511: [GC 773886K->263377K(1052288K), 0.0242990 secs]
6.354: [GC 789317K->277171K(1174656K), 0.0287350 secs]
7.407: [GC 955891K->294086K(1197376K), 0.0362400 secs]
8.397: [GC 972806K->306400K(1298048K), 0.0425730 secs]
9.547: [GC 1080544K->313868K(1306176K), 0.0451690 secs]
10.665: [GC 1088012K->329423K(1402368K), 0.0540760 secs]
11.962: [GC 1190543K->343549K(1415360K), 0.0594390 secs]
13.236: [GC 1203923K->353712K(1517248K), 0.0638580 secs]
14.638: [GC 1301104K->362126K(1533440K), 0.0671950 secs]
16.074: [GC 1309518K->369953K(1642624K), 0.0733110 secs]
17.606: [GC 1410529K->374031K(1658112K), 0.0730080 secs]
19.132: [GC 1414597K->380493K(1736896K), 0.0772080 secs]
20.768: [GC 1486157K->393585K(1749888K), 0.0809890 secs]
22.481: [GC 1499249K->400174K(1835840K), 0.0873340 secs]
24.221: [GC 1577006K->402912K(1847232K), 0.0814280 secs]
25.948: [GC 1579744K->408941K(1935616K), 0.0850770 secs]
27.814: [GC 1665901K->411900K(1942336K), 0.0843060 secs]
29.671: [GC 1668860K->416107K(2035136K), 0.0894530 secs]
31.686: [GC 1761771K->419498K(2037440K), 0.0863240 secs]
33.624: [GC 1763213K->424915K(2108352K), 0.0846670 secs]
35.705: [GC 1840595K->428953K(2109632K), 0.0851750 secs]
37.788: [GC 1844556K->434704K(2181760K), 0.0912890 secs]
39.909: [GC 1921360K->426848K(2182976K), 0.0862890 secs]
42.071: [GC 1913504K->428077K(2184960K), 0.0871630 secs]
44.272: [GC 1925869K->432545K(2186880K), 0.0881780 secs]
46.447: [GC 1930337K->439747K(2196736K), 0.0915590 secs]
48.634: [GC 1951619K->440059K(2196928K), 0.0833690 secs]
50.807: [GC 1951187K->443011K(2199808K), 0.0904370 secs]
53.046: [GC 1962307K->445915K(2199936K), 0.0910930 secs]
55.265: [GC 1965211K->438783K(2197632K), 0.0879440 secs]
57.470: [GC 1966271K->445334K(2201344K), 0.0921280 secs]
59.757: [GC 1972356K->441583K(2202560K), 0.0960120 secs]
62.004: [GC 1983983K->448795K(2208320K), 0.1048990 secs]
