0.527: [GC 95424K->59885K(365760K), 0.1169830 secs]
0.726: [GC 155309K->119833K(461184K), 0.0836220 secs]
1.131: [GC 310618K->166513K(461184K), 0.0494770 secs]
1.406: [GC 355489K->171340K(652032K), 0.0165300 secs]
1.921: [GC 552921K->176075K(652032K), 0.0113780 secs]
2.389: [GC 556980K->178572K(1109376K), 0.0215390 secs]
3.443: [GC 940495K->186698K(1109568K), 0.0130690 secs]
4.341: [GC 949070K->197833K(1862784K), 0.0155710 secs]
6.315: [GC 1724047K->221511K(1866560K), 0.0176660 secs]
8.167: [GC 1747074K->235588K(2202816K), 0.0202930 secs]
10.476: [GC 2099067K->256645K(2154304K), 0.0285840 secs]
10.505: [Full GC 256645K->178399K(2291392K), 0.5751180 secs]
13.205: [GC 2043185K->208319K(2343104K), 0.0111350 secs]
15.431: [GC 2077676K->228070K(2340864K), 0.0164890 secs]
17.830: [GC 2097914K->241545K(2339328K), 0.0190590 secs]
20.126: [GC 2110473K->254708K(2336832K), 0.0226180 secs]
22.282: [GC 2122778K->268911K(2310592K), 0.0262210 secs]
24.380: [GC 2097314K->276641K(2294080K), 0.0311870 secs]
26.505: [GC 2103541K->290702K(2305280K), 0.0254570 secs]
28.554: [GC 2097325K->299492K(2295168K), 0.0277880 secs]
30.490: [GC 2105242K->303875K(2286208K), 0.0272200 secs]
32.474: [GC 2074580K->309779K(2269760K), 0.0288170 secs]
34.506: [GC 2080298K->318747K(2265664K), 0.0319440 secs]
36.667: [GC 2050038K->324981K(2246720K), 0.0337130 secs]
38.749: [GC 2057845K->332410K(2244224K), 0.0341660 secs]
40.762: [GC 2022221K->337991K(2217856K), 0.0363450 secs]
42.659: [GC 2028649K->342195K(2225856K), 0.0371980 secs]
44.565: [GC 1992338K->346944K(2187520K), 0.0384560 secs]
46.423: [GC 1996859K->351376K(2210048K), 0.0401580 secs]
48.329: [GC 1967524K->353148K(2156160K), 0.0400910 secs]
50.160: [GC 1969175K->351144K(2208448K), 0.0375880 secs]
52.023: [GC 1952150K->354521K(2137600K), 0.0390530 secs]
53.900: [GC 1956164K->363998K(2202368K), 0.0413560 secs]
55.842: [GC 1956325K->364482K(2134080K), 0.0401720 secs]
57.769: [GC 1955394K->370782K(2202560K), 0.0419220 secs]
59.602: [GC 1958260K->367679K(2127936K), 0.0390950 secs]
