0.537: [GC 95424K->59882K(365760K), 0.0749270 secs]
0.693: [GC 155306K->119818K(461184K), 0.1043090 secs]
1.098: [GC 310572K->166639K(461184K), 0.0710830 secs]
1.407: [GC 355592K->171654K(652032K), 0.0148890 secs]
1.921: [GC 552383K->179137K(652032K), 0.0119860 secs]
2.406: [GC 559945K->184219K(1108608K), 0.0177270 secs]
3.415: [GC 947002K->195025K(1108672K), 0.0188030 secs]
4.315: [GC 958145K->208807K(1859136K), 0.0217160 secs]
6.282: [GC 1734178K->229778K(1863936K), 0.0352700 secs]
8.065: [GC 1754801K->246636K(2207296K), 0.0377700 secs]
8.103: [Full GC 246636K->179163K(2336000K), 0.5000560 secs]
10.752: [GC 2047503K->214411K(2288320K), 0.0169620 secs]
12.913: [GC 2082574K->231995K(2333696K), 0.0228150 secs]
15.104: [GC 2100710K->250979K(2325120K), 0.0238430 secs]
17.225: [GC 2120404K->261692K(2313536K), 0.0256730 secs]
19.378: [GC 2103658K->272675K(2320192K), 0.0340210 secs]
21.498: [GC 2116043K->282038K(2277568K), 0.0365030 secs]
23.589: [GC 2076432K->286750K(2261056K), 0.0331800 secs]
25.675: [GC 2082085K->298890K(2284608K), 0.0319910 secs]
27.732: [GC 2077176K->308358K(2266048K), 0.0365470 secs]
29.761: [GC 2086460K->321618K(2260416K), 0.0430340 secs]
31.771: [GC 2061436K->330496K(2250048K), 0.0350030 secs]
33.802: [GC 2070511K->330158K(2241152K), 0.0342600 secs]
35.765: [GC 2027815K->338145K(2215424K), 0.0361920 secs]
37.819: [GC 2035215K->345119K(2219904K), 0.0381570 secs]
39.696: [GC 2002860K->350346K(2187200K), 0.0396750 secs]
41.636: [GC 2007997K->356877K(2200832K), 0.0416780 secs]
43.514: [GC 1975154K->354163K(2152000K), 0.0400060 secs]
45.394: [GC 1971457K->359811K(2194560K), 0.0680220 secs]
47.267: [GC 1954785K->361465K(2130496K), 0.0517380 secs]
49.095: [GC 1957153K->367042K(2189888K), 0.0498410 secs]
50.937: [GC 1949738K->368379K(2119232K), 0.0417460 secs]
52.783: [GC 1950915K->370082K(2191424K), 0.0410630 secs]
54.632: [GC 1950635K->374210K(2119872K), 0.0418350 secs]
56.478: [GC 1953664K->375725K(2192320K), 0.0421280 secs]
58.319: [GC 1955616K->377279K(2117440K), 0.0415390 secs]
60.141: [GC 1956801K->376749K(2192192K), 0.0406760 secs]
