1.163: [GC 94788K->30501K(365760K), 0.0831510 secs]
1.407: [GC 125925K->63146K(461184K), 0.1097010 secs]
1.812: [GC 253994K->133689K(461184K), 0.1310160 secs]
2.224: [GC 324537K->196276K(652032K), 0.1406810 secs]
2.364: [Full GC 196276K->196237K(816640K), 0.5641740 secs]
3.639: [GC 576739K->235357K(816640K), 0.0366410 secs]
3.988: [GC 617053K->243384K(1065152K), 0.0172610 secs]
4.384: [GC 805007K->253042K(1084480K), 0.0212740 secs]
4.699: [GC 814589K->264386K(1273728K), 0.0219480 secs]
5.168: [GC 1049003K->265370K(1297920K), 0.0208740 secs]
5.587: [GC 1050095K->276732K(1437184K), 0.0280040 secs]
6.086: [GC 1217049K->280500K(1448320K), 0.0230220 secs]
6.537: [GC 1221136K->290414K(1608000K), 0.0267180 secs]
7.098: [GC 1390288K->305973K(1613312K), 0.0368760 secs]
7.726: [GC 1405694K->304866K(1788736K), 0.0264700 secs]
8.405: [GC 1572837K->315471K(1796608K), 0.0294430 secs]
9.104: [GC 1583454K->319630K(1977088K), 0.0307020 secs]
9.865: [GC 1760833K->329281K(1985664K), 0.0324180 secs]
10.596: [GC 1768696K->336534K(2108800K), 0.0368790 secs]
11.455: [GC 1890599K->348736K(2119488K), 0.0357880 secs]
12.277: [GC 1901522K->354431K(2250240K), 0.0423380 secs]
13.140: [GC 2025231K->356512K(2259136K), 0.0338380 secs]
14.015: [GC 2026905K->364785K(2266496K), 0.0352050 secs]
14.876: [GC 2035446K->369028K(2222784K), 0.0356920 secs]
15.754: [GC 2040816K->375099K(2258176K), 0.0371710 secs]
16.676: [GC 2026448K->382114K(2209920K), 0.0377960 secs]
17.536: [GC 2032997K->382068K(2255488K), 0.0368300 secs]
18.417: [GC 2021647K->385028K(2256896K), 0.0364150 secs]
19.224: [GC 2024152K->392780K(2255040K), 0.0372970 secs]
20.091: [GC 2029702K->391746K(2188672K), 0.0368710 secs]
20.996: [GC 2029833K->400891K(2255360K), 0.0371260 secs]
21.882: [GC 2038679K->403855K(2255296K), 0.0375100 secs]
22.723: [GC 2041464K->415117K(2254528K), 0.0410390 secs]
23.616: [GC 2052946K->418476K(2201280K), 0.0393230 secs]
24.493: [GC 2057644K->422761K(2256896K), 0.0384090 secs]
25.386: [GC 2060302K->420746K(2193856K), 0.0368160 secs]
26.238: [GC 2058691K->431066K(2254016K), 0.0399380 secs]
27.098: [GC 2069736K->432808K(2252736K), 0.0383030 secs]
27.968: [GC 2072310K->433307K(2255424K), 0.0378510 secs]
28.878: [GC 2085791K->438223K(2256320K), 0.0375740 secs]
29.740: [GC 2089958K->438003K(2264384K), 0.0359910 secs]
30.628: [GC 2108772K->440920K(2265344K), 0.0360950 secs]
31.527: [GC 2110655K->444939K(2274752K), 0.0339150 secs]
32.387: [GC 2132387K->445796K(2275648K), 0.0350130 secs]
33.297: [GC 2133122K->457861K(2284416K), 0.0366720 secs]
34.230: [GC 2159622K->460875K(2284736K), 0.0374830 secs]
35.089: [GC 2164468K->472512K(2290432K), 0.0396070 secs]
35.964: [GC 2184168K->478023K(2290240K), 0.0376610 secs]
36.824: [GC 2189264K->477674K(2293248K), 0.0391040 secs]
37.739: [GC 2195976K->484026K(2294208K), 0.0379910 secs]
38.636: [GC 2200914K->497653K(2292416K), 0.0392350 secs]
39.499: [GC 2213838K->488238K(2295360K), 0.0375890 secs]
40.375: [GC 2204241K->492499K(2290880K), 0.0363780 secs]
41.258: [GC 2211841K->499596K(2293248K), 0.0384230 secs]
42.136: [GC 2218508K->500689K(2295296K), 0.0376750 secs]
43.033: [GC 2227726K->505107K(2298240K), 0.0384110 secs]
43.977: [GC 2231735K->509223K(2299072K), 0.0374100 secs]
45.044: [GC 2241542K->516430K(2301760K), 0.0388140 secs]
45.971: [GC 2249754K->517957K(2303232K), 0.0392250 secs]
46.875: [GC 2255249K->528998K(2304640K), 0.0378260 secs]
47.785: [GC 2266509K->522582K(2306624K), 0.0361680 secs]
48.711: [GC 2261609K->526778K(2306432K), 0.0385090 secs]
49.604: [GC 2265465K->531339K(2306176K), 0.0373970 secs]
50.494: [GC 2271632K->542145K(2306304K), 0.0384320 secs]
51.429: [GC 2283309K->548904K(2304704K), 0.0399270 secs]
52.306: [GC 2287222K->555555K(2300800K), 0.0413120 secs]
52.347: [Full GC 555555K->215555K(2333888K), 0.7232230 secs]
53.928: [GC 1953596K->244240K(2304512K), 0.0112690 secs]
54.808: [GC 1945455K->259587K(2198336K), 0.0155060 secs]
55.701: [GC 1961731K->270778K(2302976K), 0.0173410 secs]
56.575: [GC 1945402K->280153K(2191424K), 0.0192450 secs]
57.445: [GC 1954682K->285586K(2308096K), 0.0217220 secs]
58.319: [GC 1958779K->305863K(2217152K), 0.0270940 secs]
59.191: [GC 1978724K->318107K(2307520K), 0.0282360 secs]
60.027: [GC 1999451K->320789K(2300800K), 0.0297610 secs]
60.926: [GC 2001201K->332974K(2308992K), 0.0320850 secs]
61.863: [GC 2027566K->339252K(2308800K), 0.0341070 secs]
62.663: [GC 2033377K->343711K(2318720K), 0.0350490 secs]
