0.529: [GC 95424K->59869K(365760K), 0.0883960 secs]
0.702: [GC 155293K->119785K(461184K), 0.0948560 secs]
1.103: [GC 310633K->164399K(461184K), 0.0837650 secs]
1.421: [GC 354510K->170225K(652032K), 0.0208180 secs]
1.930: [GC 551921K->184178K(652032K), 0.0596740 secs]
2.460: [GC 565874K->192926K(1106176K), 0.0238410 secs]
3.460: [GC 955614K->210501K(1106432K), 0.0341580 secs]
4.359: [GC 973333K->222214K(1858496K), 0.0453820 secs]
6.363: [GC 1748802K->245424K(1861824K), 0.0291650 secs]
8.136: [GC 1771618K->273452K(2197760K), 0.0318820 secs]
8.168: [Full GC 273452K->176546K(2322752K), 0.5870980 secs]
10.887: [GC 2034529K->221360K(2326912K), 0.0179160 secs]
13.015: [GC 2079694K->249491K(2319424K), 0.0351520 secs]
15.136: [GC 2103796K->271486K(2324736K), 0.0517790 secs]
17.265: [GC 2125004K->297170K(2293504K), 0.0462440 secs]
19.401: [GC 2120511K->317535K(2300928K), 0.0286220 secs]
21.453: [GC 2140770K->330256K(2272000K), 0.0312640 secs]
23.481: [GC 2106775K->346053K(2284096K), 0.0357970 secs]
25.547: [GC 2123692K->353900K(2225984K), 0.0374160 secs]
27.502: [GC 2068678K->363525K(2213184K), 0.0418980 secs]
29.482: [GC 2078981K->375869K(2229888K), 0.0365220 secs]
31.400: [GC 2059003K->385062K(2203072K), 0.0381400 secs]
33.322: [GC 2067199K->389793K(2209152K), 0.0387700 secs]
35.174: [GC 2032867K->396873K(2174336K), 0.0406010 secs]
37.041: [GC 2038193K->400483K(2191104K), 0.0417730 secs]
38.839: [GC 2005642K->404542K(2144128K), 0.0426600 secs]
40.674: [GC 2008253K->409145K(2176640K), 0.0443880 secs]
42.471: [GC 1981718K->409848K(2117952K), 0.0439510 secs]
44.279: [GC 1983736K->410745K(2169856K), 0.0454150 secs]
46.043: [GC 1963805K->414902K(2102784K), 0.0452120 secs]
47.793: [GC 1967105K->414670K(2166464K), 0.0457290 secs]
49.558: [GC 1954759K->416469K(2087808K), 0.0449570 secs]
51.310: [GC 1957327K->413260K(2170432K), 0.0433840 secs]
53.014: [GC 1956663K->420090K(2086784K), 0.0447350 secs]
54.762: [GC 1962593K->421454K(2168192K), 0.0437120 secs]
56.521: [GC 1966208K->418818K(2165952K), 0.0433120 secs]
58.277: [GC 1963931K->416948K(2169280K), 0.0426350 secs]
60.049: [GC 1973997K->422193K(2168064K), 0.0436460 secs]
