0.537: [GC 95424K->59882K(365760K), 0.0881870 secs]
0.707: [GC 155306K->119810K(461184K), 0.0713240 secs]
1.047: [GC 309137K->163234K(461184K), 0.0897970 secs]
1.332: [GC 353045K->168149K(652032K), 0.0101760 secs]
1.796: [GC 548625K->181638K(652032K), 0.0215360 secs]
2.233: [GC 561953K->196433K(1102976K), 0.0429910 secs]
3.177: [GC 959825K->216086K(1104896K), 0.0209180 secs]
3.996: [GC 978508K->232062K(1861888K), 0.0224470 secs]
5.736: [GC 1757118K->257733K(1863616K), 0.0278970 secs]
7.342: [GC 1781316K->276004K(2197120K), 0.0335200 secs]
7.386: [Full GC 276004K->172321K(2322880K), 0.5798400 secs]
9.877: [GC 2023685K->216915K(2276736K), 0.0425310 secs]
11.851: [GC 2068098K->244691K(2318656K), 0.0281570 secs]
13.713: [GC 2093203K->268154K(2322560K), 0.0292310 secs]
15.637: [GC 2117264K->286713K(2297472K), 0.0381830 secs]
17.543: [GC 2109561K->305043K(2295808K), 0.0273140 secs]
19.432: [GC 2128728K->316138K(2283136K), 0.0315050 secs]
21.312: [GC 2104666K->326299K(2282944K), 0.0355440 secs]
23.211: [GC 2115865K->334572K(2255552K), 0.0358360 secs]
25.052: [GC 2075774K->351151K(2260416K), 0.0381800 secs]
26.908: [GC 2091669K->365968K(2210624K), 0.0418680 secs]
28.672: [GC 2040550K->365392K(2207168K), 0.0406630 secs]
30.415: [GC 2038923K->372941K(2193920K), 0.0426370 secs]
32.106: [GC 1991461K->374886K(2161024K), 0.0422050 secs]
33.825: [GC 1994072K->373416K(2180160K), 0.0425730 secs]
35.522: [GC 1953604K->379065K(2126272K), 0.0441630 secs]
37.189: [GC 1958511K->375644K(2171264K), 0.0426640 secs]
38.863: [GC 1930001K->377005K(2099264K), 0.0436880 secs]
40.500: [GC 1931964K->374115K(2171840K), 0.0415320 secs]
42.076: [GC 1921692K->374154K(2085824K), 0.0421250 secs]
43.705: [GC 1922186K->372239K(2174528K), 0.0414850 secs]
45.283: [GC 1923439K->371792K(2083008K), 0.0411860 secs]
46.916: [GC 1922249K->377970K(2171200K), 0.0420210 secs]
48.538: [GC 1933098K->374102K(2168832K), 0.0412520 secs]
50.145: [GC 1930177K->370839K(2177344K), 0.0404310 secs]
51.785: [GC 1945609K->380071K(2176832K), 0.0418540 secs]
53.428: [GC 1954097K->380267K(2190976K), 0.0417980 secs]
55.105: [GC 1973090K->390233K(2190720K), 0.0437100 secs]
56.798: [GC 1984269K->390359K(2198720K), 0.0435900 secs]
58.489: [GC 1994141K->386471K(2141376K), 0.0424620 secs]
60.137: [GC 1989613K->392226K(2199872K), 0.0435730 secs]
