1.169: [GC 95424K->31588K(365760K), 0.0557980 secs]
1.385: [GC 127012K->65336K(461184K), 0.0655780 secs]
1.769: [GC 256184K->135963K(461184K), 0.0996210 secs]
2.166: [GC 326811K->198558K(652032K), 0.1110110 secs]
2.277: [Full GC 198558K->198513K(825664K), 0.5591970 secs]
3.575: [GC 579024K->234234K(825664K), 0.0300280 secs]
3.962: [GC 615755K->247442K(1048704K), 0.0193550 secs]
4.477: [GC 784722K->263011K(1067136K), 0.0368330 secs]
4.975: [GC 800016K->272577K(1238656K), 0.0441610 secs]
5.607: [GC 1002975K->283267K(1251328K), 0.0367640 secs]
6.197: [GC 1012790K->292886K(1391872K), 0.0445990 secs]
6.911: [GC 1163120K->302196K(1395840K), 0.0415860 secs]
7.618: [GC 1172596K->314003K(1548416K), 0.0529350 secs]
8.428: [GC 1328807K->320903K(1557760K), 0.0445040 secs]
9.235: [GC 1336191K->332790K(1722880K), 0.0544980 secs]
10.167: [GC 1503564K->349454K(1735168K), 0.0723300 secs]
11.122: [GC 1520075K->364457K(1923584K), 0.0703010 secs]
12.180: [GC 1708348K->372781K(1941824K), 0.0751950 secs]
13.251: [GC 1716082K->378037K(2088512K), 0.0812090 secs]
14.436: [GC 1851158K->386046K(2104384K), 0.0813110 secs]
15.568: [GC 1857730K->388278K(2225024K), 0.0858600 secs]
16.790: [GC 1965478K->396375K(2173888K), 0.1014540 secs]
18.133: [GC 1974002K->403874K(2209600K), 0.1318210 secs]
19.404: [GC 1946526K->405008K(2140288K), 0.0774490 secs]
20.614: [GC 1948238K->405718K(2208384K), 0.0712390 secs]
21.800: [GC 1935062K->409340K(2122752K), 0.0721210 secs]
22.965: [GC 1938641K->417692K(2206400K), 0.0739640 secs]
24.173: [GC 1941994K->418308K(2208192K), 0.0751790 secs]
25.400: [GC 1941077K->424147K(2207936K), 0.0756760 secs]
26.568: [GC 1948883K->428755K(2208192K), 0.0753270 secs]
27.755: [GC 1952069K->430814K(2205184K), 0.0736810 secs]
28.936: [GC 1955037K->437897K(2206720K), 0.0765200 secs]
30.131: [GC 1961827K->438536K(2205760K), 0.0769550 secs]
31.335: [GC 1967445K->444532K(2208512K), 0.0758990 secs]
32.556: [GC 1974526K->449379K(2210688K), 0.0761760 secs]
33.752: [GC 1984866K->449237K(2212800K), 0.0769450 secs]
34.945: [GC 1985811K->444779K(2206400K), 0.0741490 secs]
36.153: [GC 1985325K->452330K(2210944K), 0.0775060 secs]
37.338: [GC 1993750K->455068K(2215040K), 0.0769700 secs]
38.555: [GC 2010710K->454966K(2219840K), 0.0761080 secs]
39.772: [GC 2010381K->458309K(2220160K), 0.0760500 secs]
40.955: [GC 2027537K->467967K(2224896K), 0.0777750 secs]
42.156: [GC 2036232K->458557K(2223680K), 0.0727310 secs]
43.378: [GC 2039914K->465673K(2230848K), 0.0754450 secs]
44.594: [GC 2048079K->471466K(2234816K), 0.0749430 secs]
45.815: [GC 2071914K->467834K(2240576K), 0.0723540 secs]
47.047: [GC 2066950K->472735K(2242752K), 0.0759170 secs]
48.342: [GC 2087350K->483670K(2248064K), 0.0779340 secs]
49.620: [GC 2097541K->484291K(2257472K), 0.0769090 secs]
50.877: [GC 2111811K->477236K(2258624K), 0.0753750 secs]
52.157: [GC 2104756K->479621K(2257152K), 0.0710530 secs]
53.418: [GC 2111278K->476935K(2258112K), 0.0726850 secs]
54.686: [GC 2108463K->485169K(2261696K), 0.0875610 secs]
55.995: [GC 2127537K->492572K(2263744K), 0.0779890 secs]
57.283: [GC 2133053K->496785K(2269248K), 0.0787910 secs]
58.632: [GC 2146060K->501946K(2270080K), 0.0781740 secs]
59.974: [GC 2150964K->504315K(2272128K), 0.0781160 secs]
61.355: [GC 2156524K->507921K(2272576K), 0.0788110 secs]
62.683: [GC 2160240K->505105K(2269632K), 0.0757200 secs]
