0.530: [GC 95424K->59877K(365760K), 0.0873230 secs]
0.700: [GC 155301K->119829K(461184K), 0.1332670 secs]
1.638: [GC 310193K->173004K(461184K), 0.0975190 secs]
2.332: [GC 363852K->173410K(652032K), 0.0587620 secs]
3.927: [GC 553568K->173778K(652032K), 0.0165150 secs]
5.675: [GC 554654K->175181K(1112192K), 0.0112340 secs]
8.651: [GC 937373K->176204K(1112448K), 0.0156840 secs]
11.474: [GC 939596K->177242K(1874304K), 0.0086610 secs]
19.122: [GC 1704026K->180794K(1874560K), 0.0123560 secs]
25.852: [GC 1705719K->184818K(2193472K), 0.0402780 secs]
34.328: [GC 2034317K->190982K(2194496K), 0.0079330 secs]
42.795: [GC 2040411K->192373K(2197888K), 0.0067300 secs]
52.136: [GC 2051698K->201811K(2198464K), 0.0082950 secs]
