0.545: [GC 95424K->59874K(365760K), 0.0773050 secs]
0.708: [GC 155298K->119814K(461184K), 0.0857470 secs]
1.247: [GC 310041K->167214K(461184K), 0.0724380 secs]
1.678: [GC 356828K->174425K(652032K), 0.0517460 secs]
2.610: [GC 554883K->176042K(652032K), 0.0302570 secs]
3.501: [GC 556987K->177974K(1109888K), 0.0085750 secs]
5.178: [GC 940646K->179186K(1110144K), 0.0124910 secs]
6.899: [GC 940398K->183011K(1871040K), 0.0092350 secs]
10.384: [GC 1707501K->188796K(1871808K), 0.0067770 secs]
13.788: [GC 1713884K->188720K(2197440K), 0.0078770 secs]
18.181: [GC 2042986K->196593K(2197440K), 0.0116030 secs]
22.300: [GC 2051174K->201451K(2200512K), 0.0123250 secs]
26.337: [GC 2064561K->205953K(2200640K), 0.0125680 secs]
30.718: [GC 2070145K->211133K(2205184K), 0.0132600 secs]
34.702: [GC 2084412K->216357K(2205440K), 0.0077170 secs]
34.710: [Full GC 216357K->180324K(2328768K), 0.5019400 secs]
39.204: [GC 2053315K->189634K(2334208K), 0.0096330 secs]
43.287: [GC 2074140K->201193K(2334208K), 0.0093920 secs]
47.447: [GC 2084808K->205012K(2339200K), 0.0123010 secs]
51.539: [GC 2102100K->209121K(2337792K), 0.0111120 secs]
55.484: [GC 2106209K->215262K(2346944K), 0.0147480 secs]
59.737: [GC 2121752K->221553K(2347584K), 0.0211110 secs]
