1.161: [GC 94827K->30501K(365760K), 0.0559890 secs]
1.380: [GC 125925K->63190K(461184K), 0.0642090 secs]
1.762: [GC 254038K->129893K(461184K), 0.1181180 secs]
2.177: [GC 320741K->192464K(652032K), 0.1643510 secs]
2.342: [Full GC 192464K->192431K(810624K), 0.4617810 secs]
3.408: [GC 573916K->230513K(810624K), 0.0204470 secs]
3.553: [GC 612209K->235941K(1068992K), 0.0109450 secs]
3.872: [GC 804133K->241892K(1082240K), 0.0156960 secs]
4.107: [GC 809124K->245967K(1296320K), 0.0191610 secs]
4.467: [GC 1050703K->250406K(1313536K), 0.0170880 secs]
4.737: [GC 1055142K->251126K(1465728K), 0.0182940 secs]
5.009: [GC 1228598K->254234K(1478848K), 0.0207520 secs]
5.298: [GC 1231133K->261892K(1654848K), 0.0183230 secs]
5.618: [GC 1431800K->262222K(1666688K), 0.0188650 secs]
5.922: [GC 1432026K->261700K(1884032K), 0.0244820 secs]
6.355: [GC 1656324K->265716K(1884928K), 0.0361480 secs]
6.756: [GC 1660340K->267814K(2140608K), 0.0266940 secs]
7.206: [GC 1924582K->273987K(2146304K), 0.0335960 secs]
7.655: [GC 1930755K->274514K(2347072K), 0.0280960 secs]
8.174: [GC 2132370K->279565K(2350976K), 0.0218760 secs]
8.868: [GC 2136601K->280654K(2366848K), 0.0290410 secs]
9.515: [GC 2151895K->284768K(2340928K), 0.0209910 secs]
10.277: [GC 2156192K->288027K(2367552K), 0.0193440 secs]
11.083: [GC 2161173K->298040K(2365568K), 0.0202200 secs]
11.977: [GC 2170764K->300124K(2368128K), 0.0267410 secs]
12.813: [GC 2175708K->304839K(2353088K), 0.0213270 secs]
13.639: [GC 2180423K->318944K(2356352K), 0.0300130 secs]
14.591: [GC 2180704K->321373K(2350720K), 0.0228460 secs]
15.406: [GC 2183133K->325450K(2348864K), 0.0238790 secs]
16.202: [GC 2170108K->332245K(2341440K), 0.0350800 secs]
17.035: [GC 2175227K->336497K(2338240K), 0.0313160 secs]
17.828: [GC 2160496K->336550K(2321728K), 0.0302840 secs]
18.675: [GC 2160843K->350583K(2327872K), 0.0249340 secs]
19.476: [GC 2156342K->346312K(2308608K), 0.0280600 secs]
20.295: [GC 2152648K->352510K(2324608K), 0.0280790 secs]
21.076: [GC 2145690K->352990K(2298880K), 0.0423920 secs]
21.886: [GC 2147029K->362359K(2318464K), 0.0417360 secs]
22.672: [GC 2144095K->366253K(2295296K), 0.0319770 secs]
23.427: [GC 2148104K->368758K(2316032K), 0.0373840 secs]
24.195: [GC 2142198K->369589K(2281920K), 0.0521350 secs]
24.974: [GC 2143029K->373697K(2318080K), 0.1090750 secs]
25.801: [GC 2147521K->375880K(2279360K), 0.0427450 secs]
26.527: [GC 2148761K->376726K(2319296K), 0.0357780 secs]
27.186: [GC 2152108K->385074K(2315904K), 0.0296980 secs]
27.865: [GC 2162290K->384414K(2320128K), 0.0269180 secs]
28.572: [GC 2168478K->386634K(2318016K), 0.0270580 secs]
29.186: [GC 2170698K->390388K(2325184K), 0.0253620 secs]
29.756: [GC 2184884K->393793K(2322560K), 0.0392520 secs]
30.386: [GC 2188289K->395740K(2330304K), 0.0259750 secs]
31.016: [GC 2200412K->399896K(2328704K), 0.0249120 secs]
31.600: [GC 2204568K->407137K(2335744K), 0.0287270 secs]
32.252: [GC 2221345K->402015K(2334656K), 0.0256750 secs]
32.827: [GC 2216223K->413018K(2340544K), 0.0239830 secs]
33.416: [GC 2232656K->410430K(2340480K), 0.0224690 secs]
33.973: [GC 2231102K->414343K(2341440K), 0.0215130 secs]
34.503: [GC 2236120K->420346K(2304704K), 0.0224520 secs]
35.076: [GC 2242362K->418624K(2341952K), 0.0229870 secs]
35.682: [GC 2241837K->423858K(2341248K), 0.0221630 secs]
36.226: [GC 2246780K->431637K(2340992K), 0.0231570 secs]
36.766: [GC 2259285K->440531K(2341504K), 0.0257140 secs]
37.267: [GC 2268179K->446896K(2347136K), 0.0263970 secs]
37.802: [GC 2280880K->448098K(2347776K), 0.0262850 secs]
38.357: [GC 2282082K->448776K(2345984K), 0.0252970 secs]
38.920: [GC 2283272K->452574K(2347136K), 0.0265750 secs]
39.446: [GC 2287070K->456727K(2348672K), 0.0273220 secs]
39.967: [GC 2293783K->458362K(2349184K), 0.0264390 secs]
40.476: [GC 2295418K->459789K(2347648K), 0.0237620 secs]
41.023: [GC 2296795K->464030K(2348544K), 0.0255390 secs]
41.541: [GC 2302366K->461424K(2348864K), 0.0254130 secs]
42.096: [GC 2303280K->470285K(2350464K), 0.0255940 secs]
42.613: [GC 2312141K->478117K(2351680K), 0.0248400 secs]
43.137: [GC 2321445K->474835K(2336320K), 0.0256840 secs]
43.665: [GC 2318163K->480608K(2353408K), 0.0385410 secs]
44.226: [GC 2325003K->481560K(2352064K), 0.0252260 secs]
44.764: [GC 2327128K->484788K(2353344K), 0.0249430 secs]
44.789: [Full GC 484788K->220283K(2388352K), 0.6197680 secs]
45.911: [GC 2067963K->237952K(2313472K), 0.0081490 secs]
46.436: [GC 2084600K->240338K(2369536K), 0.0082930 secs]
46.956: [GC 2060114K->250546K(2298112K), 0.0106790 secs]
47.471: [GC 2070322K->250891K(2371136K), 0.0126900 secs]
47.978: [GC 2063258K->260565K(2300992K), 0.0136280 secs]
48.516: [GC 2073173K->263844K(2374272K), 0.0153280 secs]
49.031: [GC 2080036K->265361K(2309376K), 0.0153140 secs]
49.545: [GC 2080260K->278843K(2374848K), 0.0264720 secs]
50.093: [GC 2100936K->276350K(2370880K), 0.0188100 secs]
50.688: [GC 2097797K->279659K(2377664K), 0.0271140 secs]
51.265: [GC 2112939K->288140K(2374784K), 0.0215960 secs]
51.834: [GC 2121420K->287454K(2388032K), 0.0213590 secs]
52.394: [GC 2133534K->293311K(2387904K), 0.0221010 secs]
52.918: [GC 2139391K->294994K(2384512K), 0.0319630 secs]
53.517: [GC 2134751K->296760K(2365440K), 0.0262290 secs]
54.091: [GC 2137656K->302157K(2379968K), 0.0428270 secs]
54.709: [GC 2133949K->304246K(2360832K), 0.0270220 secs]
55.298: [GC 2135505K->302540K(2380736K), 0.0246170 secs]
55.935: [GC 2131596K->305290K(2352256K), 0.0248830 secs]
56.596: [GC 2132878K->315237K(2378176K), 0.0245790 secs]
57.241: [GC 2141652K->322710K(2359552K), 0.0367110 secs]
57.871: [GC 2150422K->325061K(2375552K), 0.0242950 secs]
58.507: [GC 2146380K->322602K(2347584K), 0.0234200 secs]
59.159: [GC 2144426K->326863K(2377600K), 0.0215870 secs]
59.802: [GC 2150863K->330985K(2376704K), 0.0235470 secs]
60.399: [GC 2154985K->338307K(2376512K), 0.0246870 secs]
61.030: [GC 2162627K->335277K(2377728K), 0.0229140 secs]
61.645: [GC 2159061K->341568K(2376768K), 0.0234610 secs]
62.306: [GC 2167936K->344055K(2377536K), 0.0245020 secs]
62.946: [GC 2169982K->345388K(2377216K), 0.0238430 secs]
