0.532: [GC 95424K->59877K(365760K), 0.1061440 secs]
0.727: [GC 155301K->119813K(461184K), 0.0779200 secs]
1.285: [GC 310592K->166807K(461184K), 0.0726560 secs]
1.716: [GC 356851K->169274K(652032K), 0.0100090 secs]
2.601: [GC 549998K->176582K(652032K), 0.0133490 secs]
3.447: [GC 557485K->183275K(1107712K), 0.0157250 secs]
5.300: [GC 945240K->192209K(1108416K), 0.0798800 secs]
6.990: [GC 955000K->198621K(1862656K), 0.0124130 secs]
10.429: [GC 1723769K->213645K(1865792K), 0.0145920 secs]
13.585: [GC 1740300K->226811K(2199360K), 0.0521920 secs]
17.879: [GC 2097979K->234526K(2201792K), 0.0193250 secs]
17.899: [Full GC 234526K->178807K(2326784K), 0.5897420 secs]
22.732: [GC 2048199K->199539K(2337216K), 0.0079010 secs]
27.311: [GC 2081269K->216610K(2300672K), 0.0138210 secs]
31.977: [GC 2099062K->230963K(2335232K), 0.0164110 secs]
36.647: [GC 2114126K->246233K(2330752K), 0.0205300 secs]
41.221: [GC 2130073K->260569K(2311680K), 0.0239960 secs]
45.647: [GC 2109799K->274280K(2311296K), 0.0277320 secs]
50.527: [GC 2125032K->283549K(2293760K), 0.0258820 secs]
54.819: [GC 2095530K->293537K(2293056K), 0.0280060 secs]
59.196: [GC 2105060K->302689K(2265920K), 0.0294210 secs]
