0.528: [GC 95424K->59882K(365760K), 0.0878900 secs]
0.696: [GC 155306K->119810K(461184K), 0.0909170 secs]
1.128: [GC 308772K->167231K(461184K), 0.0500780 secs]
1.456: [GC 356476K->171527K(652032K), 0.0174180 secs]
2.037: [GC 553223K->176849K(652032K), 0.0528280 secs]
2.675: [GC 558074K->185858K(1106816K), 0.0183140 secs]
4.006: [GC 947524K->194900K(1108160K), 0.0212600 secs]
5.123: [GC 958152K->200005K(1862336K), 0.0138660 secs]
7.456: [GC 1726789K->212108K(1865280K), 0.0181350 secs]
9.680: [GC 1738892K->221927K(2201920K), 0.0222460 secs]
12.448: [GC 2093055K->236975K(2203328K), 0.0190240 secs]
12.467: [Full GC 236975K->176512K(2329216K), 0.5855160 secs]
15.805: [GC 2048353K->206810K(2335104K), 0.0228390 secs]
18.648: [GC 2089791K->220070K(2337024K), 0.0152650 secs]
21.412: [GC 2103183K->232916K(2337856K), 0.0182170 secs]
24.068: [GC 2117771K->245676K(2335488K), 0.0219480 secs]
26.829: [GC 2129679K->261272K(2309504K), 0.0246280 secs]
29.622: [GC 2108417K->271943K(2302272K), 0.0286200 secs]
32.458: [GC 2120168K->287134K(2298752K), 0.0262410 secs]
35.177: [GC 2105548K->295408K(2297088K), 0.0278070 secs]
37.777: [GC 2115312K->304425K(2274368K), 0.0300140 secs]
40.319: [GC 2078483K->309206K(2266560K), 0.0305710 secs]
42.868: [GC 2084024K->314981K(2253760K), 0.0315530 secs]
45.543: [GC 2045703K->318756K(2233024K), 0.0330710 secs]
48.183: [GC 2050332K->324208K(2235776K), 0.0342440 secs]
50.642: [GC 2018029K->324931K(2200768K), 0.0340540 secs]
53.064: [GC 2017164K->330645K(2222528K), 0.0351550 secs]
55.411: [GC 1993328K->337029K(2182656K), 0.0371040 secs]
57.757: [GC 2000054K->338902K(2208896K), 0.0369170 secs]
60.140: [GC 1972041K->341052K(2154688K), 0.0377930 secs]
