1.179: [GC 95424K->31600K(365760K), 0.0576080 secs]
1.390: [GC 127024K->65340K(461184K), 0.1075090 secs]
1.798: [GC 256188K->136459K(461184K), 0.1124370 secs]
2.196: [GC 327307K->199086K(652032K), 0.1130950 secs]
2.309: [Full GC 199086K->199047K(822080K), 0.5650710 secs]
3.448: [GC 580743K->233214K(822080K), 0.0288970 secs]
3.753: [GC 614910K->246208K(1062400K), 0.0182400 secs]
4.068: [GC 800640K->256076K(1081280K), 0.0180470 secs]
4.365: [GC 810508K->261928K(1260928K), 0.0215600 secs]
4.753: [GC 1026344K->266161K(1282368K), 0.0236910 secs]
5.131: [GC 1029340K->271877K(1414784K), 0.0263030 secs]
5.600: [GC 1186693K->272548K(1425984K), 0.0255610 secs]
6.050: [GC 1187345K->278143K(1575296K), 0.0281970 secs]
6.592: [GC 1350406K->291270K(1582976K), 0.0329390 secs]
7.140: [GC 1364294K->296133K(1759488K), 0.0354120 secs]
7.771: [GC 1539883K->299892K(1765120K), 0.0373170 secs]
8.419: [GC 1542636K->306861K(1957312K), 0.0409360 secs]
9.172: [GC 1737837K->315649K(1964352K), 0.0441910 secs]
9.917: [GC 1745303K->317262K(2107840K), 0.0508560 secs]
10.747: [GC 1882707K->325485K(2115328K), 0.0497700 secs]
11.555: [GC 1891117K->334437K(2271360K), 0.0636720 secs]
12.444: [GC 2045426K->341352K(2278272K), 0.0558480 secs]
13.361: [GC 2053764K->351395K(2299392K), 0.0600180 secs]
14.277: [GC 2078740K->358171K(2272512K), 0.0616290 secs]
15.228: [GC 2084428K->367327K(2284992K), 0.0651290 secs]
16.182: [GC 2066921K->369554K(2251072K), 0.0656060 secs]
17.129: [GC 2067938K->376915K(2274944K), 0.0679210 secs]
18.056: [GC 2052436K->381873K(2236928K), 0.0687310 secs]
18.953: [GC 2058731K->394721K(2260992K), 0.0718220 secs]
19.854: [GC 2044652K->391765K(2212992K), 0.0752520 secs]
20.790: [GC 2042374K->396861K(2262208K), 0.0735940 secs]
21.669: [GC 2039741K->398314K(2263808K), 0.0762390 secs]
22.624: [GC 2040693K->396219K(2257984K), 0.0746710 secs]
23.550: [GC 2038682K->402257K(2260992K), 0.0718380 secs]
24.425: [GC 2045329K->409231K(2264704K), 0.0780450 secs]
25.393: [GC 2057792K->412177K(2266496K), 0.0787850 secs]
26.351: [GC 2061539K->420010K(2267200K), 0.0754760 secs]
27.255: [GC 2073095K->426352K(2268096K), 0.0760030 secs]
28.220: [GC 2080239K->431592K(2269888K), 0.0778170 secs]
29.140: [GC 2087400K->433748K(2222272K), 0.0779950 secs]
30.071: [GC 2087875K->446155K(2265536K), 0.0778920 secs]
30.970: [GC 2097867K->441383K(2268224K), 0.0787360 secs]
31.922: [GC 2091494K->442742K(2260544K), 0.0779040 secs]
32.823: [GC 2095734K->448749K(2265024K), 0.0781200 secs]
33.784: [GC 2100945K->451516K(2265024K), 0.0782600 secs]
34.723: [GC 2114210K->458607K(2269952K), 0.0783220 secs]
35.641: [GC 2121087K->456944K(2268864K), 0.0779490 secs]
36.595: [GC 2128162K->469271K(2273920K), 0.0761590 secs]
37.540: [GC 2141192K->466055K(2278400K), 0.0779200 secs]
38.525: [GC 2146057K->471598K(2280384K), 0.0778550 secs]
39.472: [GC 2152046K->469494K(2277824K), 0.0762100 secs]
40.444: [GC 2154888K->470211K(2281216K), 0.0758330 secs]
41.386: [GC 2157180K->471655K(2286912K), 0.0715720 secs]
42.303: [GC 2168533K->486466K(2289280K), 0.0713160 secs]
43.234: [GC 2184964K->493989K(2292288K), 0.0766370 secs]
44.242: [GC 2199581K->491712K(2293120K), 0.0719690 secs]
45.205: [GC 2197326K->492590K(2296000K), 0.0701050 secs]
46.173: [GC 2205066K->503407K(2296256K), 0.0771580 secs]
47.101: [GC 2214415K->513089K(2299584K), 0.0752780 secs]
48.045: [GC 2229607K->512525K(2299200K), 0.0716090 secs]
49.000: [GC 2229091K->510517K(2302784K), 0.0746400 secs]
49.981: [GC 2233222K->529937K(2301952K), 0.0783800 secs]
50.950: [GC 2252215K->529573K(2302656K), 0.0783280 secs]
51.924: [GC 2251220K->523529K(2280384K), 0.0786940 secs]
52.906: [GC 2244015K->534051K(2304128K), 0.0773380 secs]
53.933: [GC 2256611K->538134K(2303040K), 0.0776280 secs]
54.893: [GC 2262029K->542051K(2304832K), 0.0758990 secs]
55.817: [GC 2267057K->544327K(2304064K), 0.0774330 secs]
56.731: [GC 2270983K->549638K(2306240K), 0.0734180 secs]
57.681: [GC 2278165K->555396K(2305152K), 0.0742940 secs]
57.755: [Full GC 555396K->214751K(2318528K), 0.7221810 secs]
59.371: [GC 1944991K->243263K(2289664K), 0.0193540 secs]
60.218: [GC 1944591K->263371K(2188928K), 0.0261710 secs]
61.094: [GC 1965221K->276797K(2289920K), 0.0338370 secs]
61.974: [GC 1952666K->285097K(2184448K), 0.0405060 secs]
62.868: [GC 1959879K->295855K(2295744K), 0.0454420 secs]
