0.531: [GC 95424K->59877K(365760K), 0.1054390 secs]
0.717: [GC 155301K->119797K(461184K), 0.0791720 secs]
1.470: [GC 310571K->162643K(461184K), 0.0694240 secs]
2.238: [GC 351705K->168503K(652032K), 0.0104760 secs]
3.723: [GC 549018K->178684K(652032K), 0.0202250 secs]
5.260: [GC 560380K->190772K(1104384K), 0.0116800 secs]
8.293: [GC 954164K->207344K(1105984K), 0.0197430 secs]
11.270: [GC 970736K->224087K(1864192K), 0.0408430 secs]
17.561: [GC 1750871K->245203K(1864192K), 0.0242550 secs]
23.425: [GC 1771349K->266892K(2203520K), 0.0313720 secs]
23.456: [Full GC 266892K->173808K(2316096K), 0.5625040 secs]
31.401: [GC 2036144K->218790K(2274368K), 0.0347240 secs]
38.995: [GC 2079738K->253446K(2316352K), 0.0345210 secs]
46.483: [GC 2119174K->276716K(2312960K), 0.0295100 secs]
54.250: [GC 2142444K->307142K(2313280K), 0.0213730 secs]
