0.541: [GC 95424K->59890K(365760K), 0.0725200 secs]
0.701: [GC 155314K->119814K(461184K), 0.0944160 secs]
1.532: [GC 310590K->162845K(461184K), 0.0681470 secs]
2.364: [GC 351786K->168548K(652032K), 0.0126480 secs]
3.993: [GC 550244K->178253K(652032K), 0.0421190 secs]
5.694: [GC 559862K->190278K(1104448K), 0.0290220 secs]
8.979: [GC 951988K->206384K(1106112K), 0.0303270 secs]
12.194: [GC 969776K->223342K(1864064K), 0.0663190 secs]
18.887: [GC 1748234K->246157K(1864256K), 0.0253300 secs]
25.116: [GC 1772749K->264003K(2203328K), 0.0300430 secs]
25.153: [Full GC 264003K->173896K(2310528K), 0.4734860 secs]
33.386: [GC 2035016K->218917K(2267840K), 0.0168360 secs]
41.331: [GC 2080037K->253572K(2310016K), 0.0308220 secs]
49.150: [GC 2117805K->278557K(2306560K), 0.0297530 secs]
57.277: [GC 2141612K->307077K(2314048K), 0.0267950 secs]
