1.166: [GC 95424K->31586K(365760K), 0.0533740 secs]
1.384: [GC 127010K->65319K(461184K), 0.0452780 secs]
1.750: [GC 256167K->135898K(461184K), 0.0871940 secs]
2.135: [GC 326746K->198493K(652032K), 0.1189130 secs]
2.254: [Full GC 198493K->198452K(824448K), 0.4585960 secs]
3.827: [GC 580148K->226708K(824448K), 0.1027900 secs]
4.768: [GC 608404K->230752K(1051648K), 0.0171510 secs]
5.942: [GC 773088K->236696K(1074368K), 0.0160230 secs]
7.133: [GC 779032K->242931K(1237504K), 0.0792790 secs]
9.062: [GC 970099K->249720K(1252480K), 0.0215860 secs]
11.322: [GC 976278K->262884K(1331072K), 0.0298750 secs]
14.080: [GC 1096548K->272204K(1352128K), 0.0341530 secs]
16.648: [GC 1105868K->283010K(1439360K), 0.0398620 secs]
19.353: [GC 1206274K->291608K(1448192K), 0.0447240 secs]
21.723: [GC 1214872K->297975K(1534976K), 0.0477330 secs]
24.225: [GC 1299976K->306279K(1542720K), 0.0508800 secs]
27.085: [GC 1309479K->310640K(1625152K), 0.0537160 secs]
30.168: [GC 1387248K->321567K(1633856K), 0.0622440 secs]
32.957: [GC 1398175K->324787K(1687744K), 0.0628040 secs]
35.686: [GC 1444467K->329192K(1697344K), 0.0661690 secs]
38.249: [GC 1448872K->334153K(1755328K), 0.0664650 secs]
41.142: [GC 1502793K->340733K(1761024K), 0.0647050 secs]
44.601: [GC 1509373K->345540K(1819264K), 0.0656500 secs]
48.747: [GC 1566596K->352244K(1824256K), 0.0723260 secs]
52.969: [GC 1571603K->364521K(1877056K), 0.0749070 secs]
57.346: [GC 1633129K->380747K(1883968K), 0.0843680 secs]
62.112: [GC 1649355K->383262K(1928256K), 0.0808160 secs]
