0.529: [GC 95424K->59893K(365760K), 0.0748830 secs]
0.685: [GC 155317K->119833K(461184K), 0.0701500 secs]
0.999: [GC 309462K->170874K(461184K), 0.1060540 secs]
1.342: [GC 360184K->175184K(652032K), 0.0288850 secs]
1.816: [GC 554946K->177590K(652032K), 0.0118220 secs]
2.283: [GC 559286K->180771K(1110528K), 0.0120280 secs]
3.247: [GC 942517K->186078K(1110528K), 0.0140870 secs]
4.138: [GC 948594K->188910K(1869568K), 0.0111440 secs]
6.079: [GC 1713754K->197806K(1870912K), 0.0189540 secs]
7.945: [GC 1723959K->206271K(2195584K), 0.0122460 secs]
10.273: [GC 2065471K->216929K(2197312K), 0.0154030 secs]
10.288: [Full GC 216929K->186873K(2339392K), 0.5982760 secs]
13.061: [GC 2045262K->214801K(2341696K), 0.0509650 secs]
15.321: [GC 2085119K->225768K(2344704K), 0.0192660 secs]
17.514: [GC 2096198K->235955K(2353920K), 0.0253550 secs]
19.724: [GC 2116643K->240564K(2332608K), 0.0266070 secs]
22.053: [GC 2121185K->249616K(2342144K), 0.0359790 secs]
24.278: [GC 2115577K->254723K(2330560K), 0.0385290 secs]
26.522: [GC 2119946K->263458K(2325696K), 0.0378650 secs]
28.715: [GC 2101624K->269604K(2317632K), 0.0418580 secs]
30.861: [GC 2107940K->275061K(2307968K), 0.0459250 secs]
33.012: [GC 2078210K->281422K(2295424K), 0.0496370 secs]
35.167: [GC 2085516K->282330K(2292736K), 0.0494760 secs]
37.270: [GC 2052041K->289928K(2271040K), 0.0535860 secs]
39.429: [GC 2060160K->292053K(2277248K), 0.0549090 secs]
41.496: [GC 2031279K->298046K(2247936K), 0.0575340 secs]
43.647: [GC 2037188K->302492K(2262016K), 0.0602410 secs]
45.671: [GC 2010919K->304700K(2218816K), 0.0613430 secs]
47.742: [GC 2013078K->308747K(2258688K), 0.0607510 secs]
49.769: [GC 2002471K->309038K(2202624K), 0.0597950 secs]
51.862: [GC 2002727K->317497K(2256512K), 0.0629450 secs]
53.911: [GC 2005407K->320487K(2200448K), 0.0633890 secs]
55.930: [GC 2008592K->324867K(2257280K), 0.0619460 secs]
57.991: [GC 2009242K->328290K(2196992K), 0.0622210 secs]
60.000: [GC 2012898K->331452K(2258368K), 0.0633360 secs]
