0.541: [GC 95424K->59890K(365760K), 0.0902520 secs]
0.720: [GC 155314K->119818K(461184K), 0.0596100 secs]
1.005: [GC 309447K->171748K(461184K), 0.0754660 secs]
1.309: [GC 361521K->175574K(652032K), 0.0447840 secs]
1.808: [GC 555350K->183354K(652032K), 0.0157970 secs]
2.272: [GC 563450K->187513K(1108672K), 0.0371460 secs]
3.241: [GC 949829K->190119K(1109120K), 0.0126670 secs]
4.090: [GC 953063K->194410K(1868736K), 0.0304870 secs]
5.990: [GC 1720150K->209702K(1870016K), 0.0470720 secs]
7.741: [GC 1734466K->219750K(2194688K), 0.0169350 secs]
9.903: [GC 2079926K->230631K(2196032K), 0.0267450 secs]
9.930: [Full GC 230631K->183103K(2325952K), 0.4850810 secs]
12.482: [GC 2042656K->215296K(2334272K), 0.0169170 secs]
14.590: [GC 2091218K->226367K(2335936K), 0.0188820 secs]
16.734: [GC 2103575K->233065K(2344384K), 0.0392930 secs]
18.901: [GC 2119598K->243974K(2332160K), 0.0343490 secs]
21.087: [GC 2130698K->251029K(2328192K), 0.0205320 secs]
23.192: [GC 2115086K->255490K(2321408K), 0.0320430 secs]
25.364: [GC 2119179K->262933K(2312192K), 0.0231310 secs]
27.436: [GC 2096720K->267942K(2304896K), 0.0331680 secs]
29.498: [GC 2102479K->275616K(2293696K), 0.0276170 secs]
31.531: [GC 2075032K->280258K(2282816K), 0.0303840 secs]
33.579: [GC 2080195K->287587K(2274816K), 0.0371050 secs]
35.597: [GC 2051709K->296089K(2261760K), 0.0342260 secs]
37.634: [GC 2059388K->300638K(2253824K), 0.0477110 secs]
39.623: [GC 2022007K->304859K(2229312K), 0.0502260 secs]
41.628: [GC 2026483K->310006K(2236672K), 0.0352900 secs]
43.566: [GC 1995882K->308393K(2191168K), 0.0369760 secs]
45.463: [GC 1994164K->310413K(2236736K), 0.0400950 secs]
47.338: [GC 1983537K->311831K(2173696K), 0.0535330 secs]
49.243: [GC 1985309K->322303K(2235904K), 0.0529660 secs]
51.164: [GC 1992381K->323202K(2174720K), 0.0324260 secs]
53.070: [GC 1992406K->325471K(2237952K), 0.0322220 secs]
54.937: [GC 1995272K->332503K(2237312K), 0.0340520 secs]
56.822: [GC 2001963K->333211K(2236160K), 0.0442290 secs]
58.706: [GC 2003009K->338417K(2236864K), 0.0367280 secs]
60.592: [GC 2008504K->346303K(2237120K), 0.0362680 secs]
