1.150: [GC 94827K->30493K(365760K), 0.0556560 secs]
1.366: [GC 125917K->63410K(461184K), 0.0569730 secs]
1.724: [GC 254258K->133993K(461184K), 0.1182330 secs]
2.127: [GC 324841K->196580K(652032K), 0.1490540 secs]
2.276: [Full GC 196580K->196538K(822400K), 0.5787690 secs]
3.637: [GC 576871K->241499K(822400K), 0.0278740 secs]
3.953: [GC 622914K->249477K(1052736K), 0.0167050 secs]
4.234: [GC 790563K->258036K(1069312K), 0.0208220 secs]
4.482: [GC 799103K->267650K(1252928K), 0.0245450 secs]
4.828: [GC 1011939K->273781K(1265536K), 0.0257510 secs]
5.175: [GC 1018945K->276057K(1395584K), 0.0273390 secs]
5.641: [GC 1171032K->279378K(1406528K), 0.0303080 secs]
6.107: [GC 1173389K->280753K(1554240K), 0.0315920 secs]
6.652: [GC 1335767K->294554K(1563392K), 0.0349140 secs]
7.208: [GC 1349982K->290856K(1735808K), 0.0353200 secs]
7.797: [GC 1517457K->293216K(1741312K), 0.0369560 secs]
8.398: [GC 1520368K->302663K(1932672K), 0.0398170 secs]
9.085: [GC 1720430K->308621K(1937472K), 0.0461490 secs]
9.798: [GC 1724534K->313188K(2082240K), 0.0483840 secs]
10.575: [GC 1867918K->315031K(2088512K), 0.0491540 secs]
11.328: [GC 1871602K->326193K(2245184K), 0.0557540 secs]
12.189: [GC 2032963K->339093K(2249792K), 0.0552280 secs]
13.036: [GC 2046803K->344708K(2326144K), 0.0531900 secs]
13.867: [GC 2121484K->343673K(2296384K), 0.0514810 secs]
14.734: [GC 2121334K->347506K(2325696K), 0.0541210 secs]
15.582: [GC 2116235K->355777K(2297344K), 0.0595040 secs]
16.460: [GC 2123976K->364569K(2313472K), 0.0564510 secs]
17.334: [GC 2114686K->359636K(2279360K), 0.0573550 secs]
18.159: [GC 2110022K->367934K(2312704K), 0.0637990 secs]
18.974: [GC 2110885K->373379K(2278656K), 0.0607510 secs]
19.817: [GC 2116732K->377316K(2307584K), 0.0620920 secs]
20.681: [GC 2112166K->386813K(2277376K), 0.0674210 secs]
21.523: [GC 2120367K->393361K(2302464K), 0.0667000 secs]
22.382: [GC 2116395K->389736K(2304448K), 0.0653440 secs]
23.229: [GC 2112113K->406497K(2300800K), 0.0642880 secs]
24.088: [GC 2126192K->397619K(2250944K), 0.0623750 secs]
24.947: [GC 2117360K->400785K(2306880K), 0.0620890 secs]
25.751: [GC 2127885K->402363K(2301888K), 0.0566800 secs]
26.637: [GC 2130607K->407661K(2305408K), 0.0624820 secs]
27.450: [GC 2144429K->408620K(2302272K), 0.0628320 secs]
28.318: [GC 2145017K->413056K(2315776K), 0.0601280 secs]
29.198: [GC 2166413K->412707K(2312960K), 0.0611400 secs]
30.089: [GC 2164983K->417155K(2323456K), 0.0555200 secs]
30.929: [GC 2184044K->418133K(2320576K), 0.0635130 secs]
31.778: [GC 2185263K->418124K(2328768K), 0.0559640 secs]
32.601: [GC 2195115K->430206K(2327360K), 0.0627260 secs]
33.431: [GC 2206813K->432673K(2334720K), 0.0622560 secs]
34.337: [GC 2219105K->429757K(2333504K), 0.0596790 secs]
35.218: [GC 2215051K->437119K(2336704K), 0.0599010 secs]
36.070: [GC 2227326K->439094K(2335744K), 0.0581860 secs]
36.922: [GC 2229172K->443174K(2339904K), 0.0559970 secs]
37.780: [GC 2240528K->446851K(2339072K), 0.0541240 secs]
38.665: [GC 2242814K->446566K(2342528K), 0.0537780 secs]
39.527: [GC 2247743K->449654K(2341760K), 0.0536440 secs]
40.370: [GC 2251435K->457119K(2344448K), 0.0549330 secs]
41.211: [GC 2262005K->459024K(2344320K), 0.0537670 secs]
42.017: [GC 2265808K->459680K(2346688K), 0.0508500 secs]
42.915: [GC 2269956K->468539K(2346432K), 0.0550660 secs]
43.769: [GC 2279507K->472495K(2350016K), 0.0908310 secs]
44.736: [GC 2285930K->473942K(2340352K), 0.0580850 secs]
45.575: [GC 2288465K->483838K(2347584K), 0.0733300 secs]
46.482: [GC 2295204K->480086K(2349120K), 0.0588640 secs]
47.337: [GC 2292211K->488884K(2347136K), 0.0662370 secs]
48.209: [GC 2299801K->495907K(2347392K), 0.0625930 secs]
49.118: [GC 2307524K->495223K(2343296K), 0.0620370 secs]
49.990: [GC 2299398K->498463K(2336256K), 0.0645350 secs]
50.835: [GC 2303264K->506056K(2340928K), 0.0662750 secs]
51.729: [GC 2306026K->501259K(2342976K), 0.0614870 secs]
52.599: [GC 2301038K->506672K(2341760K), 0.0610280 secs]
53.429: [GC 2308021K->512597K(2342656K), 0.0621430 secs]
54.261: [GC 2314645K->517384K(2343488K), 0.0642600 secs]
55.137: [GC 2320002K->524075K(2341568K), 0.0696610 secs]
56.034: [GC 2326342K->527935K(2338112K), 0.0668350 secs]
56.875: [GC 2322424K->528709K(2331968K), 0.0690040 secs]
57.784: [GC 2323166K->535627K(2335872K), 0.0729080 secs]
57.857: [Full GC 535627K->230701K(2368960K), 0.6302370 secs]
59.284: [GC 2018976K->251782K(2268608K), 0.0117090 secs]
60.083: [GC 2039807K->261652K(2341824K), 0.0186960 secs]
60.867: [GC 2008791K->275844K(2250816K), 0.0272930 secs]
61.722: [GC 2022107K->279667K(2345728K), 0.0687130 secs]
62.610: [GC 2019544K->285610K(2253888K), 0.0372720 secs]
