0.542: [GC 95424K->59877K(365760K), 0.0780820 secs]
0.707: [GC 155301K->119537K(461184K), 0.1602380 secs]
1.335: [GC 309901K->172611K(461184K), 0.0509770 secs]
1.833: [GC 362810K->173921K(652032K), 0.0259410 secs]
2.694: [GC 555617K->177442K(652032K), 0.0253080 secs]
3.309: [GC 557213K->179844K(1111488K), 0.0088480 secs]
5.151: [GC 941854K->183103K(1111488K), 0.0092640 secs]
6.742: [GC 946495K->188563K(1870208K), 0.0090320 secs]
10.397: [GC 1714631K->202547K(1871872K), 0.0093860 secs]
13.892: [GC 1728719K->211535K(2193344K), 0.0118900 secs]
18.223: [GC 2069370K->218084K(2195072K), 0.0155710 secs]
18.239: [Full GC 218084K->181046K(2318976K), 0.4915620 secs]
22.921: [GC 2038382K->205107K(2326336K), 0.0083610 secs]
27.393: [GC 2077431K->218397K(2329408K), 0.0135200 secs]
32.036: [GC 2091584K->225167K(2328768K), 0.0108240 secs]
36.563: [GC 2107759K->231241K(2332800K), 0.0126990 secs]
41.003: [GC 2115640K->235567K(2342912K), 0.0130300 secs]
45.542: [GC 2132573K->246951K(2329920K), 0.0165870 secs]
50.073: [GC 2142752K->258804K(2326464K), 0.0186950 secs]
54.510: [GC 2133934K->262954K(2324096K), 0.0194850 secs]
59.042: [GC 2138032K->272254K(2307840K), 0.0216790 secs]
