0.529: [GC 95424K->59882K(365760K), 0.0806980 secs]
0.693: [GC 155306K->119794K(461184K), 0.1406070 secs]
1.212: [GC 310093K->172212K(461184K), 0.0641190 secs]
1.530: [GC 361221K->174986K(652032K), 0.0111810 secs]
2.146: [GC 555476K->179515K(652032K), 0.0121300 secs]
2.716: [GC 560690K->185450K(1109440K), 0.0141560 secs]
3.886: [GC 947449K->189616K(1110016K), 0.0143180 secs]
4.941: [GC 952160K->193818K(1867840K), 0.0134280 secs]
7.495: [GC 1719362K->208076K(1869632K), 0.0150700 secs]
9.841: [GC 1734259K->213503K(2197568K), 0.0159190 secs]
12.623: [GC 2076147K->227326K(2198464K), 0.0185630 secs]
12.641: [Full GC 227326K->181148K(2331456K), 0.5935550 secs]
15.888: [GC 2044035K->206602K(2339648K), 0.0126350 secs]
18.587: [GC 2083466K->221540K(2340032K), 0.0359270 secs]
21.430: [GC 2097456K->231622K(2344000K), 0.0254270 secs]
24.063: [GC 2113734K->242488K(2331840K), 0.0300130 secs]
26.810: [GC 2125302K->251218K(2328512K), 0.0361460 secs]
29.504: [GC 2111102K->254849K(2321920K), 0.0455020 secs]
32.219: [GC 2114354K->259576K(2314368K), 0.0395230 secs]
34.841: [GC 2090416K->264567K(2303360K), 0.0492100 secs]
37.508: [GC 2096728K->270863K(2297920K), 0.0498480 secs]
40.300: [GC 2071434K->274880K(2282560K), 0.0445270 secs]
43.074: [GC 2076224K->276001K(2285376K), 0.0467550 secs]
45.825: [GC 2048312K->283062K(2262336K), 0.0496560 secs]
48.420: [GC 2054820K->283726K(2272576K), 0.0491700 secs]
51.074: [GC 2028163K->292484K(2245120K), 0.0533840 secs]
53.585: [GC 2038788K->295894K(2256896K), 0.0551970 secs]
56.184: [GC 2011966K->300912K(2220736K), 0.0571750 secs]
58.809: [GC 2016614K->304960K(2252224K), 0.0573130 secs]
