1.171: [GC 94827K->30497K(365760K), 0.0622960 secs]
1.396: [GC 125921K->63398K(461184K), 0.1049450 secs]
1.798: [GC 254246K->133957K(461184K), 0.1338170 secs]
2.212: [GC 324805K->196552K(652032K), 0.1922480 secs]
2.404: [Full GC 196552K->196546K(811840K), 0.4559980 secs]
3.512: [GC 578242K->240575K(811840K), 0.0454520 secs]
3.747: [GC 621443K->252751K(1096256K), 0.0246130 secs]
4.039: [GC 846223K->257237K(1108352K), 0.0344250 secs]
4.356: [GC 849886K->262003K(1366272K), 0.0233490 secs]
4.748: [GC 1144600K->267794K(1392512K), 0.0593720 secs]
5.142: [GC 1150930K->273468K(1595904K), 0.0189930 secs]
5.641: [GC 1389244K->278628K(1621120K), 0.0204360 secs]
6.112: [GC 1394404K->287201K(1826624K), 0.0215930 secs]
6.724: [GC 1641325K->289729K(1854144K), 0.0309850 secs]
7.391: [GC 1645216K->296523K(2070976K), 0.0242010 secs]
8.143: [GC 1896505K->306263K(2096320K), 0.0256740 secs]
8.863: [GC 1906366K->306435K(2337728K), 0.0302830 secs]
9.689: [GC 2152369K->316830K(2349760K), 0.0336710 secs]
10.547: [GC 2163974K->325106K(2341312K), 0.0325540 secs]
11.403: [GC 2157413K->335985K(2342336K), 0.0524590 secs]
12.298: [GC 2169457K->335431K(2319936K), 0.0433660 secs]
13.140: [GC 2132371K->344474K(2315392K), 0.0435260 secs]
14.009: [GC 2142277K->350266K(2304896K), 0.0455030 secs]
14.943: [GC 2110839K->363664K(2293888K), 0.0614650 secs]
15.854: [GC 2124222K->362152K(2288896K), 0.0577370 secs]
16.745: [GC 2089071K->369578K(2260416K), 0.0462830 secs]
17.682: [GC 2096938K->371828K(2278912K), 0.0549260 secs]
18.573: [GC 2074957K->375372K(2236224K), 0.0554600 secs]
19.469: [GC 2078613K->373812K(2279296K), 0.0573780 secs]
20.319: [GC 2068316K->374755K(2219072K), 0.0529540 secs]
21.187: [GC 2069603K->389648K(2274624K), 0.0482190 secs]
22.065: [GC 2080417K->387564K(2222592K), 0.0592600 secs]
23.011: [GC 2077463K->394654K(2276480K), 0.0782990 secs]
23.931: [GC 2082791K->392280K(2214912K), 0.0528480 secs]
24.816: [GC 2080619K->398223K(2276928K), 0.0515690 secs]
25.734: [GC 2091471K->404455K(2274112K), 0.0603480 secs]
26.692: [GC 2096423K->404912K(2279168K), 0.0541500 secs]
27.687: [GC 2107109K->411077K(2278400K), 0.0484580 secs]
28.586: [GC 2114807K->421038K(2286272K), 0.0821090 secs]
29.532: [GC 2136162K->420890K(2284800K), 0.0551300 secs]
30.478: [GC 2136251K->424433K(2292032K), 0.0567320 secs]
31.372: [GC 2151335K->436642K(2290944K), 0.0535410 secs]
32.279: [GC 2164983K->434917K(2297600K), 0.0556000 secs]
33.233: [GC 2174679K->438945K(2298880K), 0.0580200 secs]
34.196: [GC 2178822K->446347K(2304768K), 0.0551860 secs]
35.114: [GC 2195280K->444222K(2304448K), 0.0510540 secs]
36.098: [GC 2192866K->457158K(2307456K), 0.0664730 secs]
37.063: [GC 2212851K->460541K(2306496K), 0.0550280 secs]
37.951: [GC 2216149K->459849K(2310528K), 0.0542080 secs]
38.872: [GC 2222568K->469326K(2311296K), 0.0556470 secs]
39.832: [GC 2232334K->480554K(2314752K), 0.0567100 secs]
40.789: [GC 2248504K->469178K(2316224K), 0.0540000 secs]
41.680: [GC 2236855K->477536K(2311744K), 0.0551450 secs]
42.630: [GC 2246044K->476845K(2314048K), 0.0548900 secs]
43.564: [GC 2244944K->482009K(2315968K), 0.0584940 secs]
44.542: [GC 2258585K->486348K(2318336K), 0.0572040 secs]
45.452: [GC 2261377K->503440K(2318336K), 0.0592940 secs]
46.414: [GC 2280794K->501187K(2321216K), 0.0577160 secs]
47.314: [GC 2278176K->507448K(2320832K), 0.0604160 secs]
48.208: [GC 2285365K->510658K(2305856K), 0.0598400 secs]
49.163: [GC 2287288K->520978K(2319168K), 0.0591640 secs]
50.089: [GC 2297533K->522271K(2320320K), 0.0574120 secs]
50.146: [Full GC 522271K->218886K(2336768K), 0.6148340 secs]
51.641: [GC 1995590K->249540K(2313152K), 0.0189520 secs]
52.549: [GC 2003077K->261200K(2227072K), 0.0261440 secs]
53.456: [GC 2013474K->279116K(2315456K), 0.0309460 secs]
54.423: [GC 2015637K->288990K(2316992K), 0.0330860 secs]
55.354: [GC 2024316K->290026K(2312768K), 0.0381530 secs]
56.298: [GC 2026789K->300890K(2315008K), 0.0419700 secs]
57.209: [GC 2038067K->312631K(2314944K), 0.0432210 secs]
58.113: [GC 2058813K->316644K(2316608K), 0.0460850 secs]
59.034: [GC 2062735K->313200K(2321920K), 0.0577820 secs]
59.951: [GC 2073105K->320443K(2324928K), 0.0492710 secs]
60.961: [GC 2081403K->321394K(2332480K), 0.0503990 secs]
61.913: [GC 2089326K->332815K(2314240K), 0.0588870 secs]
62.826: [GC 2100899K->337626K(2320704K), 0.0550090 secs]
