0.539: [GC 95424K->59869K(365760K), 0.0842240 secs]
0.711: [GC 155293K->119805K(461184K), 0.0800970 secs]
1.105: [GC 309009K->164568K(461184K), 0.1060880 secs]
1.461: [GC 353825K->171719K(652032K), 0.0142170 secs]
2.009: [GC 552482K->187437K(652032K), 0.0493170 secs]
2.545: [GC 567336K->201630K(1103616K), 0.0153130 secs]
3.565: [GC 963812K->221125K(1104832K), 0.0311780 secs]
4.510: [GC 983943K->236103K(1861184K), 0.0398110 secs]
6.505: [GC 1759727K->262324K(1862848K), 0.0745740 secs]
8.321: [GC 1786916K->282602K(2195712K), 0.0543610 secs]
8.376: [Full GC 282602K->173237K(2313280K), 0.4860730 secs]
10.986: [GC 2023915K->219140K(2269120K), 0.0755090 secs]
13.160: [GC 2069255K->251063K(2317696K), 0.0474650 secs]
15.388: [GC 2105935K->290065K(2314944K), 0.0456990 secs]
17.571: [GC 2145128K->324352K(2303872K), 0.0556920 secs]
19.753: [GC 2171983K->344737K(2313856K), 0.0558460 secs]
21.957: [GC 2192673K->379386K(2304448K), 0.0487750 secs]
24.117: [GC 2218222K->401087K(2310208K), 0.0593370 secs]
26.301: [GC 2241002K->420134K(2283072K), 0.0634940 secs]
26.365: [Full GC 420134K->177561K(2371712K), 0.4600700 secs]
28.870: [GC 1989257K->223506K(2385280K), 0.0298790 secs]
30.968: [GC 2035630K->257110K(2383296K), 0.0473730 secs]
33.067: [GC 2069271K->276066K(2372608K), 0.0569410 secs]
35.172: [GC 2089072K->292082K(2352256K), 0.0656170 secs]
37.258: [GC 2064108K->303155K(2358464K), 0.0726430 secs]
39.319: [GC 2074294K->305369K(2318912K), 0.0719120 secs]
41.327: [GC 2025689K->313658K(2317120K), 0.0765350 secs]
43.350: [GC 2033738K->327120K(2296832K), 0.0832430 secs]
45.288: [GC 1992606K->333591K(2282752K), 0.0877320 secs]
47.260: [GC 1999639K->336798K(2273408K), 0.0879290 secs]
49.181: [GC 1950750K->337753K(2234816K), 0.0895170 secs]
51.086: [GC 1951215K->337558K(2264384K), 0.0891540 secs]
52.974: [GC 1920790K->343363K(2203264K), 0.0899500 secs]
54.832: [GC 1926595K->338856K(2262784K), 0.0789160 secs]
56.667: [GC 1909672K->346558K(2190656K), 0.1022710 secs]
58.587: [GC 1916886K->346323K(2262400K), 0.0865990 secs]
60.438: [GC 1912914K->344049K(2171264K), 0.1153010 secs]
