0.535: [GC 95424K->59882K(365760K), 0.1476870 secs]
0.763: [GC 155306K->119842K(461184K), 0.0442260 secs]
1.123: [GC 308889K->164428K(461184K), 0.0475010 secs]
1.422: [GC 354501K->171586K(652032K), 0.0130860 secs]
1.974: [GC 552701K->187541K(652032K), 0.0153080 secs]
2.466: [GC 567520K->201902K(1103552K), 0.0138480 secs]
3.483: [GC 964381K->221157K(1104768K), 0.0201930 secs]
4.422: [GC 984540K->236024K(1861504K), 0.0228650 secs]
6.414: [GC 1760506K->262461K(1862720K), 0.0287470 secs]
8.190: [GC 1787981K->284876K(2194432K), 0.0349680 secs]
8.225: [Full GC 284876K->173247K(2320960K), 0.4891100 secs]
10.834: [GC 2023615K->219150K(2324032K), 0.0202040 secs]
12.972: [GC 2069518K->250802K(2315712K), 0.0423870 secs]
15.179: [GC 2093966K->277865K(2321216K), 0.0372170 secs]
17.333: [GC 2122601K->302573K(2284608K), 0.0550370 secs]
19.495: [GC 2109621K->323389K(2294272K), 0.0462990 secs]
21.627: [GC 2129622K->341316K(2259968K), 0.0480290 secs]
23.692: [GC 2097860K->354325K(2237120K), 0.0689290 secs]
25.755: [GC 2109132K->368635K(2258688K), 0.0331970 secs]
27.781: [GC 2102755K->388298K(2249344K), 0.0378290 secs]
29.789: [GC 2121383K->397266K(2226048K), 0.0397220 secs]
31.738: [GC 2078802K->398961K(2206720K), 0.0398940 secs]
33.672: [GC 2079609K->404414K(2206848K), 0.0410730 secs]
35.562: [GC 2041617K->405263K(2169024K), 0.0411210 secs]
37.455: [GC 2041773K->404502K(2196992K), 0.0413800 secs]
39.299: [GC 2012950K->405975K(2140672K), 0.0399210 secs]
41.176: [GC 2014423K->409009K(2189696K), 0.0416830 secs]
42.999: [GC 1997553K->414450K(2130944K), 0.0429710 secs]
44.825: [GC 2003636K->421760K(2177216K), 0.0445910 secs]
46.643: [GC 1990400K->420446K(2115328K), 0.0445870 secs]
48.473: [GC 1988418K->418962K(2177472K), 0.0440060 secs]
50.274: [GC 1978258K->420029K(2178496K), 0.0442840 secs]
52.090: [GC 1977837K->423997K(2178112K), 0.0446680 secs]
53.880: [GC 1982661K->419218K(2098304K), 0.0428130 secs]
55.665: [GC 1978770K->424074K(2178048K), 0.0445350 secs]
57.492: [GC 1986314K->420203K(2176064K), 0.0429700 secs]
59.316: [GC 1982061K->418877K(2179200K), 0.0421050 secs]
