1.166: [GC 95424K->31612K(365760K), 0.1412140 secs]
1.464: [GC 127036K->64088K(461184K), 0.0511460 secs]
1.815: [GC 254936K->131831K(461184K), 0.0912150 secs]
2.188: [GC 322679K->194402K(652032K), 0.1405640 secs]
2.329: [Full GC 194402K->194378K(813248K), 0.4562880 secs]
3.729: [GC 574800K->231508K(813248K), 0.0461350 secs]
4.479: [GC 613204K->251985K(1048512K), 0.0224700 secs]
5.467: [GC 811473K->266848K(1072960K), 0.0286360 secs]
6.380: [GC 826336K->283552K(1249920K), 0.0316640 secs]
7.565: [GC 1045504K->298844K(1273344K), 0.0415590 secs]
8.720: [GC 1062684K->309849K(1417024K), 0.0459410 secs]
10.073: [GC 1208347K->324771K(1426240K), 0.0513270 secs]
11.436: [GC 1224995K->337134K(1571648K), 0.0578820 secs]
12.903: [GC 1369902K->346465K(1586496K), 0.0604290 secs]
14.373: [GC 1379233K->353307K(1738048K), 0.0652870 secs]
16.059: [GC 1522331K->366587K(1752704K), 0.0710840 secs]
17.690: [GC 1535509K->367177K(1915904K), 0.0746320 secs]
19.556: [GC 1682889K->371358K(1929216K), 0.0780550 secs]
21.446: [GC 1687070K->383778K(2043136K), 0.0793460 secs]
23.495: [GC 1801634K->396550K(2056768K), 0.0873590 secs]
25.585: [GC 1814096K->401470K(2181632K), 0.0934020 secs]
27.811: [GC 1928958K->412911K(2131776K), 0.0821850 secs]
29.975: [GC 1940399K->420170K(2169792K), 0.0816170 secs]
32.141: [GC 1912650K->420419K(2096960K), 0.0820110 secs]
34.294: [GC 1912899K->424734K(2164800K), 0.0813170 secs]
36.411: [GC 1896094K->425875K(2075712K), 0.0805700 secs]
38.477: [GC 1897235K->423586K(2167680K), 0.0794360 secs]
40.530: [GC 1891170K->423547K(2066112K), 0.0815170 secs]
42.626: [GC 1891131K->423578K(2167680K), 0.0795000 secs]
44.727: [GC 1893930K->425437K(2164864K), 0.0807390 secs]
46.822: [GC 1895837K->431429K(2168320K), 0.0819250 secs]
48.955: [GC 1908485K->433735K(2166592K), 0.0815760 secs]
51.075: [GC 1910469K->424800K(2169216K), 0.0790620 secs]
53.211: [GC 1914528K->423581K(2171648K), 0.0803700 secs]
55.379: [GC 1911917K->426581K(2177984K), 0.0799680 secs]
57.576: [GC 1936213K->420566K(2179584K), 0.0756260 secs]
59.697: [GC 1930198K->428256K(2191872K), 0.0789920 secs]
61.807: [GC 1962272K->437945K(2190656K), 0.0989580 secs]
