0.532: [GC 95424K->59885K(365760K), 0.0771110 secs]
0.693: [GC 155309K->119821K(461184K), 0.0873790 secs]
1.148: [GC 308941K->165142K(461184K), 0.0491710 secs]
1.544: [GC 355061K->172885K(652032K), 0.0487320 secs]
2.304: [GC 553250K->188515K(652032K), 0.0235320 secs]
2.984: [GC 569904K->201707K(1104320K), 0.0132950 secs]
4.394: [GC 965099K->225981K(1105152K), 0.0253140 secs]
5.697: [GC 988137K->238530K(1863744K), 0.0614510 secs]
8.403: [GC 1763586K->268310K(1865472K), 0.0351880 secs]
10.920: [GC 1793029K->283377K(2195328K), 0.0332050 secs]
10.969: [Full GC 283377K->171821K(2314432K), 0.5678080 secs]
14.505: [GC 2019117K->215228K(2264320K), 0.0155790 secs]
17.499: [GC 2062524K->245800K(2309440K), 0.0239160 secs]
20.541: [GC 2089768K->271237K(2313408K), 0.0302400 secs]
23.616: [GC 2113874K->292770K(2280256K), 0.0385530 secs]
26.597: [GC 2103586K->305927K(2281600K), 0.0277920 secs]
29.563: [GC 2114892K->325721K(2261632K), 0.0331040 secs]
32.437: [GC 2093273K->335339K(2267776K), 0.0351310 secs]
35.429: [GC 2101024K->336227K(2230272K), 0.0348610 secs]
38.191: [GC 2051427K->350249K(2230272K), 0.0386170 secs]
41.000: [GC 2065449K->358129K(2206208K), 0.0403850 secs]
43.676: [GC 2016113K->367129K(2189952K), 0.0423800 secs]
46.374: [GC 2024016K->369817K(2181440K), 0.0426640 secs]
48.934: [GC 1973120K->360158K(2129472K), 0.0402340 secs]
51.534: [GC 1964638K->365304K(2175936K), 0.0417010 secs]
54.047: [GC 1944581K->369179K(2114944K), 0.0421690 secs]
56.631: [GC 1948599K->373785K(2165504K), 0.0436660 secs]
59.142: [GC 1932804K->375584K(2099456K), 0.0449140 secs]
