0.540: [GC 95424K->59898K(365760K), 0.0834690 secs]
0.709: [GC 155322K->118926K(461184K), 0.0791250 secs]
1.185: [GC 307892K->163992K(461184K), 0.0505610 secs]
1.621: [GC 353992K->171829K(652032K), 0.0298730 secs]
2.431: [GC 552199K->187869K(652032K), 0.0167440 secs]
3.176: [GC 569305K->201879K(1103104K), 0.0143820 secs]
4.733: [GC 965271K->226591K(1104064K), 0.0266300 secs]
6.174: [GC 988906K->239108K(1862272K), 0.0248910 secs]
9.102: [GC 1763588K->268616K(1864576K), 0.0347780 secs]
11.857: [GC 1792022K->283570K(2195712K), 0.0386800 secs]
11.895: [Full GC 283570K->172677K(2313280K), 0.4850140 secs]
15.630: [GC 2020613K->215788K(2263104K), 0.0219350 secs]
18.908: [GC 2063724K->244815K(2314880K), 0.0315930 secs]
22.270: [GC 2094247K->281684K(2305856K), 0.0344800 secs]
25.721: [GC 2132280K->303649K(2282816K), 0.0410060 secs]
29.001: [GC 2117037K->318101K(2296960K), 0.0476750 secs]
32.294: [GC 2132245K->344265K(2281792K), 0.0373600 secs]
35.554: [GC 2144585K->360586K(2285120K), 0.0434200 secs]
38.927: [GC 2159321K->366968K(2245440K), 0.0460940 secs]
42.048: [GC 2117752K->385060K(2260032K), 0.0520460 secs]
45.227: [GC 2135844K->395243K(2204096K), 0.0546570 secs]
48.216: [GC 2079595K->405189K(2213760K), 0.0576450 secs]
51.262: [GC 2088659K->409512K(2184896K), 0.0586210 secs]
54.134: [GC 2029608K->400177K(2144448K), 0.0550470 secs]
57.022: [GC 2020273K->411104K(2171456K), 0.0597540 secs]
59.804: [GC 1992640K->406804K(2114368K), 0.0577470 secs]
