1.156: [GC 94789K->30493K(365760K), 0.0611890 secs]
1.385: [GC 125917K->63130K(461184K), 0.0695840 secs]
1.777: [GC 253978K->135257K(461184K), 0.1301130 secs]
2.210: [GC 326105K->197852K(652032K), 0.0953860 secs]
2.305: [Full GC 197852K->197822K(825536K), 0.5667310 secs]
4.039: [GC 579518K->235201K(825536K), 0.0488650 secs]
5.009: [GC 616897K->253721K(1036544K), 0.0139680 secs]
6.163: [GC 786021K->268923K(1062784K), 0.0235140 secs]
7.243: [GC 802811K->280416K(1186240K), 0.0232060 secs]
8.694: [GC 972000K->299753K(1213184K), 0.0288270 secs]
10.018: [GC 991337K->314636K(1311360K), 0.0307730 secs]
11.542: [GC 1097932K->330550K(1321344K), 0.0332390 secs]
13.008: [GC 1113846K->343350K(1410816K), 0.0375480 secs]
14.590: [GC 1202182K->352912K(1426240K), 0.0364150 secs]
16.179: [GC 1211053K->359030K(1508928K), 0.0433600 secs]
17.845: [GC 1284790K->370134K(1523840K), 0.0424960 secs]
19.540: [GC 1295894K->370892K(1605120K), 0.0469670 secs]
21.394: [GC 1362124K->374450K(1617856K), 0.0464530 secs]
23.170: [GC 1365682K->380599K(1670080K), 0.0495780 secs]
25.091: [GC 1412855K->392941K(1680832K), 0.0475980 secs]
27.046: [GC 1425197K->401029K(1734592K), 0.0517490 secs]
29.110: [GC 1474373K->399745K(1744896K), 0.0446600 secs]
31.071: [GC 1473089K->403556K(1797376K), 0.0458370 secs]
33.197: [GC 1521733K->409779K(1800896K), 0.0458030 secs]
35.414: [GC 1529843K->417269K(1850624K), 0.0501800 secs]
37.755: [GC 1582272K->421578K(1853312K), 0.0471100 secs]
40.061: [GC 1588362K->423979K(1889920K), 0.0495670 secs]
42.478: [GC 1626795K->426189K(1890880K), 0.0493340 secs]
44.976: [GC 1629005K->429539K(1919360K), 0.0477990 secs]
47.557: [GC 1667555K->426849K(1922624K), 0.0484520 secs]
50.146: [GC 1664372K->430294K(1943872K), 0.0470120 secs]
52.701: [GC 1702550K->435662K(1948672K), 0.0478560 secs]
55.334: [GC 1707918K->440161K(1978624K), 0.0499460 secs]
58.062: [GC 1746785K->442322K(1979904K), 0.0482740 secs]
60.749: [GC 1747784K->446446K(2004672K), 0.0494530 secs]
