0.533: [GC 95424K->59885K(365760K), 0.1099090 secs]
0.726: [GC 155309K->119833K(461184K), 0.0916090 secs]
1.173: [GC 310674K->164087K(461184K), 0.0543920 secs]
1.525: [GC 354745K->168882K(652032K), 0.0181150 secs]
2.325: [GC 548788K->179014K(652032K), 0.0152250 secs]
2.997: [GC 560240K->185924K(1107200K), 0.0190910 secs]
4.471: [GC 948762K->198282K(1107520K), 0.0304630 secs]
5.793: [GC 959913K->209910K(1858368K), 0.0150290 secs]
8.690: [GC 1736248K->235088K(1862912K), 0.0215650 secs]
11.305: [GC 1760134K->247925K(2207104K), 0.0348640 secs]
11.340: [Full GC 247925K->175854K(2331264K), 0.5852480 secs]
15.181: [GC 2043059K->204314K(2275776K), 0.0208480 secs]
18.501: [GC 2072001K->232506K(2328128K), 0.0230730 secs]
21.742: [GC 2100018K->253348K(2323648K), 0.0280760 secs]
24.895: [GC 2120868K->267276K(2298560K), 0.0551260 secs]
28.107: [GC 2094755K->281221K(2283840K), 0.0329540 secs]
31.168: [GC 2109398K->288430K(2296768K), 0.0230130 secs]
34.328: [GC 2098198K->296499K(2281024K), 0.0257020 secs]
37.363: [GC 2106644K->311147K(2273408K), 0.0295830 secs]
40.394: [GC 2086566K->320694K(2269504K), 0.0311850 secs]
43.496: [GC 2095074K->331887K(2244800K), 0.0341480 secs]
46.494: [GC 2055314K->335139K(2232512K), 0.0345410 secs]
49.442: [GC 2057563K->339936K(2224320K), 0.0355470 secs]
52.401: [GC 2017847K->347768K(2199040K), 0.0379710 secs]
55.221: [GC 2024320K->348889K(2205632K), 0.0382050 secs]
58.064: [GC 1984263K->356469K(2166528K), 0.0401440 secs]
60.878: [GC 1992957K->356830K(2190400K), 0.0396390 secs]
