0.539: [GC 95424K->59890K(365760K), 0.0937420 secs]
0.716: [GC 155314K->119810K(461184K), 0.0775380 secs]
1.134: [GC 308776K->164149K(461184K), 0.0434380 secs]
1.452: [GC 354780K->168943K(652032K), 0.0173580 secs]
2.164: [GC 548871K->177830K(652032K), 0.0124160 secs]
2.752: [GC 557870K->188349K(1105408K), 0.0118410 secs]
4.004: [GC 951736K->197420K(1106816K), 0.0125230 secs]
5.117: [GC 959173K->211099K(1856960K), 0.0145800 secs]
7.608: [GC 1736042K->237127K(1861760K), 0.0223680 secs]
9.855: [GC 1762487K->256440K(2204032K), 0.0253900 secs]
9.881: [Full GC 256440K->177077K(2331648K), 0.4954800 secs]
13.177: [GC 2042693K->214109K(2285120K), 0.0131150 secs]
16.060: [GC 2078301K->241304K(2328768K), 0.0197690 secs]
18.748: [GC 2105361K->259766K(2328896K), 0.0245790 secs]
21.496: [GC 2123019K->270412K(2294080K), 0.0272200 secs]
24.155: [GC 2093388K->288459K(2279296K), 0.0352190 secs]
26.820: [GC 2110466K->301133K(2297856K), 0.0247040 secs]
29.501: [GC 2106839K->313055K(2288448K), 0.0276100 secs]
32.088: [GC 2119023K->328701K(2269248K), 0.0315060 secs]
34.653: [GC 2091627K->337497K(2269504K), 0.0333160 secs]
37.153: [GC 2100236K->343739K(2242112K), 0.0342600 secs]
39.692: [GC 2054739K->351148K(2230656K), 0.0361780 secs]
42.227: [GC 2062787K->348924K(2224640K), 0.0354630 secs]
44.699: [GC 2016549K->362989K(2198464K), 0.0395150 secs]
47.191: [GC 2029193K->363018K(2202816K), 0.0386960 secs]
49.650: [GC 1985651K->364642K(2156992K), 0.0394240 secs]
52.021: [GC 1988119K->369415K(2189952K), 0.0396070 secs]
54.462: [GC 1963901K->374036K(2136448K), 0.0418890 secs]
56.833: [GC 1967302K->373651K(2183232K), 0.0417040 secs]
59.092: [GC 1945964K->375876K(2110144K), 0.0412390 secs]
