1.153: [GC 94828K->30509K(365760K), 0.0599960 secs]
1.371: [GC 125933K->63434K(461184K), 0.0526930 secs]
1.718: [GC 254282K->134013K(461184K), 0.1299550 secs]
2.125: [GC 324861K->196576K(652032K), 0.1504170 secs]
2.276: [Full GC 196576K->196568K(821440K), 0.5688320 secs]
3.516: [GC 578264K->232193K(821440K), 0.0385530 secs]
3.929: [GC 612769K->241085K(1049920K), 0.0139240 secs]
4.408: [GC 785661K->250802K(1071168K), 0.0255000 secs]
4.839: [GC 794013K->262290K(1223424K), 0.0206700 secs]
5.429: [GC 993653K->274569K(1249984K), 0.0262240 secs]
6.011: [GC 1007113K->284958K(1370240K), 0.0302280 secs]
6.698: [GC 1143206K->293105K(1377856K), 0.0316360 secs]
7.393: [GC 1150423K->304111K(1510848K), 0.0361740 secs]
8.184: [GC 1290671K->313696K(1518784K), 0.0407250 secs]
8.940: [GC 1298829K->328755K(1656640K), 0.0466680 secs]
9.772: [GC 1443385K->334452K(1669888K), 0.0498840 secs]
10.646: [GC 1448386K->344896K(1826304K), 0.0536140 secs]
11.577: [GC 1602685K->350261K(1840128K), 0.0538400 secs]
12.518: [GC 1607321K->359733K(1956352K), 0.0606480 secs]
13.512: [GC 1721461K->369453K(1969984K), 0.0609940 secs]
14.530: [GC 1731181K->374942K(2101696K), 0.0655750 secs]
15.655: [GC 1852664K->377367K(2111936K), 0.0616110 secs]
16.700: [GC 1854707K->385799K(2227136K), 0.0640430 secs]
17.897: [GC 1971056K->395692K(2173184K), 0.0666190 secs]
19.095: [GC 1981591K->397145K(2217664K), 0.0669670 secs]
20.262: [GC 1956992K->400917K(2145280K), 0.0663600 secs]
21.474: [GC 1960919K->403646K(2217408K), 0.0667140 secs]
22.686: [GC 1955143K->413825K(2142272K), 0.0688020 secs]
23.901: [GC 1967233K->417600K(2215168K), 0.0683680 secs]
25.090: [GC 1964488K->413699K(2126784K), 0.0677880 secs]
26.291: [GC 1960319K->421095K(2215488K), 0.0670100 secs]
27.445: [GC 1971761K->427754K(2212672K), 0.0676410 secs]
28.639: [GC 1978794K->426951K(2218880K), 0.0668930 secs]
29.878: [GC 1987271K->431913K(2217664K), 0.0667550 secs]
31.062: [GC 1992233K->439977K(2223424K), 0.0703980 secs]
32.300: [GC 2006421K->438624K(2222976K), 0.0688080 secs]
33.570: [GC 2005466K->445252K(2226432K), 0.0694580 secs]
34.835: [GC 2018399K->449863K(2225216K), 0.0716140 secs]
36.083: [GC 2024078K->450862K(2228800K), 0.0693890 secs]
37.302: [GC 2032648K->454777K(2229632K), 0.0691200 secs]
38.485: [GC 2037177K->457460K(2232960K), 0.0696090 secs]
39.734: [GC 2049235K->464805K(2233344K), 0.0700610 secs]
40.982: [GC 2057125K->465453K(2237888K), 0.0703700 secs]
42.209: [GC 2067949K->465837K(2239808K), 0.0684900 secs]
43.406: [GC 2066761K->468517K(2240384K), 0.0696280 secs]
44.668: [GC 2080147K->473200K(2242112K), 0.0686680 secs]
45.917: [GC 2086203K->481342K(2253184K), 0.0707760 secs]
47.188: [GC 2109031K->483798K(2253056K), 0.0683590 secs]
48.503: [GC 2112086K->485053K(2256384K), 0.0707110 secs]
49.776: [GC 2118745K->484336K(2256832K), 0.0685110 secs]
51.092: [GC 2119536K->488601K(2259776K), 0.0684540 secs]
52.394: [GC 2130347K->484315K(2258944K), 0.0662900 secs]
53.672: [GC 2127003K->497312K(2264832K), 0.0702110 secs]
54.968: [GC 2147713K->504603K(2264000K), 0.0708110 secs]
56.267: [GC 2154631K->501760K(2266624K), 0.0694690 secs]
57.580: [GC 2156930K->502660K(2268288K), 0.0695330 secs]
58.882: [GC 2159556K->513477K(2269696K), 0.0728080 secs]
60.157: [GC 2174213K->516478K(2271296K), 0.0732280 secs]
61.438: [GC 2177214K->519879K(2269760K), 0.0740010 secs]
62.723: [GC 2176701K->525040K(2259008K), 0.0746150 secs]
