0.540: [GC 95424K->59877K(365760K), 0.0915620 secs]
0.713: [GC 155301K->119797K(461184K), 0.0753870 secs]
1.303: [GC 310202K->165215K(461184K), 0.0631260 secs]
1.879: [GC 354845K->167211K(652032K), 0.0425050 secs]
3.049: [GC 548484K->175141K(652032K), 0.0253980 secs]
4.241: [GC 556765K->180477K(1107904K), 0.0144710 secs]
6.619: [GC 942090K->188411K(1108416K), 0.0540810 secs]
8.821: [GC 951467K->196161K(1862592K), 0.0515520 secs]
13.564: [GC 1722555K->217281K(1865728K), 0.0345750 secs]
17.956: [GC 1744065K->229142K(2198080K), 0.0206980 secs]
23.591: [GC 2098710K->243517K(2202048K), 0.0309220 secs]
23.622: [Full GC 243517K->172949K(2314816K), 0.5632220 secs]
29.832: [GC 2041075K->205475K(2318272K), 0.0111290 secs]
35.665: [GC 2085181K->220333K(2322176K), 0.0200520 secs]
41.359: [GC 2100521K->233310K(2325632K), 0.0142790 secs]
47.198: [GC 2121694K->254707K(2327680K), 0.0143560 secs]
53.310: [GC 2141645K->275643K(2317760K), 0.0199500 secs]
59.213: [GC 2154811K->288010K(2323072K), 0.0228280 secs]
