0.527: [GC 95424K->59890K(365760K), 0.0900680 secs]
0.699: [GC 155314K->119810K(461184K), 0.0679150 secs]
1.206: [GC 310658K->167034K(461184K), 0.0625050 secs]
1.687: [GC 357882K->169932K(652032K), 0.0099430 secs]
2.554: [GC 551122K->178336K(652032K), 0.0163270 secs]
3.424: [GC 558861K->185133K(1107648K), 0.0225250 secs]
5.135: [GC 948525K->193378K(1108224K), 0.0204160 secs]
6.815: [GC 955039K->202774K(1861632K), 0.0277590 secs]
10.316: [GC 1729558K->220581K(1865216K), 0.0407590 secs]
13.797: [GC 1747365K->233156K(2198272K), 0.0207980 secs]
18.204: [GC 2103686K->250798K(2202304K), 0.0240150 secs]
18.228: [Full GC 250798K->176182K(2325888K), 0.5777000 secs]
23.081: [GC 2045718K->203306K(2333056K), 0.0197640 secs]
27.385: [GC 2087210K->225405K(2335808K), 0.0163430 secs]
31.593: [GC 2107806K->239466K(2328896K), 0.0198790 secs]
36.007: [GC 2116074K->258361K(2334208K), 0.0247000 secs]
40.440: [GC 2134969K->273717K(2301312K), 0.0288510 secs]
44.740: [GC 2116063K->284606K(2305280K), 0.0243590 secs]
49.222: [GC 2128106K->298779K(2286400K), 0.0282270 secs]
53.557: [GC 2102939K->311863K(2292992K), 0.0312120 secs]
57.828: [GC 2116023K->320831K(2245632K), 0.0328050 secs]
