1.169: [GC 94788K->30501K(365760K), 0.0553610 secs]
1.380: [GC 125925K->63418K(461184K), 0.0847550 secs]
1.757: [GC 254266K->133957K(461184K), 0.0843710 secs]
2.118: [GC 324805K->196568K(652032K), 0.1331430 secs]
2.251: [Full GC 196568K->196562K(822528K), 0.5861650 secs]
3.434: [GC 576518K->228747K(822528K), 0.0223600 secs]
3.731: [GC 610443K->230342K(1053120K), 0.0136110 secs]
4.136: [GC 771334K->232804K(1070976K), 0.0112130 secs]
4.479: [GC 773796K->235760K(1222208K), 0.0173160 secs]
4.934: [GC 953968K->237792K(1244160K), 0.0120080 secs]
5.532: [GC 956000K->242600K(1331264K), 0.0233070 secs]
6.294: [GC 1071144K->249836K(1347392K), 0.0149330 secs]
6.984: [GC 1078380K->258539K(1431040K), 0.0263780 secs]
7.817: [GC 1186773K->267926K(1441344K), 0.0209310 secs]
8.602: [GC 1196724K->273101K(1541760K), 0.0366170 secs]
9.485: [GC 1302605K->280022K(1544128K), 0.0227470 secs]
10.359: [GC 1309526K->287924K(1644480K), 0.0484050 secs]
11.277: [GC 1413556K->289708K(1650560K), 0.0236670 secs]
12.156: [GC 1413611K->293031K(1723200K), 0.0262540 secs]
13.149: [GC 1485991K->298406K(1728448K), 0.0263330 secs]
14.154: [GC 1491142K->300486K(1800384K), 0.0293650 secs]
15.184: [GC 1559430K->303899K(1802176K), 0.0253220 secs]
16.237: [GC 1562843K->318663K(1863872K), 0.0292970 secs]
17.351: [GC 1637127K->324978K(1870080K), 0.0287360 secs]
18.447: [GC 1643442K->329524K(1935616K), 0.0305710 secs]
19.829: [GC 1707124K->334255K(1941504K), 0.0289270 secs]
21.223: [GC 1711855K->343419K(1987776K), 0.0300650 secs]
22.286: [GC 1762235K->346099K(1993984K), 0.0303330 secs]
23.202: [GC 1764915K->350980K(2043072K), 0.0315230 secs]
24.149: [GC 1815492K->353659K(2045312K), 0.0299590 secs]
25.103: [GC 1818171K->355755K(2101312K), 0.0321420 secs]
26.107: [GC 1875115K->360205K(2100672K), 0.0291370 secs]
27.110: [GC 1879565K->363668K(2155520K), 0.0312830 secs]
28.324: [GC 1941140K->370323K(2156288K), 0.0306790 secs]
29.642: [GC 1945934K->378881K(2202496K), 0.0328830 secs]
31.082: [GC 2003329K->386504K(2203264K), 0.0319740 secs]
32.681: [GC 2010952K->387582K(2248256K), 0.0345550 secs]
34.008: [GC 2056254K->385333K(2249920K), 0.0310770 secs]
35.139: [GC 2054005K->388802K(2286464K), 0.0345710 secs]
37.388: [GC 2103155K->398537K(2288832K), 0.0300460 secs]
40.094: [GC 2114121K->410840K(2311936K), 0.0344320 secs]
42.557: [GC 2151384K->420332K(2282688K), 0.0358270 secs]
44.987: [GC 2160876K->423219K(2310592K), 0.0339790 secs]
47.584: [GC 2160179K->427280K(2282176K), 0.0343770 secs]
50.035: [GC 2164240K->433340K(2304896K), 0.0353670 secs]
52.713: [GC 2162492K->448093K(2292352K), 0.0395850 secs]
55.206: [GC 2177213K->458007K(2283904K), 0.0398880 secs]
57.272: [GC 2156951K->459229K(2268992K), 0.0399390 secs]
59.119: [GC 2158173K->459555K(2278656K), 0.0391470 secs]
61.193: [GC 2138915K->464817K(2248768K), 0.0396660 secs]
