0.531: [GC 95424K->60488K(365760K), 0.1223190 secs]
0.742: [GC 155912K->122661K(461184K), 0.0760010 secs]
0.931: [GC 313509K->170098K(461184K), 0.0796370 secs]
2.104: [GC 360452K->174586K(652032K), 0.0124640 secs]
3.639: [GC 555545K->179135K(652032K), 0.0302550 secs]
5.502: [GC 560179K->179626K(1111552K), 0.0179270 secs]
9.817: [GC 941111K->179701K(1112064K), 0.0166740 secs]
14.016: [GC 940704K->182193K(1874112K), 0.0120210 secs]
21.194: [GC 1706832K->182685K(1874368K), 0.0065930 secs]
30.584: [GC 1708413K->184491K(2193664K), 0.0130220 secs]
39.730: [GC 2032580K->188983K(2194432K), 0.0054990 secs]
50.268: [GC 2037144K->188723K(2195392K), 0.0159060 secs]
60.855: [GC 2042240K->192742K(2196160K), 0.0056760 secs]
