0.542: [GC 95424K->59874K(365760K), 0.0875740 secs]
0.712: [GC 155298K->119794K(461184K), 0.0681140 secs]
1.094: [GC 309423K->170892K(461184K), 0.0490090 secs]
1.624: [GC 361740K->178647K(652032K), 0.0194320 secs]
2.586: [GC 559112K->180648K(652032K), 0.0103670 secs]
3.313: [GC 560459K->181821K(1109440K), 0.0133210 secs]
5.007: [GC 944410K->182140K(1110208K), 0.0096150 secs]
6.558: [GC 942865K->184337K(1872512K), 0.0079440 secs]
9.563: [GC 1708299K->187065K(1872576K), 0.0048260 secs]
13.103: [GC 1712313K->189142K(2194880K), 0.0079840 secs]
17.425: [GC 2038865K->192677K(2195456K), 0.0054300 secs]
21.484: [GC 2044005K->192005K(2198016K), 0.0128330 secs]
25.186: [GC 2050479K->194452K(2198464K), 0.0094820 secs]
29.681: [GC 2051063K->200668K(2199488K), 0.0091140 secs]
33.881: [GC 2067996K->201772K(2201088K), 0.0069720 secs]
37.929: [GC 2069100K->204010K(2040704K), 0.0047780 secs]
41.830: [GC 1981237K->207131K(1956608K), 0.0078070 secs]
45.686: [GC 1901339K->210078K(1877952K), 0.0078140 secs]
49.309: [GC 1824094K->212205K(1799424K), 0.0067400 secs]
52.568: [GC 1749848K->216191K(1729280K), 0.0105230 secs]
55.579: [GC 1681663K->222585K(1664448K), 0.0113340 secs]
58.469: [GC 1617563K->223683K(1593984K), 0.0142580 secs]
