1.164: [GC 95424K->31564K(365760K), 0.0573250 secs]
1.381: [GC 126988K->64024K(461184K), 0.0558320 secs]
1.734: [GC 254872K->136187K(461184K), 0.0909300 secs]
2.105: [GC 327035K->198782K(652032K), 0.1602900 secs]
2.265: [Full GC 198782K->198741K(825728K), 0.5818270 secs]
3.411: [GC 580437K->240328K(825728K), 0.0357600 secs]
3.611: [GC 622024K->246060K(1061824K), 0.0129530 secs]
3.767: [GC 787992K->248534K(1075072K), 0.0229220 secs]
3.991: [GC 792073K->248703K(1267456K), 0.0181720 secs]
4.314: [GC 1004848K->260508K(1284608K), 0.0220730 secs]
4.600: [GC 1016732K->264560K(1422144K), 0.0256190 secs]
4.929: [GC 1177414K->267098K(1432896K), 0.0230600 secs]
5.245: [GC 1180506K->271314K(1591232K), 0.0267420 secs]
5.601: [GC 1358344K->273383K(1599040K), 0.0285580 secs]
5.950: [GC 1359079K->276507K(1798720K), 0.0363200 secs]
6.317: [GC 1565531K->280830K(1797824K), 0.0305550 secs]
6.652: [GC 1569854K->283983K(2035648K), 0.0306520 secs]
7.110: [GC 1810191K->285167K(2037056K), 0.0322190 secs]
7.520: [GC 1811009K->288480K(2216832K), 0.0334190 secs]
8.010: [GC 1993120K->290574K(2218880K), 0.0344100 secs]
8.510: [GC 1995214K->295385K(2376576K), 0.0449490 secs]
9.041: [GC 2155673K->295611K(2345216K), 0.0332110 secs]
9.570: [GC 2154497K->292158K(2376704K), 0.0322540 secs]
10.102: [GC 2155518K->300882K(2373824K), 0.0282700 secs]
10.676: [GC 2164242K->297741K(2379328K), 0.0318420 secs]
11.238: [GC 2167336K->311886K(2377536K), 0.0289440 secs]
11.820: [GC 2181902K->306075K(2381824K), 0.0261560 secs]
12.371: [GC 2183195K->308209K(2382208K), 0.0327390 secs]
12.930: [GC 2184173K->312700K(2383872K), 0.0358620 secs]
13.499: [GC 2196220K->319189K(2384768K), 0.0339990 secs]
14.070: [GC 2202709K->316212K(2387520K), 0.0322860 secs]
14.639: [GC 2205878K->321758K(2389184K), 0.0306670 secs]
15.282: [GC 2212126K->324450K(2390464K), 0.0307670 secs]
16.010: [GC 2219810K->324717K(2392192K), 0.0306100 secs]
16.690: [GC 2218423K->329705K(2393280K), 0.0351570 secs]
17.362: [GC 2228928K->332996K(2394432K), 0.0337090 secs]
18.064: [GC 2232560K->339178K(2396608K), 0.0338230 secs]
18.766: [GC 2241898K->340046K(2390144K), 0.0325480 secs]
19.501: [GC 2242766K->347667K(2390912K), 0.0342870 secs]
20.297: [GC 2241295K->348255K(2388736K), 0.0345770 secs]
21.093: [GC 2242753K->359545K(2380288K), 0.0392790 secs]
21.884: [GC 2238096K->361195K(2378240K), 0.0392540 secs]
22.611: [GC 2239424K->362992K(2378944K), 0.0393040 secs]
23.362: [GC 2231796K->371918K(2376256K), 0.0464650 secs]
24.208: [GC 2241321K->373083K(2371200K), 0.0463930 secs]
25.065: [GC 2229587K->380875K(2368576K), 0.0409420 secs]
25.868: [GC 2236359K->390859K(2357056K), 0.0480130 secs]
26.714: [GC 2224574K->388104K(2347136K), 0.0479800 secs]
27.524: [GC 2222728K->391614K(2357120K), 0.0383110 secs]
28.302: [GC 2217406K->392047K(2358912K), 0.0423290 secs]
29.076: [GC 2217166K->394130K(2357440K), 0.0423690 secs]
29.839: [GC 2219833K->403771K(2340224K), 0.0445480 secs]
30.613: [GC 2228914K->404418K(2356416K), 0.0427000 secs]
31.424: [GC 2226096K->406788K(2335360K), 0.0448690 secs]
32.289: [GC 2228439K->410969K(2356544K), 0.0490010 secs]
33.090: [GC 2231198K->413715K(2334144K), 0.0489260 secs]
33.866: [GC 2233696K->421976K(2354944K), 0.0435440 secs]
34.662: [GC 2240501K->423143K(2335744K), 0.0459220 secs]
35.460: [GC 2241345K->428311K(2354624K), 0.0495480 secs]
36.229: [GC 2245228K->431386K(2336000K), 0.0503580 secs]
37.055: [GC 2249300K->435235K(2353536K), 0.0876110 secs]
37.853: [GC 2250516K->432964K(2329728K), 0.0533100 secs]
38.640: [GC 2249156K->440585K(2352768K), 0.0451060 secs]
39.426: [GC 2257097K->437366K(2353024K), 0.0390360 secs]
40.210: [GC 2252881K->437948K(2353792K), 0.0509070 secs]
40.929: [GC 2258940K->444353K(2353344K), 0.0465710 secs]
41.683: [GC 2264788K->450069K(2357888K), 0.0496150 secs]
42.530: [GC 2275952K->459810K(2357184K), 0.0637990 secs]
43.393: [GC 2287394K->452471K(2361280K), 0.0457130 secs]
44.270: [GC 2282410K->461642K(2344704K), 0.0548870 secs]
45.160: [GC 2292554K->460513K(2361600K), 0.0435510 secs]
45.933: [GC 2293281K->462117K(2360512K), 0.0422600 secs]
46.698: [GC 2294885K->464063K(2362688K), 0.0546730 secs]
47.471: [GC 2298350K->472364K(2362944K), 0.0518060 secs]
48.279: [GC 2306511K->470619K(2363264K), 0.0436320 secs]
49.080: [GC 2307291K->473188K(2363392K), 0.0644420 secs]
49.885: [GC 2309860K->476801K(2363904K), 0.0423570 secs]
50.639: [GC 2315777K->476586K(2364480K), 0.0421900 secs]
51.364: [GC 2314987K->479744K(2364352K), 0.0418900 secs]
52.059: [GC 2321472K->481452K(2365376K), 0.0444340 secs]
52.734: [GC 2321957K->484188K(2366336K), 0.0449120 secs]
53.401: [GC 2329448K->493348K(2367296K), 0.0441140 secs]
54.050: [GC 2337306K->491005K(2368192K), 0.0435670 secs]
54.640: [GC 2340797K->492936K(2369600K), 0.0430230 secs]
55.222: [GC 2342728K->493647K(2371008K), 0.0430690 secs]
55.265: [Full GC 493647K->233305K(2409408K), 0.6351810 secs]
56.423: [GC 2086681K->247334K(2334016K), 0.0087490 secs]
56.980: [GC 2099252K->255034K(2392064K), 0.0125050 secs]
57.499: [GC 2080664K->260585K(2319808K), 0.0139420 secs]
58.070: [GC 2086505K->257857K(2391360K), 0.0141360 secs]
58.630: [GC 2074492K->270361K(2393088K), 0.0173920 secs]
59.218: [GC 2087705K->263745K(2391104K), 0.0180650 secs]
59.798: [GC 2081418K->268968K(2392192K), 0.0177940 secs]
60.340: [GC 2086113K->271386K(2390720K), 0.0213230 secs]
60.860: [GC 2095898K->274514K(2392512K), 0.0265490 secs]
61.442: [GC 2099026K->278763K(2394176K), 0.0274390 secs]
62.040: [GC 2114712K->279913K(2396608K), 0.0290560 secs]
62.591: [GC 2116329K->286207K(2405312K), 0.0310870 secs]
63.165: [GC 2138751K->284110K(2406144K), 0.0320080 secs]
