0.534: [GC 95424K->59885K(365760K), 0.0797030 secs]
0.697: [GC 155309K->119801K(461184K), 0.0638000 secs]
1.227: [GC 310529K->167325K(461184K), 0.1031930 secs]
1.670: [GC 358057K->169747K(652032K), 0.0671050 secs]
2.565: [GC 550434K->177764K(652032K), 0.0134400 secs]
3.449: [GC 558809K->183391K(1108224K), 0.0244710 secs]
5.496: [GC 946207K->192167K(1108608K), 0.0299430 secs]
7.230: [GC 954573K->199244K(1862976K), 0.0126020 secs]
10.889: [GC 1725948K->217802K(1865984K), 0.0154770 secs]
14.223: [GC 1742767K->230711K(2199488K), 0.0298220 secs]
18.703: [GC 2100255K->250868K(2202048K), 0.0428580 secs]
18.746: [Full GC 250868K->178140K(2319616K), 0.4848140 secs]
23.628: [GC 2047741K->206697K(2327232K), 0.0116600 secs]
28.080: [GC 2088633K->227209K(2328704K), 0.0199630 secs]
32.471: [GC 2109424K->242500K(2333056K), 0.0202470 secs]
36.835: [GC 2132073K->255616K(2333376K), 0.0139030 secs]
41.392: [GC 2145541K->268647K(2332800K), 0.0165930 secs]
45.950: [GC 2160832K->282502K(2330432K), 0.0198480 secs]
50.374: [GC 2175744K->292730K(2313536K), 0.0227670 secs]
54.637: [GC 2158202K->303023K(2322624K), 0.0247230 secs]
59.215: [GC 2168495K->313368K(2287296K), 0.0298390 secs]
