0.525: [GC 95424K->59882K(365760K), 0.0961460 secs]
0.701: [GC 155306K->119810K(461184K), 0.0802550 secs]
1.140: [GC 310511K->166032K(461184K), 0.0931650 secs]
1.475: [GC 356047K->172173K(652032K), 0.0386310 secs]
2.070: [GC 553625K->180618K(652032K), 0.0180920 secs]
2.582: [GC 562037K->183529K(1107648K), 0.0139260 secs]
3.773: [GC 945311K->193125K(1108288K), 0.0157050 secs]
4.896: [GC 954993K->202370K(1862272K), 0.0233610 secs]
7.291: [GC 1726405K->222638K(1865536K), 0.0693410 secs]
9.443: [GC 1747862K->234512K(2198016K), 0.0488340 secs]
12.180: [GC 2099831K->250469K(2201728K), 0.0250700 secs]
12.205: [Full GC 250469K->177850K(2328448K), 0.5867630 secs]
15.501: [GC 2043184K->203479K(2331968K), 0.0293010 secs]
18.177: [GC 2080253K->224338K(2335168K), 0.0161000 secs]
20.934: [GC 2100025K->245572K(2327168K), 0.0370860 secs]
23.721: [GC 2113993K->256130K(2329472K), 0.0353830 secs]
26.585: [GC 2126067K->267617K(2296448K), 0.0554530 secs]
29.290: [GC 2094255K->280210K(2290816K), 0.1191150 secs]
32.057: [GC 2107855K->288852K(2290496K), 0.0694700 secs]
34.718: [GC 2086767K->301333K(2283136K), 0.0498870 secs]
37.392: [GC 2100079K->307363K(2266176K), 0.0324420 secs]
39.984: [GC 2062231K->314117K(2252672K), 0.0494710 secs]
42.484: [GC 2069646K->318034K(2246144K), 0.0731020 secs]
45.001: [GC 2030813K->321739K(2218560K), 0.0502990 secs]
47.427: [GC 2034035K->326982K(2229504K), 0.0370120 secs]
49.814: [GC 2004972K->335479K(2196672K), 0.0422620 secs]
52.170: [GC 2012332K->339177K(2211008K), 0.0399700 secs]
54.429: [GC 1980061K->340826K(2165056K), 0.0406640 secs]
56.807: [GC 1981769K->344475K(2199616K), 0.0512840 secs]
59.107: [GC 1958547K->348132K(2140736K), 0.0541220 secs]
