1.157: [GC 95424K->31596K(365760K), 0.0544030 secs]
1.370: [GC 127020K->64064K(461184K), 0.0657670 secs]
1.737: [GC 254912K->134619K(461184K), 0.0932800 secs]
2.114: [GC 325467K->197222K(652032K), 0.1508770 secs]
2.265: [Full GC 197222K->197181K(822848K), 0.5841880 secs]
3.466: [GC 577374K->236090K(822848K), 0.0567060 secs]
3.722: [GC 615964K->243126K(1070592K), 0.0246430 secs]
4.096: [GC 794315K->255623K(1079616K), 0.0171300 secs]
4.392: [GC 806369K->261790K(1250432K), 0.0195320 secs]
4.821: [GC 1013529K->271182K(1272960K), 0.0242900 secs]
5.236: [GC 1024654K->280151K(1398016K), 0.0248580 secs]
5.735: [GC 1171990K->284793K(1408768K), 0.0296520 secs]
6.242: [GC 1177799K->291191K(1557056K), 0.0314560 secs]
6.807: [GC 1330508K->303038K(1561088K), 0.0353400 secs]
7.382: [GC 1343742K->306556K(1726656K), 0.0379600 secs]
8.042: [GC 1504882K->313153K(1733312K), 0.0405470 secs]
8.697: [GC 1512406K->318816K(1914240K), 0.0441500 secs]
9.426: [GC 1690850K->325720K(1922240K), 0.0454960 secs]
10.180: [GC 1697943K->331742K(2057152K), 0.0487180 secs]
11.043: [GC 1830122K->342390K(2066176K), 0.0518240 secs]
11.900: [GC 1841226K->346379K(2214016K), 0.0552490 secs]
12.842: [GC 1982155K->358940K(2220800K), 0.0548380 secs]
13.781: [GC 1992824K->361017K(2279104K), 0.0556560 secs]
14.747: [GC 2046137K->373016K(2246144K), 0.0589270 secs]
15.678: [GC 2056877K->376568K(2266176K), 0.0607440 secs]
16.612: [GC 2032540K->382305K(2220416K), 0.0614380 secs]
17.518: [GC 2038658K->393701K(2254720K), 0.0630450 secs]
18.422: [GC 2029029K->391374K(2198976K), 0.0614560 secs]
19.342: [GC 2025288K->394487K(2257024K), 0.0635190 secs]
20.270: [GC 2023463K->406527K(2200896K), 0.0637980 secs]
21.161: [GC 2034705K->410948K(2250496K), 0.0659060 secs]
22.082: [GC 2029892K->414450K(2191360K), 0.0659290 secs]
22.981: [GC 2032549K->415917K(2251968K), 0.0695100 secs]
23.887: [GC 2031593K->418485K(2186432K), 0.0654610 secs]
24.815: [GC 2034237K->426538K(2250112K), 0.0647170 secs]
25.735: [GC 2042320K->431046K(2250112K), 0.0649650 secs]
26.672: [GC 2046649K->434548K(2252096K), 0.0674870 secs]
27.577: [GC 2053835K->437197K(2252352K), 0.0671000 secs]
28.505: [GC 2057116K->443711K(2252416K), 0.0672520 secs]
29.387: [GC 2066259K->455050K(2252736K), 0.0658860 secs]
30.277: [GC 2077230K->448052K(2248000K), 0.0916750 secs]
31.254: [GC 2076914K->453986K(2252800K), 0.1206730 secs]
32.218: [GC 2081180K->456116K(2253888K), 0.0920410 secs]
33.166: [GC 2098420K->465174K(2258752K), 0.0961300 secs]
34.123: [GC 2105767K->471976K(2266112K), 0.0939860 secs]
35.059: [GC 2125539K->469955K(2268736K), 0.0795780 secs]
36.022: [GC 2124506K->471862K(2266240K), 0.0755540 secs]
36.987: [GC 2134710K->476371K(2268544K), 0.0748060 secs]
37.948: [GC 2139219K->481004K(2275008K), 0.0722290 secs]
38.898: [GC 2158243K->490975K(2277440K), 0.0755220 secs]
39.861: [GC 2168265K->489065K(2281408K), 0.0766610 secs]
40.872: [GC 2177822K->490972K(2284160K), 0.0742220 secs]
41.833: [GC 2179124K->498358K(2285376K), 0.0786460 secs]
42.795: [GC 2196854K->507711K(2288960K), 0.0957990 secs]
43.731: [GC 2206207K->506046K(2291648K), 0.0782420 secs]
44.720: [GC 2211381K->516185K(2294528K), 0.0770550 secs]
45.708: [GC 2222991K->526145K(2297664K), 0.0769380 secs]
46.689: [GC 2238488K->531180K(2298560K), 0.0761080 secs]
47.631: [GC 2243872K->535019K(2299008K), 0.0780920 secs]
48.612: [GC 2246969K->537475K(2285504K), 0.0779260 secs]
49.590: [GC 2248825K->538067K(2301120K), 0.0760760 secs]
50.562: [GC 2252499K->541657K(2281344K), 0.0764000 secs]
51.537: [GC 2256089K->543182K(2298944K), 0.0747730 secs]
52.538: [GC 2257450K->543438K(2297792K), 0.0733560 secs]
53.499: [GC 2258156K->544825K(2302400K), 0.0724710 secs]
54.475: [GC 2265369K->559692K(2302208K), 0.0759300 secs]
55.441: [GC 2279912K->559130K(2302144K), 0.0769750 secs]
55.518: [Full GC 559130K->212358K(2318976K), 0.7151260 secs]
57.148: [GC 1934318K->236388K(2189760K), 0.0218830 secs]
58.054: [GC 1958115K->259535K(2285888K), 0.0275460 secs]
58.953: [GC 1930319K->271957K(2172544K), 0.0364750 secs]
59.853: [GC 1941646K->283224K(2290752K), 0.0401220 secs]
60.748: [GC 1944029K->294700K(2186432K), 0.0466210 secs]
61.669: [GC 1954796K->302931K(2293056K), 0.0485420 secs]
62.611: [GC 1969456K->311431K(2208192K), 0.0524060 secs]
