0.541: [GC 95424K->59893K(365760K), 0.0801080 secs]
0.709: [GC 155317K->119801K(461184K), 0.0725900 secs]
1.162: [GC 308843K->163553K(461184K), 0.0915570 secs]
1.602: [GC 354049K->173035K(652032K), 0.0681670 secs]
2.406: [GC 553583K->186254K(652032K), 0.0160380 secs]
3.139: [GC 567166K->195244K(1106304K), 0.0350630 secs]
4.673: [GC 958636K->209627K(1106304K), 0.0186740 secs]
6.172: [GC 971840K->226212K(1860224K), 0.0164170 secs]
9.233: [GC 1751869K->249674K(1862976K), 0.0224570 secs]
12.080: [GC 1776429K->273132K(2197952K), 0.0296390 secs]
12.109: [Full GC 273132K->175278K(2315840K), 0.4879240 secs]
15.927: [GC 2031468K->219516K(2273792K), 0.0148750 secs]
19.324: [GC 2076453K->244792K(2321600K), 0.0259140 secs]
22.718: [GC 2107779K->268980K(2318656K), 0.0214010 secs]
26.053: [GC 2132020K->285885K(2302464K), 0.0255870 secs]
29.448: [GC 2127206K->300080K(2311680K), 0.0279970 secs]
32.810: [GC 2141099K->313795K(2282880K), 0.0359700 secs]
36.121: [GC 2127010K->332491K(2282048K), 0.0278630 secs]
39.534: [GC 2145399K->346862K(2266240K), 0.0317280 secs]
42.864: [GC 2120268K->362010K(2272576K), 0.0349450 secs]
46.268: [GC 2136120K->366837K(2226240K), 0.0730420 secs]
49.514: [GC 2085237K->373420K(2227264K), 0.0448940 secs]
52.707: [GC 2090015K->382729K(2208896K), 0.0523880 secs]
55.819: [GC 2045944K->389440K(2189632K), 0.0818280 secs]
58.951: [GC 2054208K->392336K(2186752K), 0.0596520 secs]
