0.529: [GC 95424K->59874K(365760K), 0.0908610 secs]
0.702: [GC 155298K->119830K(461184K), 0.0952500 secs]
1.102: [GC 308833K->163479K(461184K), 0.0393100 secs]
1.431: [GC 354132K->173308K(652032K), 0.0359050 secs]
2.047: [GC 553614K->184228K(652032K), 0.0449900 secs]
2.641: [GC 565529K->194236K(1105920K), 0.0126940 secs]
3.860: [GC 956175K->212328K(1106432K), 0.0199860 secs]
4.951: [GC 975073K->225549K(1860608K), 0.0298670 secs]
7.249: [GC 1750426K->252043K(1862784K), 0.0384690 secs]
9.372: [GC 1778545K->271664K(2199616K), 0.0335670 secs]
9.406: [Full GC 271664K->175293K(2326144K), 0.5845720 secs]
12.537: [GC 2032304K->211259K(2327680K), 0.0142330 secs]
15.087: [GC 2067841K->239055K(2325632K), 0.0208850 secs]
17.719: [GC 2095957K->262337K(2325248K), 0.0274670 secs]
20.364: [GC 2119052K->274024K(2285824K), 0.0328540 secs]
22.902: [GC 2087400K->291964K(2278720K), 0.0362650 secs]
25.439: [GC 2103604K->309512K(2281728K), 0.0336370 secs]
27.969: [GC 2094422K->321315K(2279936K), 0.0342270 secs]
30.469: [GC 2105860K->336499K(2248704K), 0.0554290 secs]
32.977: [GC 2066482K->348967K(2253312K), 0.0462060 secs]
35.444: [GC 2079884K->345006K(2218624K), 0.0494230 secs]
37.776: [GC 2019246K->353999K(2201664K), 0.0408410 secs]
40.099: [GC 2027022K->351845K(2206080K), 0.0401540 secs]
42.218: [GC 1982061K->359408K(2164800K), 0.0403520 secs]
44.402: [GC 1989727K->367612K(2185536K), 0.0428050 secs]
46.525: [GC 1960884K->369060K(2135808K), 0.0418390 secs]
48.642: [GC 1960719K->373978K(2172160K), 0.0437430 secs]
50.841: [GC 1934087K->375218K(2110592K), 0.0449230 secs]
53.064: [GC 1935925K->377558K(2167040K), 0.0452880 secs]
55.272: [GC 1920226K->377764K(2170496K), 0.0437190 secs]
57.417: [GC 1920704K->380472K(2168192K), 0.0436700 secs]
59.638: [GC 1924152K->379568K(2169536K), 0.0433370 secs]
