1.147: [GC 94788K->30501K(365760K), 0.0528810 secs]
1.357: [GC 125925K->63154K(461184K), 0.0929550 secs]
1.743: [GC 254002K->133765K(461184K), 0.1519990 secs]
2.172: [GC 324613K->196336K(652032K), 0.1424200 secs]
2.315: [Full GC 196336K->196293K(817984K), 0.5767200 secs]
3.622: [GC 577803K->232049K(817984K), 0.0338670 secs]
4.038: [GC 613745K->240843K(1065728K), 0.0279180 secs]
4.591: [GC 801163K->253224K(1083392K), 0.0208840 secs]
5.118: [GC 811996K->262991K(1254208K), 0.0278590 secs]
5.869: [GC 1031035K->277385K(1282752K), 0.0352180 secs]
6.616: [GC 1046793K->288716K(1417664K), 0.0358600 secs]
7.515: [GC 1198860K->295622K(1427712K), 0.0396480 secs]
8.400: [GC 1205766K->308593K(1575552K), 0.0470490 secs]
9.403: [GC 1361009K->323999K(1584640K), 0.0558830 secs]
10.390: [GC 1375430K->335894K(1741056K), 0.0596120 secs]
11.527: [GC 1531197K->343768K(1755648K), 0.0643630 secs]
12.636: [GC 1539736K->353357K(1926912K), 0.0680310 secs]
13.966: [GC 1704385K->366447K(1942016K), 0.0744780 secs]
15.270: [GC 1718652K->370995K(2070016K), 0.0751300 secs]
16.726: [GC 1834867K->375214K(2084928K), 0.0790650 secs]
18.169: [GC 1839086K->380255K(2221376K), 0.0810940 secs]
19.749: [GC 1967455K->384651K(2166784K), 0.0793520 secs]
21.297: [GC 1971851K->384613K(2216128K), 0.0770400 secs]
22.849: [GC 1949541K->393675K(2147200K), 0.0807260 secs]
24.522: [GC 1958603K->396086K(2210752K), 0.0806230 secs]
26.194: [GC 1946166K->399603K(2130304K), 0.0816540 secs]
27.866: [GC 1948760K->408139K(2209408K), 0.0826750 secs]
29.530: [GC 1953227K->411969K(2129408K), 0.0840750 secs]
31.228: [GC 1957057K->415024K(2210752K), 0.0838980 secs]
32.808: [GC 1959536K->418997K(2129664K), 0.0829070 secs]
34.479: [GC 1963509K->426590K(2208832K), 0.0851880 secs]
36.146: [GC 1970526K->422255K(2128960K), 0.0835450 secs]
37.794: [GC 1966191K->432040K(2208960K), 0.0874480 secs]
39.491: [GC 1977282K->434938K(2209280K), 0.0886000 secs]
41.094: [GC 1980794K->431542K(2206080K), 0.0862220 secs]
42.644: [GC 1981686K->441725K(2209536K), 0.0895070 secs]
44.252: [GC 1991707K->445839K(2214272K), 0.0899210 secs]
45.884: [GC 2003919K->444657K(2215872K), 0.0862140 secs]
47.529: [GC 2002737K->448311K(2213760K), 0.0862940 secs]
49.231: [GC 2012663K->453791K(2215360K), 0.0878380 secs]
50.918: [GC 2017108K->455739K(2218688K), 0.0887540 secs]
52.649: [GC 2032193K->463019K(2221440K), 0.0881610 secs]
54.264: [GC 2040491K->461362K(2224960K), 0.0863240 secs]
55.809: [GC 2050516K->462302K(2229056K), 0.0840590 secs]
57.429: [GC 2052842K->471127K(2235904K), 0.0883630 secs]
59.020: [GC 2074775K->471779K(2237312K), 0.0869820 secs]
60.686: [GC 2075427K->471956K(2237824K), 0.0866930 secs]
62.472: [GC 2082772K->479783K(2240256K), 0.0900990 secs]
