0.547: [GC 95424K->59897K(365760K), 0.0915620 secs]
0.727: [GC 155321K->119861K(461184K), 0.0719830 secs]
1.180: [GC 308942K->163688K(461184K), 0.0405180 secs]
1.610: [GC 353366K->172950K(652032K), 0.0130310 secs]
2.356: [GC 552885K->184541K(652032K), 0.0117770 secs]
3.086: [GC 565763K->193753K(1106240K), 0.0091900 secs]
4.640: [GC 955937K->209316K(1106560K), 0.0145080 secs]
6.145: [GC 971821K->224541K(1859840K), 0.0165920 secs]
9.235: [GC 1750939K->254250K(1862592K), 0.0242270 secs]
12.088: [GC 1780041K->272232K(2198976K), 0.0301280 secs]
12.118: [Full GC 272232K->174046K(2323200K), 0.4907190 secs]
15.959: [GC 2029394K->212124K(2273152K), 0.0196330 secs]
19.313: [GC 2067410K->238367K(2322368K), 0.0574690 secs]
22.934: [GC 2093883K->255523K(2316224K), 0.0365760 secs]
26.435: [GC 2110160K->271430K(2293248K), 0.0278880 secs]
29.840: [GC 2087864K->280011K(2273280K), 0.0334160 secs]
33.217: [GC 2097355K->299621K(2286016K), 0.0275230 secs]
36.720: [GC 2095352K->315221K(2287232K), 0.0313920 secs]
40.136: [GC 2110883K->326428K(2248704K), 0.0339100 secs]
43.356: [GC 2068992K->335714K(2254464K), 0.0353360 secs]
46.682: [GC 2078562K->339235K(2226560K), 0.0371340 secs]
49.870: [GC 2026110K->348743K(2212608K), 0.0388170 secs]
53.064: [GC 2035819K->350159K(2204800K), 0.0392380 secs]
56.150: [GC 1987083K->353433K(2168000K), 0.0389740 secs]
59.208: [GC 1991854K->355784K(2189888K), 0.0409790 secs]
