0.544: [GC 95424K->59890K(365760K), 0.0812680 secs]
0.711: [GC 155314K->119814K(461184K), 0.1083600 secs]
1.145: [GC 310653K->163220K(461184K), 0.0534430 secs]
1.513: [GC 352909K->173314K(652032K), 0.0132850 secs]
2.172: [GC 554743K->184983K(652032K), 0.0160540 secs]
2.789: [GC 564926K->194117K(1106176K), 0.0307430 secs]
4.174: [GC 957145K->213497K(1106432K), 0.0180630 secs]
5.399: [GC 975518K->226940K(1860672K), 0.0340530 secs]
8.048: [GC 1753724K->250922K(1862720K), 0.0235330 secs]
10.498: [GC 1777706K->269022K(2204672K), 0.0284030 secs]
10.527: [Full GC 269022K->175699K(2328128K), 0.5001120 secs]
13.937: [GC 2039763K->213919K(2280256K), 0.0176890 secs]
16.728: [GC 2077983K->236887K(2327424K), 0.0272770 secs]
19.619: [GC 2100728K->264264K(2325696K), 0.0217100 secs]
22.453: [GC 2130056K->281634K(2311424K), 0.0239410 secs]
25.358: [GC 2130210K->296030K(2320064K), 0.0293190 secs]
28.251: [GC 2143664K->308879K(2289088K), 0.0360260 secs]
31.104: [GC 2126479K->330132K(2295296K), 0.0293900 secs]
33.910: [GC 2146651K->349579K(2263040K), 0.0331350 secs]
36.562: [GC 2115660K->365877K(2260736K), 0.0385400 secs]
39.274: [GC 2130814K->374921K(2244160K), 0.0343240 secs]
41.904: [GC 2095526K->384758K(2233536K), 0.0364950 secs]
44.526: [GC 2105331K->390225K(2218624K), 0.0379850 secs]
46.990: [GC 2058908K->393146K(2191360K), 0.0394970 secs]
49.553: [GC 2061668K->401147K(2198336K), 0.0404340 secs]
52.052: [GC 2027630K->395870K(2151104K), 0.0391790 secs]
54.575: [GC 2022074K->408618K(2184320K), 0.0422380 secs]
56.973: [GC 2004266K->406924K(2130688K), 0.0419440 secs]
59.384: [GC 2001633K->408708K(2177216K), 0.0419950 secs]
