1.159: [GC 95424K->31572K(365760K), 0.0535930 secs]
1.368: [GC 126996K->65304K(461184K), 0.0779950 secs]
1.743: [GC 256152K->137451K(461184K), 0.1355740 secs]
2.160: [GC 328299K->200050K(652032K), 0.1293490 secs]
2.289: [Full GC 200050K->200009K(823872K), 0.5632790 secs]
3.602: [GC 580699K->230994K(823872K), 0.0211910 secs]
3.972: [GC 612690K->238675K(1056704K), 0.0117450 secs]
4.508: [GC 785829K->254149K(1078848K), 0.0548270 secs]
5.032: [GC 801545K->265921K(1288640K), 0.0753540 secs]
5.829: [GC 1038509K->276255K(1293760K), 0.0237570 secs]
6.533: [GC 1049311K->284038K(1453824K), 0.0650510 secs]
7.476: [GC 1218374K->298840K(1457344K), 0.0282560 secs]
8.387: [GC 1233176K->302390K(1610496K), 0.0298480 secs]
9.431: [GC 1388278K->314036K(1623040K), 0.0329860 secs]
10.428: [GC 1399924K->325356K(1776384K), 0.0354110 secs]
11.568: [GC 1553190K->339405K(1788224K), 0.0518910 secs]
12.772: [GC 1568973K->350891K(1943168K), 0.0404730 secs]
14.081: [GC 1720875K->364892K(1959040K), 0.0407990 secs]
15.398: [GC 1734876K->371098K(2060096K), 0.0449730 secs]
16.854: [GC 1823337K->377680K(2076480K), 0.0438370 secs]
18.229: [GC 1831056K->378774K(2177088K), 0.0472180 secs]
19.784: [GC 1917526K->385714K(2186752K), 0.0420670 secs]
21.237: [GC 1924267K->387421K(2219904K), 0.0416900 secs]
22.652: [GC 1950429K->394793K(2151168K), 0.0430460 secs]
24.148: [GC 1957801K->400686K(2213376K), 0.0433140 secs]
25.757: [GC 1946249K->408042K(2138944K), 0.0439160 secs]
27.393: [GC 1953898K->410931K(2210432K), 0.0454990 secs]
28.981: [GC 1946675K->416906K(2131008K), 0.0463010 secs]
30.610: [GC 1952650K->417184K(2210944K), 0.0457050 secs]
32.200: [GC 1950240K->413660K(2118656K), 0.0435320 secs]
33.779: [GC 1946293K->427235K(2206976K), 0.0464500 secs]
35.433: [GC 1958946K->431416K(2206592K), 0.0462550 secs]
37.032: [GC 1964856K->428774K(2208512K), 0.0439590 secs]
38.637: [GC 1971302K->435355K(2211392K), 0.0455350 secs]
40.190: [GC 1977883K->438883K(2213760K), 0.0453740 secs]
41.817: [GC 1991907K->443206K(2216832K), 0.0464550 secs]
43.367: [GC 1996218K->449051K(2219712K), 0.0466930 secs]
44.979: [GC 2011866K->455211K(2222400K), 0.0475440 secs]
46.659: [GC 2018411K->455180K(2224960K), 0.0476700 secs]
48.261: [GC 2025676K->455827K(2227328K), 0.0459300 secs]
49.808: [GC 2026323K->454965K(2222784K), 0.0465670 secs]
51.285: [GC 2032373K->463725K(2226944K), 0.0467920 secs]
52.860: [GC 2041133K->463908K(2230208K), 0.0463240 secs]
54.497: [GC 2053667K->469682K(2235520K), 0.0469590 secs]
56.156: [GC 2061042K->473525K(2238016K), 0.0460190 secs]
57.863: [GC 2075445K->472699K(2242048K), 0.0463330 secs]
59.502: [GC 2074619K->476058K(2241088K), 0.0464020 secs]
61.122: [GC 2087450K->483315K(2244992K), 0.0473170 secs]
62.834: [GC 2094707K->484511K(2250112K), 0.0469150 secs]
