0.536: [GC 95424K->59901K(365760K), 0.1135460 secs]
0.733: [GC 155325K->119829K(461184K), 0.1030400 secs]
0.955: [GC 310677K->174279K(461184K), 0.0461550 secs]
1.919: [GC 365127K->174469K(652032K), 0.0094510 secs]
3.406: [GC 556165K->183284K(652032K), 0.0585130 secs]
4.685: [GC 564980K->183653K(1110528K), 0.0141540 secs]
9.048: [GC 945469K->183602K(1111488K), 0.0148200 secs]
12.656: [GC 946034K->185413K(1873792K), 0.0084150 secs]
19.658: [GC 1708277K->188913K(1873984K), 0.0072480 secs]
26.152: [GC 1712144K->188933K(2193152K), 0.0041710 secs]
36.889: [GC 2035517K->191418K(2193600K), 0.0077570 secs]
45.082: [GC 2038676K->193295K(2195072K), 0.0044760 secs]
54.060: [GC 2047170K->192449K(2195840K), 0.0055260 secs]
