0.537: [GC 95424K->59882K(365760K), 0.0828440 secs]
0.702: [GC 155306K->119802K(461184K), 0.0770230 secs]
0.906: [GC 310650K->174524K(461184K), 0.0790450 secs]
1.439: [GC 363622K->176651K(652032K), 0.0157950 secs]
2.459: [GC 557387K->185324K(652032K), 0.0190730 secs]
3.210: [GC 566967K->187332K(1110720K), 0.0137290 secs]
4.608: [GC 949956K->187424K(1111488K), 0.0139560 secs]
6.069: [GC 948831K->186679K(1873280K), 0.0149520 secs]
9.095: [GC 1710094K->189411K(1873856K), 0.0079710 secs]
11.622: [GC 1714083K->192145K(2192000K), 0.0059210 secs]
16.168: [GC 2037758K->194632K(2193536K), 0.0109950 secs]
19.877: [GC 2040894K->195412K(2194176K), 0.0047840 secs]
23.629: [GC 2048762K->195968K(2195904K), 0.0158370 secs]
27.381: [GC 2049318K->196500K(2198912K), 0.0056210 secs]
30.694: [GC 2060020K->199247K(2200448K), 0.0060800 secs]
34.355: [GC 2063375K->203576K(2202688K), 0.0087390 secs]
38.454: [GC 2077701K->205957K(2049408K), 0.0092670 secs]
42.428: [GC 1990970K->208950K(1963072K), 0.0124030 secs]
46.084: [GC 1909254K->210313K(1880832K), 0.0114230 secs]
49.465: [GC 1831049K->212520K(1804800K), 0.0109840 secs]
52.681: [GC 1754846K->213449K(1731776K), 0.0057420 secs]
55.767: [GC 1684659K->215179K(1662400K), 0.0093710 secs]
58.686: [GC 1617314K->217816K(1597504K), 0.0174600 secs]
