1.159: [GC 94828K->30517K(365760K), 0.0865320 secs]
1.409: [GC 125941K->63202K(461184K), 0.0458840 secs]
1.758: [GC 254050K->130917K(461184K), 0.1384110 secs]
2.182: [GC 321765K->193488K(652032K), 0.1747560 secs]
2.357: [Full GC 193488K->193456K(811072K), 0.4515120 secs]
3.385: [GC 575152K->238914K(811072K), 0.0249940 secs]
3.595: [GC 620610K->246101K(1072640K), 0.0154790 secs]
4.007: [GC 817882K->250265K(1086272K), 0.0164290 secs]
4.397: [GC 823065K->249139K(1287424K), 0.0170450 secs]
4.648: [GC 1051745K->264529K(1314624K), 0.0199990 secs]
4.895: [GC 1068625K->258185K(1498880K), 0.0315930 secs]
5.250: [GC 1251593K->265741K(1496064K), 0.0377770 secs]
5.577: [GC 1259149K->270736K(1714688K), 0.0300010 secs]
5.963: [GC 1496528K->274465K(1721472K), 0.0306650 secs]
6.363: [GC 1499586K->278461K(1975936K), 0.0295090 secs]
6.814: [GC 1769515K->280355K(1986176K), 0.0331400 secs]
7.277: [GC 1771811K->283670K(2274304K), 0.0290770 secs]
7.795: [GC 2073622K->286565K(2286784K), 0.0343060 secs]
8.315: [GC 2076256K->288650K(2359360K), 0.0352910 secs]
8.858: [GC 2149130K->289923K(2340864K), 0.0334460 secs]
9.437: [GC 2149150K->290026K(2362816K), 0.0390920 secs]
10.086: [GC 2147742K->293170K(2325952K), 0.0265990 secs]
10.707: [GC 2150931K->296760K(2358976K), 0.0282490 secs]
11.336: [GC 2157350K->297598K(2356352K), 0.0320610 secs]
11.965: [GC 2158953K->296852K(2365312K), 0.0384940 secs]
12.604: [GC 2170452K->299513K(2363648K), 0.0351290 secs]
13.211: [GC 2171321K->298588K(2370304K), 0.0226240 secs]
13.839: [GC 2178975K->302734K(2369600K), 0.0242060 secs]
14.579: [GC 2184398K->303885K(2373632K), 0.0264290 secs]
15.335: [GC 2190925K->302833K(2372736K), 0.0315420 secs]
16.065: [GC 2188058K->308638K(2375808K), 0.0351200 secs]
16.758: [GC 2198608K->315876K(2375616K), 0.0252140 secs]
17.483: [GC 2206674K->320966K(2376960K), 0.0307240 secs]
18.165: [GC 2215835K->328268K(2376384K), 0.0259960 secs]
18.877: [GC 2224652K->327916K(2380160K), 0.0280790 secs]
19.572: [GC 2230828K->334830K(2381056K), 0.0413730 secs]
20.305: [GC 2237417K->341664K(2377856K), 0.0406470 secs]
21.045: [GC 2239894K->348379K(2380672K), 0.0346130 secs]
21.771: [GC 2247259K->348497K(2364416K), 0.0322090 secs]
22.489: [GC 2230865K->352916K(2367808K), 0.0386250 secs]
23.176: [GC 2233801K->363281K(2353792K), 0.0411330 secs]
23.904: [GC 2222609K->366094K(2352192K), 0.0408240 secs]
24.624: [GC 2224994K->371263K(2345152K), 0.0412740 secs]
25.277: [GC 2209983K->367660K(2332608K), 0.0413740 secs]
26.006: [GC 2205640K->375796K(2338496K), 0.0447860 secs]
26.790: [GC 2199412K->373396K(2320704K), 0.0429270 secs]
27.507: [GC 2197012K->379156K(2336128K), 0.0434710 secs]
28.199: [GC 2193556K->380196K(2313600K), 0.0444240 secs]
28.973: [GC 2193168K->381380K(2337408K), 0.0449120 secs]
29.712: [GC 2193028K->380971K(2301952K), 0.0414360 secs]
30.398: [GC 2192603K->383053K(2337920K), 0.0564500 secs]
31.105: [GC 2198093K->386965K(2334528K), 0.0400400 secs]
31.875: [GC 2200602K->391565K(2339840K), 0.0631440 secs]
32.625: [GC 2214797K->395626K(2336960K), 0.0461610 secs]
33.375: [GC 2218845K->395188K(2345088K), 0.0362960 secs]
34.123: [GC 2228256K->400252K(2343488K), 0.0377600 secs]
34.919: [GC 2232577K->400740K(2351296K), 0.0401910 secs]
35.701: [GC 2243940K->406401K(2350208K), 0.0379240 secs]
36.494: [GC 2249601K->411448K(2353856K), 0.0362490 secs]
37.179: [GC 2260920K->415009K(2353024K), 0.0357860 secs]
37.886: [GC 2263005K->418259K(2357504K), 0.0322830 secs]
38.625: [GC 2272401K->423002K(2356480K), 0.0365520 secs]
39.329: [GC 2278810K->422894K(2361536K), 0.0445730 secs]
40.125: [GC 2282756K->422257K(2345408K), 0.0352350 secs]
40.926: [GC 2281589K->424428K(2360640K), 0.0457380 secs]
41.788: [GC 2283818K->434091K(2359808K), 0.0428250 secs]
42.637: [GC 2293686K->437451K(2361792K), 0.0412650 secs]
43.501: [GC 2299452K->448065K(2362368K), 0.0425100 secs]
44.360: [GC 2310081K->443580K(2355328K), 0.0545870 secs]
45.155: [GC 2298556K->453949K(2355712K), 0.0495350 secs]
45.925: [GC 2308271K->454136K(2351744K), 0.0407740 secs]
46.695: [GC 2297290K->456633K(2344064K), 0.0470520 secs]
47.443: [GC 2301497K->457791K(2351360K), 0.0520460 secs]
48.227: [GC 2298815K->464769K(2343552K), 0.0498330 secs]
48.989: [GC 2305075K->465585K(2349952K), 0.0497790 secs]
49.686: [GC 2302123K->477986K(2344128K), 0.0580120 secs]
50.455: [GC 2315042K->475358K(2346624K), 0.0525340 secs]
51.181: [GC 2306142K->473373K(2325696K), 0.0520590 secs]
51.918: [GC 2303212K->487477K(2343104K), 0.0484360 secs]
52.696: [GC 2315448K->485453K(2344960K), 0.0473040 secs]
53.445: [GC 2313108K->488155K(2342464K), 0.0503300 secs]
54.189: [GC 2319498K->491936K(2345024K), 0.0494390 secs]
54.238: [Full GC 491936K->237248K(2384768K), 0.7427940 secs]
55.684: [GC 2068928K->249112K(2369472K), 0.0120600 secs]
56.392: [GC 2065244K->261232K(2295232K), 0.0172520 secs]
57.155: [GC 2077988K->266522K(2369024K), 0.0198260 secs]
57.938: [GC 2067410K->274978K(2371776K), 0.0248470 secs]
58.746: [GC 2074411K->282479K(2367424K), 0.0234720 secs]
59.540: [GC 2083180K->292256K(2369664K), 0.0312170 secs]
60.397: [GC 2093728K->291622K(2368384K), 0.0334240 secs]
61.205: [GC 2100314K->296422K(2370240K), 0.0496120 secs]
62.055: [GC 2106406K->294995K(2376896K), 0.0343420 secs]
62.885: [GC 2120323K->296765K(2378176K), 0.0381840 secs]
