0.530: [GC 95424K->59885K(365760K), 0.0924750 secs]
0.703: [GC 155309K->119809K(461184K), 0.0828570 secs]
1.229: [GC 310447K->165259K(461184K), 0.0689450 secs]
1.723: [GC 354924K->166975K(652032K), 0.0977110 secs]
2.736: [GC 547685K->175857K(652032K), 0.0191140 secs]
3.808: [GC 556909K->181473K(1107776K), 0.0148220 secs]
6.268: [GC 944645K->190662K(1108224K), 0.0160660 secs]
8.508: [GC 952167K->198324K(1862272K), 0.0222170 secs]
13.036: [GC 1725108K->216418K(1865472K), 0.0562610 secs]
17.524: [GC 1743202K->230584K(2198464K), 0.0273370 secs]
23.479: [GC 2100385K->245465K(2202048K), 0.0278090 secs]
23.507: [Full GC 245465K->173153K(2312192K), 0.5659720 secs]
29.546: [GC 2043937K->199712K(2319168K), 0.0266560 secs]
35.287: [GC 2083104K->216485K(2321984K), 0.0522550 secs]
41.151: [GC 2098786K->234107K(2321280K), 0.0217480 secs]
47.107: [GC 2123067K->254156K(2324416K), 0.0246830 secs]
53.109: [GC 2143116K->275203K(2313408K), 0.0301500 secs]
58.934: [GC 2152707K->292017K(2321216K), 0.0745850 secs]
