0.540: [GC 95424K->59874K(365760K), 0.0895350 secs]
0.717: [GC 155298K->119802K(461184K), 0.0632080 secs]
1.217: [GC 310402K->164280K(461184K), 0.0599500 secs]
1.713: [GC 355128K->166906K(652032K), 0.0229620 secs]
2.595: [GC 548602K->175495K(652032K), 0.0551080 secs]
3.569: [GC 555260K->181690K(1107328K), 0.0388600 secs]
5.381: [GC 945082K->189267K(1107968K), 0.0250440 secs]
7.156: [GC 952659K->196165K(1862912K), 0.0141220 secs]
10.790: [GC 1722949K->211184K(1865856K), 0.0336320 secs]
14.080: [GC 1736378K->225562K(2199680K), 0.0177010 secs]
18.486: [GC 2095200K->239461K(2201792K), 0.0362590 secs]
18.522: [Full GC 239461K->176178K(2319488K), 0.4847320 secs]
23.175: [GC 2047282K->201598K(2327296K), 0.0212520 secs]
27.686: [GC 2085758K->219059K(2329920K), 0.0193190 secs]
32.056: [GC 2103219K->236213K(2332032K), 0.0194360 secs]
36.375: [GC 2126645K->254030K(2323456K), 0.0234550 secs]
40.809: [GC 2144462K->270865K(2309952K), 0.0278320 secs]
45.131: [GC 2130183K->280810K(2296320K), 0.0681790 secs]
49.608: [GC 2142058K->298026K(2300416K), 0.0288310 secs]
54.156: [GC 2135978K->312027K(2304192K), 0.0310460 secs]
58.611: [GC 2148647K->319520K(2265280K), 0.0293670 secs]
