1.177: [GC 94867K->30493K(365760K), 0.0585140 secs]
1.398: [GC 125917K->63434K(461184K), 0.0604260 secs]
1.774: [GC 254282K->134009K(461184K), 0.1106670 secs]
2.183: [GC 324857K->196604K(652032K), 0.1613570 secs]
2.345: [Full GC 196604K->196578K(821888K), 0.5755900 secs]
3.578: [GC 578274K->228382K(821888K), 0.0276130 secs]
3.869: [GC 609558K->231384K(1053888K), 0.0120370 secs]
4.252: [GC 775000K->234145K(1072704K), 0.0132370 secs]
4.657: [GC 777761K->238106K(1277056K), 0.0865390 secs]
5.411: [GC 987674K->245823K(1273984K), 0.0197790 secs]
6.179: [GC 995391K->253024K(1377344K), 0.0221130 secs]
7.095: [GC 1140768K->260006K(1402560K), 0.0233090 secs]
7.975: [GC 1147750K->269768K(1538496K), 0.0589400 secs]
9.111: [GC 1297032K->277340K(1540288K), 0.0928640 secs]
10.229: [GC 1304604K->286337K(1688768K), 0.0381770 secs]
11.589: [GC 1463169K->292917K(1698816K), 0.0395200 secs]
13.004: [GC 1468685K->298682K(1849152K), 0.0535090 secs]
14.575: [GC 1619002K->307011K(1856576K), 0.0454230 secs]
16.185: [GC 1627331K->316966K(1952896K), 0.0498790 secs]
17.926: [GC 1724774K->325623K(1963456K), 0.0703370 secs]
19.604: [GC 1733431K->334009K(2063424K), 0.0590200 secs]
20.889: [GC 1830265K->339370K(2072000K), 0.0509730 secs]
22.150: [GC 1835626K->346404K(2172096K), 0.0600010 secs]
23.487: [GC 1934436K->348918K(2180544K), 0.0980540 secs]
24.883: [GC 1936950K->351987K(2275456K), 0.0955270 secs]
26.409: [GC 2028147K->360419K(2227904K), 0.0673120 secs]
27.925: [GC 2036579K->365036K(2268160K), 0.0568410 secs]
29.316: [GC 2024172K->368634K(2210880K), 0.0640450 secs]
30.923: [GC 2027031K->364820K(2271616K), 0.0758180 secs]
32.500: [GC 2021716K->368450K(2199424K), 0.0742370 secs]
33.944: [GC 2025346K->374169K(2269184K), 0.0644850 secs]
35.375: [GC 2033241K->381382K(2267008K), 0.0587390 secs]
36.828: [GC 2040454K->386447K(2274432K), 0.0655010 secs]
38.297: [GC 2054607K->393251K(2272576K), 0.0679730 secs]
39.749: [GC 2061411K->399784K(2278336K), 0.0673830 secs]
41.335: [GC 2075048K->409258K(2277056K), 0.0692980 secs]
43.270: [GC 2084522K->412195K(2281664K), 0.0698740 secs]
45.251: [GC 2092323K->419351K(2281024K), 0.0714530 secs]
47.240: [GC 2099479K->424138K(2281216K), 0.0721780 secs]
49.410: [GC 2103882K->431206K(2242560K), 0.0745800 secs]
51.571: [GC 2110950K->439040K(2276352K), 0.0766060 secs]
53.679: [GC 2111616K->445167K(2242752K), 0.0759990 secs]
55.277: [GC 2117743K->449503K(2271168K), 0.0756190 secs]
56.689: [GC 2112095K->450566K(2233664K), 0.0775250 secs]
57.985: [GC 2113158K->451930K(2273024K), 0.0761780 secs]
59.097: [GC 2112730K->454226K(2226432K), 0.0744990 secs]
60.227: [GC 2115026K->457140K(2272384K), 0.0735370 secs]
61.450: [GC 2119860K->456319K(2270464K), 0.0718770 secs]
62.740: [GC 2119039K->462445K(2273216K), 0.0719110 secs]
