0.541: [GC 95424K->59877K(365760K), 0.0722030 secs]
0.701: [GC 155301K->119317K(461184K), 0.1301110 secs]
1.262: [GC 308253K->165105K(461184K), 0.0426160 secs]
1.631: [GC 355953K->169236K(652032K), 0.0173830 secs]
2.391: [GC 549820K->173300K(652032K), 0.0808330 secs]
3.386: [GC 553910K->177004K(1108736K), 0.0113320 secs]
5.180: [GC 939878K->188103K(1108992K), 0.0149210 secs]
6.720: [GC 950540K->198086K(1861184K), 0.0535090 secs]
10.105: [GC 1723740K->213228K(1865088K), 0.0265980 secs]
13.179: [GC 1738609K->225607K(2198336K), 0.0218450 secs]
17.474: [GC 2096425K->245339K(2202560K), 0.0303140 secs]
17.504: [Full GC 245339K->173502K(2314112K), 0.4754380 secs]
22.026: [GC 2043113K->209532K(2316992K), 0.0600230 secs]
26.000: [GC 2092991K->231935K(2322112K), 0.0571460 secs]
30.098: [GC 2116095K->255756K(2322048K), 0.0245330 secs]
34.160: [GC 2149531K->274982K(2327296K), 0.0196350 secs]
38.382: [GC 2169753K->287900K(2315456K), 0.0215580 secs]
42.632: [GC 2167281K->304076K(2301824K), 0.0303400 secs]
46.649: [GC 2182624K->314902K(2312512K), 0.0200430 secs]
50.803: [GC 2181711K->333770K(2317376K), 0.0253680 secs]
54.928: [GC 2200287K->343899K(2293312K), 0.0327070 secs]
59.142: [GC 2186843K->359911K(2291264K), 0.0242490 secs]
