0.526: [GC 95424K->59882K(365760K), 0.0904100 secs]
0.698: [GC 155306K->119814K(461184K), 0.1234870 secs]
1.149: [GC 310662K->165811K(461184K), 0.0927380 secs]
1.460: [GC 355386K->169918K(652032K), 0.0334430 secs]
2.006: [GC 549786K->174436K(652032K), 0.0183260 secs]
2.606: [GC 555492K->180488K(1107968K), 0.0664130 secs]
3.842: [GC 942490K->191954K(1108800K), 0.0639150 secs]
4.988: [GC 954647K->199365K(1861056K), 0.0151570 secs]
7.330: [GC 1724676K->219409K(1864704K), 0.0448190 secs]
9.484: [GC 1745106K->233773K(2201152K), 0.0366870 secs]
12.199: [GC 2104877K->250840K(2204608K), 0.0303400 secs]
12.229: [Full GC 250840K->178040K(2328192K), 0.5805440 secs]
15.394: [GC 2048676K->208306K(2329216K), 0.0162060 secs]
18.138: [GC 2087602K->230131K(2332800K), 0.0635850 secs]
20.928: [GC 2109164K->247043K(2336704K), 0.0216200 secs]
23.633: [GC 2132738K->260560K(2326336K), 0.0238890 secs]
26.341: [GC 2145662K->273931K(2318656K), 0.0249480 secs]
29.076: [GC 2135325K->285678K(2327168K), 0.0732320 secs]
31.839: [GC 2147752K->297356K(2278400K), 0.0449960 secs]
34.458: [GC 2110973K->317653K(2280768K), 0.0390060 secs]
37.015: [GC 2130546K->329851K(2275392K), 0.0313190 secs]
39.559: [GC 2107863K->337026K(2265600K), 0.0344380 secs]
42.079: [GC 2116226K->349288K(2249408K), 0.0670410 secs]
44.618: [GC 2081482K->357054K(2239040K), 0.0378980 secs]
47.040: [GC 2087936K->363089K(2224640K), 0.0386670 secs]
49.373: [GC 2044931K->364908K(2196480K), 0.0869350 secs]
51.866: [GC 2046725K->372902K(2205248K), 0.0431710 secs]
54.157: [GC 2012555K->374772K(2164352K), 0.0453500 secs]
56.424: [GC 2014369K->376211K(2192960K), 0.0499900 secs]
58.649: [GC 1983991K->382833K(2140544K), 0.0437720 secs]
60.879: [GC 1990568K->384239K(2182272K), 0.0925830 secs]
