1.162: [GC 95424K->31578K(365760K), 0.0630900 secs]
1.387: [GC 127002K->65263K(461184K), 0.0650950 secs]
1.768: [GC 256111K->135802K(461184K), 0.1440380 secs]
2.211: [GC 326650K->198385K(652032K), 0.1787650 secs]
2.390: [Full GC 198385K->198365K(819712K), 0.5527750 secs]
3.609: [GC 580061K->231073K(819712K), 0.0345990 secs]
3.849: [GC 612769K->237350K(1070464K), 0.0153130 secs]
4.179: [GC 796466K->242537K(1086912K), 0.0117760 secs]
4.460: [GC 802939K->252690K(1270976K), 0.0186190 secs]
4.828: [GC 1026886K->261634K(1294208K), 0.0191150 secs]
5.174: [GC 1036866K->270893K(1431424K), 0.0242170 secs]
5.609: [GC 1199213K->275188K(1440896K), 0.0481170 secs]
6.047: [GC 1203506K->282350K(1625920K), 0.0370450 secs]
6.569: [GC 1395182K->290931K(1628608K), 0.0260790 secs]
7.105: [GC 1402029K->303191K(1822656K), 0.0264920 secs]
7.762: [GC 1603031K->304477K(1831104K), 0.0288010 secs]
8.424: [GC 1605565K->315314K(2030912K), 0.0311440 secs]
9.203: [GC 1808068K->323755K(2040448K), 0.0341170 secs]
9.981: [GC 1818155K->328684K(2179968K), 0.0342950 secs]
10.824: [GC 1952044K->341392K(2190144K), 0.0370270 secs]
11.630: [GC 1963292K->349728K(2280384K), 0.0418890 secs]
12.533: [GC 2050314K->357881K(2256896K), 0.0380130 secs]
13.464: [GC 2058873K->366170K(2259136K), 0.0386250 secs]
14.372: [GC 2025434K->376174K(2229056K), 0.0402540 secs]
15.276: [GC 2035438K->379733K(2242496K), 0.0407960 secs]
16.182: [GC 1999527K->387064K(2196992K), 0.0409910 secs]
17.060: [GC 2008481K->389585K(2230912K), 0.0415290 secs]
17.928: [GC 1982953K->389417K(2166912K), 0.0394310 secs]
18.819: [GC 1983017K->394119K(2229312K), 0.0419040 secs]
19.691: [GC 1976967K->405747K(2164992K), 0.0426220 secs]
20.537: [GC 1988591K->413699K(2219008K), 0.0439630 secs]
21.412: [GC 1979313K->416689K(2150848K), 0.0448660 secs]
22.264: [GC 1981368K->417983K(2221824K), 0.0437350 secs]
23.117: [GC 1980801K->423414K(2145984K), 0.0428240 secs]
23.981: [GC 1985890K->427164K(2222720K), 0.0441940 secs]
24.876: [GC 1990912K->424510K(2136000K), 0.0429470 secs]
25.757: [GC 1988239K->433235K(2220544K), 0.0412940 secs]
26.643: [GC 2002024K->434210K(2216384K), 0.0419600 secs]
27.554: [GC 2003074K->435233K(2226560K), 0.0413540 secs]
28.438: [GC 2025018K->440894K(2224192K), 0.0400160 secs]
29.302: [GC 2032223K->446143K(2241472K), 0.0403150 secs]
30.206: [GC 2062705K->449271K(2238592K), 0.0411830 secs]
31.136: [GC 2065763K->451308K(2255360K), 0.0399520 secs]
31.956: [GC 2092588K->457076K(2251392K), 0.0406500 secs]
32.819: [GC 2097963K->465671K(2264768K), 0.0394510 secs]
33.739: [GC 2123812K->462768K(2261696K), 0.0396380 secs]
34.646: [GC 2121066K->474611K(2272704K), 0.0412630 secs]
35.580: [GC 2146029K->478003K(2270912K), 0.0399530 secs]
36.513: [GC 2149736K->478683K(2279616K), 0.0411660 secs]
37.429: [GC 2163072K->481857K(2278912K), 0.0405660 secs]
38.394: [GC 2166170K->481483K(2284352K), 0.0393440 secs]
39.319: [GC 2175051K->488223K(2282752K), 0.0408860 secs]
40.261: [GC 2180907K->498202K(2287424K), 0.0419160 secs]
41.160: [GC 2198874K->499811K(2286784K), 0.0421420 secs]
42.110: [GC 2198890K->505110K(2291776K), 0.0423010 secs]
43.060: [GC 2211940K->505383K(2291456K), 0.0418730 secs]
43.989: [GC 2210943K->516805K(2293440K), 0.0438810 secs]
44.950: [GC 2225871K->523934K(2287488K), 0.0421180 secs]
45.902: [GC 2234270K->525342K(2292992K), 0.0418780 secs]
46.847: [GC 2231017K->525251K(2274688K), 0.0420530 secs]
47.782: [GC 2230475K->528953K(2292608K), 0.0407600 secs]
48.743: [GC 2234942K->538485K(2291584K), 0.0430920 secs]
49.695: [GC 2246069K->541152K(2294272K), 0.0427180 secs]
50.635: [GC 2250262K->542094K(2283520K), 0.0421330 secs]
51.606: [GC 2251619K->548116K(2292032K), 0.0428610 secs]
52.584: [GC 2254625K->550905K(2283456K), 0.0437240 secs]
53.573: [GC 2255932K->561984K(2287744K), 0.0463030 secs]
54.521: [GC 2260822K->555780K(2290240K), 0.0421780 secs]
55.490: [GC 2256260K->561092K(2286144K), 0.0428420 secs]
56.452: [GC 2262884K->571245K(2288640K), 0.0437380 secs]
56.496: [Full GC 571245K->216602K(2320960K), 0.7206960 secs]
58.123: [GC 1917399K->241776K(2285888K), 0.0123990 secs]
59.035: [GC 1907919K->250172K(2155008K), 0.0703300 secs]
59.940: [GC 1915868K->263893K(2279360K), 0.0205760 secs]
60.780: [GC 1891285K->279397K(2144704K), 0.0236580 secs]
61.618: [GC 1905868K->292453K(2287552K), 0.0266520 secs]
62.474: [GC 1920024K->305279K(2170944K), 0.0311190 secs]
