0.528: [GC 95424K->59889K(365760K), 0.0843900 secs]
0.694: [GC 155313K->119821K(461184K), 0.0732710 secs]
1.394: [GC 310116K->169435K(461184K), 0.0364050 secs]
2.242: [GC 359502K->171483K(652032K), 0.0100420 secs]
3.660: [GC 552346K->172600K(652032K), 0.0101440 secs]
5.229: [GC 553832K->175179K(1110336K), 0.0080760 secs]
8.529: [GC 937324K->179752K(1110720K), 0.0109700 secs]
11.816: [GC 942816K->185984K(1868096K), 0.0090880 secs]
18.322: [GC 1711626K->195836K(1870272K), 0.0095430 secs]
24.214: [GC 1721155K->203771K(2196864K), 0.0111110 secs]
31.434: [GC 2063443K->216381K(2198208K), 0.0136580 secs]
31.448: [Full GC 216381K->178515K(2317568K), 0.5930810 secs]
39.343: [GC 2038082K->196706K(2323840K), 0.0068460 secs]
46.964: [GC 2069130K->205911K(2325056K), 0.0110160 secs]
54.556: [GC 2079030K->217608K(2323968K), 0.0097030 secs]
