0.536: [GC 95424K->60492K(365760K), 0.1074510 secs]
0.732: [GC 155916K->122697K(461184K), 0.0692620 secs]
1.268: [GC 313133K->168290K(461184K), 0.0641330 secs]
1.779: [GC 357815K->170013K(652032K), 0.0254420 secs]
2.586: [GC 551244K->172322K(652032K), 0.0114600 secs]
3.460: [GC 553760K->175363K(1111424K), 0.0106720 secs]
5.064: [GC 938755K->178882K(1112192K), 0.0115680 secs]
6.677: [GC 942274K->183840K(1869760K), 0.0089890 secs]
10.092: [GC 1710624K->191032K(1871744K), 0.0102750 secs]
13.162: [GC 1717816K->200712K(2194112K), 0.0123940 secs]
16.856: [GC 2058226K->212757K(2196352K), 0.0158000 secs]
16.872: [Full GC 212757K->176564K(2329600K), 0.7467140 secs]
21.139: [GC 2034356K->193758K(2334784K), 0.0086990 secs]
24.866: [GC 2063710K->201499K(2336960K), 0.0116690 secs]
28.742: [GC 2070440K->211515K(2340352K), 0.0147180 secs]
32.361: [GC 2092539K->218343K(2341376K), 0.0178620 secs]
36.200: [GC 2098520K->228309K(2344128K), 0.0222070 secs]
40.147: [GC 2112085K->236007K(2330944K), 0.0255370 secs]
44.094: [GC 2117900K->241100K(2330176K), 0.0272610 secs]
47.914: [GC 2101480K->243585K(2316032K), 0.0267550 secs]
51.798: [GC 2103250K->253324K(2315072K), 0.0303710 secs]
55.739: [GC 2087414K->259334K(2305152K), 0.0326300 secs]
59.605: [GC 2093958K->264657K(2297664K), 0.0352770 secs]
