1.165: [GC 95424K->31572K(365760K), 0.0702970 secs]
1.391: [GC 126996K->64040K(461184K), 0.0804300 secs]
1.772: [GC 254888K->131751K(461184K), 0.0695920 secs]
2.127: [GC 322599K->194370K(652032K), 0.1210660 secs]
2.248: [Full GC 194370K->194334K(819072K), 0.5655420 secs]
3.359: [GC 576030K->224674K(819072K), 0.0311690 secs]
3.644: [GC 606370K->232213K(1054528K), 0.0226280 secs]
3.883: [GC 776661K->234025K(1067968K), 0.0188910 secs]
4.077: [GC 778473K->238902K(1284992K), 0.0582520 secs]
4.414: [GC 1000963K->240523K(1281664K), 0.0181640 secs]
4.664: [GC 1004043K->239814K(1428480K), 0.0174170 secs]
4.983: [GC 1173958K->245221K(1445760K), 0.0204220 secs]
5.316: [GC 1179365K->249082K(1602368K), 0.0227700 secs]
5.718: [GC 1364154K->255279K(1618368K), 0.0427840 secs]
6.204: [GC 1369341K->260440K(1823360K), 0.0403810 secs]
6.816: [GC 1586769K->262511K(1828736K), 0.0299710 secs]
7.397: [GC 1590127K->266429K(2035584K), 0.0319230 secs]
8.107: [GC 1811645K->274573K(2048320K), 0.0350970 secs]
8.957: [GC 1819789K->284038K(2203584K), 0.0703070 secs]
9.907: [GC 1979483K->297549K(2210112K), 0.1105080 secs]
10.800: [GC 1993834K->299112K(2345472K), 0.0615610 secs]
11.744: [GC 2120808K->309467K(2329344K), 0.0905900 secs]
12.694: [GC 2131079K->315650K(2331200K), 0.0374440 secs]
13.556: [GC 2112386K->326616K(2318400K), 0.0459550 secs]
14.445: [GC 2123352K->328412K(2315840K), 0.0506300 secs]
15.307: [GC 2093858K->330503K(2291328K), 0.0510140 secs]
16.142: [GC 2097159K->334236K(2307456K), 0.0500390 secs]
16.756: [GC 2079772K->335045K(2267648K), 0.0525510 secs]
17.408: [GC 2080581K->346176K(2300544K), 0.0524130 secs]
18.105: [GC 2078016K->344465K(2260736K), 0.0526560 secs]
18.769: [GC 2076305K->348876K(2298624K), 0.0536470 secs]
19.469: [GC 2071628K->355408K(2257472K), 0.0531690 secs]
20.148: [GC 2078016K->362587K(2292416K), 0.0584280 secs]
20.837: [GC 2074203K->367741K(2246912K), 0.0559220 secs]
21.517: [GC 2078801K->378339K(2290176K), 0.0610410 secs]
22.226: [GC 2082735K->378866K(2292160K), 0.0564000 secs]
22.957: [GC 2084466K->381429K(2287616K), 0.0588400 secs]
23.655: [GC 2086909K->386376K(2290048K), 0.0576870 secs]
24.390: [GC 2092296K->389471K(2287360K), 0.0542250 secs]
25.134: [GC 2101791K->396409K(2291264K), 0.0565070 secs]
25.895: [GC 2108729K->401193K(2294080K), 0.0562010 secs]
26.740: [GC 2123289K->412350K(2297792K), 0.0597430 secs]
27.643: [GC 2135358K->411771K(2301440K), 0.0581110 secs]
28.580: [GC 2139362K->417364K(2302464K), 0.0962610 secs]
29.528: [GC 2146068K->421273K(2302528K), 0.1214160 secs]
30.470: [GC 2153497K->424623K(2303744K), 0.0917250 secs]
31.209: [GC 2155958K->429756K(2305088K), 0.0556120 secs]
31.793: [GC 2166460K->432133K(2306240K), 0.0638100 secs]
32.403: [GC 2168837K->437939K(2307712K), 0.0934590 secs]
33.019: [GC 2179827K->439397K(2307904K), 0.0550930 secs]
33.573: [GC 2179912K->444753K(2310912K), 0.0841210 secs]
34.179: [GC 2193425K->439089K(2310528K), 0.0484340 secs]
34.798: [GC 2187761K->443502K(2315648K), 0.0864770 secs]
35.438: [GC 2199342K->448519K(2315072K), 0.0815610 secs]
36.043: [GC 2202793K->451551K(2318144K), 0.0814340 secs]
36.716: [GC 2212575K->455530K(2317120K), 0.0461720 secs]
37.395: [GC 2216554K->463287K(2321088K), 0.0423200 secs]
38.024: [GC 2230327K->466270K(2320320K), 0.0406440 secs]
38.622: [GC 2232641K->468927K(2324352K), 0.0460730 secs]
39.217: [GC 2241087K->471647K(2323584K), 0.0616760 secs]
39.833: [GC 2243807K->475157K(2326400K), 0.0423740 secs]
40.438: [GC 2250517K->480980K(2326144K), 0.0539160 secs]
41.115: [GC 2256340K->487565K(2325632K), 0.0398340 secs]
41.778: [GC 2265229K->486850K(2326400K), 0.0458240 secs]
42.569: [GC 2264514K->495606K(2326336K), 0.0534150 secs]
43.371: [GC 2277430K->505878K(2328256K), 0.0554200 secs]
44.148: [GC 2287702K->508032K(2329472K), 0.0564940 secs]
44.906: [GC 2295808K->509915K(2330880K), 0.0578930 secs]
45.658: [GC 2296449K->515115K(2332672K), 0.0694960 secs]
45.728: [Full GC 515115K->213155K(2355840K), 0.7247060 secs]
47.140: [GC 2007971K->227884K(2254272K), 0.0124300 secs]
47.830: [GC 2022700K->239001K(2336896K), 0.0168320 secs]
48.459: [GC 2001561K->246507K(2240640K), 0.0551810 secs]
49.139: [GC 2008868K->258489K(2341056K), 0.0515720 secs]
49.842: [GC 2013589K->265030K(2253184K), 0.0301450 secs]
50.582: [GC 2021638K->271806K(2342080K), 0.0323260 secs]
51.318: [GC 2030825K->285652K(2277760K), 0.0387930 secs]
52.119: [GC 2046228K->298859K(2338112K), 0.0448480 secs]
52.957: [GC 2065195K->305243K(2337792K), 0.0479980 secs]
53.785: [GC 2071579K->312527K(2344448K), 0.0553030 secs]
54.638: [GC 2083133K->318312K(2321152K), 0.0579520 secs]
55.494: [GC 2089576K->333474K(2324928K), 0.0639470 secs]
56.379: [GC 2076706K->333103K(2307904K), 0.0659080 secs]
57.241: [GC 2076335K->340456K(2310848K), 0.0684130 secs]
58.099: [GC 2053352K->345416K(2289856K), 0.0706530 secs]
58.930: [GC 2057207K->346441K(2299904K), 0.0707030 secs]
59.738: [GC 2032201K->350294K(2261248K), 0.0703100 secs]
60.561: [GC 2036054K->355571K(2294656K), 0.0694900 secs]
61.374: [GC 2026470K->365373K(2253248K), 0.0728360 secs]
62.214: [GC 2036285K->366357K(2289536K), 0.0733770 secs]
63.042: [GC 2023386K->369384K(2236096K), 0.0720110 secs]
