0.537: [GC 95424K->60496K(365760K), 0.1221710 secs]
0.746: [GC 155920K->121461K(461184K), 0.1036920 secs]
1.330: [GC 310607K->165429K(461184K), 0.0561930 secs]
1.722: [GC 355304K->168402K(652032K), 0.0144820 secs]
2.590: [GC 550098K->174604K(652032K), 0.0338440 secs]
3.497: [GC 556300K->181836K(1107968K), 0.0126060 secs]
5.370: [GC 944031K->191668K(1109184K), 0.0321010 secs]
7.143: [GC 953390K->196461K(1862464K), 0.0173430 secs]
10.822: [GC 1723245K->217322K(1865664K), 0.0312540 secs]
14.197: [GC 1744106K->231527K(2202176K), 0.0292890 secs]
18.538: [GC 2100676K->249910K(2204032K), 0.0345700 secs]
18.573: [Full GC 249910K->176553K(2332224K), 0.7103820 secs]
23.478: [GC 2044737K->198304K(2337728K), 0.0217830 secs]
27.783: [GC 2075189K->217789K(2338176K), 0.0251650 secs]
32.136: [GC 2095164K->234289K(2335424K), 0.0324850 secs]
36.387: [GC 2111629K->246911K(2331648K), 0.0462030 secs]
40.780: [GC 2125346K->260702K(2311808K), 0.0512860 secs]
44.870: [GC 2103486K->266092K(2316480K), 0.0522480 secs]
48.904: [GC 2108854K->275618K(2283456K), 0.0602020 secs]
52.965: [GC 2074066K->282155K(2287232K), 0.0632520 secs]
57.140: [GC 2081067K->289026K(2264064K), 0.0671950 secs]
