0.535: [GC 95424K->59882K(365760K), 0.0976610 secs]
0.715: [GC 155306K->119786K(461184K), 0.0926760 secs]
1.174: [GC 308753K->166590K(461184K), 0.0960110 secs]
1.524: [GC 355743K->169307K(652032K), 0.0599870 secs]
2.166: [GC 550894K->176627K(652032K), 0.0124070 secs]
2.776: [GC 557626K->182828K(1107904K), 0.0089440 secs]
4.043: [GC 946220K->194107K(1108480K), 0.0404350 secs]
5.187: [GC 957499K->202795K(1860288K), 0.0148870 secs]
7.624: [GC 1728438K->217383K(1864256K), 0.0165710 secs]
9.846: [GC 1744167K->230306K(2199104K), 0.0195890 secs]
12.771: [GC 2102482K->241977K(2203392K), 0.0204980 secs]
12.792: [Full GC 241977K->176751K(2323648K), 0.4863960 secs]
16.129: [GC 2049291K->205003K(2330816K), 0.0126660 secs]
18.957: [GC 2088373K->228740K(2333120K), 0.0216060 secs]
21.842: [GC 2113061K->248676K(2334400K), 0.0198720 secs]
24.756: [GC 2135935K->264756K(2332736K), 0.0229650 secs]
27.823: [GC 2151694K->276523K(2305728K), 0.0258000 secs]
30.610: [GC 2128164K->292897K(2296320K), 0.0323680 secs]
33.268: [GC 2146141K->305618K(2300928K), 0.0273260 secs]
36.080: [GC 2137042K->318313K(2299904K), 0.0283470 secs]
38.880: [GC 2148432K->328052K(2272000K), 0.0407960 secs]
41.526: [GC 2114255K->333109K(2270016K), 0.0311330 secs]
44.172: [GC 2118030K->339461K(2252160K), 0.0372930 secs]
46.747: [GC 2079732K->343727K(2235584K), 0.0486690 secs]
49.394: [GC 2084267K->351799K(2231104K), 0.0336930 secs]
51.899: [GC 2050107K->355624K(2204864K), 0.0354450 secs]
54.446: [GC 2053768K->362303K(2212224K), 0.0366970 secs]
56.858: [GC 2021495K->363577K(2172992K), 0.0373740 secs]
59.330: [GC 2022735K->362027K(2203328K), 0.0366490 secs]
