1.163: [GC 94788K->30509K(365760K), 0.1004360 secs]
1.424: [GC 125933K->63162K(461184K), 0.0807250 secs]
1.803: [GC 254010K->130889K(461184K), 0.1067120 secs]
2.193: [GC 321737K->193468K(652032K), 0.1158970 secs]
2.309: [Full GC 193468K->193433K(815936K), 0.5609610 secs]
3.540: [GC 575129K->228212K(815936K), 0.0282970 secs]
3.842: [GC 609350K->239741K(1053056K), 0.0193840 secs]
4.156: [GC 790748K->246810K(1070400K), 0.0233500 secs]
4.429: [GC 798234K->259461K(1253824K), 0.0222970 secs]
4.749: [GC 1022789K->264224K(1273280K), 0.0281080 secs]
5.096: [GC 1025857K->267618K(1421120K), 0.0296340 secs]
5.510: [GC 1190277K->274880K(1429440K), 0.0286730 secs]
5.961: [GC 1199168K->281822K(1599936K), 0.0294360 secs]
6.498: [GC 1377584K->286089K(1606976K), 0.0328350 secs]
7.047: [GC 1381657K->294076K(1798400K), 0.0367280 secs]
7.722: [GC 1577094K->299144K(1804352K), 0.0379150 secs]
8.452: [GC 1583555K->304873K(2010112K), 0.0408330 secs]
9.219: [GC 1788969K->309476K(2017344K), 0.0432020 secs]
10.025: [GC 1791837K->316630K(2164608K), 0.0467820 secs]
10.885: [GC 1940249K->326712K(2172928K), 0.0497330 secs]
11.712: [GC 1948944K->334337K(2298304K), 0.0589560 secs]
12.615: [GC 2072068K->347573K(2280768K), 0.0524460 secs]
13.523: [GC 2085225K->358164K(2277184K), 0.0542630 secs]
14.417: [GC 2058358K->357527K(2244288K), 0.0524130 secs]
15.333: [GC 2058647K->359962K(2273152K), 0.0538110 secs]
16.238: [GC 2040519K->372062K(2234048K), 0.0571430 secs]
17.168: [GC 2052510K->370324K(2265088K), 0.0559610 secs]
18.040: [GC 2033588K->380152K(2216256K), 0.0586610 secs]
18.940: [GC 2043585K->393465K(2253568K), 0.0610240 secs]
19.914: [GC 2038421K->397575K(2207424K), 0.0621190 secs]
20.835: [GC 2042502K->402428K(2246912K), 0.0647170 secs]
21.782: [GC 2031341K->405284K(2193472K), 0.0631860 secs]
22.660: [GC 2032648K->413359K(2241344K), 0.0631290 secs]
23.556: [GC 2030639K->415836K(2184832K), 0.0671070 secs]
24.465: [GC 2033116K->415449K(2244608K), 0.0654020 secs]
25.408: [GC 2031082K->419786K(2177728K), 0.0642350 secs]
26.338: [GC 2033602K->422426K(2244416K), 0.0631480 secs]
27.304: [GC 2039649K->425811K(2241536K), 0.0667800 secs]
28.229: [GC 2042763K->439669K(2242496K), 0.0656160 secs]
29.162: [GC 2062508K->432177K(2243264K), 0.0634270 secs]
30.031: [GC 2054763K->432599K(2242944K), 0.0630380 secs]
30.914: [GC 2067062K->438469K(2245888K), 0.0597670 secs]
31.777: [GC 2073396K->445354K(2257536K), 0.0629290 secs]
32.733: [GC 2102245K->453811K(2258816K), 0.0635940 secs]
33.663: [GC 2110912K->452935K(2263808K), 0.0815490 secs]
34.582: [GC 2125895K->462850K(2267264K), 0.0595980 secs]
35.493: [GC 2134039K->464516K(2270848K), 0.0643540 secs]
36.415: [GC 2150532K->471054K(2275136K), 0.0698770 secs]
37.385: [GC 2157070K->474175K(2277376K), 0.0639470 secs]
38.349: [GC 2169439K->478424K(2281216K), 0.0621280 secs]
39.295: [GC 2174360K->481035K(2280832K), 0.0618200 secs]
40.224: [GC 2185803K->484245K(2284480K), 0.0623860 secs]
41.195: [GC 2188659K->489605K(2288192K), 0.0615990 secs]
42.108: [GC 2204739K->490799K(2291136K), 0.0609060 secs]
43.044: [GC 2204979K->496788K(2291776K), 0.0657300 secs]
44.005: [GC 2217642K->499444K(2294784K), 0.0600100 secs]
44.972: [GC 2221510K->507622K(2298752K), 0.0637950 secs]
45.919: [GC 2235751K->515946K(2300224K), 0.0627630 secs]
46.898: [GC 2245475K->520271K(2299840K), 0.0627020 secs]
47.872: [GC 2247081K->520067K(2284864K), 0.0621460 secs]
48.884: [GC 2248198K->527675K(2299328K), 0.0636240 secs]
49.904: [GC 2254819K->523443K(2299456K), 0.0620390 secs]
50.901: [GC 2250910K->533891K(2300992K), 0.0623800 secs]
51.934: [GC 2263570K->540313K(2300928K), 0.0635560 secs]
52.950: [GC 2269820K->540658K(2301312K), 0.0623260 secs]
53.909: [GC 2272189K->542943K(2301696K), 0.0637420 secs]
54.941: [GC 2273813K->551405K(2301760K), 0.0657360 secs]
55.928: [GC 2283475K->558372K(2302080K), 0.0639140 secs]
55.992: [Full GC 558372K->213316K(2327488K), 0.6991140 secs]
57.629: [GC 1945856K->235797K(2290048K), 0.0174390 secs]
58.544: [GC 1929657K->243810K(2168768K), 0.0174500 secs]
59.425: [GC 1937495K->258807K(2284544K), 0.0326390 secs]
60.299: [GC 1916535K->275310K(2163520K), 0.0310470 secs]
61.179: [GC 1931582K->284115K(2292224K), 0.0363430 secs]
62.003: [GC 1942033K->292820K(2182208K), 0.0384210 secs]
62.773: [GC 1951115K->297649K(2290944K), 0.0413000 secs]
