0.529: [GC 95424K->59897K(365760K), 0.0771070 secs]
0.687: [GC 155321K->119829K(461184K), 0.1304690 secs]
1.140: [GC 308832K->163844K(461184K), 0.0430460 secs]
1.495: [GC 353526K->175619K(652032K), 0.0478890 secs]
2.215: [GC 555442K->187488K(652032K), 0.0157870 secs]
2.878: [GC 568674K->196397K(1106368K), 0.0131750 secs]
4.256: [GC 958369K->212423K(1106432K), 0.0207370 secs]
5.580: [GC 975375K->228697K(1860608K), 0.0210570 secs]
8.310: [GC 1755353K->252713K(1863104K), 0.0226350 secs]
10.826: [GC 1779021K->272230K(2201152K), 0.0281890 secs]
10.855: [Full GC 272230K->175030K(2324480K), 0.5874250 secs]
14.504: [GC 2034107K->213611K(2276736K), 0.0140850 secs]
17.548: [GC 2073963K->240383K(2322496K), 0.0203320 secs]
20.618: [GC 2099455K->263633K(2325120K), 0.0276810 secs]
23.745: [GC 2122705K->285468K(2300544K), 0.0380440 secs]
26.790: [GC 2118996K->302933K(2300864K), 0.0256390 secs]
29.786: [GC 2135374K->316118K(2283200K), 0.0286000 secs]
32.820: [GC 2112423K->331030K(2291584K), 0.0321750 secs]
35.838: [GC 2127682K->339955K(2238976K), 0.0349390 secs]
38.810: [GC 2077689K->346917K(2226816K), 0.0372430 secs]
41.742: [GC 2086181K->360207K(2241344K), 0.0345060 secs]
44.521: [GC 2068026K->365719K(2215872K), 0.0354010 secs]
47.366: [GC 2073788K->374150K(2221440K), 0.0367020 secs]
50.144: [GC 2044588K->383416K(2195584K), 0.0392470 secs]
52.961: [GC 2054928K->387616K(2200256K), 0.0402170 secs]
55.629: [GC 2015969K->393307K(2163264K), 0.0415200 secs]
58.274: [GC 2021356K->388973K(2189184K), 0.0403590 secs]
