0.542: [GC 95424K->59890K(365760K), 0.0889700 secs]
0.719: [GC 155314K->119810K(461184K), 0.0921250 secs]
1.164: [GC 308735K->163471K(461184K), 0.0547300 secs]
1.540: [GC 354086K->173294K(652032K), 0.0526270 secs]
2.215: [GC 553134K->184815K(652032K), 0.0143470 secs]
2.805: [GC 565349K->192701K(1106688K), 0.0111540 secs]
4.070: [GC 954487K->210705K(1106752K), 0.0186050 secs]
5.295: [GC 973863K->226307K(1861824K), 0.0230110 secs]
7.827: [GC 1752492K->249555K(1863552K), 0.0307050 secs]
10.205: [GC 1775293K->268037K(2202112K), 0.0366770 secs]
10.242: [Full GC 268037K->173125K(2322176K), 0.4910430 secs]
13.617: [GC 2032016K->212439K(2274368K), 0.0197690 secs]
16.391: [GC 2071285K->236948K(2322496K), 0.0317840 secs]
19.257: [GC 2097572K->255861K(2320896K), 0.0258680 secs]
22.191: [GC 2117208K->271131K(2318080K), 0.0326180 secs]
24.948: [GC 2130823K->294302K(2322688K), 0.0423920 secs]
27.845: [GC 2154005K->314689K(2284800K), 0.0478040 secs]
30.691: [GC 2136765K->327909K(2295360K), 0.0441280 secs]
33.603: [GC 2150608K->344475K(2263232K), 0.0502150 secs]
36.491: [GC 2117199K->360054K(2278592K), 0.0579230 secs]
39.268: [GC 2132545K->368588K(2212160K), 0.0599260 secs]
41.849: [GC 2074414K->373059K(2202624K), 0.0582720 secs]
44.504: [GC 2079043K->380616K(2221888K), 0.0568700 secs]
47.101: [GC 2054873K->378973K(2177792K), 0.0560710 secs]
49.614: [GC 2054237K->385825K(2211776K), 0.0590300 secs]
52.190: [GC 2037387K->398712K(2173888K), 0.0637960 secs]
54.796: [GC 2049732K->407850K(2187904K), 0.0681090 secs]
57.363: [GC 2019754K->409657K(2145152K), 0.0694080 secs]
59.858: [GC 2020065K->414767K(2173376K), 0.0702420 secs]
