1.169: [GC 95424K->31588K(365760K), 0.0697650 secs]
1.394: [GC 127012K->64808K(461184K), 0.0692850 secs]
1.762: [GC 255656K->135387K(461184K), 0.1710220 secs]
2.215: [GC 326235K->197974K(652032K), 0.1334850 secs]
2.348: [Full GC 197974K->197944K(815552K), 0.4596680 secs]
3.589: [GC 578723K->227721K(815552K), 0.0214570 secs]
4.063: [GC 609417K->240661K(1090368K), 0.0605480 secs]
4.731: [GC 822229K->251309K(1102144K), 0.0153120 secs]
5.273: [GC 832800K->260638K(1292544K), 0.0164660 secs]
6.014: [GC 1079876K->272955K(1329536K), 0.0193430 secs]
6.799: [GC 1092411K->279206K(1467840K), 0.0217240 secs]
7.757: [GC 1253798K->294977K(1486848K), 0.0278170 secs]
8.720: [GC 1269569K->306062K(1642048K), 0.0296680 secs]
9.869: [GC 1428622K->315136K(1651840K), 0.0713290 secs]
10.988: [GC 1437696K->329671K(1821696K), 0.0522830 secs]
12.319: [GC 1610951K->340399K(1835840K), 0.0403810 secs]
13.599: [GC 1621463K->348368K(2011200K), 0.0435950 secs]
15.009: [GC 1789712K->355648K(2026304K), 0.0431710 secs]
16.401: [GC 1796992K->367926K(2140736K), 0.0499090 secs]
17.871: [GC 1909110K->376446K(2156736K), 0.0481280 secs]
19.343: [GC 1915715K->388690K(2212416K), 0.0534900 secs]
20.825: [GC 1968491K->393021K(2169408K), 0.0443370 secs]
22.294: [GC 1974205K->391756K(2202304K), 0.0437290 secs]
23.727: [GC 1936601K->391300K(2125568K), 0.0425530 secs]
25.231: [GC 1937284K->400282K(2199488K), 0.0444400 secs]
26.729: [GC 1933850K->407251K(2121152K), 0.0435740 secs]
28.261: [GC 1940819K->404644K(2200576K), 0.0440570 secs]
29.879: [GC 1933028K->413363K(2199488K), 0.0456920 secs]
31.573: [GC 1941458K->408529K(2194560K), 0.0441960 secs]
33.172: [GC 1937553K->409207K(2197248K), 0.0431280 secs]
34.804: [GC 1938231K->421931K(2202304K), 0.0462940 secs]
36.422: [GC 1959879K->424915K(2201728K), 0.0458520 secs]
38.113: [GC 1963987K->429646K(2208256K), 0.0467210 secs]
39.803: [GC 1976206K->435921K(2207552K), 0.0469050 secs]
41.445: [GC 1982481K->430404K(2203648K), 0.0456100 secs]
43.158: [GC 1980804K->436188K(2206464K), 0.0466820 secs]
44.807: [GC 1986588K->441173K(2210368K), 0.0467210 secs]
46.443: [GC 2004437K->443255K(2212544K), 0.0448490 secs]
48.067: [GC 2006519K->441778K(2215040K), 0.0445910 secs]
49.627: [GC 2018034K->442608K(2218240K), 0.0443060 secs]
51.261: [GC 2017778K->447936K(2223744K), 0.0454850 secs]
52.869: [GC 2040448K->452744K(2225920K), 0.0453360 secs]
54.429: [GC 2045256K->456719K(2234496K), 0.0466660 secs]
56.062: [GC 2063349K->460877K(2236352K), 0.0463440 secs]
57.693: [GC 2067981K->457506K(2234560K), 0.0452140 secs]
59.410: [GC 2071948K->466039K(2238784K), 0.0463560 secs]
61.132: [GC 2080503K->466288K(2241472K), 0.0468920 secs]
62.905: [GC 2090480K->473429K(2244992K), 0.0473310 secs]
