0.544: [GC 95424K->59881K(365760K), 0.0764680 secs]
0.707: [GC 155305K->119821K(461184K), 0.0744480 secs]
1.238: [GC 308757K->165539K(461184K), 0.0550760 secs]
1.643: [GC 356232K->169732K(652032K), 0.0102860 secs]
2.532: [GC 550044K->175232K(652032K), 0.0270170 secs]
3.424: [GC 556821K->180154K(1108544K), 0.0103810 secs]
5.234: [GC 942742K->191227K(1108928K), 0.0583920 secs]
6.874: [GC 954399K->202517K(1860288K), 0.0121860 secs]
10.365: [GC 1727414K->218066K(1864512K), 0.0155420 secs]
13.535: [GC 1743198K->233497K(2199680K), 0.0198620 secs]
17.804: [GC 2104608K->253988K(2204096K), 0.0240960 secs]
17.828: [Full GC 253988K->175648K(2323840K), 0.4779640 secs]
22.098: [GC 2046873K->213312K(2324800K), 0.0224570 secs]
25.873: [GC 2094244K->233390K(2329280K), 0.0224900 secs]
29.933: [GC 2115616K->250772K(2337152K), 0.0173950 secs]
33.915: [GC 2142807K->263149K(2331136K), 0.0198840 secs]
37.715: [GC 2154957K->273994K(2316416K), 0.0230830 secs]
41.655: [GC 2139190K->280579K(2321024K), 0.0242520 secs]
45.581: [GC 2144697K->295051K(2285056K), 0.0284890 secs]
49.331: [GC 2116505K->309938K(2280000K), 0.0322570 secs]
53.024: [GC 2130894K->322969K(2279424K), 0.0272640 secs]
57.279: [GC 2113822K->334740K(2275648K), 0.0306930 secs]
