0.528: [GC 95424K->59890K(365760K), 0.0801090 secs]
0.689: [GC 155314K->118822K(461184K), 0.1256810 secs]
1.137: [GC 307875K->164712K(461184K), 0.0486700 secs]
1.405: [GC 354394K->168899K(652032K), 0.0127150 secs]
1.956: [GC 548875K->174884K(652032K), 0.0153120 secs]
2.505: [GC 554976K->179962K(1107584K), 0.0158470 secs]
3.663: [GC 943354K->189800K(1107904K), 0.0354830 secs]
4.715: [GC 952670K->197275K(1862016K), 0.0258450 secs]
6.971: [GC 1723320K->210167K(1865152K), 0.0135150 secs]
9.082: [GC 1736167K->220635K(2201536K), 0.0509410 secs]
11.889: [GC 2091361K->244538K(2203136K), 0.0619700 secs]
11.951: [Full GC 244538K->175569K(2325120K), 0.5807890 secs]
15.133: [GC 2047363K->201280K(2334656K), 0.0114690 secs]
17.819: [GC 2086438K->222937K(2334784K), 0.0672410 secs]
20.547: [GC 2108614K->240775K(2326784K), 0.0386270 secs]
23.271: [GC 2116928K->257806K(2333312K), 0.0271650 secs]
25.896: [GC 2135579K->272470K(2302336K), 0.0433850 secs]
28.597: [GC 2118110K->285160K(2304320K), 0.0243540 secs]
31.252: [GC 2131770K->298956K(2288000K), 0.0283120 secs]
33.834: [GC 2107512K->308054K(2289728K), 0.0909980 secs]
36.437: [GC 2116773K->310986K(2262592K), 0.0300760 secs]
38.990: [GC 2072997K->317530K(2253376K), 0.0321760 secs]
41.494: [GC 2081048K->323294K(2244224K), 0.0329820 secs]
43.955: [GC 2042884K->329023K(2222144K), 0.0344510 secs]
46.456: [GC 2049131K->335279K(2224000K), 0.0358360 secs]
48.780: [GC 2014899K->340197K(2192192K), 0.0371080 secs]
51.146: [GC 2019563K->343657K(2207488K), 0.0373960 secs]
53.451: [GC 1987131K->348872K(2164544K), 0.0389480 secs]
55.761: [GC 1991151K->350457K(2194304K), 0.0387680 secs]
57.975: [GC 1962071K->355678K(2136256K), 0.0409130 secs]
60.273: [GC 1968732K->358235K(2192384K), 0.0399640 secs]
