1.171: [GC 94827K->30505K(365760K), 0.0562730 secs]
1.383: [GC 125929K->63386K(461184K), 0.0517520 secs]
1.731: [GC 254234K->133969K(461184K), 0.1070870 secs]
2.122: [GC 324817K->196548K(652032K), 0.1548530 secs]
2.277: [Full GC 196548K->196494K(822720K), 0.5757390 secs]
3.541: [GC 577125K->230521K(822720K), 0.0282640 secs]
3.822: [GC 611867K->242467K(1053184K), 0.0171450 secs]
4.133: [GC 783866K->252966K(1070528K), 0.0201280 secs]
4.399: [GC 794327K->253004K(1240640K), 0.0197880 secs]
4.751: [GC 991756K->263068K(1258176K), 0.0255560 secs]
5.109: [GC 1001036K->263962K(1380352K), 0.0259040 secs]
5.525: [GC 1144794K->274114K(1391680K), 0.0298840 secs]
5.956: [GC 1153729K->281752K(1549760K), 0.0330620 secs]
6.478: [GC 1320280K->291038K(1552704K), 0.0404730 secs]
7.059: [GC 1329566K->302329K(1731968K), 0.0453780 secs]
7.731: [GC 1514553K->310841K(1740480K), 0.0505490 secs]
8.382: [GC 1523065K->318523K(1946048K), 0.0546300 secs]
9.171: [GC 1726097K->327320K(1956736K), 0.0593900 secs]
9.976: [GC 1735256K->335823K(2114816K), 0.0640610 secs]
10.932: [GC 1888712K->348017K(2127232K), 0.0684820 secs]
11.824: [GC 1900784K->356631K(2275520K), 0.0741430 secs]
12.785: [GC 2043226K->370613K(2256512K), 0.0748020 secs]
13.825: [GC 2058933K->377045K(2252416K), 0.0761100 secs]
14.839: [GC 2017678K->383618K(2220032K), 0.0753840 secs]
15.841: [GC 2024962K->386584K(2236416K), 0.0765280 secs]
16.812: [GC 1989912K->388822K(2182528K), 0.0804350 secs]
17.787: [GC 1991010K->395841K(2227136K), 0.0826130 secs]
18.806: [GC 1975114K->399709K(2161088K), 0.0812730 secs]
19.802: [GC 1979335K->399816K(2228416K), 0.0834590 secs]
20.786: [GC 1971656K->405789K(2151040K), 0.0831510 secs]
21.774: [GC 1977464K->416110K(2225216K), 0.0836750 secs]
22.767: [GC 1982546K->416831K(2226944K), 0.0835770 secs]
23.730: [GC 1982910K->419296K(2222272K), 0.0837520 secs]
24.715: [GC 1986230K->419999K(2224832K), 0.0821500 secs]
25.712: [GC 1987435K->420469K(2220416K), 0.0791330 secs]
26.684: [GC 1996521K->427992K(2224448K), 0.0820660 secs]
27.638: [GC 2004568K->425256K(2224064K), 0.0746780 secs]
28.630: [GC 2018277K->436328K(2231168K), 0.0828020 secs]
29.539: [GC 2030504K->442238K(2239936K), 0.0804840 secs]
30.528: [GC 2058353K->447358K(2245952K), 0.0811420 secs]
31.517: [GC 2063550K->445438K(2243776K), 0.0792830 secs]
32.518: [GC 2073043K->451698K(2251008K), 0.0798440 secs]
33.516: [GC 2078636K->458031K(2254784K), 0.0789420 secs]
34.567: [GC 2101864K->455982K(2260544K), 0.0779310 secs]
35.576: [GC 2101192K->457179K(2262208K), 0.0761330 secs]
36.580: [GC 2116804K->470163K(2267328K), 0.0790100 secs]
37.613: [GC 2129764K->463059K(2271616K), 0.0773680 secs]
38.609: [GC 2135401K->461168K(2276032K), 0.0713550 secs]
39.656: [GC 2133839K->475372K(2274624K), 0.0758240 secs]
40.654: [GC 2155304K->476230K(2279488K), 0.0772840 secs]
41.603: [GC 2157510K->476861K(2281664K), 0.0753030 secs]
42.577: [GC 2168727K->476909K(2285760K), 0.0731910 secs]
43.552: [GC 2168988K->490664K(2286592K), 0.0746070 secs]
44.569: [GC 2189765K->494620K(2290176K), 0.0727840 secs]
45.539: [GC 2194574K->491137K(2293568K), 0.0703270 secs]
46.578: [GC 2199681K->494908K(2295680K), 0.0717960 secs]
47.610: [GC 2202189K->508053K(2294080K), 0.0774540 secs]
48.584: [GC 2218852K->524182K(2296832K), 0.0787840 secs]
49.552: [GC 2235716K->521726K(2297152K), 0.0781420 secs]
50.546: [GC 2230331K->525644K(2284544K), 0.0801380 secs]
51.615: [GC 2234778K->526920K(2296000K), 0.0811310 secs]
52.668: [GC 2233105K->526433K(2274176K), 0.0776870 secs]
53.708: [GC 2232394K->537010K(2293120K), 0.0846480 secs]
54.738: [GC 2242003K->544747K(2285440K), 0.0833440 secs]
55.777: [GC 2250011K->550164K(2288896K), 0.0854320 secs]
56.819: [GC 2247151K->554719K(2279040K), 0.1026460 secs]
57.882: [GC 2251346K->550978K(2290880K), 0.1083440 secs]
58.981: [GC 2244349K->552516K(2268672K), 0.0859650 secs]
60.035: [GC 2247108K->556131K(2289600K), 0.0837090 secs]
61.026: [GC 2251540K->567235K(2288256K), 0.0867300 secs]
62.049: [GC 2261591K->566558K(2291328K), 0.0974330 secs]
63.086: [GC 2262753K->573977K(2280768K), 0.1017450 secs]
