0.528: [GC 95424K->59877K(365760K), 0.1677050 secs]
0.777: [GC 155301K->119789K(461184K), 0.1052340 secs]
1.327: [GC 310485K->167676K(461184K), 0.0948640 secs]
1.879: [GC 357128K->172648K(652032K), 0.0453550 secs]
2.867: [GC 554165K->177521K(652032K), 0.0101090 secs]
3.639: [GC 558194K->180486K(1109312K), 0.0101110 secs]
5.436: [GC 942551K->186015K(1109504K), 0.0189500 secs]
7.293: [GC 948693K->190936K(1866816K), 0.0190730 secs]
11.070: [GC 1716688K->203269K(1868800K), 0.0466590 secs]
14.464: [GC 1727738K->216775K(2196096K), 0.0194300 secs]
18.804: [GC 2079420K->228857K(2198144K), 0.0318900 secs]
18.842: [Full GC 228857K->179210K(2317376K), 0.5908800 secs]
23.206: [GC 2041518K->196361K(2327552K), 0.0065810 secs]
27.326: [GC 2072765K->210148K(2328512K), 0.0111340 secs]
31.233: [GC 2088312K->220188K(2325952K), 0.0104450 secs]
35.750: [GC 2104576K->231381K(2328704K), 0.0140680 secs]
40.439: [GC 2114818K->245388K(2328448K), 0.0174760 secs]
44.623: [GC 2128736K->255233K(2325760K), 0.0688300 secs]
48.762: [GC 2139337K->264753K(2306752K), 0.0278450 secs]
52.950: [GC 2112864K->272784K(2308608K), 0.0316370 secs]
57.236: [GC 2122384K->284350K(2277504K), 0.0435780 secs]
