0.544: [GC 95424K->59890K(365760K), 0.0974900 secs]
0.729: [GC 155314K->119818K(461184K), 0.0750670 secs]
1.176: [GC 310367K->168998K(461184K), 0.0547210 secs]
1.572: [GC 357954K->173558K(652032K), 0.0130900 secs]
2.253: [GC 555034K->179615K(652032K), 0.0172450 secs]
2.843: [GC 560646K->185600K(1108608K), 0.0095800 secs]
4.199: [GC 947449K->191602K(1108992K), 0.0145890 secs]
5.506: [GC 953324K->198152K(1864896K), 0.0131760 secs]
7.955: [GC 1724262K->209881K(1867648K), 0.0157410 secs]
10.275: [GC 1735452K->222348K(2197888K), 0.0164990 secs]
13.107: [GC 2087744K->233309K(2200128K), 0.0265930 secs]
13.133: [Full GC 233309K->179788K(2330304K), 0.4931460 secs]
16.384: [GC 2045861K->197458K(2339136K), 0.0077670 secs]
19.187: [GC 2076147K->212833K(2340992K), 0.0174210 secs]
22.154: [GC 2091691K->217371K(2340096K), 0.0181780 secs]
25.137: [GC 2102804K->232211K(2340864K), 0.0247240 secs]
28.042: [GC 2117855K->240732K(2336704K), 0.0212200 secs]
30.854: [GC 2119085K->253228K(2337152K), 0.0416280 secs]
33.816: [GC 2131919K->262914K(2308352K), 0.0285740 secs]
36.692: [GC 2102284K->270170K(2315584K), 0.0530480 secs]
39.636: [GC 2109453K->281064K(2282176K), 0.0413300 secs]
42.523: [GC 2073315K->292653K(2290304K), 0.0317580 secs]
45.232: [GC 2083994K->298168K(2251392K), 0.0602590 secs]
47.878: [GC 2034702K->300906K(2242496K), 0.0326440 secs]
50.512: [GC 2036980K->308438K(2235520K), 0.0340780 secs]
53.075: [GC 1996448K->310310K(2204928K), 0.0340640 secs]
55.644: [GC 1999960K->315405K(2218880K), 0.0342780 secs]
58.188: [GC 1965630K->319749K(2173440K), 0.0367400 secs]
60.764: [GC 1970711K->322920K(2208960K), 0.0370590 secs]
