1.181: [GC 94790K->30517K(365760K), 0.0489540 secs]
1.390: [GC 125941K->63202K(461184K), 0.0557550 secs]
1.745: [GC 254050K->135305K(461184K), 0.1217340 secs]
2.149: [GC 326153K->197860K(652032K), 0.1119460 secs]
2.261: [Full GC 197860K->197821K(825792K), 0.5665480 secs]
3.437: [GC 578172K->241454K(825792K), 0.0240070 secs]
3.658: [GC 622785K->252371K(1049536K), 0.0101160 secs]
3.948: [GC 788695K->258818K(1067328K), 0.0117950 secs]
4.243: [GC 794622K->263507K(1211008K), 0.0127880 secs]
4.638: [GC 974246K->278916K(1235008K), 0.0168160 secs]
5.009: [GC 989956K->275437K(1328192K), 0.0175050 secs]
5.453: [GC 1099143K->278891K(1342016K), 0.0173920 secs]
5.851: [GC 1103135K->289951K(1453696K), 0.0204060 secs]
6.336: [GC 1230362K->294448K(1457152K), 0.0213770 secs]
6.817: [GC 1233784K->302351K(1579648K), 0.0233190 secs]
7.355: [GC 1362776K->306616K(1584704K), 0.0240020 secs]
7.912: [GC 1365692K->314738K(1713920K), 0.0290500 secs]
8.506: [GC 1499186K->319642K(1721216K), 0.0296550 secs]
9.096: [GC 1503630K->325029K(1817472K), 0.0321100 secs]
9.751: [GC 1596749K->328294K(1825280K), 0.0306610 secs]
10.372: [GC 1599945K->338615K(1929792K), 0.0468880 secs]
11.063: [GC 1707456K->341247K(1935424K), 0.0305130 secs]
11.729: [GC 1710124K->349574K(2049664K), 0.0305840 secs]
12.463: [GC 1828635K->356714K(2054656K), 0.0303680 secs]
13.220: [GC 1837197K->357473K(2172992K), 0.0335710 secs]
14.038: [GC 1950824K->367035K(2175680K), 0.0303230 secs]
14.853: [GC 1959726K->364104K(2266176K), 0.0349430 secs]
15.711: [GC 2043876K->375772K(2267008K), 0.0328600 secs]
16.547: [GC 2056965K->380784K(2300096K), 0.0330910 secs]
17.408: [GC 2091319K->389050K(2260736K), 0.0319630 secs]
18.280: [GC 2098911K->389706K(2297984K), 0.0318750 secs]
19.151: [GC 2094117K->390418K(2247552K), 0.0343560 secs]
19.975: [GC 2094487K->408720K(2293312K), 0.0359300 secs]
20.851: [GC 2109584K->407369K(2251200K), 0.0339340 secs]
21.706: [GC 2107735K->413701K(2296256K), 0.0335360 secs]
22.576: [GC 2113064K->422060K(2253760K), 0.0345680 secs]
23.437: [GC 2121599K->424199K(2295680K), 0.0339200 secs]
24.322: [GC 2122783K->428685K(2254976K), 0.0380910 secs]
25.187: [GC 2126069K->437308K(2291648K), 0.0488690 secs]
26.053: [GC 2132028K->442551K(2258176K), 0.0929670 secs]
26.956: [GC 2136962K->448247K(2286912K), 0.0422240 secs]
27.837: [GC 2134218K->455792K(2258048K), 0.0393630 secs]
28.728: [GC 2141600K->454159K(2284864K), 0.0381780 secs]
29.568: [GC 2132117K->461916K(2246336K), 0.0378860 secs]
30.458: [GC 2140124K->466495K(2284416K), 0.0386790 secs]
31.295: [GC 2141684K->471388K(2246336K), 0.0382470 secs]
32.167: [GC 2146639K->472985K(2285248K), 0.0378420 secs]
33.019: [GC 2148541K->476855K(2244160K), 0.0391120 secs]
33.891: [GC 2153095K->486404K(2282112K), 0.0382300 secs]
34.746: [GC 2162488K->483705K(2282816K), 0.0380730 secs]
35.632: [GC 2158417K->489549K(2283840K), 0.0387620 secs]
36.484: [GC 2169764K->489839K(2284288K), 0.0383090 secs]
37.318: [GC 2171119K->497919K(2287424K), 0.0513970 secs]
38.194: [GC 2184281K->506475K(2287040K), 0.0395150 secs]
39.059: [GC 2193284K->511885K(2289984K), 0.0408580 secs]
39.907: [GC 2199135K->522839K(2269184K), 0.0396600 secs]
40.790: [GC 2210827K->518205K(2289408K), 0.0391100 secs]
41.633: [GC 2201709K->516016K(2251136K), 0.0392300 secs]
42.467: [GC 2201411K->523632K(2287488K), 0.0391800 secs]
43.343: [GC 2211089K->529329K(2284864K), 0.0389370 secs]
44.194: [GC 2216693K->532088K(2292160K), 0.0436190 secs]
45.073: [GC 2228664K->530864K(2289920K), 0.0429340 secs]
45.930: [GC 2227972K->542488K(2298304K), 0.0797070 secs]
46.881: [GC 2249197K->542477K(2296640K), 0.0383690 secs]
47.756: [GC 2249803K->546488K(2301760K), 0.0575420 secs]
48.709: [GC 2261237K->546513K(2300288K), 0.0397760 secs]
49.621: [GC 2260143K->551637K(2305472K), 0.0525670 secs]
49.673: [Full GC 551637K->208893K(2329088K), 0.7189860 secs]
51.226: [GC 1929293K->231717K(2195328K), 0.0119090 secs]
52.087: [GC 1951229K->246990K(2294528K), 0.0151450 secs]
52.956: [GC 1916494K->258573K(2171072K), 0.0258300 secs]
53.855: [GC 1927860K->268873K(2298560K), 0.0265600 secs]
54.751: [GC 1926013K->277582K(2179584K), 0.0283080 secs]
55.619: [GC 1935848K->291912K(2302976K), 0.0274970 secs]
56.499: [GC 1957000K->295835K(2203904K), 0.0356080 secs]
57.376: [GC 1959478K->302734K(2302336K), 0.0269800 secs]
58.215: [GC 1977644K->305199K(2295424K), 0.0287580 secs]
59.094: [GC 1979633K->314948K(2309376K), 0.0460390 secs]
59.956: [GC 2010006K->319838K(2306240K), 0.0556640 secs]
60.816: [GC 2015550K->320220K(2326784K), 0.0463500 secs]
61.704: [GC 2038132K->335446K(2325440K), 0.0445180 secs]
62.598: [GC 2053223K->335261K(2322432K), 0.0370810 secs]
