0.540: [GC 95424K->59877K(365760K), 0.0825790 secs]
0.705: [GC 155301K->119793K(461184K), 0.0642350 secs]
1.037: [GC 309422K->170842K(461184K), 0.0494030 secs]
1.359: [GC 360152K->174537K(652032K), 0.0137400 secs]
1.987: [GC 555703K->175121K(652032K), 0.0441310 secs]
2.523: [GC 556232K->179844K(1109696K), 0.0188660 secs]
3.633: [GC 941397K->185635K(1110400K), 0.0227570 secs]
4.648: [GC 948754K->188987K(1868160K), 0.0173230 secs]
6.757: [GC 1715613K->196249K(1869888K), 0.0096160 secs]
8.758: [GC 1722817K->202989K(2196928K), 0.0086450 secs]
11.356: [GC 2062531K->214039K(2198848K), 0.0131720 secs]
11.369: [Full GC 214039K->187176K(2338368K), 0.5024040 secs]
14.340: [GC 2047109K->206409K(2341824K), 0.0069000 secs]
16.825: [GC 2077453K->222608K(2343808K), 0.0164380 secs]
19.304: [GC 2092510K->230363K(2349888K), 0.0170370 secs]
21.753: [GC 2110476K->238972K(2349696K), 0.0167090 secs]
24.247: [GC 2117839K->246841K(2342272K), 0.0201020 secs]
26.778: [GC 2117236K->253964K(2331264K), 0.0530590 secs]
29.337: [GC 2124011K->260270K(2326272K), 0.0201860 secs]
31.734: [GC 2101928K->268534K(2318720K), 0.0299940 secs]
34.122: [GC 2110750K->269751K(2310336K), 0.0257430 secs]
36.502: [GC 2080637K->274816K(2293120K), 0.0304050 secs]
38.834: [GC 2084941K->282648K(2292864K), 0.0269420 secs]
41.195: [GC 2060165K->288889K(2275072K), 0.0281140 secs]
43.519: [GC 2068013K->291964K(2276416K), 0.0305410 secs]
45.758: [GC 2037235K->297768K(2249920K), 0.0283820 secs]
48.013: [GC 2041169K->300427K(2261760K), 0.0322490 secs]
50.242: [GC 2012880K->303983K(2220544K), 0.0608280 secs]
52.529: [GC 2018275K->307056K(2258240K), 0.0416290 secs]
54.783: [GC 2004501K->313514K(2206208K), 0.0437110 secs]
57.116: [GC 2011484K->316662K(2253824K), 0.0336960 secs]
59.409: [GC 2004091K->321102K(2197632K), 0.0362460 secs]
