0.532: [GC 95424K->59882K(365760K), 0.0780280 secs]
0.692: [GC 155306K->119810K(461184K), 0.1152130 secs]
1.023: [GC 309433K->171679K(461184K), 0.0412220 secs]
1.278: [GC 362138K->173922K(652032K), 0.0184800 secs]
1.755: [GC 555618K->181653K(652032K), 0.0684580 secs]
2.214: [GC 563113K->184857K(1108864K), 0.0106710 secs]
3.071: [GC 946149K->187454K(1109376K), 0.0122030 secs]
3.892: [GC 950081K->192813K(1868544K), 0.0127300 secs]
5.647: [GC 1718018K->202493K(1869952K), 0.0174070 secs]
7.240: [GC 1727199K->210871K(2194688K), 0.0132280 secs]
9.312: [GC 2070138K->222455K(2196544K), 0.0214590 secs]
9.334: [Full GC 222455K->183750K(2335552K), 0.5949940 secs]
11.900: [GC 2042304K->210822K(2342080K), 0.0493580 secs]
14.004: [GC 2083275K->229219K(2343744K), 0.0341410 secs]
16.061: [GC 2102959K->242854K(2343680K), 0.0173770 secs]
18.105: [GC 2116015K->255792K(2339712K), 0.0207440 secs]
20.237: [GC 2129312K->260733K(2323072K), 0.0222650 secs]
22.329: [GC 2099369K->267854K(2318016K), 0.0235840 secs]
24.355: [GC 2108238K->274689K(2302528K), 0.0244880 secs]
26.328: [GC 2075361K->284135K(2296000K), 0.0271810 secs]
28.316: [GC 2084362K->290920K(2278528K), 0.0282440 secs]
30.349: [GC 2047579K->296543K(2263360K), 0.0305510 secs]
32.307: [GC 2051949K->302006K(2257984K), 0.0386270 secs]
34.240: [GC 2015346K->303470K(2227520K), 0.0321730 secs]
36.139: [GC 2016151K->312285K(2240384K), 0.0337120 secs]
38.003: [GC 1988709K->314193K(2201536K), 0.0343320 secs]
39.888: [GC 1990968K->312940K(2230912K), 0.0339460 secs]
41.726: [GC 1962143K->316312K(2172032K), 0.0339560 secs]
43.608: [GC 1966416K->321757K(2228032K), 0.0342350 secs]
45.441: [GC 1958469K->322207K(2230528K), 0.0350580 secs]
47.338: [GC 1960469K->324643K(2226432K), 0.0347540 secs]
49.187: [GC 1961914K->334211K(2228672K), 0.0376230 secs]
51.023: [GC 1971354K->336992K(2231360K), 0.0352900 secs]
52.864: [GC 1978226K->335842K(2160704K), 0.0337420 secs]
54.732: [GC 1977570K->342538K(2232512K), 0.0348020 secs]
56.610: [GC 1987510K->341915K(2231296K), 0.0348310 secs]
58.428: [GC 1986686K->344823K(2234432K), 0.0355400 secs]
60.282: [GC 1997759K->344370K(2233792K), 0.0345880 secs]
