1.168: [GC 95424K->31588K(365760K), 0.0589000 secs]
1.384: [GC 127012K->64048K(461184K), 0.1067470 secs]
1.789: [GC 254896K->136211K(461184K), 0.0806430 secs]
2.151: [GC 327059K->198790K(652032K), 0.1667390 secs]
2.318: [Full GC 198790K->198740K(817472K), 0.4561150 secs]
3.394: [GC 579552K->248464K(817472K), 0.0289470 secs]
3.667: [GC 629488K->261909K(1073216K), 0.0134510 secs]
3.944: [GC 832917K->265038K(1091904K), 0.0219570 secs]
4.191: [GC 835776K->270628K(1308608K), 0.0159420 secs]
4.573: [GC 1085870K->269069K(1331840K), 0.0275930 secs]
4.960: [GC 1085581K->275443K(1484864K), 0.0195070 secs]
5.463: [GC 1269688K->284932K(1504896K), 0.0239740 secs]
5.954: [GC 1279852K->287730K(1702720K), 0.0442310 secs]
6.560: [GC 1484850K->299788K(1702592K), 0.0294370 secs]
7.130: [GC 1496313K->300622K(1925440K), 0.0375510 secs]
7.818: [GC 1716761K->304681K(1928192K), 0.0247820 secs]
8.464: [GC 1720357K->307924K(2141440K), 0.0250480 secs]
9.247: [GC 1944376K->318224K(2154944K), 0.0276850 secs]
10.044: [GC 1953054K->323078K(2307584K), 0.0268640 secs]
10.955: [GC 2104122K->329649K(2314496K), 0.0378520 secs]
11.863: [GC 2111705K->328416K(2332608K), 0.0315040 secs]
12.745: [GC 2121312K->341121K(2306368K), 0.0271560 secs]
13.645: [GC 2133629K->345483K(2324288K), 0.0416220 secs]
14.524: [GC 2123354K->354275K(2300416K), 0.0322100 secs]
15.413: [GC 2131244K->362495K(2308608K), 0.0273540 secs]
16.262: [GC 2115966K->365599K(2285440K), 0.0331470 secs]
17.113: [GC 2119963K->361655K(2305728K), 0.0299040 secs]
17.970: [GC 2100983K->368348K(2268672K), 0.0303070 secs]
18.814: [GC 2108049K->379501K(2295680K), 0.0327840 secs]
19.670: [GC 2104502K->379965K(2259648K), 0.0315990 secs]
20.494: [GC 2104152K->384966K(2293888K), 0.0331570 secs]
21.381: [GC 2100906K->398839K(2260992K), 0.0349480 secs]
22.230: [GC 2113810K->404819K(2284160K), 0.0387500 secs]
23.043: [GC 2104583K->396481K(2287680K), 0.0328290 secs]
23.868: [GC 2096028K->406869K(2287488K), 0.0336520 secs]
24.694: [GC 2108535K->407673K(2288384K), 0.0334040 secs]
25.533: [GC 2109023K->407199K(2281280K), 0.0335830 secs]
26.404: [GC 2109423K->416305K(2285312K), 0.0333360 secs]
27.240: [GC 2118276K->415319K(2282304K), 0.0323340 secs]
28.129: [GC 2126995K->415634K(2288576K), 0.0323160 secs]
29.000: [GC 2126648K->425801K(2293504K), 0.0320500 secs]
29.864: [GC 2151872K->421956K(2297216K), 0.0294060 secs]
30.749: [GC 2149956K->424160K(2299712K), 0.0321600 secs]
31.640: [GC 2164579K->433854K(2302848K), 0.0336580 secs]
32.490: [GC 2173051K->436240K(2307968K), 0.0307400 secs]
33.345: [GC 2190086K->440821K(2310848K), 0.0310870 secs]
34.209: [GC 2195144K->447135K(2317632K), 0.0333970 secs]
35.121: [GC 2213145K->447728K(2319104K), 0.0310200 secs]
35.978: [GC 2213428K->452108K(2320768K), 0.0346970 secs]
36.827: [GC 2223381K->460439K(2321408K), 0.0468600 secs]
37.734: [GC 2232777K->455602K(2324544K), 0.0336410 secs]
38.631: [GC 2233913K->467714K(2325760K), 0.0334030 secs]
39.507: [GC 2245336K->460923K(2326144K), 0.0495940 secs]
40.414: [GC 2242491K->464904K(2327488K), 0.0433030 secs]
41.344: [GC 2246287K->467536K(2327552K), 0.0566540 secs]
42.247: [GC 2250493K->470521K(2328704K), 0.0365570 secs]
43.117: [GC 2254414K->476200K(2329024K), 0.0314250 secs]
43.965: [GC 2263649K->481251K(2330432K), 0.0323940 secs]
44.817: [GC 2268221K->489144K(2329664K), 0.0324240 secs]
45.654: [GC 2280760K->490583K(2331456K), 0.0319290 secs]
46.524: [GC 2281249K->493678K(2333056K), 0.0310690 secs]
47.432: [GC 2288591K->500039K(2334784K), 0.0316480 secs]
48.300: [GC 2296579K->499101K(2335808K), 0.0314220 secs]
49.154: [GC 2298126K->512857K(2336896K), 0.0328300 secs]
50.009: [GC 2313135K->515603K(2332480K), 0.0324910 secs]
50.859: [GC 2308550K->516704K(2328256K), 0.0347550 secs]
51.722: [GC 2309913K->517606K(2332544K), 0.0350850 secs]
52.622: [GC 2307748K->522718K(2324864K), 0.0351050 secs]
53.493: [GC 2311357K->526314K(2330816K), 0.0347780 secs]
54.357: [GC 2312695K->535409K(2326528K), 0.0337520 secs]
54.391: [Full GC 535409K->228137K(2365888K), 0.7223440 secs]
55.978: [GC 2015312K->249318K(2341440K), 0.0115940 secs]
56.810: [GC 2004966K->264333K(2251136K), 0.0143910 secs]
57.679: [GC 2019334K->272598K(2341120K), 0.0172850 secs]
58.516: [GC 2007254K->280158K(2245952K), 0.0188140 secs]
59.362: [GC 2013858K->292326K(2346880K), 0.0211680 secs]
60.176: [GC 2028409K->300693K(2268608K), 0.0234000 secs]
60.982: [GC 2037461K->318141K(2342976K), 0.0265520 secs]
61.808: [GC 2057287K->325118K(2339584K), 0.0288040 secs]
62.634: [GC 2065278K->327926K(2350656K), 0.0273010 secs]
