0.537: [GC 95424K->59869K(365760K), 0.0787700 secs]
0.697: [GC 155293K->119621K(461184K), 0.0980710 secs]
1.231: [GC 310400K->166614K(461184K), 0.0480730 secs]
1.612: [GC 356697K->169073K(652032K), 0.0097470 secs]
2.470: [GC 550321K->175963K(652032K), 0.0113820 secs]
3.206: [GC 556110K->180692K(1108544K), 0.0096410 secs]
5.056: [GC 942783K->189064K(1108800K), 0.0133030 secs]
6.743: [GC 952009K->196195K(1863744K), 0.0109920 secs]
10.181: [GC 1722444K->212846K(1866752K), 0.0133260 secs]
13.496: [GC 1738181K->222753K(2198784K), 0.0168950 secs]
17.466: [GC 2091668K->233590K(2200896K), 0.0188360 secs]
17.485: [Full GC 233590K->178902K(2325824K), 0.4968960 secs]
21.751: [GC 2048066K->202678K(2334080K), 0.0089050 secs]
25.824: [GC 2084589K->214933K(2336448K), 0.0124570 secs]
29.754: [GC 2095663K->231099K(2336448K), 0.0160390 secs]
33.747: [GC 2116652K->246056K(2332800K), 0.0209610 secs]
37.951: [GC 2130496K->255614K(2315584K), 0.0228680 secs]
41.977: [GC 2109475K->268766K(2324800K), 0.0254230 secs]
46.252: [GC 2123205K->277661K(2274368K), 0.0269300 secs]
50.201: [GC 2081385K->288901K(2271744K), 0.0295050 secs]
54.105: [GC 2093453K->295361K(2278848K), 0.0266420 secs]
57.943: [GC 2071321K->299779K(2255488K), 0.0271940 secs]
