0.530: [GC 95424K->59898K(365760K), 0.1034440 secs]
0.715: [GC 155322K->119862K(461184K), 0.0878510 secs]
1.154: [GC 310705K->167245K(461184K), 0.0587420 secs]
1.474: [GC 356234K->171814K(652032K), 0.0130120 secs]
2.100: [GC 552038K->179532K(652032K), 0.0119990 secs]
2.649: [GC 559770K->187777K(1107136K), 0.0146610 secs]
3.906: [GC 950623K->196391K(1107968K), 0.0277210 secs]
5.039: [GC 958377K->200541K(1863168K), 0.0227440 secs]
7.379: [GC 1727146K->219873K(1865792K), 0.0323540 secs]
9.543: [GC 1745627K->226476K(2201088K), 0.0276420 secs]
12.235: [GC 2096619K->242057K(2202368K), 0.0257600 secs]
12.261: [Full GC 242057K->177384K(2331008K), 0.5861360 secs]
15.502: [GC 2048013K->197362K(2341312K), 0.0123060 secs]
18.398: [GC 2079564K->215641K(2304960K), 0.0325200 secs]
21.172: [GC 2098653K->234174K(2337024K), 0.0244630 secs]
24.030: [GC 2116414K->243197K(2331200K), 0.0219320 secs]
26.783: [GC 2124510K->255604K(2318208K), 0.0250470 secs]
29.613: [GC 2107955K->264926K(2324096K), 0.0320530 secs]
32.562: [GC 2117264K->275755K(2283776K), 0.0380410 secs]
35.189: [GC 2081707K->281818K(2272832K), 0.0337430 secs]
37.822: [GC 2085913K->295013K(2282432K), 0.0317340 secs]
40.343: [GC 2072927K->298715K(2263488K), 0.0274270 secs]
42.846: [GC 2078050K->304388K(2266816K), 0.0290080 secs]
45.678: [GC 2050750K->311935K(2244864K), 0.0300700 secs]
48.247: [GC 2058149K->317299K(2248192K), 0.0309630 secs]
50.688: [GC 2028339K->322199K(2219392K), 0.0331570 secs]
53.133: [GC 2033125K->326565K(2232320K), 0.0381800 secs]
55.498: [GC 2004150K->332059K(2195968K), 0.0348370 secs]
57.874: [GC 2010907K->335094K(2217920K), 0.0358390 secs]
60.259: [GC 1981624K->335925K(2165504K), 0.0363790 secs]
