1.153: [GC 94828K->30485K(365760K), 0.0517040 secs]
1.363: [GC 125909K->63178K(461184K), 0.0938820 secs]
1.754: [GC 254026K->135329K(461184K), 0.1051580 secs]
2.139: [GC 326177K->197876K(652032K), 0.1083580 secs]
2.247: [Full GC 197876K->197869K(823552K), 0.5585920 secs]
3.489: [GC 579565K->236850K(823552K), 0.0300210 secs]
3.757: [GC 618495K->244542K(1056192K), 0.0115830 secs]
4.023: [GC 790334K->252849K(1075072K), 0.0137590 secs]
4.268: [GC 798318K->256419K(1238464K), 0.0141200 secs]
4.621: [GC 993340K->267421K(1260672K), 0.0162960 secs]
4.964: [GC 1005277K->270731K(1368768K), 0.0190590 secs]
5.351: [GC 1137724K->276542K(1382208K), 0.0174270 secs]
5.733: [GC 1143945K->282210K(1509376K), 0.0207900 secs]
6.205: [GC 1283210K->287840K(1515456K), 0.0204800 secs]
6.675: [GC 1289376K->289946K(1650560K), 0.0211050 secs]
7.167: [GC 1424774K->294406K(1655808K), 0.0225380 secs]
7.674: [GC 1430652K->302124K(1800832K), 0.0251690 secs]
8.314: [GC 1578356K->310594K(1806272K), 0.0259680 secs]
8.924: [GC 1588674K->310428K(1910656K), 0.0302080 secs]
9.594: [GC 1683891K->319798K(1916352K), 0.0281680 secs]
10.290: [GC 1694529K->327087K(2025344K), 0.0369720 secs]
11.061: [GC 1802344K->331125K(2030656K), 0.0339660 secs]
11.806: [GC 1806485K->336568K(2144448K), 0.0526990 secs]
12.609: [GC 1921166K->347232K(2148864K), 0.0293800 secs]
13.474: [GC 1932433K->350024K(2273280K), 0.0315330 secs]
14.398: [GC 2053206K->355916K(2277312K), 0.0319590 secs]
15.341: [GC 2059718K->366102K(2300416K), 0.0392970 secs]
16.264: [GC 2089633K->372628K(2270016K), 0.0437970 secs]
17.220: [GC 2096021K->376987K(2292288K), 0.0342670 secs]
18.167: [GC 2082203K->383034K(2256448K), 0.0332830 secs]
19.053: [GC 2088235K->387862K(2284288K), 0.0361270 secs]
19.940: [GC 2075232K->393845K(2242688K), 0.0383990 secs]
20.836: [GC 2082421K->404742K(2276224K), 0.0435350 secs]
21.726: [GC 2077152K->409043K(2236288K), 0.0370620 secs]
22.577: [GC 2081726K->413136K(2271232K), 0.0397690 secs]
23.448: [GC 2073151K->414196K(2223424K), 0.0382710 secs]
24.327: [GC 2073317K->414844K(2272000K), 0.0380750 secs]
25.188: [GC 2071243K->426474K(2226688K), 0.0406690 secs]
26.079: [GC 2082963K->429284K(2265728K), 0.0412710 secs]
26.932: [GC 2076644K->435992K(2222848K), 0.0411790 secs]
27.762: [GC 2083352K->442826K(2259712K), 0.0409220 secs]
28.645: [GC 2077641K->444337K(2211968K), 0.0420280 secs]
29.546: [GC 2080817K->445861K(2262464K), 0.0401140 secs]
30.424: [GC 2080206K->449761K(2205504K), 0.0408260 secs]
31.335: [GC 2085407K->451996K(2261440K), 0.0401370 secs]
32.236: [GC 2090050K->456370K(2258944K), 0.0409500 secs]
33.124: [GC 2094203K->461396K(2264512K), 0.0413320 secs]
34.035: [GC 2107352K->470400K(2262336K), 0.0399270 secs]
34.893: [GC 2115165K->463026K(2263808K), 0.0398030 secs]
35.807: [GC 2117053K->471001K(2266240K), 0.0395640 secs]
36.746: [GC 2126937K->467638K(2272128K), 0.0368270 secs]
37.599: [GC 2138934K->476411K(2273856K), 0.0390660 secs]
38.492: [GC 2146649K->482858K(2280064K), 0.0389760 secs]
39.400: [GC 2168804K->486742K(2281600K), 0.0373880 secs]
40.268: [GC 2171546K->493553K(2290688K), 0.0397080 secs]
41.216: [GC 2193460K->498537K(2290688K), 0.0399710 secs]
42.135: [GC 2197598K->504687K(2296384K), 0.0393770 secs]
43.051: [GC 2212271K->509593K(2296064K), 0.0395180 secs]
43.980: [GC 2215947K->512409K(2297664K), 0.0390890 secs]
44.900: [GC 2223833K->513497K(2297920K), 0.0398780 secs]
45.845: [GC 2224921K->513172K(2300224K), 0.0390160 secs]
46.787: [GC 2227315K->518396K(2299584K), 0.0371700 secs]
47.699: [GC 2234300K->521708K(2303040K), 0.0380510 secs]
48.639: [GC 2241127K->526903K(2302272K), 0.0373930 secs]
49.594: [GC 2246921K->531681K(2304640K), 0.0386650 secs]
50.489: [GC 2256679K->532283K(2304000K), 0.0379630 secs]
51.402: [GC 2256563K->536862K(2308032K), 0.0380350 secs]
52.323: [GC 2266398K->540937K(2307648K), 0.0362760 secs]
53.246: [GC 2269169K->550295K(2307584K), 0.0389690 secs]
53.285: [Full GC 550295K->208631K(2337152K), 0.7148380 secs]
54.869: [GC 1940279K->232824K(2211456K), 0.0104990 secs]
55.800: [GC 1964403K->251669K(2306368K), 0.0150850 secs]
56.658: [GC 1934135K->261727K(2192256K), 0.0171250 secs]
57.547: [GC 1945240K->276221K(2311488K), 0.0194590 secs]
58.425: [GC 1951997K->281062K(2203776K), 0.0205460 secs]
59.330: [GC 1956089K->290630K(2313344K), 0.0230300 secs]
60.234: [GC 1970950K->300971K(2228224K), 0.0264780 secs]
61.185: [GC 1979506K->305870K(2314112K), 0.0275850 secs]
62.103: [GC 1997663K->313114K(2307456K), 0.0287910 secs]
62.983: [GC 2004047K->319122K(2322176K), 0.0301410 secs]
