0.535: [GC 95424K->59877K(365760K), 0.0742900 secs]
0.695: [GC 155301K->119813K(461184K), 0.1026280 secs]
1.207: [GC 310565K->164306K(461184K), 0.0487960 secs]
1.574: [GC 355090K->168821K(652032K), 0.0108930 secs]
2.343: [GC 549260K->179048K(652032K), 0.0138290 secs]
3.017: [GC 559123K->185088K(1107520K), 0.0194130 secs]
4.700: [GC 948480K->200584K(1107712K), 0.0165350 secs]
6.185: [GC 962281K->214300K(1857536K), 0.0173960 secs]
9.443: [GC 1739656K->243985K(1862144K), 0.0259970 secs]
12.159: [GC 1769541K->261947K(2196736K), 0.0398050 secs]
12.199: [Full GC 261947K->174031K(2319744K), 0.5698930 secs]
15.929: [GC 2028548K->208881K(2322816K), 0.0134450 secs]
19.134: [GC 2062471K->227701K(2318528K), 0.0168380 secs]
22.304: [GC 2083471K->251337K(2311744K), 0.0249820 secs]
25.457: [GC 2107201K->264566K(2298240K), 0.0282370 secs]
28.611: [GC 2091331K->289108K(2308736K), 0.0330760 secs]
31.744: [GC 2114388K->301330K(2259200K), 0.0346280 secs]
34.730: [GC 2077477K->309913K(2260160K), 0.0299390 secs]
37.810: [GC 2086463K->322491K(2252352K), 0.0334140 secs]
40.753: [GC 2059323K->334910K(2244736K), 0.0357310 secs]
43.722: [GC 2070944K->334592K(2229184K), 0.0357200 secs]
46.570: [GC 2021776K->345582K(2207232K), 0.0384320 secs]
49.489: [GC 2034286K->351560K(2204224K), 0.0398070 secs]
52.323: [GC 1991637K->355065K(2169152K), 0.0410980 secs]
55.171: [GC 1995238K->360878K(2185984K), 0.0416920 secs]
57.929: [GC 1961847K->362038K(2136064K), 0.0424830 secs]
60.656: [GC 1962191K->366544K(2173440K), 0.0427790 secs]
