0.533: [GC 95424K->59890K(365760K), 0.1077240 secs]
0.723: [GC 155314K->118638K(461184K), 0.1299560 secs]
1.152: [GC 307602K->163071K(461184K), 0.0419740 secs]
1.450: [GC 353589K->167991K(652032K), 0.0104990 secs]
2.104: [GC 549362K->177201K(652032K), 0.0134210 secs]
2.669: [GC 558897K->185589K(1105536K), 0.0108860 secs]
3.817: [GC 948494K->201328K(1106240K), 0.0153540 secs]
4.865: [GC 962931K->215326K(1859264K), 0.0158730 secs]
7.228: [GC 1741005K->236480K(1862144K), 0.0218770 secs]
9.424: [GC 1762719K->262989K(2197632K), 0.0602470 secs]
9.484: [Full GC 262989K->175515K(2322432K), 0.5763440 secs]
12.620: [GC 2032561K->211969K(2326592K), 0.0219530 secs]
15.288: [GC 2069977K->236646K(2325952K), 0.0193630 secs]
17.886: [GC 2096195K->252062K(2316224K), 0.0241480 secs]
20.412: [GC 2112414K->266518K(2299904K), 0.0268790 secs]
22.926: [GC 2092950K->278473K(2308672K), 0.0287240 secs]
25.406: [GC 2103810K->284523K(2261696K), 0.0294580 secs]
27.842: [GC 2059034K->292542K(2241088K), 0.0353640 secs]
30.228: [GC 2068252K->303811K(2274496K), 0.0276980 secs]
32.619: [GC 2066683K->314668K(2251264K), 0.0299630 secs]
35.022: [GC 2078664K->327741K(2250816K), 0.0333340 secs]
37.371: [GC 2054663K->333087K(2233856K), 0.0350830 secs]
39.746: [GC 2060036K->337618K(2232192K), 0.0357990 secs]
42.133: [GC 2024837K->349792K(2211264K), 0.0385680 secs]
44.493: [GC 2037171K->348112K(2212800K), 0.0383170 secs]
46.847: [GC 1994959K->350201K(2170944K), 0.0386080 secs]
49.213: [GC 1998419K->361179K(2195648K), 0.0417720 secs]
51.522: [GC 1975965K->364597K(2152576K), 0.0423300 secs]
53.785: [GC 1978888K->366188K(2186048K), 0.0429070 secs]
56.074: [GC 1952955K->362063K(2115072K), 0.0402210 secs]
58.332: [GC 1950217K->371334K(2186368K), 0.0416520 secs]
60.567: [GC 1953613K->370907K(2114304K), 0.0407920 secs]
