1.164: [GC 94828K->30501K(365760K), 0.0527830 secs]
1.379: [GC 125925K->63146K(461184K), 0.1224420 secs]
1.820: [GC 253994K->136309K(461184K), 0.1726030 secs]
2.290: [GC 327157K->198888K(652032K), 0.1086040 secs]
2.399: [Full GC 198888K->198860K(816960K), 0.4567850 secs]
3.553: [GC 580556K->233221K(816960K), 0.0325880 secs]
3.875: [GC 614917K->241371K(1083904K), 0.0166550 secs]
4.317: [GC 819492K->253160K(1103296K), 0.0236610 secs]
4.718: [GC 830910K->260317K(1314560K), 0.0226160 secs]
5.328: [GC 1087720K->270238K(1343040K), 0.0282040 secs]
5.944: [GC 1098590K->280529K(1505984K), 0.0334890 secs]
6.685: [GC 1286937K->295998K(1519488K), 0.0387460 secs]
7.437: [GC 1302974K->304419K(1719488K), 0.0975590 secs]
8.396: [GC 1504294K->316384K(1727488K), 0.0902570 secs]
9.320: [GC 1515629K->324545K(1988416K), 0.0615920 secs]
10.427: [GC 1775036K->333670K(1999936K), 0.0897060 secs]
11.486: [GC 1783053K->352656K(2279360K), 0.0666630 secs]
12.701: [GC 2070672K->363321K(2283392K), 0.0705210 secs]
13.925: [GC 2081337K->367557K(2243712K), 0.0738550 secs]
15.122: [GC 2020145K->377958K(2232640K), 0.0774960 secs]
16.343: [GC 2029137K->384577K(2223424K), 0.0797210 secs]
17.517: [GC 1980160K->386906K(2176960K), 0.0743440 secs]
18.564: [GC 1983169K->390145K(2211776K), 0.0752000 secs]
19.594: [GC 1953409K->392979K(2144576K), 0.0747690 secs]
20.675: [GC 1955158K->394803K(2207680K), 0.0739470 secs]
21.798: [GC 1941555K->404296K(2129280K), 0.0790190 secs]
22.922: [GC 1949551K->401929K(2209408K), 0.0789120 secs]
24.057: [GC 1944841K->409840K(2122304K), 0.0781540 secs]
25.169: [GC 1952752K->404411K(2212032K), 0.0736200 secs]
26.301: [GC 1951867K->413104K(2122752K), 0.0767660 secs]
27.507: [GC 1960404K->422691K(2208064K), 0.0788850 secs]
28.720: [GC 1971904K->428012K(2207104K), 0.0796730 secs]
29.938: [GC 1978860K->431251K(2215936K), 0.0793550 secs]
31.253: [GC 1994579K->432392K(2215296K), 0.0785120 secs]
32.433: [GC 1995720K->437881K(2219648K), 0.0799100 secs]
33.633: [GC 2010681K->439237K(2218816K), 0.0782780 secs]
34.831: [GC 2012037K->438665K(2222912K), 0.0775710 secs]
36.061: [GC 2024713K->444385K(2223488K), 0.0807220 secs]
37.313: [GC 2030433K->449514K(2233920K), 0.0800670 secs]
38.588: [GC 2050875K->456661K(2234048K), 0.0832950 secs]
39.871: [GC 2059733K->458744K(2241536K), 0.0805300 secs]
41.136: [GC 2070808K->465845K(2241856K), 0.0836010 secs]
42.404: [GC 2079861K->468414K(2243584K), 0.0828030 secs]
43.657: [GC 2086865K->467785K(2244864K), 0.0821280 secs]
44.914: [GC 2087253K->478273K(2247168K), 0.0843070 secs]
46.124: [GC 2102300K->479962K(2247680K), 0.0819210 secs]
47.350: [GC 2104794K->477093K(2245568K), 0.0812010 secs]
48.572: [GC 2106853K->488115K(2248384K), 0.0819490 secs]
49.840: [GC 2117875K->486491K(2252288K), 0.0833400 secs]
51.132: [GC 2122221K->493135K(2254144K), 0.0843690 secs]
52.363: [GC 2130386K->493285K(2254464K), 0.0826210 secs]
53.635: [GC 2134565K->497034K(2256256K), 0.0841350 secs]
54.934: [GC 2136537K->499219K(2254848K), 0.0828590 secs]
56.269: [GC 2144979K->500410K(2257472K), 0.0808470 secs]
57.485: [GC 2145246K->506569K(2258304K), 0.0831490 secs]
58.705: [GC 2159595K->509587K(2260480K), 0.0816250 secs]
59.962: [GC 2163411K->515640K(2264896K), 0.0850850 secs]
61.139: [GC 2178616K->519840K(2266560K), 0.0867220 secs]
62.274: [GC 2182481K->524112K(2268480K), 0.0817140 secs]
