0.535: [GC 95424K->59885K(365760K), 0.1015100 secs]
0.718: [GC 155309K->119821K(461184K), 0.0867510 secs]
0.916: [GC 310669K->174383K(461184K), 0.0485340 secs]
1.265: [GC 364320K->174558K(652032K), 0.0651680 secs]
1.992: [GC 556045K->175914K(652032K), 0.0144670 secs]
2.501: [GC 557598K->177228K(1113280K), 0.0207160 secs]
3.513: [GC 940586K->187617K(1113472K), 0.0125810 secs]
4.457: [GC 949371K->189155K(1870272K), 0.0094210 secs]
6.475: [GC 1715447K->196159K(1872064K), 0.0083780 secs]
8.425: [GC 1722166K->200495K(2197120K), 0.0109690 secs]
10.995: [GC 2056384K->207949K(2197568K), 0.0086710 secs]
11.004: [Full GC 207949K->189789K(2336448K), 0.4906260 secs]
13.983: [GC 2046931K->205546K(2339840K), 0.0061390 secs]
16.449: [GC 2070212K->210999K(2340736K), 0.0075270 secs]
18.880: [GC 2076857K->218540K(2340800K), 0.0094350 secs]
21.246: [GC 2094278K->224131K(2342848K), 0.0106390 secs]
23.712: [GC 2098620K->226056K(2353088K), 0.0107740 secs]
26.196: [GC 2118024K->233268K(2354240K), 0.0134440 secs]
28.692: [GC 2123808K->241575K(2352000K), 0.0148400 secs]
31.202: [GC 2128892K->248668K(2340992K), 0.0223260 secs]
33.915: [GC 2137230K->258302K(2334912K), 0.0193420 secs]
36.605: [GC 2119337K->262583K(2328960K), 0.0335850 secs]
39.060: [GC 2123814K->267572K(2319360K), 0.0229200 secs]
41.547: [GC 2098283K->270657K(2306176K), 0.0214440 secs]
44.004: [GC 2102328K->272441K(2307392K), 0.0214920 secs]
46.360: [GC 2076583K->275953K(2284480K), 0.0232680 secs]
48.672: [GC 2080118K->276429K(2298304K), 0.0224240 secs]
51.051: [GC 2059644K->280876K(2264128K), 0.0240920 secs]
53.555: [GC 2062958K->285070K(2293760K), 0.0241440 secs]
56.007: [GC 2054512K->291627K(2255296K), 0.0252160 secs]
58.384: [GC 2060973K->296911K(2287040K), 0.0265480 secs]
60.656: [GC 2053997K->300765K(2248768K), 0.0265240 secs]
