0.543: [GC 95424K->59890K(365760K), 0.1041730 secs]
0.735: [GC 155314K->119798K(461184K), 0.0762010 secs]
0.936: [GC 310646K->174631K(461184K), 0.0534300 secs]
1.277: [GC 365427K->178695K(652032K), 0.0349700 secs]
1.741: [GC 558852K->186587K(652032K), 0.0142270 secs]
2.149: [GC 567094K->190338K(1111168K), 0.0323910 secs]
3.111: [GC 952655K->195099K(1111552K), 0.0327330 secs]
4.027: [GC 956319K->196020K(1871616K), 0.0102000 secs]
5.954: [GC 1721619K->207034K(1872384K), 0.0089660 secs]
7.680: [GC 1732158K->212244K(2194176K), 0.0109600 secs]
9.828: [GC 2066026K->222139K(2194944K), 0.0518310 secs]
9.880: [Full GC 222139K->189277K(2334016K), 0.4983670 secs]
12.444: [GC 2042824K->214353K(2339584K), 0.0211750 secs]
14.565: [GC 2082321K->224816K(2340800K), 0.0128770 secs]
16.683: [GC 2091406K->243655K(2343872K), 0.0212880 secs]
18.803: [GC 2116679K->251212K(2330368K), 0.0199040 secs]
20.905: [GC 2124592K->256540K(2332800K), 0.0200070 secs]
23.018: [GC 2111275K->260723K(2320000K), 0.0214270 secs]
25.129: [GC 2114046K->260097K(2323456K), 0.0559050 secs]
27.257: [GC 2092721K->265626K(2303232K), 0.0287790 secs]
29.368: [GC 2098747K->272331K(2309440K), 0.0533750 secs]
31.542: [GC 2080528K->279077K(2292672K), 0.0255460 secs]
33.667: [GC 2087614K->284709K(2292736K), 0.0413440 secs]
35.690: [GC 2061510K->293675K(2276416K), 0.0292120 secs]
37.731: [GC 2071006K->300808K(2271552K), 0.0358830 secs]
39.730: [GC 2039605K->304082K(2248384K), 0.0509660 secs]
41.700: [GC 2043826K->309698K(2254848K), 0.0688620 secs]
43.678: [GC 2013112K->314340K(2219456K), 0.0559720 secs]
45.640: [GC 2017701K->318511K(2246144K), 0.0372680 secs]
47.576: [GC 1996826K->324018K(2196928K), 0.0354830 secs]
49.465: [GC 2002261K->326295K(2242048K), 0.0574620 secs]
51.417: [GC 1990963K->330040K(2181248K), 0.0354560 secs]
53.332: [GC 1994422K->332459K(2242752K), 0.0367050 secs]
55.254: [GC 1995795K->334899K(2180416K), 0.0346920 secs]
57.170: [GC 1997238K->339385K(2241088K), 0.0408550 secs]
59.077: [GC 2000441K->338497K(2177792K), 0.0359960 secs]
