1.165: [GC 95424K->31604K(365760K), 0.0539190 secs]
1.381: [GC 127028K->64064K(461184K), 0.0585540 secs]
1.757: [GC 254912K->134671K(461184K), 0.1187470 secs]
2.174: [GC 325519K->197274K(652032K), 0.1442090 secs]
2.319: [Full GC 197274K->197252K(822144K), 0.5594020 secs]
3.453: [GC 578948K->241866K(822144K), 0.0244400 secs]
3.958: [GC 623562K->259048K(1045504K), 0.0210450 secs]
4.311: [GC 800970K->268657K(1066112K), 0.0218800 secs]
4.575: [GC 811185K->279099K(1248384K), 0.0264460 secs]
4.920: [GC 1023416K->282851K(1259648K), 0.0289730 secs]
5.282: [GC 1026383K->289643K(1405184K), 0.0300790 secs]
5.739: [GC 1185543K->296738K(1410688K), 0.0335490 secs]
6.172: [GC 1194338K->297265K(1583296K), 0.0339780 secs]
6.662: [GC 1363582K->300574K(1586112K), 0.0348820 secs]
7.174: [GC 1368458K->305054K(1778880K), 0.0372210 secs]
7.757: [GC 1562574K->308680K(1782592K), 0.0372940 secs]
8.344: [GC 1565272K->316037K(1995584K), 0.0397300 secs]
9.034: [GC 1782917K->311419K(2001472K), 0.0398110 secs]
9.756: [GC 1777093K->319914K(2155072K), 0.0417390 secs]
10.507: [GC 1937502K->320210K(2160256K), 0.0427200 secs]
11.243: [GC 1936572K->327980K(2322816K), 0.0431350 secs]
12.103: [GC 2103315K->335601K(2324928K), 0.0422340 secs]
12.932: [GC 2110728K->340528K(2334656K), 0.0389500 secs]
13.769: [GC 2126127K->340628K(2291968K), 0.0429280 secs]
14.603: [GC 2126826K->343548K(2336768K), 0.0379270 secs]
15.407: [GC 2134921K->352485K(2333824K), 0.0418510 secs]
16.235: [GC 2144168K->352691K(2341312K), 0.0374080 secs]
17.058: [GC 2152565K->355652K(2339712K), 0.0507160 secs]
17.947: [GC 2155777K->357618K(2343296K), 0.0415300 secs]
18.755: [GC 2161821K->366767K(2341568K), 0.0475490 secs]
19.597: [GC 2172409K->368054K(2348160K), 0.0482590 secs]
20.480: [GC 2178006K->377064K(2330688K), 0.0472600 secs]
21.345: [GC 2186640K->382196K(2342272K), 0.0485600 secs]
22.157: [GC 2185936K->383458K(2324864K), 0.0494430 secs]
22.978: [GC 2185706K->394718K(2335168K), 0.0528910 secs]
23.861: [GC 2188022K->387721K(2339200K), 0.0524570 secs]
24.696: [GC 2181154K->393936K(2339200K), 0.0550340 secs]
25.496: [GC 2187203K->399838K(2318208K), 0.0571510 secs]
26.335: [GC 2193872K->401418K(2339264K), 0.0434180 secs]
27.138: [GC 2192985K->405213K(2316928K), 0.0546690 secs]
27.963: [GC 2198386K->402886K(2340672K), 0.0495070 secs]
28.755: [GC 2198074K->412108K(2338752K), 0.0558730 secs]
29.595: [GC 2206239K->418754K(2339072K), 0.0570730 secs]
30.461: [GC 2212356K->426002K(2327552K), 0.0575890 secs]
31.290: [GC 2219984K->429829K(2334400K), 0.0578470 secs]
32.161: [GC 2215649K->432931K(2318272K), 0.0580540 secs]
32.943: [GC 2218376K->436950K(2332736K), 0.0583270 secs]
33.774: [GC 2218343K->436936K(2333952K), 0.0573620 secs]
34.645: [GC 2219367K->447741K(2330304K), 0.0598900 secs]
35.495: [GC 2226198K->462641K(2328704K), 0.0607460 secs]
36.381: [GC 2241455K->444104K(2329792K), 0.0566300 secs]
37.244: [GC 2216859K->453448K(2305856K), 0.0610100 secs]
38.106: [GC 2226658K->462580K(2326848K), 0.0619460 secs]
38.929: [GC 2234208K->458754K(2327744K), 0.0575080 secs]
39.810: [GC 2230196K->468314K(2327808K), 0.0634200 secs]
40.661: [GC 2242908K->462627K(2328704K), 0.0569910 secs]
41.510: [GC 2235730K->471515K(2330240K), 0.0579530 secs]
42.345: [GC 2248524K->470787K(2329920K), 0.0585910 secs]
43.195: [GC 2247943K->477546K(2331968K), 0.0548150 secs]
44.066: [GC 2260392K->479265K(2331904K), 0.0585920 secs]
44.877: [GC 2261641K->484003K(2335424K), 0.0576870 secs]
45.697: [GC 2274352K->483165K(2335552K), 0.0584300 secs]
46.535: [GC 2272251K->482808K(2339392K), 0.0553700 secs]
47.375: [GC 2276358K->488860K(2339712K), 0.0553100 secs]
48.198: [GC 2282454K->489720K(2339648K), 0.0551180 secs]
49.066: [GC 2283970K->493398K(2339776K), 0.0559210 secs]
49.922: [GC 2287992K->500511K(2339520K), 0.0538390 secs]
50.772: [GC 2297951K->501080K(2339776K), 0.0555590 secs]
51.611: [GC 2297526K->505201K(2341632K), 0.0522410 secs]
52.429: [GC 2304916K->510168K(2342080K), 0.0450140 secs]
52.474: [Full GC 510168K->243480K(2395712K), 0.7341260 secs]
53.961: [GC 2043105K->262915K(2374720K), 0.0122940 secs]
54.748: [GC 2042212K->269404K(2284160K), 0.0189070 secs]
55.554: [GC 2048844K->280228K(2373568K), 0.0434790 secs]
56.433: [GC 2038835K->285074K(2280320K), 0.0242210 secs]
57.259: [GC 2045470K->290333K(2377472K), 0.0271440 secs]
58.044: [GC 2050878K->296595K(2292544K), 0.0319470 secs]
58.906: [GC 2056483K->302668K(2377088K), 0.0340150 secs]
59.754: [GC 2067878K->309321K(2372672K), 0.0428950 secs]
60.587: [GC 2074588K->316540K(2379072K), 0.0481850 secs]
61.448: [GC 2092278K->324922K(2375232K), 0.0472290 secs]
62.334: [GC 2100918K->327309K(2389888K), 0.0429270 secs]
63.189: [GC 2119949K->329280K(2390016K), 0.0454580 secs]
