0.534: [GC 95424K->59877K(365760K), 0.0832890 secs]
0.701: [GC 155301K->119837K(461184K), 0.1092380 secs]
1.318: [GC 310487K->164621K(461184K), 0.0465560 secs]
1.963: [GC 355233K->168009K(652032K), 0.0180750 secs]
3.069: [GC 549111K->174603K(652032K), 0.0300200 secs]
4.123: [GC 556299K->178009K(1108864K), 0.0266580 secs]
6.280: [GC 939826K->185190K(1108992K), 0.0115400 secs]
8.316: [GC 948146K->190554K(1865216K), 0.0098280 secs]
12.742: [GC 1716562K->206633K(1867648K), 0.0121270 secs]
17.232: [GC 1732937K->218718K(2197824K), 0.0150050 secs]
22.727: [GC 2086174K->229700K(2199744K), 0.0200790 secs]
22.748: [Full GC 229700K->177612K(2320768K), 0.5832800 secs]
29.303: [GC 2045068K->197074K(2329856K), 0.0072990 secs]
34.924: [GC 2077192K->208710K(2332032K), 0.0195550 secs]
40.575: [GC 2089606K->225721K(2328128K), 0.0103090 secs]
46.467: [GC 2109739K->235772K(2332224K), 0.0151910 secs]
52.168: [GC 2121596K->248485K(2329728K), 0.0176030 secs]
57.677: [GC 2129730K->256433K(2323584K), 0.0191730 secs]
