0.537: [GC 95424K->59882K(365760K), 0.0891260 secs]
0.712: [GC 155306K->119834K(461184K), 0.1128700 secs]
1.227: [GC 310446K->164720K(461184K), 0.0573860 secs]
1.673: [GC 353918K->167920K(652032K), 0.0183140 secs]
2.567: [GC 549350K->174388K(652032K), 0.0178020 secs]
3.406: [GC 555658K->177648K(1108928K), 0.0208070 secs]
5.078: [GC 941040K->184786K(1109056K), 0.0577900 secs]
6.698: [GC 947989K->190009K(1865216K), 0.0441020 secs]
10.029: [GC 1716148K->203097K(1867712K), 0.0266060 secs]
13.213: [GC 1729097K->216157K(2197632K), 0.0169540 secs]
17.282: [GC 2081564K->230233K(2199872K), 0.0604070 secs]
17.343: [Full GC 230233K->176161K(2314304K), 0.4870390 secs]
21.725: [GC 2041183K->197556K(2322112K), 0.0131060 secs]
25.725: [GC 2077816K->209560K(2324352K), 0.0711810 secs]
29.843: [GC 2089703K->224152K(2324992K), 0.0142900 secs]
33.810: [GC 2110652K->236940K(2327616K), 0.0120210 secs]
37.782: [GC 2124044K->247871K(2331264K), 0.0145910 secs]
41.923: [GC 2141281K->259794K(2318720K), 0.0178570 secs]
46.100: [GC 2153145K->283038K(2306304K), 0.0234330 secs]
50.232: [GC 2146718K->299146K(2303488K), 0.0275810 secs]
54.264: [GC 2162783K->310427K(2292352K), 0.0234580 secs]
58.310: [GC 2140827K->322151K(2293248K), 0.0259630 secs]
