1.150: [GC 94828K->30493K(365760K), 0.0632330 secs]
1.372: [GC 125917K->63154K(461184K), 0.1127070 secs]
1.779: [GC 254002K->129917K(461184K), 0.0777600 secs]
2.134: [GC 320765K->192512K(652032K), 0.1437040 secs]
2.277: [Full GC 192512K->192476K(814080K), 0.5786250 secs]
3.468: [GC 573645K->223823K(814080K), 0.0448020 secs]
3.731: [GC 605519K->226501K(1055296K), 0.0147230 secs]
4.037: [GC 779525K->228985K(1072320K), 0.0149550 secs]
4.331: [GC 782009K->235313K(1246464K), 0.0177860 secs]
4.716: [GC 989057K->236768K(1269568K), 0.0179220 secs]
5.090: [GC 991968K->241996K(1383808K), 0.0210540 secs]
5.562: [GC 1134668K->248623K(1399360K), 0.0246620 secs]
6.012: [GC 1141295K->253104K(1521280K), 0.0240430 secs]
6.524: [GC 1287088K->254948K(1533056K), 0.0256500 secs]
7.051: [GC 1288932K->259809K(1672896K), 0.0282720 secs]
7.792: [GC 1441761K->266273K(1679040K), 0.0312760 secs]
8.469: [GC 1448225K->269646K(1834112K), 0.0332110 secs]
9.243: [GC 1604622K->274916K(1836800K), 0.0354160 secs]
10.038: [GC 1609892K->283468K(1945536K), 0.0401870 secs]
10.959: [GC 1723312K->291021K(1951616K), 0.0436590 secs]
11.900: [GC 1730893K->298340K(2070336K), 0.0446610 secs]
12.797: [GC 1849444K->305421K(2075008K), 0.0435410 secs]
13.642: [GC 1856525K->306139K(2198720K), 0.0429860 secs]
14.513: [GC 1975259K->313555K(2202944K), 0.0465220 secs]
15.440: [GC 1982675K->318602K(2320384K), 0.0475620 secs]
16.454: [GC 2100106K->322129K(2292096K), 0.0500460 secs]
17.554: [GC 2103149K->328462K(2313600K), 0.0525710 secs]
18.785: [GC 2094606K->337507K(2287296K), 0.0562260 secs]
20.113: [GC 2103455K->342989K(2300160K), 0.0594030 secs]
21.427: [GC 2086349K->346944K(2270272K), 0.0590730 secs]
22.610: [GC 2090304K->353827K(2292352K), 0.0600290 secs]
23.736: [GC 2078755K->356828K(2255424K), 0.0637500 secs]
24.867: [GC 2081756K->361295K(2286784K), 0.0618160 secs]
26.082: [GC 2072655K->363536K(2240704K), 0.0624450 secs]
27.308: [GC 2074896K->370285K(2288064K), 0.0648340 secs]
28.562: [GC 2077704K->378365K(2242688K), 0.0653170 secs]
29.897: [GC 2086909K->380980K(2286720K), 0.0637330 secs]
31.244: [GC 2085710K->385264K(2240000K), 0.0659170 secs]
32.551: [GC 2090480K->393072K(2284288K), 0.0650930 secs]
33.883: [GC 2095216K->398240K(2241856K), 0.0687970 secs]
35.248: [GC 2100384K->399413K(2285184K), 0.0675820 secs]
36.494: [GC 2100341K->397596K(2232704K), 0.0659130 secs]
37.653: [GC 2098524K->410572K(2281408K), 0.0678460 secs]
38.856: [GC 2111308K->413539K(2281600K), 0.0702150 secs]
40.094: [GC 2114275K->418707K(2287488K), 0.0703840 secs]
41.359: [GC 2126291K->421122K(2287104K), 0.0666820 secs]
42.685: [GC 2128706K->424184K(2287616K), 0.0690460 secs]
43.937: [GC 2135096K->424185K(2287552K), 0.0680010 secs]
45.200: [GC 2135097K->439235K(2287872K), 0.0727030 secs]
46.606: [GC 2153411K->440105K(2289088K), 0.0716430 secs]
48.009: [GC 2154281K->441445K(2288832K), 0.0697120 secs]
49.387: [GC 2161573K->448506K(2291328K), 0.0723870 secs]
50.742: [GC 2168634K->451050K(2293952K), 0.0719960 secs]
52.162: [GC 2178154K->453748K(2296128K), 0.0690310 secs]
53.731: [GC 2180852K->464284K(2299520K), 0.0738930 secs]
55.357: [GC 2196566K->468497K(2299840K), 0.0733570 secs]
57.070: [GC 2200913K->478971K(2294912K), 0.0781240 secs]
58.856: [GC 2206203K->480033K(2276032K), 0.0736220 secs]
60.444: [GC 2207265K->487293K(2294016K), 0.0780060 secs]
61.781: [GC 2210045K->491642K(2275584K), 0.0781970 secs]
62.823: [GC 2214322K->496517K(2291776K), 0.0801290 secs]
