0.541: [GC 95424K->59885K(365760K), 0.0913490 secs]
0.720: [GC 155309K->119809K(461184K), 0.0705550 secs]
1.410: [GC 310153K->169407K(461184K), 0.0892110 secs]
2.314: [GC 360255K->171446K(652032K), 0.0300930 secs]
3.696: [GC 551348K->173232K(652032K), 0.0363510 secs]
4.977: [GC 553276K->175307K(1110528K), 0.0117890 secs]
8.271: [GC 938289K->178990K(1110720K), 0.0140710 secs]
11.873: [GC 942382K->183773K(1869376K), 0.0165700 secs]
18.822: [GC 1710209K->195310K(1871040K), 0.0100870 secs]
24.788: [GC 1721208K->199656K(2197120K), 0.0562460 secs]
32.602: [GC 2058446K->213056K(2197696K), 0.0216780 secs]
40.281: [GC 2072322K->221131K(2204992K), 0.0105760 secs]
40.292: [Full GC 221131K->176525K(2311680K), 0.4925620 secs]
49.880: [GC 2046153K->194764K(2311680K), 0.0115210 secs]
58.626: [GC 2065636K->204424K(2315328K), 0.0202410 secs]
