0.542: [GC 95424K->59882K(365760K), 0.0750990 secs]
0.703: [GC 155306K->119806K(461184K), 0.0986770 secs]
1.186: [GC 310654K->169444K(461184K), 0.0822950 secs]
1.666: [GC 358405K->171342K(652032K), 0.0206650 secs]
2.438: [GC 553038K->172569K(652032K), 0.0162670 secs]
3.262: [GC 552985K->175319K(1110208K), 0.0365820 secs]
4.912: [GC 938711K->178015K(1110656K), 0.0166130 secs]
6.577: [GC 941407K->183100K(1869504K), 0.0132320 secs]
9.840: [GC 1708800K->192737K(1871104K), 0.0091940 secs]
12.992: [GC 1718555K->203228K(2194688K), 0.0268150 secs]
16.774: [GC 2062620K->211913K(2196608K), 0.0139300 secs]
20.394: [GC 2071026K->218495K(2203968K), 0.0122960 secs]
20.407: [Full GC 218495K->175884K(2320384K), 0.4939740 secs]
24.616: [GC 2047510K->197225K(2322048K), 0.0127540 secs]
28.629: [GC 2068274K->211377K(2322432K), 0.0409920 secs]
32.602: [GC 2090823K->222058K(2324224K), 0.0621300 secs]
36.539: [GC 2103274K->234354K(2331648K), 0.0179020 secs]
40.375: [GC 2125618K->244723K(2318144K), 0.0269140 secs]
44.219: [GC 2134265K->251534K(2316800K), 0.0378140 secs]
48.032: [GC 2119153K->262203K(2313536K), 0.0453970 secs]
51.883: [GC 2130253K->268299K(2295488K), 0.0569370 secs]
55.493: [GC 2100289K->276411K(2290880K), 0.0280590 secs]
59.169: [GC 2107758K->279189K(2276096K), 0.0250650 secs]
