1.156: [GC 95424K->31568K(365760K), 0.0728630 secs]
1.384: [GC 126992K->65300K(461184K), 0.0793080 secs]
1.761: [GC 256148K->136399K(461184K), 0.1683410 secs]
2.209: [GC 327247K->199018K(652032K), 0.1530330 secs]
2.362: [Full GC 199018K->198975K(819008K), 0.5527960 secs]
3.486: [GC 580671K->230345K(819008K), 0.0291110 secs]
3.706: [GC 612041K->237275K(1073280K), 0.0130000 secs]
3.987: [GC 803099K->241518K(1091520K), 0.0346830 secs]
4.195: [GC 807342K->244219K(1352000K), 0.0655120 secs]
4.536: [GC 1071600K->246300K(1348800K), 0.0163970 secs]
4.792: [GC 1074771K->248982K(1520704K), 0.0148510 secs]
5.123: [GC 1281110K->253352K(1545088K), 0.0795300 secs]
5.616: [GC 1285480K->259344K(1800384K), 0.0664100 secs]
6.326: [GC 1559547K->265841K(1806592K), 0.0182600 secs]
6.988: [GC 1567217K->272128K(2041920K), 0.0225420 secs]
7.821: [GC 1834944K->285241K(2075776K), 0.0258300 secs]
8.774: [GC 1853949K->294643K(2333952K), 0.0393680 secs]
9.893: [GC 2117531K->304273K(2342208K), 0.0681970 secs]
11.001: [GC 2125687K->308238K(2331200K), 0.0352560 secs]
12.069: [GC 2110478K->322666K(2331904K), 0.0339440 secs]
13.077: [GC 2124906K->329041K(2306816K), 0.0757920 secs]
14.125: [GC 2089169K->339914K(2295040K), 0.0379830 secs]
15.129: [GC 2098706K->347611K(2289664K), 0.0327650 secs]
16.088: [GC 2066476K->352332K(2264128K), 0.0311400 secs]
17.056: [GC 2072261K->353610K(2276992K), 0.0329870 secs]
18.032: [GC 2042466K->350096K(2228608K), 0.0334740 secs]
19.006: [GC 2039270K->358598K(2272128K), 0.0351730 secs]
19.967: [GC 2032330K->369390K(2226176K), 0.0362160 secs]
20.935: [GC 2043227K->372113K(2264000K), 0.0365690 secs]
22.003: [GC 2027881K->377348K(2209344K), 0.0368500 secs]
22.999: [GC 2032612K->389511K(2258560K), 0.0392880 secs]
23.945: [GC 2032877K->387926K(2261696K), 0.0373570 secs]
24.936: [GC 2032726K->391573K(2258432K), 0.0362650 secs]
25.942: [GC 2036640K->393921K(2260288K), 0.0367760 secs]
26.848: [GC 2037275K->399696K(2260352K), 0.0385810 secs]
27.743: [GC 2050064K->407244K(2261952K), 0.0389920 secs]
28.637: [GC 2057612K->408259K(2259392K), 0.0374930 secs]
29.369: [GC 2065091K->412431K(2263296K), 0.0369790 secs]
30.000: [GC 2068129K->417827K(2266304K), 0.0346870 secs]
30.569: [GC 2086563K->419371K(2269632K), 0.0355430 secs]
31.120: [GC 2088107K->427492K(2273280K), 0.0361470 secs]
31.693: [GC 2105812K->426592K(2275456K), 0.0355400 secs]
32.252: [GC 2106784K->425843K(2276416K), 0.0347360 secs]
32.795: [GC 2118131K->430001K(2278848K), 0.0354160 secs]
33.429: [GC 2122289K->430392K(2289152K), 0.0345710 secs]
34.119: [GC 2137929K->440325K(2289920K), 0.0341860 secs]
34.789: [GC 2149573K->441570K(2295936K), 0.0308320 secs]
35.454: [GC 2161314K->439951K(2296064K), 0.0312590 secs]
36.136: [GC 2159695K->445639K(2300928K), 0.0315790 secs]
36.844: [GC 2170455K->456164K(2301312K), 0.0317580 secs]
37.661: [GC 2182820K->458733K(2302336K), 0.0294250 secs]
38.495: [GC 2189546K->460737K(2302464K), 0.0306780 secs]
39.419: [GC 2190412K->466736K(2305472K), 0.0323290 secs]
40.337: [GC 2203696K->480453K(2305728K), 0.0313720 secs]
41.233: [GC 2217413K->477999K(2307840K), 0.0310510 secs]
42.218: [GC 2220849K->490431K(2306624K), 0.0300350 secs]
43.149: [GC 2233727K->489765K(2312064K), 0.0311860 secs]
44.041: [GC 2243097K->499216K(2310848K), 0.0334770 secs]
44.961: [GC 2253136K->498467K(2319040K), 0.0418730 secs]
45.877: [GC 2262372K->500237K(2319360K), 0.0308660 secs]
46.759: [GC 2265741K->504162K(2322816K), 0.0332110 secs]
47.648: [GC 2275930K->516874K(2322432K), 0.0346090 secs]
48.615: [GC 2288181K->518756K(2325568K), 0.0341360 secs]
49.558: [GC 2291594K->516016K(2306560K), 0.0334850 secs]
50.496: [GC 2290182K->524902K(2325184K), 0.0347030 secs]
51.460: [GC 2299366K->529548K(2315328K), 0.0364620 secs]
52.440: [GC 2304012K->538319K(2319616K), 0.0369480 secs]
52.477: [Full GC 538319K->208876K(2347648K), 0.6997980 secs]
54.108: [GC 1974235K->232919K(2239808K), 0.0109550 secs]
55.072: [GC 1998342K->242363K(2323136K), 0.0273580 secs]
56.031: [GC 1967526K->256818K(2223808K), 0.0166030 secs]
56.938: [GC 1983154K->265083K(2328832K), 0.0175580 secs]
57.872: [GC 1987067K->277164K(2240192K), 0.0212550 secs]
58.764: [GC 1999335K->292653K(2330944K), 0.0260890 secs]
59.672: [GC 2021047K->301228K(2324608K), 0.0290420 secs]
60.546: [GC 2028409K->306307K(2330368K), 0.0278210 secs]
61.480: [GC 2043108K->314953K(2328832K), 0.0296030 secs]
62.485: [GC 2053001K->319991K(2336832K), 0.0316430 secs]
