0.537: [GC 95424K->59877K(365760K), 0.0717140 secs]
0.694: [GC 155301K->119805K(461184K), 0.0924310 secs]
1.287: [GC 309925K->174957K(461184K), 0.0742300 secs]
1.725: [GC 364324K->175271K(652032K), 0.0455680 secs]
2.821: [GC 555635K->178128K(652032K), 0.0111630 secs]
3.568: [GC 558113K->180361K(1113216K), 0.0150520 secs]
5.224: [GC 943753K->184867K(1113472K), 0.0111590 secs]
7.111: [GC 946868K->188169K(1871744K), 0.0091090 secs]
10.772: [GC 1714325K->195692K(1873344K), 0.0094860 secs]
14.433: [GC 1721573K->206066K(2191232K), 0.0142490 secs]
18.755: [GC 2059226K->211690K(2193856K), 0.0177070 secs]
22.744: [GC 2064704K->223938K(2199616K), 0.0121470 secs]
22.756: [Full GC 223938K->182879K(2329984K), 0.5956400 secs]
27.287: [GC 2051594K->203680K(2332864K), 0.0458030 secs]
31.264: [GC 2072285K->213945K(2332480K), 0.0274550 secs]
35.501: [GC 2092920K->218951K(2337152K), 0.0556010 secs]
39.883: [GC 2098295K->227924K(2348608K), 0.0140230 secs]
44.569: [GC 2121201K->235313K(2331584K), 0.0563110 secs]
49.255: [GC 2127671K->244082K(2334784K), 0.0214080 secs]
53.343: [GC 2118857K->244485K(2322304K), 0.0198650 secs]
57.771: [GC 2118754K->251544K(2323648K), 0.0565910 secs]
