0.542: [GC 95424K->59882K(365760K), 0.0833750 secs]
0.711: [GC 155306K->119826K(461184K), 0.1040480 secs]
1.203: [GC 309943K->172674K(461184K), 0.0471680 secs]
1.533: [GC 362017K->176893K(652032K), 0.0122140 secs]
2.256: [GC 557670K->182049K(652032K), 0.0163710 secs]
2.816: [GC 562197K->187857K(1109952K), 0.0146130 secs]
4.060: [GC 950239K->189699K(1110272K), 0.0130300 secs]
5.203: [GC 951478K->192191K(1870272K), 0.0175130 secs]
7.665: [GC 1717905K->203972K(1871360K), 0.0637990 secs]
10.302: [GC 1730199K->209421K(2195968K), 0.0419200 secs]
13.358: [GC 2067648K->213115K(2196800K), 0.0194510 secs]
13.377: [Full GC 213115K->182995K(2326464K), 0.4962520 secs]
16.575: [GC 2042003K->208636K(2329792K), 0.0119540 secs]
19.220: [GC 2078684K->216468K(2333056K), 0.0149300 secs]
22.044: [GC 2084598K->223037K(2339072K), 0.0253060 secs]
24.899: [GC 2103878K->235085K(2339456K), 0.0234080 secs]
27.606: [GC 2117412K->240690K(2335744K), 0.0285250 secs]
30.350: [GC 2114714K->250340K(2327360K), 0.0396610 secs]
33.174: [GC 2125593K->250312K(2322688K), 0.0313040 secs]
35.822: [GC 2101900K->259520K(2312576K), 0.0339350 secs]
38.667: [GC 2110457K->268941K(2301952K), 0.0440300 secs]
41.452: [GC 2086970K->272816K(2292480K), 0.0410460 secs]
44.218: [GC 2090286K->278145K(2284992K), 0.0433270 secs]
46.959: [GC 2061697K->281982K(2266688K), 0.0468940 secs]
49.704: [GC 2064610K->286351K(2269824K), 0.0460000 secs]
52.478: [GC 2037711K->288805K(2241408K), 0.0490930 secs]
55.262: [GC 2039553K->294320K(2256320K), 0.0546630 secs]
57.921: [GC 2015622K->291831K(2210624K), 0.0585370 secs]
60.600: [GC 2014932K->297876K(2256256K), 0.0563730 secs]
