1.158: [GC 95424K->31580K(365760K), 0.0682890 secs]
1.385: [GC 127004K->64808K(461184K), 0.0742200 secs]
1.763: [GC 255656K->133319K(461184K), 0.1374300 secs]
2.186: [GC 324167K->195886K(652032K), 0.1515010 secs]
2.337: [Full GC 195886K->195882K(816320K), 0.5547780 secs]
3.506: [GC 577578K->238037K(816320K), 0.0464370 secs]
3.889: [GC 619733K->251873K(1092800K), 0.0794340 secs]
4.216: [GC 826322K->256404K(1094400K), 0.0458320 secs]
4.491: [GC 832788K->265167K(1357312K), 0.0431280 secs]
4.899: [GC 1120183K->271508K(1367488K), 0.0232310 secs]
5.296: [GC 1126049K->272591K(1542400K), 0.0251690 secs]
5.772: [GC 1334863K->275897K(1565504K), 0.0247770 secs]
6.207: [GC 1338169K->286058K(1772736K), 0.0319730 secs]
6.792: [GC 1566698K->294288K(1783872K), 0.0486170 secs]
7.391: [GC 1574725K->295313K(2026432K), 0.0408540 secs]
8.189: [GC 1818577K->305598K(2034688K), 0.0557720 secs]
8.979: [GC 1827164K->307669K(2300096K), 0.0452670 secs]
9.857: [GC 2091731K->316157K(2309312K), 0.0669570 secs]
10.778: [GC 2100015K->319049K(2326912K), 0.0495130 secs]
11.657: [GC 2113217K->326059K(2317568K), 0.0877670 secs]
12.626: [GC 2119919K->328602K(2318848K), 0.0898590 secs]
13.585: [GC 2099203K->330790K(2281088K), 0.0474420 secs]
14.482: [GC 2102310K->336915K(2318784K), 0.0363870 secs]
15.333: [GC 2103731K->346271K(2284800K), 0.0590850 secs]
16.238: [GC 2112360K->343613K(2317760K), 0.0828830 secs]
17.194: [GC 2105170K->352138K(2283712K), 0.0596240 secs]
18.131: [GC 2114099K->358585K(2311424K), 0.0549920 secs]
19.042: [GC 2112398K->367138K(2279232K), 0.0514190 secs]
20.021: [GC 2120994K->369676K(2309312K), 0.0458780 secs]
20.913: [GC 2116537K->370099K(2310272K), 0.0492750 secs]
21.772: [GC 2116219K->381780K(2308928K), 0.0453680 secs]
22.707: [GC 2126540K->380643K(2309952K), 0.0430540 secs]
23.525: [GC 2126784K->391974K(2306688K), 0.0458260 secs]
24.426: [GC 2134668K->396019K(2275072K), 0.0474120 secs]
25.343: [GC 2138906K->402972K(2304448K), 0.0479420 secs]
26.197: [GC 2141443K->400175K(2306048K), 0.0462620 secs]
27.067: [GC 2137728K->405745K(2305664K), 0.0503540 secs]
27.945: [GC 2144295K->416034K(2277184K), 0.0515400 secs]
28.827: [GC 2152995K->422213K(2298752K), 0.0490570 secs]
29.762: [GC 2151071K->417327K(2301376K), 0.0497490 secs]
30.690: [GC 2145756K->419568K(2296512K), 0.0482710 secs]
31.621: [GC 2149200K->425321K(2299520K), 0.0519090 secs]
32.605: [GC 2155802K->420115K(2297216K), 0.0506830 secs]
33.487: [GC 2156628K->428052K(2300992K), 0.0479860 secs]
34.386: [GC 2165472K->438521K(2307392K), 0.0492970 secs]
35.284: [GC 2188259K->433363K(2309248K), 0.0453160 secs]
36.186: [GC 2184019K->440040K(2310016K), 0.0458090 secs]
37.114: [GC 2197526K->451784K(2311872K), 0.0491650 secs]
37.965: [GC 2210526K->452593K(2316608K), 0.0497570 secs]
38.842: [GC 2219241K->452163K(2318528K), 0.0469690 secs]
39.745: [GC 2218371K->461040K(2319552K), 0.0495550 secs]
40.670: [GC 2232369K->464161K(2320704K), 0.0487010 secs]
41.607: [GC 2235618K->469449K(2323264K), 0.0503080 secs]
42.550: [GC 2248969K->473965K(2324096K), 0.0501540 secs]
43.491: [GC 2251675K->476398K(2327424K), 0.0481260 secs]
44.326: [GC 2260390K->481363K(2327872K), 0.0515030 secs]
45.251: [GC 2265146K->486712K(2328512K), 0.0507090 secs]
46.162: [GC 2272112K->483565K(2313728K), 0.0514800 secs]
47.011: [GC 2269037K->485853K(2329856K), 0.0490070 secs]
47.951: [GC 2271737K->490783K(2328768K), 0.0496760 secs]
48.825: [GC 2278175K->497882K(2329600K), 0.0499550 secs]
49.717: [GC 2286282K->503336K(2329536K), 0.0494550 secs]
50.623: [GC 2292767K->503604K(2331520K), 0.0502740 secs]
51.566: [GC 2294483K->508637K(2332160K), 0.0506240 secs]
52.523: [GC 2299942K->516358K(2330304K), 0.0535840 secs]
53.462: [GC 2306605K->518410K(2325696K), 0.0513010 secs]
54.372: [GC 2309642K->526832K(2327488K), 0.0534990 secs]
55.235: [GC 2311581K->533875K(2327808K), 0.0535590 secs]
56.147: [GC 2319582K->539183K(2320512K), 0.0561770 secs]
56.208: [Full GC 539183K->226826K(2357632K), 0.7305550 secs]
57.782: [GC 2001623K->247543K(2251712K), 0.0131930 secs]
58.672: [GC 2021584K->258227K(2329536K), 0.0169010 secs]
59.544: [GC 1985425K->270078K(2228032K), 0.0216750 secs]
60.367: [GC 1998674K->280769K(2334144K), 0.0267620 secs]
61.153: [GC 2001129K->296331K(2246528K), 0.0365080 secs]
61.987: [GC 2015754K->304072K(2335808K), 0.0369150 secs]
62.792: [GC 2029654K->313244K(2330752K), 0.0509840 secs]
