0.535: [GC 95424K->59885K(365760K), 0.0806160 secs]
0.703: [GC 155309K->119797K(461184K), 0.0739800 secs]
1.137: [GC 310641K->163794K(461184K), 0.0714650 secs]
1.503: [GC 354451K->168698K(652032K), 0.0616490 secs]
2.361: [GC 550242K->177912K(652032K), 0.0153640 secs]
3.024: [GC 558687K->183602K(1107584K), 0.0127210 secs]
4.519: [GC 946854K->195731K(1107840K), 0.0332240 secs]
5.845: [GC 957173K->208388K(1858240K), 0.0210660 secs]
8.710: [GC 1734916K->231636K(1862976K), 0.0198490 secs]
11.418: [GC 1758135K->252122K(2204992K), 0.0253000 secs]
11.444: [Full GC 252122K->176931K(2329536K), 0.5876280 secs]
15.303: [GC 2042749K->212324K(2281856K), 0.0133020 secs]
18.541: [GC 2079655K->235871K(2327488K), 0.0189010 secs]
21.832: [GC 2101532K->257614K(2326336K), 0.0256370 secs]
24.962: [GC 2123157K->268258K(2294720K), 0.0262220 secs]
28.095: [GC 2094258K->283528K(2276544K), 0.0359980 secs]
31.176: [GC 2110784K->298128K(2297280K), 0.0246410 secs]
34.431: [GC 2110296K->311689K(2290240K), 0.0280170 secs]
37.723: [GC 2122993K->324865K(2268736K), 0.0318100 secs]
40.686: [GC 2092412K->338823K(2273216K), 0.0346590 secs]
43.774: [GC 2106775K->350388K(2226752K), 0.0371950 secs]
46.655: [GC 2055729K->351994K(2223872K), 0.0370610 secs]
49.410: [GC 2056652K->358052K(2211072K), 0.0386740 secs]
52.246: [GC 2011799K->359606K(2179136K), 0.0389450 secs]
55.149: [GC 2012200K->366410K(2192512K), 0.0408510 secs]
57.970: [GC 1977785K->368634K(2146432K), 0.0419160 secs]
60.726: [GC 1979921K->368673K(2181440K), 0.0415100 secs]
