0.538: [GC 95424K->59874K(365760K), 0.1033910 secs]
0.722: [GC 155298K->119794K(461184K), 0.0993150 secs]
1.133: [GC 308760K->164023K(461184K), 0.0707340 secs]
1.457: [GC 354695K->168974K(652032K), 0.0228120 secs]
2.113: [GC 549677K->178540K(652032K), 0.0219010 secs]
2.648: [GC 560019K->185197K(1107200K), 0.0097760 secs]
3.805: [GC 947081K->198998K(1107584K), 0.0150040 secs]
4.872: [GC 962242K->209035K(1858688K), 0.0297640 secs]
7.262: [GC 1735285K->235217K(1862976K), 0.0268110 secs]
9.399: [GC 1761464K->255253K(2203520K), 0.0252430 secs]
9.424: [Full GC 255253K->176990K(2326400K), 0.4966440 secs]
12.649: [GC 2041193K->212931K(2278528K), 0.0149500 secs]
15.356: [GC 2076869K->238047K(2324416K), 0.0186420 secs]
18.039: [GC 2100619K->254849K(2319488K), 0.0233440 secs]
20.659: [GC 2118305K->269827K(2296448K), 0.0269420 secs]
23.249: [GC 2094948K->284312K(2308224K), 0.0288890 secs]
25.864: [GC 2108832K->294735K(2268928K), 0.0437340 secs]
28.387: [GC 2081146K->298533K(2256576K), 0.0254650 secs]
30.897: [GC 2083659K->316501K(2262784K), 0.0309890 secs]
33.399: [GC 2071332K->323168K(2250368K), 0.0320300 secs]
35.863: [GC 2079072K->332154K(2239552K), 0.0342880 secs]
38.311: [GC 2042640K->340051K(2223040K), 0.0357380 secs]
40.764: [GC 2050632K->336855K(2222912K), 0.0363120 secs]
43.151: [GC 2007035K->352301K(2195264K), 0.0388390 secs]
45.610: [GC 2023968K->359335K(2196032K), 0.0404520 secs]
47.961: [GC 1984295K->363177K(2159424K), 0.0414730 secs]
50.286: [GC 1986865K->365687K(2179968K), 0.0413890 secs]
52.586: [GC 1952631K->365907K(2124096K), 0.0418740 secs]
54.886: [GC 1951302K->368693K(2172288K), 0.0419350 secs]
57.084: [GC 1931420K->368900K(2099776K), 0.0416560 secs]
59.299: [GC 1932419K->369625K(2175168K), 0.0412390 secs]
