1.150: [GC 94789K->30485K(365760K), 0.0627830 secs]
1.375: [GC 125909K->63370K(461184K), 0.0684090 secs]
1.737: [GC 254218K->133397K(461184K), 0.1164340 secs]
2.132: [GC 324245K->196016K(652032K), 0.1112760 secs]
2.244: [Full GC 196016K->195989K(817792K), 0.4586890 secs]
3.399: [GC 577331K->233833K(817792K), 0.0278500 secs]
3.846: [GC 614016K->247253K(1053440K), 0.0134990 secs]
4.361: [GC 802069K->263084K(1076096K), 0.0162280 secs]
4.831: [GC 816961K->270467K(1235072K), 0.0172670 secs]
5.504: [GC 1022105K->274798K(1263936K), 0.0203150 secs]
6.154: [GC 1026308K->281324K(1375744K), 0.0214680 secs]
6.899: [GC 1161566K->295900K(1389952K), 0.0230410 secs]
7.647: [GC 1176156K->301834K(1519744K), 0.0266590 secs]
8.503: [GC 1305744K->312221K(1526272K), 0.0286630 secs]
9.356: [GC 1316539K->323788K(1655488K), 0.0329980 secs]
10.249: [GC 1447935K->332636K(1666880K), 0.0332990 secs]
11.224: [GC 1456774K->345177K(1801408K), 0.0393520 secs]
12.277: [GC 1590283K->356870K(1815872K), 0.0381670 secs]
13.276: [GC 1601981K->358839K(1915072K), 0.0420700 secs]
14.375: [GC 1687647K->368517K(1928320K), 0.0421510 secs]
15.495: [GC 1698489K->372658K(2035200K), 0.0454800 secs]
16.673: [GC 1794107K->376181K(2044544K), 0.0395030 secs]
17.782: [GC 1799270K->386663K(2149568K), 0.0439670 secs]
19.076: [GC 1906500K->390373K(2157440K), 0.0414180 secs]
20.332: [GC 1911205K->397807K(2221504K), 0.0439450 secs]
21.627: [GC 1976249K->394954K(2152704K), 0.0413860 secs]
22.939: [GC 1972536K->399638K(2222080K), 0.0424990 secs]
24.315: [GC 1970838K->405037K(2149952K), 0.0424770 secs]
25.579: [GC 1975189K->406056K(2222720K), 0.0424110 secs]
26.868: [GC 1973642K->408562K(2143296K), 0.0420880 secs]
28.094: [GC 1977154K->410470K(2222912K), 0.0422840 secs]
29.417: [GC 1980915K->411555K(2220352K), 0.0410900 secs]
30.716: [GC 1982429K->419195K(2222720K), 0.0475590 secs]
32.056: [GC 1996667K->424055K(2220672K), 0.0493750 secs]
33.352: [GC 2001494K->428944K(2231232K), 0.0549670 secs]
34.792: [GC 2018320K->433603K(2229568K), 0.0440950 secs]
36.128: [GC 2021649K->443079K(2232192K), 0.0451670 secs]
37.507: [GC 2036103K->443983K(2233280K), 0.0463150 secs]
38.874: [GC 2036411K->447867K(2232960K), 0.0470300 secs]
40.251: [GC 2044347K->453993K(2234560K), 0.0457880 secs]
41.660: [GC 2048616K->462059K(2235648K), 0.0478600 secs]
43.079: [GC 2059289K->462251K(2237056K), 0.0467810 secs]
44.463: [GC 2058978K->466128K(2233728K), 0.0472340 secs]
45.875: [GC 2063884K->469520K(2235712K), 0.0473620 secs]
47.223: [GC 2067836K->472485K(2235456K), 0.0454260 secs]
48.589: [GC 2075301K->473239K(2237696K), 0.0461660 secs]
49.975: [GC 2075337K->474851K(2236480K), 0.0464890 secs]
51.349: [GC 2083171K->479781K(2239040K), 0.0460310 secs]
52.710: [GC 2087298K->487365K(2243776K), 0.0471490 secs]
54.165: [GC 2103109K->492664K(2245120K), 0.0481500 secs]
55.614: [GC 2107557K->492130K(2245440K), 0.0470220 secs]
57.000: [GC 2108834K->494859K(2245760K), 0.0478920 secs]
58.349: [GC 2111524K->496582K(2246208K), 0.0474010 secs]
59.706: [GC 2114904K->502462K(2246208K), 0.0485850 secs]
61.153: [GC 2121726K->500247K(2243648K), 0.0479580 secs]
62.618: [GC 2122286K->505518K(2246144K), 0.0468470 secs]
