0.532: [GC 95424K->59877K(365760K), 0.0925470 secs]
0.712: [GC 155301K->119817K(461184K), 0.0754490 secs]
1.145: [GC 310424K->168582K(461184K), 0.0891530 secs]
1.455: [GC 359430K->170032K(652032K), 0.0093500 secs]
1.963: [GC 550127K->175949K(652032K), 0.0150390 secs]
2.431: [GC 556592K->177248K(1109312K), 0.0080810 secs]
3.498: [GC 938749K->184086K(1109760K), 0.0256360 secs]
4.546: [GC 947021K->189970K(1866112K), 0.0139260 secs]
6.668: [GC 1714918K->207772K(1868352K), 0.0135060 secs]
8.443: [GC 1731779K->219618K(2198208K), 0.0185030 secs]
10.721: [GC 2084642K->239376K(2198656K), 0.0301590 secs]
10.751: [Full GC 239376K->179323K(2334912K), 0.5874240 secs]
13.523: [GC 2042713K->209818K(2344576K), 0.0110920 secs]
15.686: [GC 2089189K->231378K(2344320K), 0.0251420 secs]
17.890: [GC 2111744K->242312K(2340288K), 0.0312340 secs]
20.089: [GC 2115425K->252296K(2338176K), 0.0229390 secs]
22.311: [GC 2124846K->267185K(2313984K), 0.0455340 secs]
24.441: [GC 2100537K->275883K(2322304K), 0.0313040 secs]
26.568: [GC 2109204K->283026K(2279040K), 0.0308490 secs]
28.566: [GC 2065543K->288907K(2284544K), 0.0412120 secs]
30.654: [GC 2072317K->293450K(2265728K), 0.0457140 secs]
32.671: [GC 2029086K->300208K(2248576K), 0.0327400 secs]
34.737: [GC 2037033K->305511K(2244352K), 0.0575330 secs]
36.676: [GC 1997289K->313711K(2218048K), 0.0545160 secs]
38.684: [GC 2005347K->307034K(2231424K), 0.0397780 secs]
40.592: [GC 1964646K->314942K(2184384K), 0.0743720 secs]
42.454: [GC 1971515K->322282K(2214208K), 0.0365350 secs]
44.270: [GC 1949293K->327903K(2161920K), 0.0387820 secs]
46.089: [GC 1954305K->331631K(2208768K), 0.0385160 secs]
47.917: [GC 1938121K->336278K(2140928K), 0.0388040 secs]
49.748: [GC 1942809K->337442K(2208320K), 0.0380420 secs]
51.557: [GC 1937913K->341595K(2209088K), 0.0388870 secs]
53.379: [GC 1942619K->345358K(2208320K), 0.0387750 secs]
55.250: [GC 1944501K->348594K(2208704K), 0.0383430 secs]
57.113: [GC 1948684K->352094K(2207936K), 0.0388920 secs]
58.944: [GC 1953676K->352705K(2208640K), 0.0391030 secs]
60.766: [GC 1954363K->354244K(2205632K), 0.0388970 secs]
