0.557: [GC 95424K->59890K(365760K), 0.1067630 secs]
0.752: [GC 155314K->119846K(461184K), 0.0769870 secs]
1.178: [GC 310694K->169352K(461184K), 0.0524310 secs]
1.471: [GC 359709K->173883K(652032K), 0.0506840 secs]
2.013: [GC 555556K->179362K(652032K), 0.0218080 secs]
2.467: [GC 560837K->181546K(1109056K), 0.0255270 secs]
3.416: [GC 944218K->185995K(1109568K), 0.0170580 secs]
4.289: [GC 947845K->192183K(1867712K), 0.0108820 secs]
6.229: [GC 1717298K->212353K(1869504K), 0.0145490 secs]
7.966: [GC 1737838K->228678K(2198336K), 0.0169040 secs]
10.202: [GC 2087699K->247884K(2197120K), 0.0400000 secs]
10.243: [Full GC 247884K->178179K(2328448K), 0.4809980 secs]
12.788: [GC 2038149K->209391K(2336000K), 0.0266860 secs]
14.925: [GC 2081903K->226084K(2334400K), 0.0179790 secs]
17.038: [GC 2097082K->247701K(2329728K), 0.0484700 secs]
19.222: [GC 2115200K->260758K(2336192K), 0.0247690 secs]
21.383: [GC 2128534K->272687K(2290496K), 0.0282370 secs]
23.508: [GC 2090810K->286267K(2290880K), 0.0302370 secs]
25.596: [GC 2105428K->294463K(2288768K), 0.0269020 secs]
27.629: [GC 2080189K->308516K(2281280K), 0.0539590 secs]
29.728: [GC 2095873K->317472K(2260160K), 0.0330280 secs]
31.708: [GC 2054263K->321968K(2245568K), 0.0336130 secs]
33.695: [GC 2059465K->334319K(2233984K), 0.0366070 secs]
35.635: [GC 2021290K->341925K(2215104K), 0.0390490 secs]
37.547: [GC 2029847K->345213K(2210944K), 0.0388620 secs]
39.415: [GC 1983005K->346474K(2169600K), 0.0389770 secs]
41.271: [GC 1983412K->349559K(2197120K), 0.0398400 secs]
43.109: [GC 1951339K->346854K(2135168K), 0.0388780 secs]
44.953: [GC 1948240K->353535K(2188928K), 0.0415080 secs]
46.798: [GC 1934251K->358091K(2121024K), 0.0426890 secs]
48.659: [GC 1939231K->360209K(2187840K), 0.0407960 secs]
50.495: [GC 1930460K->363593K(2189248K), 0.0411590 secs]
52.317: [GC 1934252K->357815K(2180416K), 0.0387740 secs]
54.100: [GC 1927735K->366122K(2185024K), 0.0397950 secs]
55.927: [GC 1937706K->368582K(2185984K), 0.0402740 secs]
57.766: [GC 1951224K->372281K(2191040K), 0.0405440 secs]
59.576: [GC 1954601K->376145K(2191552K), 0.0395800 secs]
