1.150: [GC 94789K->30497K(365760K), 0.0878530 secs]
1.398: [GC 125921K->63390K(461184K), 0.0827650 secs]
1.780: [GC 254238K->134509K(461184K), 0.1105630 secs]
2.176: [GC 325357K->197096K(652032K), 0.1427610 secs]
2.319: [Full GC 197096K->197067K(821248K), 0.5911210 secs]
3.693: [GC 577879K->237075K(821248K), 0.0252480 secs]
3.910: [GC 618502K->244523K(1063424K), 0.0151680 secs]
4.206: [GC 794902K->260773K(1078592K), 0.0189910 secs]
4.503: [GC 811235K->258984K(1250944K), 0.0178760 secs]
4.950: [GC 1014101K->272722K(1274496K), 0.0231280 secs]
5.356: [GC 1027681K->273981K(1393600K), 0.0231580 secs]
5.839: [GC 1168376K->277706K(1407936K), 0.0256940 secs]
6.387: [GC 1173770K->289815K(1549568K), 0.0314030 secs]
6.942: [GC 1330004K->296868K(1554880K), 0.0328680 secs]
7.435: [GC 1336342K->307039K(1713792K), 0.0375750 secs]
8.077: [GC 1500910K->313041K(1721408K), 0.0396130 secs]
8.707: [GC 1505992K->325295K(1900992K), 0.0433330 secs]
9.423: [GC 1691503K->331344K(1912000K), 0.0467820 secs]
10.107: [GC 1696613K->340829K(2047808K), 0.0514210 secs]
10.894: [GC 1830012K->349792K(2059968K), 0.0513050 secs]
11.670: [GC 1840172K->354158K(2214720K), 0.0541390 secs]
12.533: [GC 1985509K->359607K(2223168K), 0.0502470 secs]
13.401: [GC 1992056K->371283K(2268800K), 0.0521420 secs]
14.253: [GC 2042451K->364724K(2220032K), 0.0521960 secs]
15.085: [GC 2034684K->367764K(2271040K), 0.0514790 secs]
15.961: [GC 2028260K->377334K(2216832K), 0.0524240 secs]
16.851: [GC 2039330K->382473K(2264384K), 0.0565420 secs]
17.641: [GC 2033417K->390754K(2209984K), 0.0575450 secs]
18.466: [GC 2041078K->395111K(2262208K), 0.0564180 secs]
19.298: [GC 2037398K->404291K(2207232K), 0.0529090 secs]
20.115: [GC 2046671K->391372K(2266496K), 0.0538040 secs]
20.940: [GC 2035875K->396134K(2191296K), 0.0535640 secs]
21.774: [GC 2040153K->395292K(2263552K), 0.0526680 secs]
22.596: [GC 2046294K->405038K(2256448K), 0.0542070 secs]
23.405: [GC 2056009K->417424K(2267456K), 0.0565690 secs]
24.237: [GC 2084864K->417926K(2266496K), 0.0551210 secs]
25.073: [GC 2084407K->417202K(2279936K), 0.0536570 secs]
25.876: [GC 2104272K->432069K(2280256K), 0.0572260 secs]
26.737: [GC 2119432K->431082K(2287744K), 0.0579510 secs]
27.583: [GC 2128980K->437689K(2289088K), 0.0584660 secs]
28.483: [GC 2135737K->443481K(2290624K), 0.0594900 secs]
29.352: [GC 2144624K->455940K(2268096K), 0.0564350 secs]
30.196: [GC 2156885K->452620K(2292416K), 0.0563310 secs]
31.074: [GC 2150397K->453134K(2251200K), 0.0550360 secs]
31.954: [GC 2151337K->456202K(2289536K), 0.0543150 secs]
32.808: [GC 2157411K->462750K(2286976K), 0.0564580 secs]
33.691: [GC 2163450K->464675K(2296064K), 0.0585300 secs]
34.767: [GC 2176959K->472181K(2294592K), 0.0593900 secs]
35.653: [GC 2183683K->473616K(2297856K), 0.0579010 secs]
36.516: [GC 2191431K->477054K(2298752K), 0.0584350 secs]
37.387: [GC 2194982K->479862K(2299584K), 0.0568800 secs]
38.281: [GC 2202510K->477006K(2300288K), 0.0535990 secs]
39.153: [GC 2199560K->491011K(2304192K), 0.0572570 secs]
40.077: [GC 2221654K->495528K(2305536K), 0.0582090 secs]
41.015: [GC 2227726K->493639K(2307584K), 0.0543840 secs]
41.889: [GC 2230112K->495410K(2308608K), 0.0551600 secs]
42.824: [GC 2233177K->505164K(2308992K), 0.0561950 secs]
43.729: [GC 2247403K->509746K(2311104K), 0.0536030 secs]
44.593: [GC 2252513K->510373K(2312960K), 0.0539980 secs]
45.504: [GC 2257541K->516380K(2314176K), 0.0541550 secs]
46.405: [GC 2263227K->525259K(2316160K), 0.0580310 secs]
47.306: [GC 2275752K->525446K(2317248K), 0.0599280 secs]
48.193: [GC 2277638K->528963K(2317440K), 0.0575990 secs]
49.053: [GC 2281857K->537548K(2313280K), 0.0578220 secs]
49.960: [GC 2291276K->530597K(2317824K), 0.0569380 secs]
50.858: [GC 2281827K->539605K(2305344K), 0.0553790 secs]
51.744: [GC 2289651K->548278K(2315008K), 0.0581510 secs]
52.649: [GC 2297118K->542587K(2316352K), 0.0557340 secs]
52.705: [Full GC 542587K->208699K(2333312K), 0.7046740 secs]
54.241: [GC 1958239K->231798K(2301696K), 0.0140400 secs]
55.061: [GC 1950130K->247103K(2198656K), 0.0200870 secs]
55.892: [GC 1965356K->259715K(2300288K), 0.0243360 secs]
56.697: [GC 1951747K->272693K(2196672K), 0.0280400 secs]
57.527: [GC 1962983K->276929K(2306240K), 0.0354100 secs]
58.406: [GC 1970319K->284271K(2209920K), 0.0346700 secs]
59.259: [GC 1976922K->297900K(2306944K), 0.0378560 secs]
60.106: [GC 1997641K->304696K(2300736K), 0.0412800 secs]
61.016: [GC 2004335K->306410K(2308736K), 0.0436040 secs]
61.884: [GC 2019782K->313312K(2304000K), 0.0465060 secs]
62.769: [GC 2027045K->320235K(2319680K), 0.0490260 secs]
