0.525: [GC 95424K->59885K(365760K), 0.1254400 secs]
0.732: [GC 155309K->119833K(461184K), 0.0918010 secs]
1.283: [GC 310566K->163916K(461184K), 0.0609910 secs]
1.855: [GC 353709K->171291K(652032K), 0.0300380 secs]
2.855: [GC 552987K->179635K(652032K), 0.0556710 secs]
4.042: [GC 560305K->187008K(1107136K), 0.0482420 secs]
6.335: [GC 949364K->196458K(1107584K), 0.0138280 secs]
8.659: [GC 959850K->206323K(1860032K), 0.0137890 secs]
13.778: [GC 1731322K->227510K(1863872K), 0.0187990 secs]
19.044: [GC 1754294K->241067K(2200064K), 0.0212990 secs]
19.076: [Full GC 241067K->175682K(2313408K), 0.5856850 secs]
25.749: [GC 2048002K->201990K(2318080K), 0.0095280 secs]
31.799: [GC 2074310K->225710K(2320000K), 0.0194130 secs]
38.110: [GC 2106222K->250853K(2323136K), 0.0239730 secs]
44.698: [GC 2129695K->276189K(2322368K), 0.0206100 secs]
50.957: [GC 2158557K->292825K(2326848K), 0.0245250 secs]
57.264: [GC 2175193K->310169K(2306112K), 0.0345200 secs]
