0.530: [GC 95424K->59906K(365760K), 0.1159180 secs]
0.726: [GC 155330K->119846K(461184K), 0.0857070 secs]
1.273: [GC 310380K->165612K(461184K), 0.0373440 secs]
1.786: [GC 355572K->171161K(652032K), 0.0135900 secs]
2.698: [GC 552683K->179600K(652032K), 0.0143570 secs]
3.701: [GC 560442K->187594K(1106944K), 0.0316220 secs]
5.713: [GC 949782K->197306K(1107648K), 0.0349250 secs]
7.710: [GC 958907K->203756K(1861248K), 0.0121640 secs]
11.912: [GC 1730540K->224227K(1864512K), 0.0177980 secs]
16.217: [GC 1751011K->244983K(2206208K), 0.0225310 secs]
16.240: [Full GC 244983K->176576K(2327488K), 0.5876050 secs]
21.771: [GC 2049300K->202686K(2327680K), 0.0098370 secs]
26.878: [GC 2075454K->222524K(2328960K), 0.0182900 secs]
32.231: [GC 2100732K->246790K(2330304K), 0.0178700 secs]
37.400: [GC 2123156K->268697K(2314368K), 0.0239130 secs]
42.814: [GC 2129022K->283517K(2323776K), 0.0264150 secs]
47.981: [GC 2143869K->304192K(2286528K), 0.0359300 secs]
53.281: [GC 2126860K->317130K(2290368K), 0.0321370 secs]
58.341: [GC 2140234K->331567K(2271424K), 0.0299940 secs]
