1.165: [GC 94788K->30493K(365760K), 0.0552670 secs]
1.378: [GC 125917K->63394K(461184K), 0.0545170 secs]
1.725: [GC 254242K->133981K(461184K), 0.0846550 secs]
2.088: [GC 324829K->196536K(652032K), 0.1866900 secs]
2.274: [Full GC 196536K->196501K(817792K), 0.4541760 secs]
3.483: [GC 578197K->225904K(817792K), 0.0280370 secs]
3.902: [GC 607600K->229617K(1061504K), 0.0128690 secs]
4.485: [GC 786149K->235473K(1082880K), 0.0143770 secs]
5.008: [GC 793132K->240530K(1246720K), 0.0173500 secs]
5.817: [GC 997906K->247829K(1276160K), 0.0520340 secs]
6.642: [GC 1005205K->251690K(1374912K), 0.0172840 secs]
7.711: [GC 1142506K->256988K(1399936K), 0.0185360 secs]
8.779: [GC 1147804K->264191K(1495232K), 0.0192000 secs]
10.243: [GC 1271935K->272344K(1513472K), 0.0299610 secs]
11.724: [GC 1280088K->281049K(1628096K), 0.0488900 secs]
13.337: [GC 1400985K->288635K(1633088K), 0.0228410 secs]
15.044: [GC 1408571K->300692K(1737152K), 0.0280670 secs]
17.178: [GC 1518036K->305295K(1746752K), 0.0284560 secs]
19.304: [GC 1522639K->318060K(1806464K), 0.0327860 secs]
21.464: [GC 1585836K->326677K(1818496K), 0.0339570 secs]
23.436: [GC 1594453K->333177K(1878080K), 0.0370400 secs]
25.627: [GC 1647801K->338626K(1887040K), 0.0319150 secs]
27.840: [GC 1653250K->346532K(1940096K), 0.0357900 secs]
30.269: [GC 1705956K->345247K(1948480K), 0.0328600 secs]
32.528: [GC 1704671K->352723K(1998464K), 0.0351560 secs]
34.821: [GC 1757011K->357836K(2003776K), 0.0357380 secs]
37.231: [GC 1762124K->363301K(2041600K), 0.0364090 secs]
39.763: [GC 1800485K->367903K(2046336K), 0.0373890 secs]
42.215: [GC 1805087K->373799K(2083072K), 0.0381880 secs]
44.864: [GC 1844583K->384193K(2086592K), 0.0392560 secs]
47.636: [GC 1854977K->385337K(2126080K), 0.0410170 secs]
50.364: [GC 1891193K->405398K(2128448K), 0.0434280 secs]
52.937: [GC 1911254K->404826K(2170880K), 0.0445330 secs]
54.900: [GC 1945498K->406932K(2174336K), 0.0407220 secs]
56.739: [GC 1947604K->404771K(2211904K), 0.0406920 secs]
58.841: [GC 1983459K->411326K(2211712K), 0.0401920 secs]
60.897: [GC 1990014K->411112K(2239424K), 0.0411320 secs]
62.940: [GC 2022696K->416776K(2240448K), 0.0397440 secs]
