0.539: [GC 95424K->59893K(365760K), 0.0851960 secs]
0.712: [GC 155317K->119817K(461184K), 0.1064580 secs]
1.179: [GC 310181K->170177K(461184K), 0.0696080 secs]
1.508: [GC 360771K->172600K(652032K), 0.0135110 secs]
2.039: [GC 553635K->176150K(652032K), 0.0106100 secs]
2.568: [GC 556630K->178601K(1110336K), 0.0225960 secs]
3.628: [GC 940445K->179934K(1110400K), 0.0201200 secs]
4.747: [GC 943262K->185645K(1870016K), 0.0129440 secs]
7.034: [GC 1710918K->194650K(1871488K), 0.0263800 secs]
9.110: [GC 1720098K->209863K(2191616K), 0.0120080 secs]
11.808: [GC 2066191K->230759K(2194880K), 0.0191030 secs]
11.827: [Full GC 230759K->181925K(2325440K), 0.4914460 secs]
14.881: [GC 2039530K->211043K(2333184K), 0.0488910 secs]
17.564: [GC 2086109K->229728K(2335104K), 0.0169990 secs]
20.179: [GC 2104912K->241190K(2335680K), 0.0181060 secs]
22.811: [GC 2115802K->252923K(2331392K), 0.0222020 secs]
25.383: [GC 2127133K->265548K(2310464K), 0.0236230 secs]
27.976: [GC 2102213K->274131K(2314432K), 0.0249860 secs]
30.552: [GC 2109751K->284965K(2277568K), 0.0277760 secs]
33.068: [GC 2069425K->292209K(2281600K), 0.0301630 secs]
35.714: [GC 2077246K->297033K(2257920K), 0.0308020 secs]
38.183: [GC 2030551K->303338K(2241280K), 0.0319140 secs]
40.595: [GC 2036416K->304792K(2238656K), 0.0316200 secs]
42.921: [GC 1994066K->310738K(2204992K), 0.0337340 secs]
45.241: [GC 2001600K->317017K(2219520K), 0.0357780 secs]
47.509: [GC 1969228K->322052K(2177664K), 0.0364150 secs]
49.791: [GC 1974054K->323754K(2205184K), 0.0361350 secs]
52.024: [GC 1942928K->320820K(2138112K), 0.0355590 secs]
54.188: [GC 1938978K->322662K(2210560K), 0.0515880 secs]
56.347: [GC 1936599K->328385K(2132544K), 0.0365680 secs]
58.566: [GC 1943513K->331438K(2211904K), 0.0354430 secs]
60.789: [GC 1947325K->334490K(2130432K), 0.0346880 secs]
