0.532: [GC 95424K->59882K(365760K), 0.0861780 secs]
0.701: [GC 155306K->119818K(461184K), 0.0966720 secs]
1.076: [GC 310156K->167425K(461184K), 0.0469980 secs]
1.328: [GC 356432K->173774K(652032K), 0.0150780 secs]
1.794: [GC 554083K->177307K(652032K), 0.0114300 secs]
2.218: [GC 558299K->181178K(1109568K), 0.0104140 secs]
3.110: [GC 943429K->188466K(1109632K), 0.0144350 secs]
3.915: [GC 951299K->193146K(1866304K), 0.0121160 secs]
5.706: [GC 1719571K->208900K(1868544K), 0.0128170 secs]
7.381: [GC 1734105K->225379K(2201024K), 0.0190210 secs]
9.497: [GC 2089639K->244043K(2200192K), 0.0340220 secs]
9.531: [Full GC 244043K->181252K(2341248K), 0.5815070 secs]
12.150: [GC 2044775K->209029K(2348672K), 0.0141450 secs]
14.227: [GC 2083761K->226763K(2346624K), 0.0180070 secs]
16.320: [GC 2102667K->239795K(2348992K), 0.0202910 secs]
18.420: [GC 2117752K->254495K(2347840K), 0.0266520 secs]
20.625: [GC 2133119K->264105K(2320704K), 0.0522370 secs]
22.719: [GC 2104681K->271946K(2328064K), 0.0267110 secs]
24.796: [GC 2112963K->279829K(2295040K), 0.0293930 secs]
26.832: [GC 2075158K->282888K(2293568K), 0.0360820 secs]
28.866: [GC 2078391K->298152K(2273536K), 0.0326590 secs]
30.824: [GC 2045141K->301831K(2264128K), 0.0749540 secs]
32.837: [GC 2049566K->306106K(2252864K), 0.0404110 secs]
34.782: [GC 2005726K->309259K(2224832K), 0.0420880 secs]
36.711: [GC 2010345K->316878K(2233728K), 0.0390220 secs]
38.615: [GC 1976982K->316609K(2192064K), 0.0356950 secs]
40.488: [GC 1977132K->319964K(2222464K), 0.0365830 secs]
42.309: [GC 1950310K->324132K(2165888K), 0.0371200 secs]
44.093: [GC 1955544K->326138K(2218560K), 0.0363120 secs]
45.904: [GC 1941345K->326432K(2147008K), 0.0505690 secs]
47.683: [GC 1942694K->329429K(2220864K), 0.0490020 secs]
49.469: [GC 1943797K->340767K(2153536K), 0.0380670 secs]
51.261: [GC 1955349K->342293K(2218432K), 0.0549670 secs]
53.075: [GC 1951329K->340823K(2144064K), 0.0378370 secs]
54.845: [GC 1950630K->348819K(2216768K), 0.0387210 secs]
56.646: [GC 1957528K->348985K(2217152K), 0.0384810 secs]
58.408: [GC 1958411K->350962K(2216640K), 0.0378810 secs]
60.195: [GC 1964924K->350986K(2217472K), 0.0371100 secs]
