1.169: [GC 95424K->31612K(365760K), 0.0518330 secs]
1.377: [GC 127036K->64064K(461184K), 0.0596540 secs]
1.733: [GC 254912K->136187K(461184K), 0.1199740 secs]
2.131: [GC 327035K->198814K(652032K), 0.1266710 secs]
2.257: [Full GC 198814K->198775K(824448K), 0.5536320 secs]
3.455: [GC 580471K->243757K(824448K), 0.0326450 secs]
3.713: [GC 624510K->255142K(1056320K), 0.0132490 secs]
3.996: [GC 798950K->260930K(1073472K), 0.0212250 secs]
4.287: [GC 805578K->261404K(1263680K), 0.0279900 secs]
4.692: [GC 1012417K->268781K(1275328K), 0.0278790 secs]
5.098: [GC 1020190K->275072K(1403968K), 0.0293020 secs]
5.579: [GC 1176745K->284938K(1417216K), 0.0268950 secs]
6.030: [GC 1185787K->290774K(1558656K), 0.0210610 secs]
6.620: [GC 1344745K->298394K(1571072K), 0.0226330 secs]
7.175: [GC 1351757K->304944K(1723456K), 0.0232960 secs]
7.778: [GC 1509496K->303626K(1730048K), 0.0253630 secs]
8.403: [GC 1507221K->313620K(1887936K), 0.0362570 secs]
9.115: [GC 1672438K->312368K(1894272K), 0.0473820 secs]
9.833: [GC 1670870K->321556K(2016832K), 0.0332900 secs]
10.597: [GC 1798210K->331232K(2023488K), 0.0338810 secs]
11.330: [GC 1808992K->343480K(2149760K), 0.0382180 secs]
12.193: [GC 1938184K->342534K(2157312K), 0.0293490 secs]
12.987: [GC 1935974K->352905K(2280832K), 0.0567330 secs]
13.881: [GC 2065390K->361619K(2286720K), 0.0372250 secs]
14.716: [GC 2074138K->369410K(2294528K), 0.0415520 secs]
15.552: [GC 2083272K->368664K(2259456K), 0.0590080 secs]
16.433: [GC 2082866K->370299K(2293376K), 0.0344610 secs]
17.262: [GC 2071508K->377057K(2247872K), 0.0321650 secs]
18.110: [GC 2078039K->381371K(2290368K), 0.0340550 secs]
18.972: [GC 2075347K->395604K(2251840K), 0.0341280 secs]
19.832: [GC 2089193K->390637K(2286464K), 0.0335350 secs]
20.646: [GC 2073764K->401441K(2240064K), 0.0442240 secs]
21.535: [GC 2083648K->401371K(2283648K), 0.0347820 secs]
22.360: [GC 2079248K->406482K(2283904K), 0.0351420 secs]
23.197: [GC 2084448K->407679K(2280320K), 0.0353520 secs]
24.054: [GC 2086082K->415520K(2282176K), 0.0358340 secs]
24.870: [GC 2093027K->414541K(2281088K), 0.0340410 secs]
25.715: [GC 2096113K->426110K(2283520K), 0.0356090 secs]
26.550: [GC 2106763K->430930K(2287744K), 0.0354510 secs]
27.391: [GC 2117514K->429337K(2237632K), 0.0356160 secs]
28.259: [GC 2115823K->433714K(2288064K), 0.0348880 secs]
29.121: [GC 2123926K->438586K(2285504K), 0.0351500 secs]
29.961: [GC 2126960K->443826K(2290816K), 0.0342050 secs]
30.822: [GC 2140510K->451410K(2289728K), 0.0384100 secs]
31.655: [GC 2148295K->445496K(2291072K), 0.0344210 secs]
32.505: [GC 2150010K->454517K(2293248K), 0.0328400 secs]
33.336: [GC 2159763K->455264K(2295488K), 0.0346410 secs]
34.136: [GC 2170992K->452162K(2298368K), 0.0322190 secs]
35.033: [GC 2167493K->456826K(2303552K), 0.0326660 secs]
35.917: [GC 2185067K->465044K(2306240K), 0.0343160 secs]
36.796: [GC 2192476K->480028K(2311104K), 0.0344470 secs]
37.676: [GC 2216416K->474675K(2312192K), 0.0338970 secs]
38.548: [GC 2211075K->476469K(2310400K), 0.0364420 secs]
39.424: [GC 2217645K->482828K(2311680K), 0.0499270 secs]
40.350: [GC 2222871K->486566K(2317376K), 0.0551340 secs]
41.218: [GC 2236350K->493364K(2317952K), 0.0540540 secs]
42.150: [GC 2243572K->502374K(2318848K), 0.0387440 secs]
43.038: [GC 2252760K->505412K(2307328K), 0.0432520 secs]
43.901: [GC 2255607K->506872K(2320704K), 0.0367650 secs]
44.783: [GC 2256559K->507792K(2301568K), 0.0395970 secs]
45.705: [GC 2257634K->510758K(2319360K), 0.0403110 secs]
46.581: [GC 2262835K->520316K(2318080K), 0.0427880 secs]
47.471: [GC 2271174K->527900K(2321216K), 0.0427000 secs]
48.349: [GC 2283216K->526457K(2322176K), 0.0445860 secs]
49.247: [GC 2281916K->525308K(2322112K), 0.0436480 secs]
50.177: [GC 2282688K->532753K(2322368K), 0.0480230 secs]
51.087: [GC 2289613K->535904K(2323904K), 0.0383700 secs]
52.040: [GC 2296972K->537754K(2324224K), 0.0361560 secs]
52.996: [GC 2299204K->548622K(2326592K), 0.0385930 secs]
53.035: [Full GC 548622K->212947K(2357824K), 0.8332580 secs]
54.805: [GC 1977969K->237233K(2247936K), 0.0122250 secs]
55.696: [GC 2002384K->250979K(2324544K), 0.0154400 secs]
56.547: [GC 1966501K->255649K(2216576K), 0.0241020 secs]
57.364: [GC 1970526K->271824K(2327424K), 0.0193160 secs]
58.163: [GC 1975117K->278119K(2227136K), 0.0218130 secs]
59.029: [GC 1981657K->285508K(2330240K), 0.0214590 secs]
59.896: [GC 1993080K->294398K(2247488K), 0.0261470 secs]
60.795: [GC 2000908K->301448K(2330496K), 0.0239530 secs]
61.652: [GC 2017696K->299387K(2324224K), 0.0251470 secs]
62.547: [GC 2015483K->308222K(2336576K), 0.0261840 secs]
