0.526: [GC 95424K->59877K(365760K), 0.0799430 secs]
0.687: [GC 155301K->119813K(461184K), 0.0887860 secs]
1.028: [GC 309442K->170894K(461184K), 0.0647300 secs]
1.315: [GC 360203K->173520K(652032K), 0.0104170 secs]
1.798: [GC 553283K->173780K(652032K), 0.0104970 secs]
2.187: [GC 553967K->181951K(1108032K), 0.0139560 secs]
3.186: [GC 943414K->186358K(1109696K), 0.0162950 secs]
4.101: [GC 948696K->189202K(1867520K), 0.0129920 secs]
6.083: [GC 1714053K->197179K(1868992K), 0.0130060 secs]
7.929: [GC 1723032K->202366K(2198784K), 0.0105120 secs]
10.420: [GC 2064009K->207884K(2200448K), 0.0493890 secs]
10.470: [Full GC 207884K->187184K(2342400K), 0.6021680 secs]
13.501: [GC 2047682K->204923K(2342592K), 0.0111080 secs]
16.100: [GC 2072548K->220220K(2345600K), 0.0116320 secs]
18.610: [GC 2087783K->226253K(2350016K), 0.0365870 secs]
20.882: [GC 2104691K->232671K(2350400K), 0.0153250 secs]
23.207: [GC 2111454K->241731K(2349568K), 0.0210510 secs]
25.743: [GC 2118425K->247695K(2334848K), 0.0208840 secs]
28.158: [GC 2124730K->259766K(2331776K), 0.0526710 secs]
30.519: [GC 2111116K->266576K(2327360K), 0.0214910 secs]
32.876: [GC 2118096K->269276K(2314880K), 0.0217050 secs]
35.159: [GC 2084976K->275764K(2302400K), 0.0231020 secs]
37.308: [GC 2092053K->280492K(2297408K), 0.0244680 secs]
39.488: [GC 2062980K->285966K(2278400K), 0.0257730 secs]
41.721: [GC 2068042K->291688K(2279872K), 0.0272660 secs]
43.861: [GC 2040132K->294514K(2252416K), 0.0274010 secs]
46.134: [GC 2042465K->299884K(2265280K), 0.0296200 secs]
48.358: [GC 2015878K->301335K(2224064K), 0.0307600 secs]
50.588: [GC 2018494K->310269K(2258560K), 0.0308060 secs]
52.722: [GC 2008225K->313986K(2208576K), 0.0312570 secs]
54.793: [GC 2011372K->314043K(2257408K), 0.0298040 secs]
56.884: [GC 2001287K->321225K(2200128K), 0.0317310 secs]
58.970: [GC 2010162K->323316K(2256896K), 0.0310340 secs]
