0.540: [GC 95424K->59882K(365760K), 0.0952690 secs]
0.723: [GC 155306K->119810K(461184K), 0.0799780 secs]
1.078: [GC 309551K->171238K(461184K), 0.0486880 secs]
1.321: [GC 361021K->173745K(652032K), 0.0907770 secs]
1.891: [GC 554989K->182017K(652032K), 0.0344900 secs]
2.346: [GC 563317K->188648K(1108608K), 0.0141290 secs]
3.281: [GC 950790K->190393K(1108864K), 0.0152570 secs]
4.151: [GC 952174K->194699K(1868864K), 0.0139100 secs]
6.000: [GC 1720215K->203923K(1870080K), 0.0272700 secs]
7.678: [GC 1729247K->217467K(2194816K), 0.0148650 secs]
9.803: [GC 2078356K->230617K(2197248K), 0.0212080 secs]
9.825: [Full GC 230617K->184636K(2329152K), 0.4890950 secs]
12.315: [GC 2045213K->215997K(2334080K), 0.0178310 secs]
14.353: [GC 2090473K->226998K(2336704K), 0.0195740 secs]
16.437: [GC 2101552K->235640K(2344832K), 0.0200540 secs]
18.564: [GC 2119537K->247211K(2333760K), 0.0213490 secs]
20.710: [GC 2130476K->255780K(2326336K), 0.0233370 secs]
22.828: [GC 2113617K->258441K(2319296K), 0.0295940 secs]
24.922: [GC 2116399K->263868K(2312320K), 0.0249760 secs]
26.997: [GC 2092924K->269653K(2302208K), 0.0301130 secs]
29.067: [GC 2100045K->279953K(2291904K), 0.0269310 secs]
31.097: [GC 2075020K->282843K(2279808K), 0.0265200 secs]
33.083: [GC 2076276K->288821K(2274816K), 0.0271540 secs]
35.014: [GC 2047431K->291683K(2252800K), 0.0286160 secs]
36.984: [GC 2049512K->295523K(2260736K), 0.0302010 secs]
38.895: [GC 2022341K->303274K(2233152K), 0.0311190 secs]
40.824: [GC 2030990K->303416K(2246656K), 0.0308330 secs]
42.711: [GC 1999440K->303863K(2197376K), 0.0316130 secs]
44.602: [GC 2001783K->309259K(2245376K), 0.0333900 secs]
46.492: [GC 1995495K->311819K(2189568K), 0.0437750 secs]
48.416: [GC 1998794K->316248K(2244992K), 0.0948750 secs]
50.389: [GC 1997633K->320495K(2186304K), 0.0348580 secs]
52.265: [GC 2003439K->322886K(2246656K), 0.0554400 secs]
54.236: [GC 2006169K->327877K(2186688K), 0.0495630 secs]
56.181: [GC 2010217K->334947K(2244032K), 0.0339530 secs]
58.110: [GC 2016927K->333803K(2244608K), 0.0318910 secs]
60.046: [GC 2016296K->337260K(2244416K), 0.0320320 secs]
