1.155: [GC 94906K->30495K(365760K), 0.0517330 secs]
1.367: [GC 125919K->63141K(461184K), 0.0638930 secs]
1.728: [GC 253989K->133711K(461184K), 0.0944280 secs]
2.102: [GC 324559K->196290K(652032K), 0.1840260 secs]
2.286: [Full GC 196290K->196252K(816512K), 0.4538820 secs]
3.380: [GC 577948K->243671K(816512K), 0.0250510 secs]
3.695: [GC 625367K->252574K(1063424K), 0.0122340 secs]
3.960: [GC 813505K->262590K(1082688K), 0.0157830 secs]
4.232: [GC 824273K->275432K(1277760K), 0.0178620 secs]
4.592: [GC 1063509K->275661K(1300864K), 0.0187480 secs]
4.962: [GC 1064653K->277152K(1457152K), 0.0332720 secs]
5.446: [GC 1236358K->281356K(1463872K), 0.0279270 secs]
5.936: [GC 1241464K->287429K(1621184K), 0.0190380 secs]
6.525: [GC 1423784K->293586K(1639040K), 0.0227210 secs]
7.077: [GC 1430316K->301785K(1828096K), 0.0385690 secs]
7.790: [GC 1624181K->306900K(1832768K), 0.0292580 secs]
8.463: [GC 1630786K->314929K(2040576K), 0.0402100 secs]
9.262: [GC 1839203K->311784K(2047808K), 0.0310510 secs]
9.988: [GC 1837506K->312499K(2192704K), 0.0273610 secs]
10.818: [GC 1980157K->325149K(2197760K), 0.0287180 secs]
11.621: [GC 1992079K->326537K(2330816K), 0.0320320 secs]
12.519: [GC 2119945K->332768K(2303040K), 0.0260450 secs]
13.388: [GC 2125989K->341344K(2325184K), 0.0279340 secs]
14.268: [GC 2122697K->342851K(2293184K), 0.0259140 secs]
15.137: [GC 2123659K->340444K(2327552K), 0.0260900 secs]
15.976: [GC 2120794K->344921K(2289408K), 0.0270700 secs]
16.906: [GC 2125261K->351029K(2325952K), 0.0304670 secs]
17.736: [GC 2129604K->358240K(2296448K), 0.0282010 secs]
18.580: [GC 2138107K->358227K(2326272K), 0.0279650 secs]
19.426: [GC 2135080K->368523K(2298432K), 0.0296110 secs]
20.264: [GC 2146794K->373336K(2320064K), 0.0299950 secs]
21.136: [GC 2143401K->380276K(2296256K), 0.0324340 secs]
21.994: [GC 2149743K->382744K(2314624K), 0.0301150 secs]
22.834: [GC 2141157K->391330K(2291264K), 0.0322920 secs]
23.657: [GC 2151527K->391437K(2310912K), 0.0325000 secs]
24.543: [GC 2141072K->401394K(2283008K), 0.0326740 secs]
25.399: [GC 2150408K->407982K(2304512K), 0.0327010 secs]
26.263: [GC 2148910K->411708K(2276736K), 0.0332710 secs]
27.092: [GC 2150985K->414828K(2304384K), 0.0333520 secs]
27.881: [GC 2150244K->419204K(2272064K), 0.0313990 secs]
28.730: [GC 2155121K->424582K(2301696K), 0.0326890 secs]
29.591: [GC 2155914K->421872K(2265088K), 0.0343750 secs]
30.484: [GC 2152832K->427541K(2303104K), 0.0330470 secs]
31.378: [GC 2160558K->428691K(2265088K), 0.0349640 secs]
32.202: [GC 2161168K->431021K(2304256K), 0.0311820 secs]
33.063: [GC 2167598K->437694K(2301888K), 0.0323520 secs]
33.965: [GC 2174910K->436818K(2305856K), 0.0329890 secs]
34.835: [GC 2181190K->441742K(2305280K), 0.0328010 secs]
35.683: [GC 2186110K->439768K(2311360K), 0.0314790 secs]
36.542: [GC 2192321K->447238K(2309632K), 0.0317780 secs]
37.381: [GC 2199933K->450832K(2315968K), 0.0322200 secs]
38.194: [GC 2212594K->456460K(2313984K), 0.0305230 secs]
39.019: [GC 2219660K->456221K(2320000K), 0.0298110 secs]
39.852: [GC 2227453K->466469K(2318464K), 0.0326750 secs]
40.742: [GC 2236223K->463095K(2324544K), 0.0313780 secs]
41.628: [GC 2241712K->468244K(2323520K), 0.0289600 secs]
42.514: [GC 2246354K->472151K(2328000K), 0.0314710 secs]
43.377: [GC 2257431K->480573K(2326912K), 0.0317490 secs]
44.231: [GC 2265625K->480131K(2330560K), 0.0312380 secs]
45.050: [GC 2268975K->491033K(2329792K), 0.0340800 secs]
45.861: [GC 2279960K->487109K(2332736K), 0.0303130 secs]
46.738: [GC 2281451K->488663K(2333184K), 0.0313190 secs]
47.640: [GC 2283159K->487586K(2334784K), 0.0301660 secs]
48.508: [GC 2283380K->502030K(2334784K), 0.0314490 secs]
49.380: [GC 2296767K->492050K(2334784K), 0.0282750 secs]
50.231: [GC 2288118K->499194K(2316800K), 0.0291580 secs]
51.099: [GC 2295413K->515710K(2331392K), 0.0332800 secs]
52.001: [GC 2307712K->502716K(2333568K), 0.0332810 secs]
52.852: [GC 2296252K->506456K(2332864K), 0.0326930 secs]
53.727: [GC 2299837K->520220K(2333376K), 0.0325230 secs]
53.759: [Full GC 520220K->227411K(2378624K), 0.7169530 secs]
55.268: [GC 2020194K->255034K(2357376K), 0.0111570 secs]
56.064: [GC 2028121K->269744K(2280384K), 0.0149760 secs]
56.851: [GC 2043500K->285032K(2360832K), 0.0169240 secs]
57.688: [GC 2043305K->287708K(2361984K), 0.0190320 secs]
58.517: [GC 2046347K->298389K(2356032K), 0.0214310 secs]
59.350: [GC 2058029K->312420K(2359168K), 0.0244500 secs]
60.187: [GC 2071628K->313534K(2359040K), 0.0251200 secs]
61.032: [GC 2083968K->318813K(2361344K), 0.0253150 secs]
61.909: [GC 2089386K->328345K(2371200K), 0.0280990 secs]
62.771: [GC 2108650K->337899K(2356864K), 0.0293790 secs]
