0.535: [GC 95424K->59873K(365760K), 0.0759320 secs]
0.692: [GC 155297K->119801K(461184K), 0.0779140 secs]
1.372: [GC 310051K->166531K(461184K), 0.0790040 secs]
2.301: [GC 357070K->170911K(652032K), 0.0265240 secs]
3.913: [GC 551501K->172961K(652032K), 0.0095760 secs]
5.440: [GC 554657K->174176K(1110208K), 0.0166630 secs]
9.571: [GC 936006K->177205K(1110336K), 0.0157460 secs]
13.132: [GC 939601K->180056K(1870336K), 0.0095050 secs]
20.645: [GC 1706348K->188257K(1871296K), 0.0339210 secs]
28.018: [GC 1713524K->194541K(2196096K), 0.0086000 secs]
38.859: [GC 2051995K->200724K(2197056K), 0.0106540 secs]
47.422: [GC 2058361K->208547K(2201728K), 0.0099260 secs]
56.558: [GC 2076138K->215474K(2203072K), 0.0087520 secs]
56.567: [Full GC 215474K->179072K(2311424K), 0.4965770 secs]
