0.532: [GC 95424K->59882K(365760K), 0.0884400 secs]
0.701: [GC 155306K->119822K(461184K), 0.1103970 secs]
1.282: [GC 310670K->168498K(461184K), 0.0379110 secs]
1.764: [GC 357568K->171410K(652032K), 0.0101950 secs]
2.785: [GC 551746K->174674K(652032K), 0.0098720 secs]
3.608: [GC 555537K->175412K(1109952K), 0.0084680 secs]
5.485: [GC 938420K->179860K(1110336K), 0.0117430 secs]
7.242: [GC 941003K->182890K(1869696K), 0.0125910 secs]
10.656: [GC 1707852K->193051K(1870848K), 0.0089770 secs]
13.632: [GC 1717614K->198774K(2196032K), 0.0113970 secs]
17.351: [GC 2056057K->208494K(2196800K), 0.0134330 secs]
20.917: [GC 2066271K->220809K(2201728K), 0.0180910 secs]
20.936: [Full GC 220809K->179080K(2325312K), 0.4971250 secs]
25.118: [GC 2049289K->197382K(2326528K), 0.0088370 secs]
28.978: [GC 2067568K->208492K(2328000K), 0.0125030 secs]
32.760: [GC 2090882K->215604K(2331264K), 0.0141510 secs]
36.644: [GC 2098100K->222020K(2342976K), 0.0139440 secs]
40.535: [GC 2116473K->226875K(2321536K), 0.0272360 secs]
44.279: [GC 2121028K->233458K(2333568K), 0.0159760 secs]
47.910: [GC 2115531K->239222K(2321472K), 0.0169160 secs]
51.807: [GC 2121631K->245926K(2319616K), 0.0189530 secs]
55.568: [GC 2105680K->249262K(2308480K), 0.0191340 secs]
59.336: [GC 2109486K->256699K(2304704K), 0.0204850 secs]
