1.154: [GC 94906K->30497K(365760K), 0.0511660 secs]
1.365: [GC 125921K->63422K(461184K), 0.0675640 secs]
1.732: [GC 254270K->135597K(461184K), 0.1168450 secs]
2.132: [GC 326445K->198208K(652032K), 0.1408460 secs]
2.273: [Full GC 198208K->198163K(824064K), 0.5654010 secs]
3.368: [GC 579859K->230423K(824064K), 0.0226180 secs]
3.575: [GC 612119K->236999K(1066624K), 0.0158000 secs]
3.844: [GC 786310K->245419K(1081088K), 0.0129910 secs]
4.029: [GC 795307K->246443K(1256576K), 0.0131470 secs]
4.276: [GC 997547K->248622K(1275584K), 0.0146670 secs]
4.501: [GC 999726K->252132K(1401216K), 0.0165550 secs]
4.760: [GC 1147428K->248676K(1412288K), 0.0211200 secs]
5.013: [GC 1143972K->251823K(1550272K), 0.0151510 secs]
5.300: [GC 1304879K->251686K(1563456K), 0.0245240 secs]
5.597: [GC 1304742K->258371K(1748544K), 0.0325280 secs]
5.994: [GC 1499779K->264419K(1745408K), 0.0181790 secs]
6.389: [GC 1504334K->267456K(1948864K), 0.0291630 secs]
6.895: [GC 1714911K->274395K(1951744K), 0.0308350 secs]
7.398: [GC 1722395K->283736K(2098816K), 0.0236150 secs]
7.958: [GC 1875101K->290787K(2104192K), 0.0245090 secs]
8.528: [GC 1883235K->298138K(2253824K), 0.0281870 secs]
9.187: [GC 2033434K->303682K(2257984K), 0.0229640 secs]
9.888: [GC 2038770K->314357K(2351168K), 0.0245430 secs]
10.627: [GC 2137419K->320940K(2339328K), 0.0241890 secs]
11.383: [GC 2145580K->326713K(2337984K), 0.0280270 secs]
12.147: [GC 2125540K->329489K(2319360K), 0.0255230 secs]
12.905: [GC 2127715K->336912K(2324800K), 0.0256980 secs]
13.621: [GC 2111292K->335693K(2300288K), 0.0256800 secs]
14.378: [GC 2108603K->343288K(2315584K), 0.0288570 secs]
15.090: [GC 2097144K->346533K(2287168K), 0.0290460 secs]
15.816: [GC 2100389K->351199K(2308416K), 0.0283910 secs]
16.564: [GC 2087391K->351328K(2267776K), 0.0280140 secs]
17.290: [GC 2087520K->355555K(2309824K), 0.0287030 secs]
18.047: [GC 2087395K->361329K(2263488K), 0.0287030 secs]
18.780: [GC 2093169K->367043K(2310336K), 0.0305860 secs]
19.478: [GC 2098381K->374969K(2264256K), 0.0297730 secs]
20.189: [GC 2105588K->379852K(2310464K), 0.0285370 secs]
20.893: [GC 2112140K->377631K(2258624K), 0.0291300 secs]
21.605: [GC 2108819K->383464K(2310848K), 0.0370710 secs]
22.308: [GC 2119660K->382533K(2307264K), 0.0284230 secs]
22.971: [GC 2118147K->389283K(2313664K), 0.0260710 secs]
23.614: [GC 2137571K->390051K(2310400K), 0.0269620 secs]
24.305: [GC 2138339K->403973K(2320384K), 0.0276690 secs]
24.953: [GC 2165957K->404279K(2319616K), 0.0293160 secs]
25.630: [GC 2165671K->408177K(2328704K), 0.0276530 secs]
26.309: [GC 2183217K->411487K(2327616K), 0.0288060 secs]
26.998: [GC 2184634K->422787K(2331712K), 0.0301000 secs]
27.710: [GC 2203971K->427544K(2332992K), 0.0318000 secs]
28.423: [GC 2208728K->431990K(2334656K), 0.0299260 secs]
29.107: [GC 2213878K->432023K(2308672K), 0.0302790 secs]
29.775: [GC 2213911K->433082K(2336256K), 0.0291110 secs]
30.486: [GC 2216262K->442360K(2333888K), 0.0306160 secs]
31.169: [GC 2226455K->448543K(2336576K), 0.0312850 secs]
31.893: [GC 2236511K->451862K(2336960K), 0.0313910 secs]
32.547: [GC 2239830K->455117K(2338496K), 0.0310760 secs]
33.155: [GC 2243145K->462923K(2328128K), 0.0316070 secs]
33.788: [GC 2251851K->467834K(2332032K), 0.0314060 secs]
34.517: [GC 2247365K->465338K(2334336K), 0.0314410 secs]
35.308: [GC 2245306K->469246K(2330944K), 0.0315360 secs]
36.110: [GC 2249837K->475659K(2333120K), 0.0318230 secs]
36.928: [GC 2255731K->483562K(2335168K), 0.0316150 secs]
37.740: [GC 2267242K->483813K(2336192K), 0.0326530 secs]
38.580: [GC 2267493K->485444K(2331968K), 0.0323070 secs]
39.418: [GC 2269509K->495410K(2334336K), 0.0316180 secs]
40.268: [GC 2278714K->496421K(2337856K), 0.0400030 secs]
41.077: [GC 2284517K->503728K(2329280K), 0.0525940 secs]
41.888: [GC 2291824K->503300K(2339136K), 0.0509200 secs]
42.515: [GC 2291140K->508692K(2323520K), 0.0347130 secs]
43.156: [GC 2296532K->512696K(2337856K), 0.0407930 secs]
43.747: [GC 2301944K->516016K(2336448K), 0.0331460 secs]
44.326: [GC 2305264K->517570K(2339648K), 0.0372230 secs]
44.928: [GC 2309625K->525056K(2338816K), 0.0329570 secs]
45.588: [GC 2318784K->525131K(2342784K), 0.0507580 secs]
46.114: [GC 2323659K->527058K(2342592K), 0.0368100 secs]
46.150: [Full GC 527058K->216028K(2364992K), 0.7226730 secs]
47.349: [GC 2014556K->231122K(2338176K), 0.0090100 secs]
47.848: [GC 2003282K->237269K(2242304K), 0.0173030 secs]
48.397: [GC 2009429K->244677K(2332416K), 0.0101090 secs]
48.968: [GC 1986757K->248910K(2223872K), 0.0186220 secs]
49.538: [GC 1990990K->255821K(2335680K), 0.0132990 secs]
50.071: [GC 1992364K->259217K(2229632K), 0.0228420 secs]
50.629: [GC 1996753K->262848K(2336576K), 0.0175860 secs]
51.142: [GC 2003584K->269508K(2243136K), 0.0278600 secs]
51.684: [GC 2010244K->276984K(2338880K), 0.0251690 secs]
52.257: [GC 2027960K->281100K(2332928K), 0.0358260 secs]
52.803: [GC 2032076K->284096K(2344960K), 0.0218900 secs]
53.340: [GC 2053312K->286817K(2339392K), 0.0234850 secs]
53.897: [GC 2056033K->296356K(2353920K), 0.0427420 secs]
54.477: [GC 2083061K->294401K(2353728K), 0.0424830 secs]
55.078: [GC 2082177K->297147K(2366464K), 0.0353210 secs]
55.651: [GC 2098939K->302195K(2366080K), 0.0300700 secs]
56.176: [GC 2103987K->307379K(2368000K), 0.0331010 secs]
56.728: [GC 2111859K->307350K(2332288K), 0.0409800 secs]
57.265: [GC 2110237K->307163K(2371008K), 0.0308450 secs]
57.831: [GC 2116571K->314208K(2368000K), 0.0398510 secs]
58.429: [GC 2123616K->319392K(2371008K), 0.0254700 secs]
58.969: [GC 2131776K->319588K(2370304K), 0.0230620 secs]
59.534: [GC 2133604K->328654K(2374400K), 0.0245320 secs]
60.198: [GC 2148686K->331723K(2374592K), 0.0248810 secs]
60.857: [GC 2151755K->335676K(2377920K), 0.0246650 secs]
61.548: [GC 2159146K->338914K(2378112K), 0.0241650 secs]
62.253: [GC 2164130K->350127K(2377344K), 0.0256270 secs]
62.969: [GC 2175407K->354959K(2365824K), 0.0250060 secs]
