0.531: [GC 95424K->59885K(365760K), 0.0855750 secs]
0.699: [GC 155309K->119809K(461184K), 0.0766230 secs]
1.432: [GC 310142K->169407K(461184K), 0.0756770 secs]
2.263: [GC 360222K->171007K(652032K), 0.0106050 secs]
3.697: [GC 552130K->172148K(652032K), 0.0105010 secs]
5.332: [GC 553844K->174525K(1110400K), 0.0173370 secs]
8.843: [GC 937388K->178108K(1110784K), 0.0145120 secs]
12.501: [GC 940905K->183640K(1868864K), 0.0096660 secs]
19.356: [GC 1710178K->194682K(1870656K), 0.0135150 secs]
26.153: [GC 1720648K->201575K(2196480K), 0.0127790 secs]
34.251: [GC 2062247K->210855K(2197632K), 0.0208190 secs]
42.793: [GC 2071384K->220031K(2204672K), 0.0172960 secs]
42.810: [Full GC 220031K->175229K(2314496K), 0.5842490 secs]
51.673: [GC 2047010K->196453K(2315584K), 0.0084090 secs]
60.088: [GC 2069157K->203037K(2319296K), 0.0177410 secs]
