0.533: [GC 95424K->60460K(365760K), 0.0952860 secs]
0.715: [GC 155884K->122649K(461184K), 0.0883110 secs]
1.283: [GC 313135K->167278K(461184K), 0.0612430 secs]
1.755: [GC 358126K->169677K(652032K), 0.0127920 secs]
2.556: [GC 550070K->171931K(652032K), 0.0273370 secs]
3.414: [GC 553627K->174787K(1111296K), 0.0111060 secs]
5.085: [GC 936937K->177980K(1112064K), 0.0218520 secs]
6.704: [GC 941372K->183781K(1869504K), 0.0126810 secs]
10.082: [GC 1710565K->194086K(1871616K), 0.0147750 secs]
13.226: [GC 1720870K->200708K(2195008K), 0.0187340 secs]
17.178: [GC 2059396K->209727K(2196608K), 0.0251570 secs]
21.033: [GC 2068415K->220316K(2202240K), 0.0154230 secs]
21.049: [Full GC 220316K->177549K(2331008K), 0.7139100 secs]
25.575: [GC 2048333K->195387K(2333056K), 0.0496180 secs]
29.555: [GC 2064921K->208483K(2332160K), 0.0214660 secs]
33.464: [GC 2087356K->218431K(2335744K), 0.0237770 secs]
37.360: [GC 2098208K->229767K(2339200K), 0.0358570 secs]
41.331: [GC 2112296K->238626K(2328128K), 0.0390160 secs]
45.131: [GC 2121931K->241582K(2325184K), 0.0366140 secs]
48.876: [GC 2099886K->249094K(2314624K), 0.0404070 secs]
52.749: [GC 2107816K->256590K(2306944K), 0.0437750 secs]
56.638: [GC 2084672K->267523K(2301696K), 0.0585490 secs]
60.484: [GC 2095106K->270725K(2285568K), 0.0560000 secs]
