1.163: [GC 94789K->30501K(365760K), 0.0479860 secs]
1.367: [GC 125925K->63162K(461184K), 0.0863730 secs]
1.746: [GC 254010K->135297K(461184K), 0.1249940 secs]
2.153: [GC 326145K->197876K(652032K), 0.1414300 secs]
2.294: [Full GC 197876K->197834K(817600K), 0.4585210 secs]
3.298: [GC 579285K->230694K(817600K), 0.0762230 secs]
3.582: [GC 612390K->241151K(1081152K), 0.0141740 secs]
3.876: [GC 817599K->240071K(1100032K), 0.0131520 secs]
4.074: [GC 816519K->244763K(1314112K), 0.0124630 secs]
4.326: [GC 1064411K->243555K(1338432K), 0.0391170 secs]
4.582: [GC 1063203K->244866K(1519872K), 0.0196390 secs]
4.896: [GC 1265538K->250911K(1533632K), 0.0378700 secs]
5.194: [GC 1271583K->254732K(1732288K), 0.0163420 secs]
5.559: [GC 1506124K->260291K(1755776K), 0.0463250 secs]
5.938: [GC 1511683K->265644K(2043520K), 0.0551180 secs]
6.443: [GC 1807532K->272829K(2042880K), 0.0195200 secs]
6.873: [GC 1814717K->273399K(2334912K), 0.0195040 secs]
7.388: [GC 2121169K->276419K(2353920K), 0.0194310 secs]
7.893: [GC 2126019K->280104K(2363776K), 0.0186800 secs]
8.472: [GC 2137512K->284948K(2347584K), 0.0199960 secs]
9.116: [GC 2141816K->291494K(2359360K), 0.0228460 secs]
9.712: [GC 2137894K->304324K(2343488K), 0.0210730 secs]
10.295: [GC 2150724K->308369K(2347200K), 0.0216310 secs]
10.862: [GC 2136081K->310141K(2327360K), 0.0215720 secs]
11.403: [GC 2137853K->317749K(2337984K), 0.0504210 secs]
12.015: [GC 2128181K->319601K(2318016K), 0.0242320 secs]
12.604: [GC 2130033K->324888K(2331008K), 0.0237790 secs]
13.189: [GC 2118936K->325472K(2301952K), 0.0230050 secs]
13.742: [GC 2119520K->332396K(2326912K), 0.0249350 secs]
14.274: [GC 2116204K->341015K(2300224K), 0.0252640 secs]
14.784: [GC 2124823K->344888K(2321856K), 0.0259000 secs]
15.303: [GC 2115614K->343000K(2284096K), 0.0241860 secs]
15.832: [GC 2115160K->351793K(2319424K), 0.0260210 secs]
16.322: [GC 2118477K->352959K(2283264K), 0.0262670 secs]
16.840: [GC 2120383K->358033K(2321280K), 0.0266370 secs]
17.363: [GC 2124689K->363002K(2281728K), 0.0259080 secs]
17.895: [GC 2129658K->364750K(2322624K), 0.0253470 secs]
18.427: [GC 2133582K->372404K(2320448K), 0.0316550 secs]
18.938: [GC 2140115K->369245K(2318848K), 0.0236560 secs]
19.452: [GC 2142877K->369420K(2319872K), 0.0238230 secs]
19.935: [GC 2143052K->377683K(2324800K), 0.0239410 secs]
20.456: [GC 2163614K->379223K(2326016K), 0.0235470 secs]
20.945: [GC 2165847K->381338K(2333120K), 0.0239340 secs]
21.447: [GC 2181146K->384720K(2333952K), 0.0233400 secs]
21.992: [GC 2183479K->394695K(2338368K), 0.0244760 secs]
22.515: [GC 2204359K->399015K(2339328K), 0.0258610 secs]
23.033: [GC 2208679K->407084K(2344960K), 0.0252350 secs]
23.541: [GC 2224009K->406715K(2345152K), 0.0246880 secs]
24.097: [GC 2223931K->409500K(2345856K), 0.0246630 secs]
24.713: [GC 2231580K->417275K(2345792K), 0.0259150 secs]
25.326: [GC 2239355K->423960K(2349312K), 0.0271720 secs]
25.956: [GC 2248815K->429134K(2343040K), 0.0274380 secs]
26.511: [GC 2254798K->431695K(2346304K), 0.0272330 secs]
27.096: [GC 2250831K->437799K(2338624K), 0.0284590 secs]
27.692: [GC 2256935K->441798K(2341184K), 0.0282430 secs]
28.337: [GC 2252614K->444127K(2331328K), 0.0282310 secs]
28.994: [GC 2254943K->453020K(2335680K), 0.0297890 secs]
29.598: [GC 2254748K->458336K(2327872K), 0.0305740 secs]
30.165: [GC 2260064K->457148K(2335936K), 0.0281100 secs]
30.825: [GC 2253628K->463910K(2322432K), 0.0295430 secs]
31.506: [GC 2260390K->466654K(2334976K), 0.0299010 secs]
32.086: [GC 2260446K->469493K(2313088K), 0.0290130 secs]
32.702: [GC 2263285K->475602K(2333568K), 0.0283230 secs]
33.330: [GC 2269173K->479164K(2333120K), 0.0293110 secs]
33.950: [GC 2273030K->485650K(2336320K), 0.0293560 secs]
34.616: [GC 2283666K->494447K(2335872K), 0.0302160 secs]
35.278: [GC 2292463K->498859K(2335296K), 0.0293560 secs]
35.985: [GC 2295211K->499955K(2336064K), 0.0289620 secs]
36.783: [GC 2296307K->505707K(2336000K), 0.0300070 secs]
37.636: [GC 2301798K->506635K(2319488K), 0.0301720 secs]
38.455: [GC 2302300K->513998K(2334848K), 0.0302020 secs]
39.272: [GC 2308999K->528866K(2335168K), 0.0319850 secs]
40.039: [GC 2325538K->521956K(2331712K), 0.0307850 secs]
40.070: [Full GC 521956K->213009K(2356992K), 0.6182710 secs]
41.405: [GC 2004113K->238461K(2261888K), 0.0100860 secs]
42.042: [GC 2028343K->242547K(2332288K), 0.0111430 secs]
42.611: [GC 1995763K->249708K(2235264K), 0.0131730 secs]
43.263: [GC 2002924K->262623K(2336320K), 0.0144260 secs]
43.988: [GC 2007795K->268853K(2247232K), 0.0175530 secs]
44.665: [GC 2014901K->269347K(2336576K), 0.0163450 secs]
45.361: [GC 2017556K->284713K(2265856K), 0.0210430 secs]
45.995: [GC 2033116K->288886K(2338560K), 0.0219600 secs]
46.648: [GC 2048118K->291359K(2332864K), 0.0219640 secs]
47.308: [GC 2050591K->302753K(2342400K), 0.0244180 secs]
48.007: [GC 2075745K->306343K(2342784K), 0.0251470 secs]
48.681: [GC 2078593K->302680K(2355904K), 0.0238920 secs]
49.418: [GC 2087640K->312900K(2330176K), 0.0283030 secs]
50.116: [GC 2097860K->315994K(2346688K), 0.0283860 secs]
50.814: [GC 2089234K->324911K(2330688K), 0.0298730 secs]
51.577: [GC 2098351K->335207K(2331712K), 0.0324050 secs]
52.378: [GC 2084740K->336239K(2309824K), 0.0322830 secs]
53.141: [GC 2084229K->344467K(2325568K), 0.0328600 secs]
53.890: [GC 2077715K->339545K(2329792K), 0.0300270 secs]
54.647: [GC 2072087K->343721K(2329792K), 0.0315210 secs]
55.480: [GC 2076479K->355487K(2300032K), 0.0341750 secs]
56.344: [GC 2088735K->361413K(2320704K), 0.0339940 secs]
57.152: [GC 2082245K->366696K(2289984K), 0.0348820 secs]
58.013: [GC 2087528K->371139K(2316864K), 0.0349480 secs]
58.857: [GC 2082883K->379442K(2286528K), 0.0354830 secs]
59.711: [GC 2091186K->381263K(2314112K), 0.0353650 secs]
60.588: [GC 2085199K->382874K(2315136K), 0.0345590 secs]
61.429: [GC 2086810K->394105K(2311488K), 0.0373640 secs]
62.262: [GC 2094457K->392830K(2313344K), 0.0349400 secs]
