0.535: [GC 95424K->60484K(365760K), 0.0883270 secs]
0.711: [GC 155908K->121073K(461184K), 0.0952110 secs]
1.298: [GC 309988K->164955K(461184K), 0.0464740 secs]
1.697: [GC 354799K->167656K(652032K), 0.0216170 secs]
2.603: [GC 548430K->172476K(652032K), 0.0190730 secs]
3.493: [GC 552403K->179772K(1107648K), 0.0136680 secs]
5.524: [GC 942683K->186053K(1109056K), 0.0153180 secs]
7.311: [GC 949054K->191219K(1864640K), 0.0139730 secs]
11.051: [GC 1717319K->204725K(1867200K), 0.0177810 secs]
14.602: [GC 1729978K->216805K(2198592K), 0.0225910 secs]
19.118: [GC 2084845K->234543K(2200512K), 0.0272740 secs]
19.145: [Full GC 234543K->178061K(2329152K), 0.7059590 secs]
24.515: [GC 2045265K->199731K(2338880K), 0.0137840 secs]
28.870: [GC 2081555K->214393K(2339712K), 0.0220370 secs]
33.635: [GC 2096633K->230744K(2338880K), 0.0327070 secs]
38.259: [GC 2115110K->241375K(2331456K), 0.0374230 secs]
43.179: [GC 2125514K->252290K(2321792K), 0.0447840 secs]
47.569: [GC 2110799K->261657K(2325824K), 0.0460040 secs]
51.890: [GC 2119129K->269086K(2292288K), 0.0516250 secs]
56.249: [GC 2084885K->276873K(2298112K), 0.0555680 secs]
60.705: [GC 2092143K->282809K(2273920K), 0.0570460 secs]
