0.544: [GC 95424K->59882K(365760K), 0.0893090 secs]
0.718: [GC 155306K->119822K(461184K), 0.1278140 secs]
1.227: [GC 310484K->166338K(461184K), 0.0483720 secs]
1.564: [GC 355336K->170052K(652032K), 0.0113550 secs]
2.171: [GC 550480K->175394K(652032K), 0.0240190 secs]
2.787: [GC 556410K->181984K(1107840K), 0.0162860 secs]
4.073: [GC 944562K->190061K(1108672K), 0.0150390 secs]
5.163: [GC 951852K->196116K(1863168K), 0.0137450 secs]
7.606: [GC 1722900K->211966K(1866048K), 0.0158190 secs]
9.860: [GC 1737953K->226296K(2200640K), 0.0209320 secs]
12.712: [GC 2097080K->240485K(2202112K), 0.0273800 secs]
12.739: [Full GC 240485K->177335K(2328704K), 0.4890980 secs]
16.082: [GC 2046365K->206554K(2335360K), 0.0153990 secs]
18.946: [GC 2087803K->230040K(2337792K), 0.0198720 secs]
21.801: [GC 2111569K->248388K(2324800K), 0.0271750 secs]
24.575: [GC 2116548K->258310K(2330240K), 0.0288390 secs]
27.456: [GC 2124580K->269854K(2290688K), 0.0309040 secs]
30.277: [GC 2092639K->280721K(2275840K), 0.0565460 secs]
33.065: [GC 2102871K->294400K(2295360K), 0.0283590 secs]
35.718: [GC 2099873K->303117K(2280960K), 0.0266840 secs]
38.423: [GC 2108917K->317296K(2270592K), 0.0444440 secs]
41.111: [GC 2083177K->324693K(2263104K), 0.0320050 secs]
43.818: [GC 2090489K->330235K(2247616K), 0.0331810 secs]
46.336: [GC 2050261K->336622K(2228736K), 0.0348090 secs]
48.894: [GC 2055216K->337991K(2229440K), 0.0518860 secs]
51.396: [GC 2017351K->343275K(2194688K), 0.0365950 secs]
53.852: [GC 2022174K->348086K(2212928K), 0.0373070 secs]
56.304: [GC 1990968K->354535K(2171328K), 0.0394400 secs]
58.767: [GC 1998662K->358793K(2196608K), 0.0405550 secs]
