1.153: [GC 94827K->30485K(365760K), 0.0588260 secs]
1.372: [GC 125909K->63434K(461184K), 0.0576410 secs]
1.728: [GC 254282K->134537K(461184K), 0.1218860 secs]
2.129: [GC 325385K->197140K(652032K), 0.1366650 secs]
2.266: [Full GC 197140K->197097K(823040K), 0.5684030 secs]
3.488: [GC 578793K->232551K(823040K), 0.0273140 secs]
3.706: [GC 614247K->242087K(1061632K), 0.0162270 secs]
4.047: [GC 789735K->254622K(1076096K), 0.0200680 secs]
4.323: [GC 800442K->260784K(1248512K), 0.0209250 secs]
4.695: [GC 1008004K->267848K(1267840K), 0.0265250 secs]
5.053: [GC 1015739K->270442K(1398848K), 0.0270980 secs]
5.486: [GC 1164817K->277685K(1408384K), 0.0304370 secs]
5.904: [GC 1173109K->284896K(1571136K), 0.0320440 secs]
6.439: [GC 1342624K->290724K(1573952K), 0.0367900 secs]
7.010: [GC 1348452K->295349K(1754112K), 0.0351190 secs]
7.684: [GC 1529013K->304091K(1758976K), 0.0410640 secs]
8.336: [GC 1536808K->310429K(1955136K), 0.0442940 secs]
9.153: [GC 1732049K->319131K(1962944K), 0.0489180 secs]
9.922: [GC 1741630K->322490K(2108416K), 0.0499300 secs]
10.809: [GC 1880899K->326979K(2116992K), 0.0535510 secs]
11.660: [GC 1884617K->334734K(2272576K), 0.0566060 secs]
12.625: [GC 2039511K->344235K(2279040K), 0.0561750 secs]
13.551: [GC 2049165K->351620K(2292928K), 0.0570590 secs]
14.496: [GC 2062369K->357803K(2261248K), 0.0593520 secs]
15.447: [GC 2070255K->367050K(2279232K), 0.0640540 secs]
16.408: [GC 2051280K->376677K(2248576K), 0.0695360 secs]
17.375: [GC 2061047K->376887K(2268480K), 0.0685960 secs]
18.285: [GC 2037218K->393591K(2233984K), 0.0735880 secs]
19.243: [GC 2053413K->398962K(2251072K), 0.0750560 secs]
20.112: [GC 2028258K->405527K(2207168K), 0.0760260 secs]
21.008: [GC 2034893K->404476K(2246592K), 0.0769280 secs]
21.902: [GC 2014786K->408689K(2186112K), 0.0756640 secs]
22.762: [GC 2020275K->408570K(2248384K), 0.0741010 secs]
23.616: [GC 2017360K->414225K(2180160K), 0.0755890 secs]
24.498: [GC 2022925K->420305K(2246592K), 0.0765350 secs]
25.375: [GC 2027544K->426088K(2246592K), 0.0782120 secs]
26.256: [GC 2033696K->433507K(2247808K), 0.0782190 secs]
27.145: [GC 2042075K->434249K(2186304K), 0.0756830 secs]
28.034: [GC 2043950K->435591K(2250752K), 0.0769190 secs]
28.922: [GC 2049064K->435942K(2181312K), 0.0749010 secs]
29.811: [GC 2048490K->446086K(2247616K), 0.0759440 secs]
30.694: [GC 2064446K->449678K(2244864K), 0.0751930 secs]
31.623: [GC 2067384K->457916K(2257408K), 0.0746620 secs]
32.515: [GC 2090306K->457917K(2255104K), 0.0756150 secs]
33.410: [GC 2090868K->460239K(2260800K), 0.0735570 secs]
34.328: [GC 2106988K->466101K(2258304K), 0.0719810 secs]
35.269: [GC 2112645K->469718K(2272128K), 0.0724190 secs]
36.190: [GC 2136342K->474272K(2269120K), 0.0734630 secs]
37.126: [GC 2140331K->480328K(2280640K), 0.0749410 secs]
38.055: [GC 2161672K->486023K(2277952K), 0.0728030 secs]
38.967: [GC 2166470K->489715K(2287360K), 0.0723000 secs]
39.885: [GC 2181745K->490769K(2284800K), 0.0723930 secs]
40.814: [GC 2182606K->495728K(2292672K), 0.0726160 secs]
41.727: [GC 2198197K->495906K(2290496K), 0.0737670 secs]
42.665: [GC 2199458K->510841K(2294848K), 0.0762370 secs]
43.606: [GC 2219077K->510962K(2295936K), 0.0749550 secs]
44.563: [GC 2218702K->514386K(2296064K), 0.0744050 secs]
45.512: [GC 2228439K->517025K(2298304K), 0.0721480 secs]
46.539: [GC 2229724K->524492K(2299136K), 0.0727350 secs]
47.481: [GC 2243916K->525578K(2301376K), 0.0717770 secs]
48.459: [GC 2245757K->534463K(2303808K), 0.0731540 secs]
49.405: [GC 2259112K->539151K(2305152K), 0.0738630 secs]
50.376: [GC 2263439K->536003K(2306176K), 0.0719890 secs]
51.301: [GC 2263732K->541844K(2307072K), 0.0728230 secs]
52.281: [GC 2270384K->549763K(2305408K), 0.0732040 secs]
53.236: [GC 2280067K->553009K(2307008K), 0.0732110 secs]
54.188: [GC 2283201K->562919K(2308224K), 0.0723130 secs]
55.100: [GC 2294628K->558743K(2309632K), 0.0704710 secs]
55.170: [Full GC 558743K->206728K(2319488K), 0.7073200 secs]
56.745: [GC 1938451K->227521K(2282112K), 0.0142590 secs]
57.591: [GC 1921723K->243845K(2168448K), 0.0231640 secs]
58.470: [GC 1937933K->255227K(2278592K), 0.0268950 secs]
59.332: [GC 1917419K->267469K(2158336K), 0.0337520 secs]
60.213: [GC 1929624K->281236K(2285824K), 0.0848690 secs]
61.154: [GC 1942697K->288630K(2179840K), 0.0482290 secs]
62.030: [GC 1951222K->293126K(2284032K), 0.0905480 secs]
62.968: [GC 1961158K->304227K(2278592K), 0.0510390 secs]
