0.539: [GC 95424K->59869K(365760K), 0.0883850 secs]
0.716: [GC 155293K->119817K(461184K), 0.1394230 secs]
1.278: [GC 308753K->165790K(461184K), 0.0687950 secs]
1.672: [GC 355526K->169729K(652032K), 0.0101410 secs]
2.434: [GC 550710K->175832K(652032K), 0.0118650 secs]
3.247: [GC 557096K->181252K(1108224K), 0.0084660 secs]
5.091: [GC 944644K->190342K(1108736K), 0.0116900 secs]
6.655: [GC 951976K->197454K(1862528K), 0.0107350 secs]
10.119: [GC 1724238K->217485K(1865856K), 0.0194920 secs]
13.348: [GC 1743029K->235130K(2203968K), 0.0197430 secs]
17.464: [GC 2104250K->249214K(2205120K), 0.0267060 secs]
17.491: [Full GC 249214K->174095K(2325184K), 0.4743690 secs]
21.617: [GC 2043010K->205940K(2323712K), 0.0177710 secs]
25.425: [GC 2079051K->233345K(2326080K), 0.0266520 secs]
29.180: [GC 2105950K->249496K(2329152K), 0.0185480 secs]
32.945: [GC 2129608K->264950K(2325376K), 0.0217270 secs]
36.925: [GC 2144872K->282196K(2302528K), 0.0259850 secs]
40.811: [GC 2126764K->294280K(2287680K), 0.0311130 secs]
44.670: [GC 2138888K->303271K(2301184K), 0.0221940 secs]
48.413: [GC 2129806K->319315K(2296320K), 0.0261040 secs]
52.038: [GC 2145969K->328201K(2274112K), 0.0284140 secs]
55.609: [GC 2114057K->331810K(2266432K), 0.0288930 secs]
59.269: [GC 2115799K->341896K(2251776K), 0.0314260 secs]
