0.548: [GC 95424K->59898K(365760K), 0.0984580 secs]
0.734: [GC 155322K->119830K(461184K), 0.0805890 secs]
1.195: [GC 309012K->165426K(461184K), 0.0448420 secs]
1.487: [GC 355980K->169894K(652032K), 0.0116630 secs]
2.083: [GC 550483K->176673K(652032K), 0.0217420 secs]
2.702: [GC 557209K->182135K(1108160K), 0.0096810 secs]
3.925: [GC 944071K->191657K(1108544K), 0.0120340 secs]
5.094: [GC 954650K->200671K(1862016K), 0.0123080 secs]
7.618: [GC 1726348K->221526K(1865472K), 0.0200040 secs]
9.896: [GC 1748310K->232531K(2200832K), 0.0178560 secs]
12.840: [GC 2100060K->255044K(2204160K), 0.0286510 secs]
12.869: [Full GC 255044K->178080K(2335488K), 0.4877930 secs]
16.132: [GC 2046151K->214951K(2334528K), 0.0152740 secs]
18.969: [GC 2090894K->236704K(2338048K), 0.0254700 secs]
21.923: [GC 2114144K->254330K(2325568K), 0.0278340 secs]
24.685: [GC 2114536K->269999K(2334528K), 0.0784980 secs]
27.487: [GC 2129975K->283241K(2302656K), 0.0729440 secs]
30.273: [GC 2112239K->300565K(2304896K), 0.0333470 secs]
32.949: [GC 2129356K->313653K(2287040K), 0.0293050 secs]
35.556: [GC 2102910K->324261K(2288512K), 0.0384820 secs]
38.149: [GC 2112964K->324589K(2261632K), 0.0307950 secs]
40.689: [GC 2066930K->334939K(2252224K), 0.0341730 secs]
43.248: [GC 2075951K->341020K(2239808K), 0.0355620 secs]
45.741: [GC 2035060K->349540K(2219584K), 0.0374910 secs]
48.306: [GC 2044889K->352334K(2218496K), 0.0378310 secs]
50.775: [GC 2001248K->359442K(2184384K), 0.0396180 secs]
53.152: [GC 2009594K->362080K(2200448K), 0.0390940 secs]
55.542: [GC 1971793K->361525K(2147456K), 0.0463160 secs]
57.943: [GC 1972868K->361601K(2193728K), 0.0425050 secs]
60.223: [GC 1950045K->360936K(2119744K), 0.0423520 secs]
