1.158: [GC 95424K->31572K(365760K), 0.0567900 secs]
1.370: [GC 126996K->64000K(461184K), 0.0655080 secs]
1.733: [GC 254848K->134551K(461184K), 0.1221840 secs]
2.139: [GC 325399K->197130K(652032K), 0.1893550 secs]
2.328: [Full GC 197130K->197106K(818880K), 0.5633880 secs]
3.643: [GC 578802K->234240K(818880K), 0.0361230 secs]
3.912: [GC 615936K->242035K(1071232K), 0.0231050 secs]
4.235: [GC 802995K->250786K(1084736K), 0.0219320 secs]
4.529: [GC 811810K->261691K(1285568K), 0.0277130 secs]
4.927: [GC 1048569K->268482K(1303936K), 0.0252810 secs]
5.316: [GC 1055536K->276336K(1470080K), 0.0431770 secs]
5.831: [GC 1237860K->279689K(1472896K), 0.0272140 secs]
6.324: [GC 1239902K->285273K(1646144K), 0.0304930 secs]
6.936: [GC 1427547K->298943K(1656576K), 0.0409860 secs]
7.565: [GC 1441372K->310717K(1858688K), 0.0443240 secs]
8.319: [GC 1649316K->320386K(1868160K), 0.0421770 secs]
9.053: [GC 1657963K->324740K(2089536K), 0.0471710 secs]
9.888: [GC 1871777K->330995K(2099968K), 0.0462750 secs]
10.739: [GC 1879859K->342757K(2256896K), 0.0769130 secs]
11.682: [GC 2037309K->351207K(2269504K), 0.0995940 secs]
12.600: [GC 2044639K->367262K(2264768K), 0.0890810 secs]
13.507: [GC 2043608K->368666K(2237632K), 0.0684230 secs]
14.463: [GC 2044663K->375576K(2250496K), 0.0785810 secs]
15.361: [GC 2014719K->381170K(2206720K), 0.0741720 secs]
16.268: [GC 2020308K->378713K(2245696K), 0.0735980 secs]
17.101: [GC 1997282K->381673K(2179264K), 0.0728080 secs]
17.933: [GC 2000940K->389832K(2242176K), 0.0757310 secs]
18.780: [GC 1999343K->398407K(2180736K), 0.0785230 secs]
19.640: [GC 2009543K->398776K(2242112K), 0.0774750 secs]
20.473: [GC 2002857K->406774K(2173696K), 0.0804290 secs]
21.353: [GC 2011831K->417075K(2238080K), 0.0818040 secs]
22.228: [GC 2018227K->416048K(2239744K), 0.0825660 secs]
23.086: [GC 2015774K->421393K(2238208K), 0.0812310 secs]
23.958: [GC 2022203K->421942K(2168064K), 0.0790400 secs]
24.816: [GC 2021467K->429289K(2241152K), 0.0782250 secs]
25.718: [GC 2035654K->429538K(2238592K), 0.0761190 secs]
26.600: [GC 2034355K->437144K(2242112K), 0.0811450 secs]
27.468: [GC 2050555K->442120K(2238848K), 0.0774110 secs]
28.377: [GC 2055620K->440960K(2249216K), 0.0777000 secs]
29.346: [GC 2070803K->451111K(2247744K), 0.0788070 secs]
30.287: [GC 2082164K->451687K(2258816K), 0.0767730 secs]
31.245: [GC 2099687K->453748K(2258368K), 0.0760200 secs]
32.180: [GC 2101547K->457337K(2263680K), 0.0737080 secs]
33.144: [GC 2116844K->464602K(2262784K), 0.0772440 secs]
34.088: [GC 2125149K->471471K(2274752K), 0.0778130 secs]
35.046: [GC 2145494K->477591K(2274112K), 0.0826800 secs]
36.037: [GC 2152983K->485248K(2276736K), 0.0806760 secs]
36.998: [GC 2161929K->481606K(2244352K), 0.0779230 secs]
37.961: [GC 2158354K->482626K(2280256K), 0.0780220 secs]
38.930: [GC 2163896K->485042K(2276928K), 0.0741700 secs]
39.923: [GC 2167538K->487148K(2280064K), 0.0760210 secs]
40.859: [GC 2173620K->496287K(2277888K), 0.0735740 secs]
41.802: [GC 2183965K->495652K(2285824K), 0.0751090 secs]
42.800: [GC 2192668K->497541K(2284096K), 0.0743980 secs]
43.783: [GC 2196293K->504810K(2290880K), 0.0792980 secs]
44.729: [GC 2211377K->505592K(2289728K), 0.0754740 secs]
45.648: [GC 2213624K->511311K(2295104K), 0.0777480 secs]
46.602: [GC 2225340K->517364K(2294208K), 0.0761840 secs]
47.602: [GC 2231678K->526296K(2297408K), 0.0794950 secs]
48.575: [GC 2246488K->528149K(2296896K), 0.0799530 secs]
49.541: [GC 2248341K->534866K(2300416K), 0.0796020 secs]
50.472: [GC 2259957K->538639K(2299712K), 0.0801830 secs]
51.467: [GC 2263267K->544038K(2302016K), 0.0782410 secs]
52.477: [GC 2272218K->550005K(2301888K), 0.0786050 secs]
53.461: [GC 2277961K->550223K(2302144K), 0.0780250 secs]
54.430: [GC 2277583K->557432K(2300224K), 0.0816980 secs]
55.427: [GC 2283662K->565393K(2291072K), 0.0860500 secs]
56.415: [GC 2277908K->567839K(2286784K), 0.0829560 secs]
56.499: [Full GC 567839K->213160K(2299200K), 0.7152430 secs]
58.121: [GC 1925900K->237993K(2269440K), 0.0169430 secs]
59.004: [GC 1909489K->259252K(2153216K), 0.0265270 secs]
59.926: [GC 1931485K->269794K(2268480K), 0.0322840 secs]
60.804: [GC 1912460K->286014K(2273344K), 0.0411510 secs]
61.693: [GC 1927667K->296998K(2266624K), 0.0470610 secs]
62.584: [GC 1940710K->310168K(2270080K), 0.0539300 secs]
