0.534: [GC 95424K->59869K(365760K), 0.0876890 secs]
0.703: [GC 155293K->118965K(461184K), 0.0774680 secs]
1.377: [GC 309121K->166781K(461184K), 0.0765350 secs]
2.291: [GC 356560K->170468K(652032K), 0.0563390 secs]
4.022: [GC 551491K->171883K(652032K), 0.0277640 secs]
5.570: [GC 551701K->174940K(1109184K), 0.0309470 secs]
9.144: [GC 938235K->174868K(1109504K), 0.0192820 secs]
12.520: [GC 938182K->176657K(1871168K), 0.0126570 secs]
20.094: [GC 1702966K->184666K(1871616K), 0.0059870 secs]
28.276: [GC 1710999K->191329K(2195840K), 0.0131230 secs]
38.958: [GC 2046952K->197230K(2196800K), 0.0095070 secs]
49.992: [GC 2053148K->206489K(2201088K), 0.0095150 secs]
59.557: [GC 2074713K->209607K(2202560K), 0.0079780 secs]
