0.533: [GC 95424K->60476K(365760K), 0.0886970 secs]
0.712: [GC 155900K->122657K(461184K), 0.0761570 secs]
1.215: [GC 313051K->166454K(461184K), 0.0903860 secs]
1.740: [GC 357302K->171511K(652032K), 0.0498710 secs]
2.784: [GC 552889K->173304K(652032K), 0.0375580 secs]
3.668: [GC 554350K->175215K(1111872K), 0.0319120 secs]
5.751: [GC 936750K->177781K(1112192K), 0.0298980 secs]
7.674: [GC 940931K->180320K(1872192K), 0.0126470 secs]
11.299: [GC 1707104K->186802K(1873216K), 0.0079850 secs]
14.940: [GC 1711788K->193205K(2193856K), 0.0112960 secs]
18.938: [GC 2046597K->199050K(2195264K), 0.0198020 secs]
22.832: [GC 2052360K->204877K(2200448K), 0.0231180 secs]
26.753: [GC 2068415K->208406K(2201536K), 0.0130820 secs]
26.767: [Full GC 208406K->176766K(2326208K), 0.7039700 secs]
31.243: [GC 2042046K->188251K(2328256K), 0.0106690 secs]
35.096: [GC 2060876K->197681K(2330176K), 0.0142800 secs]
38.855: [GC 2071580K->198625K(2331904K), 0.0296720 secs]
42.463: [GC 2084150K->204571K(2333632K), 0.0264580 secs]
46.190: [GC 2091099K->212028K(2345664K), 0.0250480 secs]
50.102: [GC 2113027K->216688K(2345600K), 0.0328060 secs]
54.092: [GC 2117645K->221938K(2342976K), 0.0331960 secs]
57.823: [GC 2119538K->227155K(2327168K), 0.0272740 secs]
