1.148: [GC 94788K->30519K(365760K), 0.0665240 secs]
1.374: [GC 125943K->63181K(461184K), 0.0929060 secs]
1.758: [GC 254029K->133727K(461184K), 0.1166720 secs]
2.149: [GC 324575K->196306K(652032K), 0.1951210 secs]
2.345: [Full GC 196306K->196267K(812480K), 0.4520910 secs]
3.371: [GC 577963K->232233K(812480K), 0.0324640 secs]
3.716: [GC 612662K->243543K(1083072K), 0.0247250 secs]
4.020: [GC 827287K->250037K(1100672K), 0.0208960 secs]
4.283: [GC 833781K->249324K(1332992K), 0.0180160 secs]
4.541: [GC 1095916K->254666K(1357440K), 0.0235570 secs]
4.804: [GC 1101258K->258732K(1575424K), 0.0444510 secs]
5.148: [GC 1327148K->257595K(1571456K), 0.0251420 secs]
5.458: [GC 1326011K->261656K(1811968K), 0.0289270 secs]
5.837: [GC 1590424K->270137K(1824384K), 0.0302820 secs]
6.245: [GC 1598905K->273225K(2132032K), 0.0418890 secs]
6.814: [GC 1910153K->275648K(2132800K), 0.0287310 secs]
7.339: [GC 1911939K->278741K(2364864K), 0.0322260 secs]
8.005: [GC 2145993K->289239K(2355712K), 0.0324280 secs]
8.758: [GC 2157143K->294872K(2349440K), 0.0388810 secs]
9.518: [GC 2138904K->303839K(2347904K), 0.0417450 secs]
10.465: [GC 2149343K->308375K(2337408K), 0.0427620 secs]
11.334: [GC 2128151K->318546K(2324416K), 0.0425210 secs]
12.285: [GC 2137682K->332791K(2319296K), 0.0463880 secs]
13.172: [GC 2123127K->338033K(2310400K), 0.0494030 secs]
13.997: [GC 2128369K->343635K(2302784K), 0.0507720 secs]
14.865: [GC 2099187K->351801K(2287808K), 0.0515120 secs]
15.645: [GC 2107254K->353918K(2288576K), 0.0532970 secs]
16.437: [GC 2079230K->357206K(2257856K), 0.0535340 secs]
17.279: [GC 2080755K->360253K(2281408K), 0.0547790 secs]
18.073: [GC 2064229K->363045K(2239424K), 0.0550000 secs]
18.901: [GC 2067144K->370631K(2272768K), 0.0578630 secs]
19.712: [GC 2060103K->372196K(2227712K), 0.0578390 secs]
20.505: [GC 2059944K->381298K(2267712K), 0.0607150 secs]
21.322: [GC 2058482K->389050K(2224000K), 0.0624640 secs]
22.095: [GC 2065985K->388065K(2268096K), 0.0603990 secs]
22.780: [GC 2057526K->390464K(2205632K), 0.0564920 secs]
23.385: [GC 2060928K->388127K(2271232K), 0.0532910 secs]
24.015: [GC 2063644K->392484K(2199680K), 0.0551980 secs]
24.683: [GC 2068772K->400100K(2267840K), 0.0550100 secs]
25.370: [GC 2083768K->402565K(2264064K), 0.0553110 secs]
26.035: [GC 2085969K->409699K(2281536K), 0.0513980 secs]
26.667: [GC 2117923K->406537K(2277440K), 0.0522440 secs]
27.311: [GC 2114761K->410714K(2292288K), 0.0501030 secs]
27.916: [GC 2135573K->413100K(2288640K), 0.0512910 secs]
28.504: [GC 2139756K->420309K(2300096K), 0.0513820 secs]
29.166: [GC 2161557K->419505K(2296768K), 0.0515260 secs]
29.808: [GC 2158811K->427302K(2306944K), 0.0497110 secs]
30.482: [GC 2180646K->427823K(2304768K), 0.0470340 secs]
31.127: [GC 2181167K->435465K(2312064K), 0.0491920 secs]
31.715: [GC 2198025K->435209K(2310720K), 0.0472750 secs]
32.373: [GC 2197769K->439851K(2315904K), 0.0477770 secs]
33.018: [GC 2209077K->448831K(2314816K), 0.0489580 secs]
33.691: [GC 2217565K->453005K(2317632K), 0.0510670 secs]
34.348: [GC 2228941K->459816K(2316288K), 0.0513800 secs]
35.039: [GC 2235752K->460311K(2323584K), 0.0492970 secs]
35.715: [GC 2245081K->471500K(2322560K), 0.0516790 secs]
36.394: [GC 2256588K->470307K(2326656K), 0.0516780 secs]
37.077: [GC 2261283K->472812K(2326272K), 0.0498990 secs]
37.776: [GC 2263788K->481682K(2329024K), 0.0521770 secs]
38.450: [GC 2275612K->487266K(2328768K), 0.0519470 secs]
39.145: [GC 2281469K->496715K(2329280K), 0.0534630 secs]
39.844: [GC 2293323K->493527K(2331072K), 0.0524640 secs]
40.544: [GC 2290135K->499231K(2331008K), 0.0543490 secs]
41.226: [GC 2296479K->505413K(2322560K), 0.0541310 secs]
41.918: [GC 2302661K->509429K(2329536K), 0.0546880 secs]
42.653: [GC 2303257K->514547K(2330112K), 0.0553130 secs]
43.389: [GC 2309235K->519735K(2329216K), 0.0522990 secs]
43.441: [Full GC 519735K->218721K(2341248K), 0.6251900 secs]
44.735: [GC 2012641K->237840K(2240000K), 0.0094400 secs]
45.445: [GC 2031760K->246179K(2311808K), 0.0127770 secs]
46.117: [GC 1994796K->254504K(2213312K), 0.0179000 secs]
46.817: [GC 2005032K->256381K(2311936K), 0.0201990 secs]
47.538: [GC 1992688K->270098K(2313920K), 0.0260660 secs]
48.155: [GC 2008338K->269350K(2309248K), 0.0256480 secs]
48.775: [GC 2008310K->280453K(2311616K), 0.0304950 secs]
49.437: [GC 2020613K->284321K(2310016K), 0.0329080 secs]
50.028: [GC 2035745K->290799K(2312896K), 0.0372790 secs]
50.644: [GC 2040480K->293747K(2321984K), 0.0371030 secs]
51.267: [GC 2066132K->299392K(2323456K), 0.0377090 secs]
51.845: [GC 2072128K->303252K(2338112K), 0.0495030 secs]
52.517: [GC 2093652K->309130K(2338112K), 0.0617590 secs]
53.198: [GC 2099530K->310747K(2338176K), 0.0469710 secs]
54.031: [GC 2099761K->318779K(2316352K), 0.0504020 secs]
54.915: [GC 2108091K->326680K(2328896K), 0.0552790 secs]
55.554: [GC 2100322K->329058K(2302912K), 0.0544410 secs]
56.146: [GC 2102309K->333181K(2327360K), 0.0534380 secs]
56.783: [GC 2100846K->339839K(2298944K), 0.0537310 secs]
57.449: [GC 2107903K->343286K(2325056K), 0.0521900 secs]
58.041: [GC 2105718K->344326K(2326016K), 0.0535390 secs]
58.664: [GC 2106758K->346998K(2323712K), 0.0510970 secs]
59.297: [GC 2108848K->349221K(2324928K), 0.0499510 secs]
59.956: [GC 2111781K->347558K(2320128K), 0.0513640 secs]
60.626: [GC 2114449K->353700K(2323200K), 0.0511860 secs]
61.324: [GC 2120740K->355636K(2327360K), 0.0518750 secs]
62.022: [GC 2135028K->362872K(2330880K), 0.0510950 secs]
62.764: [GC 2142264K->367392K(2333888K), 0.0527810 secs]
