0.546: [GC 95424K->59877K(365760K), 0.0831130 secs]
0.719: [GC 155301K->119817K(461184K), 0.1031690 secs]
1.147: [GC 310665K->164415K(461184K), 0.0774590 secs]
1.479: [GC 354567K->172259K(652032K), 0.0131120 secs]
2.008: [GC 553955K->186171K(652032K), 0.0364450 secs]
2.562: [GC 567867K->194873K(1106432K), 0.0103340 secs]
3.627: [GC 956625K->211414K(1106432K), 0.0180260 secs]
4.607: [GC 973804K->227317K(1860992K), 0.0183800 secs]
6.730: [GC 1753828K->258970K(1863232K), 0.0334230 secs]
8.659: [GC 1783803K->281012K(2190336K), 0.0316090 secs]
8.691: [Full GC 281012K->175866K(2314112K), 0.4933660 secs]
11.505: [GC 2020522K->225888K(2319296K), 0.0178340 secs]
13.832: [GC 2071141K->251796K(2312960K), 0.0231040 secs]
16.157: [GC 2095353K->276948K(2318208K), 0.0303620 secs]
18.489: [GC 2119318K->288812K(2292352K), 0.0377500 secs]
20.782: [GC 2106926K->313371K(2291968K), 0.0277030 secs]
23.038: [GC 2130787K->327681K(2273280K), 0.0310490 secs]
25.255: [GC 2104374K->336229K(2274496K), 0.0331900 secs]
27.471: [GC 2114277K->350646K(2240064K), 0.0372490 secs]
29.649: [GC 2072037K->367972K(2250560K), 0.0407520 secs]
31.785: [GC 2088561K->372275K(2194240K), 0.0421400 secs]
33.815: [GC 2023789K->370451K(2183296K), 0.0411130 secs]
35.862: [GC 2022817K->379314K(2184960K), 0.0431270 secs]
37.863: [GC 1981246K->378811K(2142016K), 0.0431730 secs]
39.876: [GC 1981755K->385371K(2169088K), 0.0447750 secs]
41.829: [GC 1948821K->383062K(2108224K), 0.0437870 secs]
43.801: [GC 1947279K->382845K(2164224K), 0.0441610 secs]
45.732: [GC 1925995K->386491K(2091200K), 0.0450800 secs]
47.662: [GC 1929430K->388410K(2160960K), 0.0447420 secs]
49.556: [GC 1919720K->386352K(2162688K), 0.0434930 secs]
51.465: [GC 1917952K->385009K(2156352K), 0.0428530 secs]
53.367: [GC 1918010K->388636K(2159936K), 0.0439760 secs]
55.294: [GC 1920936K->381068K(2152832K), 0.0417350 secs]
57.221: [GC 1923022K->377676K(2160128K), 0.0400150 secs]
59.145: [GC 1920460K->382483K(2164416K), 0.0411090 secs]
