0.548: [GC 95424K->59882K(365760K), 0.0829090 secs]
0.719: [GC 155306K->119818K(461184K), 0.0777010 secs]
1.082: [GC 309066K->163305K(461184K), 0.0471000 secs]
1.332: [GC 353351K->168110K(652032K), 0.0128350 secs]
1.831: [GC 548584K->180957K(652032K), 0.0255890 secs]
2.312: [GC 561704K->194362K(1103616K), 0.0260950 secs]
3.314: [GC 956646K->211504K(1105344K), 0.0515690 secs]
4.225: [GC 973922K->221785K(1859648K), 0.0310180 secs]
6.175: [GC 1748569K->249367K(1861376K), 0.0302040 secs]
7.996: [GC 1774616K->262834K(2204800K), 0.0282600 secs]
8.024: [Full GC 262834K->168763K(2320960K), 0.4805800 secs]
10.668: [GC 2033628K->216395K(2283648K), 0.0178070 secs]
12.799: [GC 2080030K->251536K(2306176K), 0.0265620 secs]
14.946: [GC 2104431K->266510K(2315264K), 0.0398940 secs]
17.105: [GC 2119283K->297534K(2307456K), 0.0540280 secs]
19.233: [GC 2145726K->319702K(2312576K), 0.0318620 secs]
21.394: [GC 2167152K->345120K(2281728K), 0.0422570 secs]
23.500: [GC 2161286K->364371K(2287424K), 0.0297220 secs]
25.607: [GC 2181485K->383067K(2258944K), 0.0339010 secs]
27.708: [GC 2152795K->396168K(2271616K), 0.0362880 secs]
29.757: [GC 2165314K->403554K(2210816K), 0.0386650 secs]
31.725: [GC 2107900K->413111K(2203456K), 0.0413420 secs]
33.721: [GC 2116812K->419056K(2215872K), 0.0370800 secs]
35.680: [GC 2089974K->426481K(2183168K), 0.0391180 secs]
37.635: [GC 2098099K->431680K(2197568K), 0.0401580 secs]
39.542: [GC 2066129K->435963K(2156672K), 0.0408350 secs]
41.447: [GC 2070983K->445872K(2178880K), 0.0429680 secs]
43.319: [GC 2045210K->445143K(2130176K), 0.0427850 secs]
45.182: [GC 2044860K->450937K(2167040K), 0.0444800 secs]
46.985: [GC 2020864K->447677K(2104128K), 0.0437150 secs]
48.801: [GC 2019164K->450655K(2163200K), 0.0438840 secs]
50.620: [GC 2007223K->448302K(2089792K), 0.0433740 secs]
52.414: [GC 2004382K->449685K(2165824K), 0.0435490 secs]
54.181: [GC 2004066K->441135K(2075072K), 0.0416340 secs]
55.943: [GC 1994448K->443956K(2165312K), 0.0413250 secs]
57.714: [GC 2003252K->446441K(2160448K), 0.0415160 secs]
59.516: [GC 2005202K->443178K(2169664K), 0.0398200 secs]
