1.157: [GC 94789K->30489K(365760K), 0.0947100 secs]
1.411: [GC 125913K->63390K(461184K), 0.0958890 secs]
1.806: [GC 254238K->134001K(461184K), 0.1150240 secs]
2.205: [GC 324849K->196596K(652032K), 0.0958880 secs]
2.301: [Full GC 196596K->196589K(816704K), 0.4616180 secs]
3.485: [GC 578062K->230507K(816704K), 0.0286260 secs]
3.948: [GC 611849K->246077K(1058240K), 0.0133980 secs]
4.510: [GC 806714K->251712K(1082560K), 0.0144500 secs]
5.014: [GC 812516K->259498K(1249088K), 0.0167790 secs]
5.741: [GC 1027878K->269531K(1280576K), 0.0199420 secs]
6.404: [GC 1038107K->280571K(1401280K), 0.0234030 secs]
7.174: [GC 1181816K->291615K(1414144K), 0.0248690 secs]
7.921: [GC 1193161K->301991K(1551424K), 0.0279410 secs]
8.796: [GC 1334627K->316019K(1559424K), 0.0302540 secs]
9.671: [GC 1349111K->326333K(1698432K), 0.0357150 secs]
10.683: [GC 1488288K->339304K(1711424K), 0.0366590 secs]
11.658: [GC 1501416K->350352K(1856000K), 0.0417220 secs]
12.762: [GC 1641112K->360732K(1872128K), 0.0410140 secs]
13.818: [GC 1650387K->370502K(1975872K), 0.0467700 secs]
14.980: [GC 1748578K->375400K(1992640K), 0.0436260 secs]
16.099: [GC 1753464K->378376K(2106816K), 0.0478550 secs]
17.324: [GC 1855450K->383257K(2116864K), 0.0417500 secs]
18.560: [GC 1860592K->389163K(2212096K), 0.0470270 secs]
19.866: [GC 1951961K->394403K(2148288K), 0.0444300 secs]
21.207: [GC 1957342K->399248K(2203904K), 0.0437270 secs]
22.505: [GC 1942416K->407343K(2132928K), 0.0460180 secs]
23.786: [GC 1948948K->409475K(2198720K), 0.0456920 secs]
25.071: [GC 1936536K->412506K(2117440K), 0.0458460 secs]
26.322: [GC 1939732K->415666K(2198592K), 0.0463760 secs]
27.626: [GC 1939958K->421899K(2116416K), 0.0494300 secs]
28.935: [GC 1945063K->421299K(2200256K), 0.0456890 secs]
30.192: [GC 1944738K->418282K(2108352K), 0.0445690 secs]
31.447: [GC 1941742K->423904K(2198272K), 0.0453500 secs]
32.668: [GC 1952530K->427208K(2194560K), 0.0461990 secs]
33.903: [GC 1954222K->425080K(2202880K), 0.0457480 secs]
35.142: [GC 1967670K->438423K(2201088K), 0.0464650 secs]
36.376: [GC 1981560K->437654K(2214208K), 0.0475650 secs]
37.629: [GC 1997030K->442192K(2213952K), 0.0466970 secs]
38.846: [GC 2001117K->449013K(2218880K), 0.0483720 secs]
40.105: [GC 2015280K->449412K(2218368K), 0.0472690 secs]
41.359: [GC 2016635K->450641K(2220096K), 0.0475290 secs]
42.620: [GC 2025361K->452486K(2220480K), 0.0471400 secs]
43.876: [GC 2027206K->452147K(2222144K), 0.0476100 secs]
45.123: [GC 2037747K->445990K(2223808K), 0.0439260 secs]
46.368: [GC 2030736K->460729K(2233472K), 0.0468720 secs]
47.658: [GC 2060841K->464910K(2232768K), 0.0469490 secs]
48.968: [GC 2066446K->464968K(2239680K), 0.0473430 secs]
50.244: [GC 2078018K->468448K(2239872K), 0.0467980 secs]
51.527: [GC 2080595K->478322K(2244928K), 0.0483980 secs]
52.873: [GC 2097221K->474002K(2245568K), 0.0467550 secs]
54.197: [GC 2093049K->479132K(2248576K), 0.0480870 secs]
55.524: [GC 2104860K->478317K(2248320K), 0.0466710 secs]
56.832: [GC 2102151K->482325K(2250176K), 0.0477850 secs]
58.153: [GC 2112085K->479645K(2249152K), 0.0468030 secs]
59.428: [GC 2108086K->481925K(2252352K), 0.0469060 secs]
60.726: [GC 2118341K->489222K(2250560K), 0.0468880 secs]
62.066: [GC 2124919K->497535K(2255808K), 0.0492410 secs]
