0.533: [GC 95424K->59893K(365760K), 0.0879460 secs]
0.710: [GC 155317K->119837K(461184K), 0.0522560 secs]
1.550: [GC 310156K->172949K(461184K), 0.0526860 secs]
2.230: [GC 363797K->173403K(652032K), 0.0083420 secs]
3.795: [GC 554306K->173423K(652032K), 0.0098720 secs]
5.650: [GC 553604K->175050K(1112128K), 0.0091980 secs]
8.899: [GC 938442K->176232K(1112448K), 0.0122150 secs]
11.831: [GC 939624K->176951K(1874240K), 0.0109680 secs]
19.498: [GC 1703466K->183169K(1874496K), 0.0069440 secs]
27.334: [GC 1709721K->183240K(2194752K), 0.0124160 secs]
37.394: [GC 2033833K->189453K(2194944K), 0.0188620 secs]
46.800: [GC 2040717K->194095K(2198080K), 0.0066310 secs]
58.984: [GC 2052713K->199702K(2198336K), 0.0090670 secs]
