0.526: [GC 95424K->59882K(365760K), 0.0835020 secs]
0.691: [GC 155306K->118262K(461184K), 0.0915460 secs]
1.192: [GC 308489K->165623K(461184K), 0.0728610 secs]
1.670: [GC 354538K->173477K(652032K), 0.0528630 secs]
2.516: [GC 553417K->174184K(652032K), 0.0112460 secs]
3.368: [GC 555772K->175956K(1108480K), 0.0115060 secs]
4.988: [GC 937779K->177567K(1108800K), 0.0123320 secs]
6.772: [GC 939221K->180068K(1870400K), 0.0105000 secs]
10.243: [GC 1704679K->184392K(1870784K), 0.0059140 secs]
13.302: [GC 1710360K->187278K(2197696K), 0.0079720 secs]
17.795: [GC 2043710K->195036K(2198144K), 0.0107120 secs]
22.213: [GC 2052188K->198601K(2200704K), 0.0088570 secs]
26.492: [GC 2064137K->202828K(2200960K), 0.0220500 secs]
30.552: [GC 2066548K->206651K(2206400K), 0.0103820 secs]
34.504: [GC 2082693K->210456K(2206656K), 0.0101990 secs]
38.614: [GC 2086449K->214916K(2211456K), 0.0112050 secs]
38.625: [Full GC 214916K->180490K(2337472K), 0.5918040 secs]
43.233: [GC 2066042K->186953K(2337728K), 0.0065600 secs]
47.208: [GC 2073159K->194419K(2340096K), 0.0086320 secs]
51.427: [GC 2090091K->198967K(2341760K), 0.0223250 secs]
55.468: [GC 2095657K->202418K(2348416K), 0.0161910 secs]
59.793: [GC 2113799K->207867K(2348800K), 0.0331430 secs]
