1.165: [GC 94828K->30517K(365760K), 0.0499850 secs]
1.385: [GC 125941K->63170K(461184K), 0.0432040 secs]
1.747: [GC 254018K->130881K(461184K), 0.0773410 secs]
2.122: [GC 321729K->193500K(652032K), 0.1856010 secs]
2.307: [Full GC 193500K->193452K(815680K), 0.4540970 secs]
3.406: [GC 575148K->229005K(815680K), 0.0304980 secs]
3.561: [GC 610701K->233298K(1074560K), 0.0146460 secs]
3.870: [GC 795026K->241477K(1082048K), 0.0149710 secs]
4.133: [GC 803205K->245249K(1279296K), 0.0179870 secs]
4.490: [GC 1030017K->254130K(1298944K), 0.0165890 secs]
4.740: [GC 1038898K->250704K(1442816K), 0.0175520 secs]
4.989: [GC 1198288K->255222K(1453376K), 0.0182830 secs]
5.250: [GC 1201392K->257438K(1624448K), 0.0190180 secs]
5.591: [GC 1391902K->258384K(1632448K), 0.0199730 secs]
5.948: [GC 1392848K->261773K(1817792K), 0.0190430 secs]
6.400: [GC 1598349K->269873K(1830016K), 0.0198470 secs]
6.830: [GC 1605503K->270168K(2040384K), 0.0221940 secs]
7.332: [GC 1821016K->275205K(2046912K), 0.0232410 secs]
7.860: [GC 1826053K->284273K(2202752K), 0.0283870 secs]
8.363: [GC 1988401K->288917K(2208000K), 0.0305480 secs]
8.923: [GC 1992668K->288399K(2362560K), 0.0271220 secs]
9.552: [GC 2139385K->292276K(2336512K), 0.0205680 secs]
10.160: [GC 2144566K->294615K(2363584K), 0.0219320 secs]
10.741: [GC 2148247K->300340K(2336576K), 0.0178270 secs]
11.281: [GC 2152244K->300737K(2363008K), 0.0194680 secs]
11.840: [GC 2155457K->305216K(2361920K), 0.0252440 secs]
12.421: [GC 2159936K->302959K(2362176K), 0.0196760 secs]
12.949: [GC 2158880K->305083K(2362944K), 0.0195880 secs]
13.521: [GC 2162187K->317150K(2363776K), 0.0214500 secs]
14.056: [GC 2177054K->311970K(2365632K), 0.0213150 secs]
14.612: [GC 2171874K->315831K(2364224K), 0.0201670 secs]
15.190: [GC 2177335K->315955K(2365632K), 0.0199190 secs]
15.750: [GC 2177459K->318643K(2364096K), 0.0208270 secs]
16.300: [GC 2184499K->321177K(2365568K), 0.0200270 secs]
16.892: [GC 2187033K->323954K(2369408K), 0.0193050 secs]
17.464: [GC 2197938K->330826K(2370816K), 0.0205080 secs]
18.040: [GC 2204568K->335686K(2375104K), 0.0195960 secs]
18.613: [GC 2214125K->348321K(2375168K), 0.0211070 secs]
19.220: [GC 2227873K->342527K(2369024K), 0.0223340 secs]
19.791: [GC 2214783K->349082K(2363840K), 0.0218080 secs]
20.430: [GC 2221338K->353695K(2365568K), 0.0215180 secs]
20.987: [GC 2217503K->354814K(2356288K), 0.0239280 secs]
21.533: [GC 2218622K->361953K(2361792K), 0.0243950 secs]
22.152: [GC 2218465K->363012K(2350336K), 0.0396000 secs]
22.723: [GC 2217687K->370027K(2358656K), 0.0373350 secs]
23.300: [GC 2220139K->370443K(2347712K), 0.0215880 secs]
23.886: [GC 2218666K->373954K(2355840K), 0.0263030 secs]
24.477: [GC 2217538K->373906K(2342336K), 0.0226330 secs]
25.100: [GC 2217490K->381797K(2352128K), 0.0256980 secs]
25.658: [GC 2218190K->381624K(2337408K), 0.0257590 secs]
26.193: [GC 2218680K->380330K(2355968K), 0.0252830 secs]
26.771: [GC 2216635K->384518K(2332288K), 0.0242660 secs]
27.420: [GC 2221441K->395893K(2350592K), 0.0252870 secs]
28.019: [GC 2232373K->392150K(2352128K), 0.0251330 secs]
28.590: [GC 2228630K->390549K(2355072K), 0.0219570 secs]
29.180: [GC 2233301K->396634K(2355392K), 0.0235750 secs]
29.742: [GC 2239386K->399961K(2358016K), 0.0223690 secs]
30.277: [GC 2246973K->399155K(2358208K), 0.0233230 secs]
30.880: [GC 2246394K->405963K(2360640K), 0.0226000 secs]
31.461: [GC 2256002K->412528K(2361088K), 0.0219340 secs]
32.056: [GC 2263667K->409004K(2361600K), 0.0208540 secs]
32.640: [GC 2261804K->411026K(2361408K), 0.0215500 secs]
33.230: [GC 2262018K->416136K(2362112K), 0.0221570 secs]
33.790: [GC 2271112K->419838K(2362496K), 0.0211680 secs]
34.332: [GC 2274814K->426005K(2361152K), 0.0216980 secs]
34.881: [GC 2283861K->432689K(2362496K), 0.0229290 secs]
35.400: [GC 2290545K->435737K(2366272K), 0.0243860 secs]
35.943: [GC 2297113K->440471K(2357696K), 0.0257650 secs]
36.481: [GC 2301847K->447018K(2360704K), 0.0250730 secs]
37.050: [GC 2300559K->443353K(2363008K), 0.0251760 secs]
37.611: [GC 2297433K->452073K(2360128K), 0.0258690 secs]
38.155: [GC 2303465K->451529K(2348736K), 0.0236240 secs]
38.790: [GC 2302741K->459660K(2356480K), 0.0274900 secs]
39.362: [GC 2305548K->465631K(2353152K), 0.0271460 secs]
39.924: [GC 2311519K->465039K(2353600K), 0.0269280 secs]
40.547: [GC 2302351K->472421K(2346688K), 0.0278270 secs]
41.149: [GC 2309733K->470118K(2350848K), 0.0289400 secs]
41.769: [GC 2298776K->479334K(2340800K), 0.0265830 secs]
42.470: [GC 2308518K->480172K(2347328K), 0.0276570 secs]
43.107: [GC 2304428K->481003K(2327360K), 0.0292920 secs]
43.770: [GC 2305259K->488822K(2348096K), 0.0294580 secs]
44.364: [GC 2314230K->493181K(2347712K), 0.0272540 secs]
45.021: [GC 2318496K->495891K(2347904K), 0.0629290 secs]
45.084: [Full GC 495891K->222934K(2382976K), 0.7212350 secs]
46.393: [GC 2050966K->237962K(2296256K), 0.0060570 secs]
46.947: [GC 2064272K->243171K(2365248K), 0.0074480 secs]
47.520: [GC 2043491K->252696K(2283328K), 0.0101350 secs]
48.082: [GC 2053016K->255647K(2368192K), 0.0112660 secs]
48.610: [GC 2050719K->257348K(2282688K), 0.0118740 secs]
49.141: [GC 2052420K->263353K(2370688K), 0.0122660 secs]
49.679: [GC 2060813K->269227K(2297536K), 0.0155350 secs]
50.275: [GC 2066781K->281348K(2370624K), 0.0156500 secs]
50.916: [GC 2085518K->275154K(2365568K), 0.0159270 secs]
51.500: [GC 2079506K->286200K(2373760K), 0.0190710 secs]
52.076: [GC 2103032K->291506K(2371520K), 0.0197620 secs]
52.641: [GC 2108338K->295919K(2383808K), 0.0207700 secs]
53.200: [GC 2125295K->300444K(2360128K), 0.0213880 secs]
53.762: [GC 2129820K->298155K(2382784K), 0.0237340 secs]
54.367: [GC 2123179K->304702K(2360000K), 0.0307430 secs]
54.915: [GC 2129726K->305879K(2377792K), 0.0223520 secs]
55.460: [GC 2121460K->305876K(2379328K), 0.0214180 secs]
56.024: [GC 2122452K->309321K(2378176K), 0.0225900 secs]
56.580: [GC 2125897K->312230K(2378752K), 0.0218570 secs]
57.139: [GC 2128496K->319934K(2378368K), 0.0223340 secs]
57.692: [GC 2135120K->318261K(2379584K), 0.0511800 secs]
58.240: [GC 2135349K->323805K(2378880K), 0.0260580 secs]
58.736: [GC 2142045K->327004K(2379264K), 0.0456140 secs]
59.290: [GC 2145244K->327197K(2376512K), 0.0270720 secs]
59.860: [GC 2148189K->335754K(2378496K), 0.0711910 secs]
60.438: [GC 2156746K->336529K(2378944K), 0.0347460 secs]
60.971: [GC 2164241K->342273K(2382080K), 0.0225860 secs]
61.516: [GC 2169985K->339999K(2383552K), 0.0202210 secs]
62.050: [GC 2175647K->341794K(2386048K), 0.0206850 secs]
62.605: [GC 2177442K->348500K(2385984K), 0.0230170 secs]
