0.538: [GC 95424K->59869K(365760K), 0.0761990 secs]
0.695: [GC 155293K->119821K(461184K), 0.0988330 secs]
1.183: [GC 310606K->166414K(461184K), 0.0413320 secs]
1.514: [GC 355389K->172580K(652032K), 0.0198350 secs]
2.163: [GC 552326K->177352K(652032K), 0.0512950 secs]
2.844: [GC 557217K->180678K(1109248K), 0.0117710 secs]
4.136: [GC 943781K->188777K(1109376K), 0.0128980 secs]
5.322: [GC 951349K->200818K(1862784K), 0.0286220 secs]
7.917: [GC 1725891K->223854K(1866432K), 0.0236880 secs]
10.265: [GC 1748790K->241430K(2204032K), 0.0504380 secs]
13.118: [GC 2106262K->261421K(2152704K), 0.0282330 secs]
13.152: [Full GC 261421K->178449K(2280576K), 0.4832290 secs]
16.319: [GC 2043325K->208205K(2333312K), 0.0113230 secs]
19.131: [GC 2075475K->232747K(2331136K), 0.0194600 secs]
21.771: [GC 2100134K->249705K(2329408K), 0.0176250 secs]
24.507: [GC 2120333K->258836K(2332416K), 0.0204990 secs]
27.303: [GC 2129535K->273761K(2313344K), 0.0396720 secs]
30.107: [GC 2119111K->288394K(2323264K), 0.0267000 secs]
32.851: [GC 2133817K->295292K(2288448K), 0.0319290 secs]
35.554: [GC 2106565K->303957K(2281408K), 0.0251060 secs]
38.229: [GC 2115285K->318708K(2279232K), 0.0288640 secs]
40.698: [GC 2096368K->323250K(2267840K), 0.0292820 secs]
43.245: [GC 2101381K->336674K(2254720K), 0.0325900 secs]
45.731: [GC 2070416K->341429K(2241600K), 0.0329560 secs]
48.376: [GC 2074417K->344983K(2235008K), 0.0344520 secs]
50.942: [GC 2035223K->348781K(2205184K), 0.0355080 secs]
53.415: [GC 2037957K->359471K(2213952K), 0.0383400 secs]
55.878: [GC 2008798K->364106K(2179776K), 0.0386850 secs]
58.272: [GC 2013205K->362693K(2200576K), 0.0388700 secs]
60.722: [GC 1977669K->366572K(2147712K), 0.0392950 secs]
