0.540: [GC 95424K->59882K(365760K), 0.0841960 secs]
0.712: [GC 155306K->119806K(461184K), 0.0982040 secs]
1.111: [GC 310649K->166493K(461184K), 0.0597220 secs]
1.403: [GC 357341K->172208K(652032K), 0.0122500 secs]
1.891: [GC 552281K->177784K(652032K), 0.0148590 secs]
2.357: [GC 557810K->185220K(1107520K), 0.0147280 secs]
3.363: [GC 948376K->196768K(1108352K), 0.0230080 secs]
4.259: [GC 959666K->211091K(1857344K), 0.0276160 secs]
6.230: [GC 1737517K->233158K(1862592K), 0.0303770 secs]
8.016: [GC 1758537K->245486K(2207552K), 0.0329310 secs]
8.049: [Full GC 245486K->176921K(2334592K), 0.4949240 secs]
10.723: [GC 2045877K->216165K(2290624K), 0.0305810 secs]
12.969: [GC 2085941K->239812K(2328000K), 0.0351390 secs]
15.170: [GC 2105806K->251532K(2323008K), 0.0377950 secs]
17.351: [GC 2117570K->270422K(2302848K), 0.0464480 secs]
19.509: [GC 2101617K->281254K(2289472K), 0.0479920 secs]
21.645: [GC 2112816K->289035K(2300736K), 0.0429670 secs]
23.752: [GC 2100753K->300490K(2290688K), 0.0484720 secs]
25.860: [GC 2113806K->310641K(2277056K), 0.0527620 secs]
27.939: [GC 2085880K->324947K(2277632K), 0.0596740 secs]
29.999: [GC 2099434K->329403K(2245888K), 0.0700780 secs]
32.042: [GC 2052361K->342571K(2243968K), 0.0870830 secs]
34.117: [GC 2065642K->348338K(2220224K), 0.0787830 secs]
36.071: [GC 2017019K->352276K(2197568K), 0.0720700 secs]
38.041: [GC 2019391K->356178K(2200256K), 0.0688960 secs]
39.964: [GC 1977658K->359326K(2159040K), 0.0692760 secs]
41.881: [GC 1980899K->359773K(2187456K), 0.0696940 secs]
43.766: [GC 1950173K->360823K(2127808K), 0.0709090 secs]
45.681: [GC 1951223K->363811K(2181696K), 0.0754680 secs]
47.571: [GC 1933993K->371121K(2113728K), 0.0738240 secs]
49.440: [GC 1942708K->371957K(2178048K), 0.0934050 secs]
51.331: [GC 1932147K->371112K(2179840K), 0.0908650 secs]
53.197: [GC 1931031K->366941K(2172160K), 0.0961930 secs]
55.079: [GC 1927514K->374650K(2176192K), 0.0790450 secs]
56.925: [GC 1935566K->375564K(2175936K), 0.0693930 secs]
58.786: [GC 1946508K->378511K(2180864K), 0.0732520 secs]
60.639: [GC 1947799K->379840K(2179776K), 0.0730650 secs]
