1.164: [GC 94827K->30505K(365760K), 0.0626210 secs]
1.398: [GC 125929K->63398K(461184K), 0.0464220 secs]
1.768: [GC 254246K->131153K(461184K), 0.0926950 secs]
2.164: [GC 322001K->193748K(652032K), 0.1937220 secs]
2.358: [Full GC 193748K->193706K(814016K), 0.4527050 secs]
3.481: [GC 574144K->234174K(814016K), 0.0317410 secs]
3.716: [GC 615304K->241361K(1091072K), 0.0363530 secs]
4.131: [GC 816560K->250190K(1092672K), 0.0326760 secs]
4.457: [GC 823846K->258631K(1319488K), 0.0257810 secs]
4.925: [GC 1089031K->262538K(1340544K), 0.0173110 secs]
5.395: [GC 1091949K->267323K(1484032K), 0.0168540 secs]
5.923: [GC 1272079K->279684K(1508608K), 0.0682610 secs]
6.534: [GC 1285533K->284634K(1726144K), 0.0453970 secs]
7.216: [GC 1507692K->292605K(1730368K), 0.0423660 secs]
7.905: [GC 1515954K->301211K(1957888K), 0.0289230 secs]
8.707: [GC 1754417K->312637K(1972032K), 0.0301940 secs]
9.437: [GC 1765201K->320345K(2218304K), 0.0343390 secs]
10.339: [GC 2010438K->329582K(2228800K), 0.0339690 secs]
11.205: [GC 2018695K->333992K(2296704K), 0.0347450 secs]
12.150: [GC 2079766K->346790K(2291648K), 0.0404080 secs]
13.128: [GC 2091545K->348788K(2278080K), 0.0368110 secs]
14.088: [GC 2051469K->358939K(2251136K), 0.0329780 secs]
15.001: [GC 2060888K->365743K(2259200K), 0.0344080 secs]
15.876: [GC 2031705K->369598K(2220608K), 0.0363810 secs]
16.779: [GC 2037027K->377192K(2248256K), 0.0369230 secs]
17.656: [GC 2016008K->383900K(2201280K), 0.0371280 secs]
18.526: [GC 2023683K->383321K(2242560K), 0.0362740 secs]
19.414: [GC 2004814K->385644K(2175680K), 0.0360840 secs]
20.264: [GC 2007173K->396605K(2240128K), 0.0362630 secs]
21.121: [GC 2012173K->392624K(2242496K), 0.0365970 secs]
21.992: [GC 2009008K->404215K(2242496K), 0.0388770 secs]
22.908: [GC 2020424K->406471K(2242880K), 0.0372150 secs]
23.772: [GC 2024455K->409035K(2240832K), 0.0380360 secs]
24.649: [GC 2028233K->418110K(2242048K), 0.0385290 secs]
25.501: [GC 2036348K->412586K(2237696K), 0.0508410 secs]
26.406: [GC 2035328K->426114K(2241984K), 0.1115440 secs]
27.314: [GC 2048779K->424491K(2242304K), 0.0583670 secs]
28.211: [GC 2055666K->430328K(2246656K), 0.0884470 secs]
29.146: [GC 2063224K->429172K(2243392K), 0.0536190 secs]
30.043: [GC 2073354K->427742K(2249728K), 0.0473520 secs]
30.887: [GC 2071081K->429163K(2253184K), 0.0376730 secs]
31.775: [GC 2090276K->436868K(2258816K), 0.0386070 secs]
32.646: [GC 2099351K->438686K(2263296K), 0.0389120 secs]
33.473: [GC 2118871K->439234K(2268160K), 0.0762500 secs]
34.414: [GC 2120386K->443432K(2273472K), 0.0547210 secs]
35.342: [GC 2141330K->450447K(2278208K), 0.0503950 secs]
36.249: [GC 2146738K->452203K(2281536K), 0.0359770 secs]
37.134: [GC 2162271K->460932K(2285760K), 0.0375060 secs]
37.999: [GC 2171227K->460782K(2288000K), 0.0359610 secs]
38.907: [GC 2181756K->474110K(2292160K), 0.0374640 secs]
39.807: [GC 2194933K->478149K(2297024K), 0.0389070 secs]
40.738: [GC 2205419K->477089K(2297728K), 0.0367980 secs]
41.640: [GC 2204637K->485663K(2298560K), 0.0367620 secs]
42.566: [GC 2217055K->484875K(2298048K), 0.0371400 secs]
43.530: [GC 2215163K->496449K(2298304K), 0.0381300 secs]
44.450: [GC 2228127K->500971K(2299520K), 0.0377920 secs]
45.339: [GC 2233238K->505945K(2299072K), 0.0381590 secs]
46.259: [GC 2237453K->505091K(2300352K), 0.0381930 secs]
47.173: [GC 2235720K->515579K(2297536K), 0.0403690 secs]
48.091: [GC 2244983K->517652K(2287680K), 0.0393870 secs]
49.046: [GC 2246848K->522720K(2296064K), 0.0389030 secs]
49.946: [GC 2247837K->529889K(2290112K), 0.0400180 secs]
50.880: [GC 2255969K->526050K(2296704K), 0.0403350 secs]
51.761: [GC 2249058K->533814K(2280832K), 0.0388640 secs]
52.625: [GC 2255268K->544075K(2292672K), 0.0388530 secs]
53.539: [GC 2263917K->540029K(2294656K), 0.0382710 secs]
54.477: [GC 2260427K->550064K(2294016K), 0.0469850 secs]
55.374: [GC 2271487K->545823K(2295232K), 0.0501430 secs]
56.281: [GC 2267584K->547294K(2293632K), 0.0377410 secs]
56.318: [Full GC 547294K->208850K(2316928K), 0.6034890 secs]
57.781: [GC 1931506K->236682K(2191360K), 0.0143210 secs]
58.597: [GC 1959689K->251637K(2283904K), 0.0143610 secs]
59.429: [GC 1924040K->269220K(2172736K), 0.0195350 secs]
60.288: [GC 1940218K->277717K(2289472K), 0.0209220 secs]
61.127: [GC 1940911K->297196K(2192512K), 0.0234770 secs]
61.981: [GC 1960735K->299642K(2290752K), 0.0261370 secs]
62.841: [GC 1967261K->309052K(2285952K), 0.0292370 secs]
