0.524: [GC 95424K->59877K(365760K), 0.0788490 secs]
0.685: [GC 155301K->119793K(461184K), 0.1214960 secs]
1.598: [GC 310157K->172960K(461184K), 0.0407610 secs]
2.277: [GC 363808K->173438K(652032K), 0.0092710 secs]
3.888: [GC 553786K->173768K(652032K), 0.0080410 secs]
5.739: [GC 554349K->175523K(1112064K), 0.0181910 secs]
9.010: [GC 938415K->176777K(1112384K), 0.0109990 secs]
11.940: [GC 940169K->177487K(1874240K), 0.0063780 secs]
19.197: [GC 1704271K->181432K(1874560K), 0.0054680 secs]
26.787: [GC 1706828K->185779K(2193216K), 0.0053900 secs]
37.412: [GC 2035796K->192992K(2194368K), 0.0070070 secs]
47.566: [GC 2042379K->197446K(2197056K), 0.0068730 secs]
58.731: [GC 2057926K->203528K(2198080K), 0.0077450 secs]
