0.545: [GC 95424K->59882K(365760K), 0.1358160 secs]
0.768: [GC 155306K->119814K(461184K), 0.1097140 secs]
1.345: [GC 310119K->167518K(461184K), 0.0568310 secs]
1.902: [GC 357141K->174847K(652032K), 0.0136270 secs]
2.775: [GC 554619K->175672K(652032K), 0.0106350 secs]
3.727: [GC 557255K->177636K(1110272K), 0.0094960 secs]
5.274: [GC 940900K->179293K(1110400K), 0.0124910 secs]
7.101: [GC 942557K->181378K(1871936K), 0.0092090 secs]
10.440: [GC 1706399K->185052K(1872384K), 0.0065800 secs]
13.470: [GC 1710331K->190814K(2195328K), 0.0073280 secs]
17.965: [GC 2045342K->198550K(2196480K), 0.0079540 secs]
22.162: [GC 2051648K->204737K(2198144K), 0.0091450 secs]
26.008: [GC 2067624K->208630K(2199424K), 0.0133710 secs]
30.247: [GC 2070772K->214081K(2205120K), 0.0112960 secs]
30.259: [Full GC 214081K->181714K(2330176K), 0.5029220 secs]
34.805: [GC 2056385K->194751K(2331520K), 0.0078330 secs]
38.741: [GC 2069313K->199617K(2333248K), 0.0208840 secs]
42.527: [GC 2086593K->204997K(2335424K), 0.0134080 secs]
46.514: [GC 2091744K->208146K(2342784K), 0.0148640 secs]
50.585: [GC 2108624K->210328K(2343360K), 0.0123530 secs]
54.397: [GC 2112107K->217828K(2351616K), 0.0261390 secs]
58.692: [GC 2130340K->220417K(2352512K), 0.0215080 secs]
