1.182: [GC 95424K->31604K(365760K), 0.0597900 secs]
1.400: [GC 127028K->65324K(461184K), 0.0978520 secs]
1.812: [GC 256172K->135955K(461184K), 0.1278990 secs]
2.232: [GC 326803K->198558K(652032K), 0.2072310 secs]
2.439: [Full GC 198558K->198522K(813440K), 0.4497220 secs]
3.590: [GC 580218K->232394K(813440K), 0.0268020 secs]
3.791: [GC 614090K->233836K(1091072K), 0.0125990 secs]
4.131: [GC 820268K->244186K(1107200K), 0.0197220 secs]
4.350: [GC 830618K->246450K(1366912K), 0.0257290 secs]
4.707: [GC 1110898K->253498K(1379072K), 0.0200450 secs]
4.962: [GC 1117946K->254542K(1571968K), 0.0215730 secs]
5.262: [GC 1334350K->253599K(1585792K), 0.0221510 secs]
5.568: [GC 1333407K->256971K(1841152K), 0.0490640 secs]
5.996: [GC 1595787K->255583K(1837184K), 0.0245990 secs]
6.418: [GC 1594399K->257674K(2150464K), 0.0521800 secs]
6.901: [GC 1911895K->257220K(2146944K), 0.0233290 secs]
7.373: [GC 1912772K->265224K(2369920K), 0.0237390 secs]
7.898: [GC 2146817K->259411K(2369408K), 0.0257020 secs]
8.444: [GC 2140118K->264777K(2376896K), 0.0319890 secs]
9.004: [GC 2156056K->270099K(2376384K), 0.0360980 secs]
9.626: [GC 2161544K->272897K(2379328K), 0.0380720 secs]
10.278: [GC 2170241K->280085K(2380544K), 0.0250530 secs]
10.839: [GC 2176194K->283433K(2380736K), 0.0289980 secs]
11.460: [GC 2183014K->286560K(2382400K), 0.0280020 secs]
12.048: [GC 2185491K->292017K(2385280K), 0.0371020 secs]
12.607: [GC 2196085K->294312K(2385920K), 0.0296400 secs]
13.338: [GC 2199720K->301087K(2381568K), 0.0445750 secs]
14.115: [GC 2201759K->309246K(2382720K), 0.0340530 secs]
14.884: [GC 2209529K->312283K(2365696K), 0.0422910 secs]
15.618: [GC 2192308K->320745K(2373376K), 0.0449990 secs]
16.317: [GC 2201705K->323067K(2349184K), 0.0421400 secs]
16.933: [GC 2178171K->326799K(2350144K), 0.0401340 secs]
17.638: [GC 2181313K->328315K(2347392K), 0.0386820 secs]
18.307: [GC 2164475K->337122K(2339968K), 0.0508160 secs]
19.025: [GC 2173282K->342452K(2334784K), 0.0886480 secs]
19.769: [GC 2155444K->344995K(2319680K), 0.0437920 secs]
20.478: [GC 2157212K->350967K(2326016K), 0.0548360 secs]
21.189: [GC 2143681K->351984K(2302272K), 0.0634320 secs]
21.918: [GC 2145546K->353119K(2324928K), 0.0482000 secs]
22.606: [GC 2136875K->360510K(2296000K), 0.0521960 secs]
23.312: [GC 2144199K->364998K(2321152K), 0.0502250 secs]
24.050: [GC 2142918K->367057K(2286784K), 0.0477560 secs]
24.840: [GC 2143556K->371348K(2322752K), 0.0643070 secs]
25.558: [GC 2149076K->371649K(2279936K), 0.0471370 secs]
26.214: [GC 2149377K->375269K(2323200K), 0.0614710 secs]
26.974: [GC 2156709K->379223K(2319488K), 0.1078680 secs]
27.786: [GC 2160663K->389899K(2322944K), 0.0539150 secs]
28.468: [GC 2178699K->380869K(2321792K), 0.0560980 secs]
29.196: [GC 2169669K->384888K(2332352K), 0.0420230 secs]
29.819: [GC 2187320K->386381K(2330688K), 0.0456370 secs]
30.548: [GC 2188813K->384578K(2336320K), 0.0406980 secs]
31.214: [GC 2194171K->388691K(2335680K), 0.0467550 secs]
31.919: [GC 2198192K->395316K(2339584K), 0.0354370 secs]
32.591: [GC 2211934K->398546K(2339904K), 0.0408890 secs]
33.277: [GC 2213850K->410700K(2340224K), 0.0353760 secs]
33.947: [GC 2232246K->410683K(2341568K), 0.0324890 secs]
34.637: [GC 2233595K->412215K(2346048K), 0.0344540 secs]
35.362: [GC 2244151K->413637K(2347200K), 0.0449070 secs]
36.084: [GC 2245573K->420202K(2348672K), 0.0419490 secs]
36.891: [GC 2258474K->422626K(2350336K), 0.0384270 secs]
37.660: [GC 2259953K->430162K(2352576K), 0.0385260 secs]
38.416: [GC 2275026K->429592K(2354048K), 0.0376970 secs]
39.209: [GC 2274456K->434921K(2356096K), 0.0380890 secs]
39.938: [GC 2283743K->440678K(2357184K), 0.0419500 secs]
40.698: [GC 2289528K->445410K(2357504K), 0.0419040 secs]
41.417: [GC 2295367K->453427K(2356608K), 0.0444190 secs]
42.228: [GC 2302130K->455334K(2347648K), 0.0449290 secs]
42.998: [GC 2292134K->460774K(2348480K), 0.0392470 secs]
43.750: [GC 2295674K->459976K(2343616K), 0.0394680 secs]
44.538: [GC 2283521K->465918K(2335168K), 0.0438770 secs]
45.229: [GC 2289510K->467083K(2340352K), 0.0482350 secs]
45.833: [GC 2283659K->471728K(2326592K), 0.0468370 secs]
46.429: [GC 2288304K->475054K(2340992K), 0.0425860 secs]
47.016: [GC 2289454K->475610K(2318336K), 0.0415630 secs]
47.614: [GC 2289909K->473626K(2340992K), 0.0413980 secs]
48.179: [GC 2289818K->476330K(2339200K), 0.0512130 secs]
48.752: [GC 2291661K->477239K(2342144K), 0.0385200 secs]
49.313: [GC 2297591K->482439K(2341440K), 0.0428710 secs]
49.918: [GC 2302791K->481789K(2344704K), 0.0426040 secs]
50.498: [GC 2305210K->488222K(2344384K), 0.0340670 secs]
50.532: [Full GC 488222K->213665K(2351040K), 0.6030430 secs]
51.658: [GC 2038561K->232273K(2337728K), 0.0089770 secs]
52.188: [GC 2044241K->233668K(2254528K), 0.0104550 secs]
52.708: [GC 2044228K->242814K(2336192K), 0.0118560 secs]
53.326: [GC 2038782K->244460K(2249344K), 0.0267090 secs]
53.918: [GC 2040428K->256396K(2340224K), 0.0184110 secs]
54.478: [GC 2053580K->257299K(2263360K), 0.0323770 secs]
55.098: [GC 2054483K->269445K(2339968K), 0.0293790 secs]
55.698: [GC 2071088K->273596K(2334848K), 0.0428660 secs]
56.299: [GC 2075900K->276418K(2341632K), 0.0295990 secs]
56.898: [GC 2089547K->280820K(2338496K), 0.0286840 secs]
57.449: [GC 2094516K->286186K(2350912K), 0.0421050 secs]
58.021: [GC 2113642K->287448K(2351488K), 0.0349490 secs]
58.628: [GC 2113560K->290460K(2353280K), 0.0314610 secs]
59.202: [GC 2119068K->294380K(2331904K), 0.0858210 secs]
59.829: [GC 2122988K->298101K(2346432K), 0.0364170 secs]
60.439: [GC 2116213K->299926K(2323520K), 0.0485990 secs]
61.058: [GC 2118038K->308114K(2341632K), 0.0428390 secs]
61.622: [GC 2116882K->306690K(2316608K), 0.0511770 secs]
62.175: [GC 2115458K->314449K(2339840K), 0.0396490 secs]
62.731: [GC 2117201K->313420K(2341760K), 0.0561060 secs]
