0.541: [GC 95424K->59901K(365760K), 0.1376960 secs]
0.766: [GC 155325K->119841K(461184K), 0.1046040 secs]
1.315: [GC 310537K->167783K(461184K), 0.0494330 secs]
1.723: [GC 358209K->172614K(652032K), 0.0573630 secs]
2.622: [GC 553120K->177677K(652032K), 0.0147960 secs]
3.465: [GC 559373K->180700K(1109376K), 0.0159180 secs]
5.237: [GC 942885K->188546K(1109568K), 0.0803750 secs]
7.135: [GC 950378K->193131K(1865920K), 0.0114100 secs]
11.086: [GC 1718222K->206074K(1868096K), 0.0134340 secs]
15.067: [GC 1732001K->217184K(2197312K), 0.0244950 secs]
19.557: [GC 2082320K->229332K(2199104K), 0.0201140 secs]
19.577: [Full GC 229332K->179214K(2315776K), 0.4897010 secs]
24.380: [GC 2044464K->196382K(2325184K), 0.0319570 secs]
29.095: [GC 2074331K->213275K(2326656K), 0.0126740 secs]
33.591: [GC 2090434K->226596K(2326272K), 0.0274550 secs]
38.546: [GC 2111396K->239215K(2327552K), 0.0153640 secs]
43.663: [GC 2124015K->248724K(2332864K), 0.0149210 secs]
48.620: [GC 2140972K->259530K(2320384K), 0.0215620 secs]
53.315: [GC 2152010K->269719K(2316544K), 0.0259800 secs]
58.093: [GC 2138286K->284393K(2322880K), 0.0261220 secs]
