0.528: [GC 95424K->59882K(365760K), 0.0865380 secs]
0.696: [GC 155306K->119810K(461184K), 0.1115140 secs]
1.184: [GC 310397K->169076K(461184K), 0.0825530 secs]
1.537: [GC 359790K->173576K(652032K), 0.0457810 secs]
2.195: [GC 554288K->178923K(652032K), 0.0227060 secs]
2.740: [GC 559450K->183161K(1109568K), 0.0397620 secs]
3.955: [GC 945725K->187733K(1109568K), 0.0129400 secs]
5.164: [GC 951125K->198797K(1865088K), 0.0146940 secs]
7.687: [GC 1725581K->209927K(1868160K), 0.0180170 secs]
9.925: [GC 1736711K->220959K(2197440K), 0.0169700 secs]
12.767: [GC 2086785K->235073K(2199680K), 0.0213650 secs]
12.789: [Full GC 235073K->176511K(2323200K), 0.5811640 secs]
15.891: [GC 2042408K->202500K(2330112K), 0.0134660 secs]
18.568: [GC 2082157K->208965K(2332608K), 0.0128500 secs]
21.414: [GC 2086883K->224122K(2337152K), 0.0176880 secs]
24.272: [GC 2111802K->238402K(2327616K), 0.0223400 secs]
27.086: [GC 2124553K->253717K(2315200K), 0.0265400 secs]
29.856: [GC 2111535K->263403K(2323968K), 0.0269890 secs]
32.701: [GC 2122379K->270195K(2279552K), 0.0376820 secs]
35.448: [GC 2081750K->282325K(2281408K), 0.0305470 secs]
38.296: [GC 2093803K->289067K(2274688K), 0.0294710 secs]
41.086: [GC 2063615K->298809K(2262208K), 0.0325090 secs]
43.893: [GC 2074108K->303988K(2252480K), 0.0328720 secs]
46.497: [GC 2036998K->311036K(2232192K), 0.0347320 secs]
49.079: [GC 2044576K->314022K(2233664K), 0.0356600 secs]
51.612: [GC 2008051K->321234K(2202688K), 0.0348300 secs]
54.187: [GC 2014413K->324977K(2215744K), 0.0762250 secs]
56.775: [GC 1981097K->328246K(2172864K), 0.0366670 secs]
59.339: [GC 1984820K->330548K(2203712K), 0.0370790 secs]
