1.164: [GC 95424K->31580K(365760K), 0.0595460 secs]
1.385: [GC 127004K->65320K(461184K), 0.0635670 secs]
1.770: [GC 256168K->133571K(461184K), 0.1183430 secs]
2.191: [GC 324419K->196190K(652032K), 0.1400930 secs]
2.331: [Full GC 196190K->196159K(820096K), 0.5724030 secs]
3.660: [GC 576096K->238563K(820096K), 0.0239250 secs]
3.983: [GC 618710K->247979K(1045888K), 0.0134180 secs]
4.313: [GC 789427K->263619K(1064704K), 0.0141360 secs]
4.587: [GC 803747K->264723K(1221888K), 0.0163460 secs]
4.910: [GC 991485K->267742K(1242240K), 0.0173570 secs]
5.200: [GC 995166K->272934K(1353856K), 0.0183820 secs]
5.599: [GC 1130130K->279710K(1364672K), 0.0184680 secs]
5.976: [GC 1136228K->286392K(1492992K), 0.0200930 secs]
6.426: [GC 1274859K->291967K(1498688K), 0.0222800 secs]
6.868: [GC 1281948K->298392K(1641856K), 0.0229990 secs]
7.393: [GC 1427367K->295418K(1646656K), 0.0231660 secs]
7.874: [GC 1425052K->307523K(1793984K), 0.0287070 secs]
8.444: [GC 1581774K->312985K(1800320K), 0.0279650 secs]
9.041: [GC 1586996K->318965K(1910912K), 0.0359540 secs]
9.682: [GC 1697589K->324573K(1918592K), 0.0312860 secs]
10.307: [GC 1702229K->328331K(2042048K), 0.0397770 secs]
10.955: [GC 1822347K->337707K(2045760K), 0.0602360 secs]
11.683: [GC 1830542K->342430K(2186560K), 0.0303580 secs]
12.427: [GC 1974392K->349197K(2192256K), 0.0290200 secs]
13.231: [GC 1981581K->354764K(2308608K), 0.0322670 secs]
14.068: [GC 2099083K->363178K(2279808K), 0.0316490 secs]
14.945: [GC 2107562K->364983K(2301952K), 0.0358960 secs]
15.785: [GC 2093047K->368294K(2264448K), 0.0651970 secs]
16.653: [GC 2096964K->377673K(2297088K), 0.0498200 secs]
17.545: [GC 2095010K->381009K(2255552K), 0.0360820 secs]
18.434: [GC 2098256K->388607K(2292864K), 0.0933810 secs]
19.333: [GC 2098880K->390293K(2250112K), 0.0543710 secs]
20.196: [GC 2099015K->402605K(2290368K), 0.0363990 secs]
21.028: [GC 2105784K->403916K(2249024K), 0.0457750 secs]
21.872: [GC 2107625K->406861K(2292032K), 0.0364350 secs]
22.720: [GC 2108315K->410307K(2246912K), 0.0530020 secs]
23.587: [GC 2112092K->425235K(2285440K), 0.0366790 secs]
24.416: [GC 2121296K->429058K(2251328K), 0.0366470 secs]
25.293: [GC 2126082K->433896K(2283584K), 0.0371650 secs]
26.154: [GC 2123199K->431019K(2285184K), 0.0353000 secs]
27.011: [GC 2119775K->442713K(2283712K), 0.0377340 secs]
27.864: [GC 2131665K->450585K(2250432K), 0.0384310 secs]
28.711: [GC 2138824K->452572K(2280064K), 0.0376160 secs]
29.573: [GC 2134142K->458745K(2245312K), 0.0386300 secs]
30.407: [GC 2139404K->460406K(2279360K), 0.0392780 secs]
31.290: [GC 2137697K->465040K(2279680K), 0.0388160 secs]
32.131: [GC 2141987K->475072K(2275840K), 0.0396770 secs]
33.003: [GC 2148377K->475593K(2277760K), 0.0410750 secs]
33.860: [GC 2148989K->482518K(2277632K), 0.0398500 secs]
34.674: [GC 2155885K->483149K(2238016K), 0.0386830 secs]
35.495: [GC 2158279K->483987K(2279232K), 0.0390110 secs]
36.334: [GC 2161811K->488237K(2276864K), 0.0385460 secs]
37.203: [GC 2164334K->496468K(2277376K), 0.0389160 secs]
38.067: [GC 2176399K->495175K(2276864K), 0.0386970 secs]
38.933: [GC 2175079K->503437K(2282560K), 0.0389800 secs]
39.809: [GC 2192525K->506740K(2281664K), 0.0389080 secs]
40.686: [GC 2195257K->506108K(2285440K), 0.0371290 secs]
41.594: [GC 2202431K->511357K(2284864K), 0.0381780 secs]
42.449: [GC 2208752K->519620K(2290816K), 0.0379120 secs]
43.353: [GC 2226776K->520849K(2290240K), 0.0370820 secs]
44.243: [GC 2227427K->520142K(2297024K), 0.0376700 secs]
45.223: [GC 2235556K->536722K(2295936K), 0.0379340 secs]
46.135: [GC 2252127K->533927K(2300032K), 0.0378620 secs]
47.031: [GC 2256528K->536569K(2299776K), 0.0373410 secs]
47.890: [GC 2258891K->548357K(2302016K), 0.0391420 secs]
48.805: [GC 2274885K->560236K(2297600K), 0.0387000 secs]
49.690: [GC 2286470K->546599K(2303296K), 0.0393060 secs]
50.592: [GC 2269304K->558061K(2285376K), 0.0414210 secs]
50.634: [Full GC 558061K->211363K(2320192K), 0.7203400 secs]
52.217: [GC 1935509K->230281K(2302912K), 0.0115030 secs]
53.043: [GC 1920834K->248233K(2185664K), 0.0144200 secs]
53.865: [GC 1939240K->256492K(2300480K), 0.0154550 secs]
54.672: [GC 1916649K->264574K(2171648K), 0.0166870 secs]
55.485: [GC 1923704K->271705K(2305664K), 0.0194220 secs]
56.316: [GC 1929765K->287240K(2192768K), 0.0236000 secs]
57.153: [GC 1944935K->299804K(2306496K), 0.0261000 secs]
58.006: [GC 1965867K->319420K(2299200K), 0.0289310 secs]
58.826: [GC 1986236K->313249K(2312384K), 0.0280610 secs]
59.658: [GC 1996593K->327140K(2307456K), 0.1038690 secs]
60.593: [GC 2011108K->323714K(2323776K), 0.0348550 secs]
61.421: [GC 2023566K->335423K(2321984K), 0.0337420 secs]
62.310: [GC 2035357K->333488K(2324800K), 0.0347020 secs]
63.154: [GC 2033938K->352520K(2299264K), 0.0367940 secs]
