0.533: [GC 95424K->59869K(365760K), 0.0969490 secs]
0.714: [GC 155293K->119817K(461184K), 0.1072080 secs]
1.215: [GC 310424K->168626K(461184K), 0.0798940 secs]
1.755: [GC 358604K->172396K(652032K), 0.0159080 secs]
2.604: [GC 553787K->175328K(652032K), 0.0116150 secs]
3.380: [GC 556555K->179092K(1109696K), 0.0461790 secs]
5.030: [GC 941783K->184637K(1110016K), 0.0149280 secs]
6.644: [GC 947617K->191132K(1866112K), 0.0148830 secs]
10.047: [GC 1717916K->205282K(1868736K), 0.0241640 secs]
12.984: [GC 1730140K->208499K(2199168K), 0.0136650 secs]
16.897: [GC 2072041K->225979K(2199936K), 0.0300640 secs]
16.935: [Full GC 225979K->179348K(2322880K), 0.5868970 secs]
21.169: [GC 2043032K->202534K(2330880K), 0.0122610 secs]
24.885: [GC 2080714K->212442K(2330944K), 0.0188790 secs]
28.779: [GC 2088760K->221378K(2332608K), 0.0124650 secs]
32.622: [GC 2107137K->229127K(2334464K), 0.0262490 secs]
36.935: [GC 2113931K->240201K(2340224K), 0.0218340 secs]
41.494: [GC 2133619K->249288K(2328640K), 0.0244450 secs]
46.081: [GC 2143852K->258432K(2324672K), 0.0379000 secs]
50.823: [GC 2131091K->264572K(2321920K), 0.0258220 secs]
55.400: [GC 2137079K->278781K(2301248K), 0.0240180 secs]
60.172: [GC 2111794K->281270K(2300480K), 0.0239320 secs]
