0.544: [GC 95424K->59882K(365760K), 0.0873650 secs]
0.718: [GC 155306K->119806K(461184K), 0.0609210 secs]
1.151: [GC 310360K->169420K(461184K), 0.0808660 secs]
1.588: [GC 359116K->174324K(652032K), 0.0366740 secs]
2.270: [GC 554446K->180691K(652032K), 0.0109590 secs]
2.859: [GC 562387K->184125K(1108864K), 0.0129720 secs]
4.217: [GC 947133K->191829K(1109248K), 0.0512680 secs]
5.597: [GC 953141K->198683K(1865088K), 0.0544890 secs]
8.154: [GC 1724512K->210960K(1867776K), 0.0138200 secs]
10.391: [GC 1736381K->221484K(2197632K), 0.0168700 secs]
13.286: [GC 2086492K->231763K(2199424K), 0.0422680 secs]
13.335: [Full GC 231763K->178602K(2321664K), 0.4917290 secs]
16.481: [GC 2043021K->201192K(2328960K), 0.0099200 secs]
19.232: [GC 2079046K->217002K(2331072K), 0.0175600 secs]
22.046: [GC 2093603K->231683K(2332544K), 0.0152140 secs]
24.938: [GC 2116836K->243471K(2334336K), 0.0299950 secs]
27.848: [GC 2127765K->253407K(2327424K), 0.0312300 secs]
30.748: [GC 2128378K->265086K(2325952K), 0.0254460 secs]
33.507: [GC 2141552K->269324K(2305984K), 0.0259030 secs]
36.295: [GC 2112140K->279500K(2306752K), 0.0415090 secs]
39.188: [GC 2120918K->287787K(2282048K), 0.0269710 secs]
41.987: [GC 2087457K->295639K(2279744K), 0.0352680 secs]
44.729: [GC 2093404K->302442K(2259072K), 0.0288350 secs]
47.421: [GC 2054006K->308545K(2245568K), 0.0311100 secs]
50.194: [GC 2061121K->317559K(2234816K), 0.0324570 secs]
52.755: [GC 2022647K->316068K(2205568K), 0.0323420 secs]
55.323: [GC 2020795K->320953K(2220864K), 0.0341110 secs]
57.883: [GC 1989002K->324373K(2178688K), 0.0346250 secs]
60.425: [GC 1992473K->331019K(2208256K), 0.0368280 secs]
