1.154: [GC 95424K->31580K(365760K), 0.0654890 secs]
1.376: [GC 127004K->65336K(461184K), 0.0703700 secs]
1.745: [GC 256184K->133595K(461184K), 0.1101220 secs]
2.138: [GC 324443K->196198K(652032K), 0.2056450 secs]
2.344: [Full GC 196198K->196185K(817280K), 0.5903970 secs]
3.609: [GC 577310K->237149K(817280K), 0.0729990 secs]
3.888: [GC 618845K->245238K(1071040K), 0.0221030 secs]
4.239: [GC 806742K->255111K(1083776K), 0.0150130 secs]
4.537: [GC 817381K->256640K(1269632K), 0.0184800 secs]
4.934: [GC 1036274K->264627K(1294272K), 0.0197890 secs]
5.367: [GC 1043284K->267951K(1413568K), 0.0215940 secs]
5.843: [GC 1193777K->277864K(1432768K), 0.0238370 secs]
6.320: [GC 1204663K->283472K(1575808K), 0.0256670 secs]
6.899: [GC 1360093K->285490K(1584384K), 0.0280610 secs]
7.428: [GC 1362930K->293777K(1745088K), 0.0338900 secs]
8.052: [GC 1529682K->298157K(1749248K), 0.0350200 secs]
8.714: [GC 1534291K->312061K(1924224K), 0.0404440 secs]
9.456: [GC 1717279K->314158K(1933056K), 0.0392890 secs]
10.206: [GC 1719386K->323633K(2061312K), 0.0381630 secs]
11.023: [GC 1850547K->327383K(2070912K), 0.0424170 secs]
11.815: [GC 1853547K->338336K(2205824K), 0.0487710 secs]
12.677: [GC 1989984K->341416K(2213632K), 0.0427920 secs]
13.547: [GC 1993087K->346476K(2297600K), 0.0447130 secs]
14.433: [GC 2077050K->354252K(2267072K), 0.0468550 secs]
15.291: [GC 2084739K->362356K(2284544K), 0.0480920 secs]
16.185: [GC 2066807K->374482K(2257344K), 0.0523610 secs]
17.073: [GC 2080126K->377052K(2271104K), 0.0532090 secs]
17.874: [GC 2054692K->378386K(2223936K), 0.0531860 secs]
18.735: [GC 2055942K->387439K(2266304K), 0.0534140 secs]
19.585: [GC 2052591K->390137K(2216640K), 0.0539400 secs]
20.475: [GC 2055095K->398223K(2261312K), 0.0550920 secs]
21.332: [GC 2051538K->396784K(2264448K), 0.0546060 secs]
22.203: [GC 2050231K->403734K(2263232K), 0.0569100 secs]
23.074: [GC 2056320K->404548K(2204608K), 0.0554730 secs]
23.941: [GC 2057284K->406999K(2267008K), 0.0560520 secs]
24.775: [GC 2061627K->413236K(2202560K), 0.0547280 secs]
25.652: [GC 2069812K->412312K(2266240K), 0.0529590 secs]
26.502: [GC 2073638K->417816K(2261312K), 0.0542650 secs]
27.357: [GC 2080020K->420777K(2271040K), 0.0527870 secs]
28.216: [GC 2095583K->423848K(2267328K), 0.0521390 secs]
29.060: [GC 2099816K->426762K(2279360K), 0.0545570 secs]
29.913: [GC 2119722K->438718K(2276224K), 0.0557070 secs]
30.767: [GC 2129901K->444909K(2288128K), 0.0691720 secs]
31.653: [GC 2148530K->448470K(2288384K), 0.0659360 secs]
32.533: [GC 2152361K->448072K(2289024K), 0.0581240 secs]
33.423: [GC 2157610K->453729K(2290496K), 0.0606330 secs]
34.316: [GC 2162604K->457406K(2292224K), 0.0611670 secs]
35.162: [GC 2172414K->467839K(2293760K), 0.0635630 secs]
36.052: [GC 2182701K->472945K(2293888K), 0.0615100 secs]
36.953: [GC 2187028K->477157K(2274304K), 0.0637840 secs]
37.853: [GC 2191717K->479496K(2293120K), 0.0723320 secs]
38.751: [GC 2190851K->479611K(2264832K), 0.0709840 secs]
39.617: [GC 2189687K->483365K(2293376K), 0.0686710 secs]
40.523: [GC 2195720K->487576K(2291776K), 0.0687710 secs]
41.401: [GC 2200054K->489679K(2294912K), 0.0713600 secs]
42.314: [GC 2207077K->496663K(2293440K), 0.0706800 secs]
43.154: [GC 2213185K->502743K(2297344K), 0.0712720 secs]
44.042: [GC 2223936K->500759K(2272192K), 0.0705090 secs]
44.934: [GC 2222487K->510172K(2297408K), 0.0707600 secs]
45.813: [GC 2233424K->514759K(2297344K), 0.0716790 secs]
46.732: [GC 2237896K->512265K(2298176K), 0.0708580 secs]
47.573: [GC 2239546K->522776K(2299648K), 0.0747040 secs]
48.486: [GC 2248616K->523933K(2300224K), 0.0716890 secs]
49.340: [GC 2253007K->523566K(2301440K), 0.0676400 secs]
50.245: [GC 2252495K->527535K(2302464K), 0.0688680 secs]
51.175: [GC 2261516K->538005K(2303296K), 0.0711540 secs]
52.123: [GC 2271563K->536340K(2303616K), 0.0712050 secs]
53.014: [GC 2273940K->542883K(2305088K), 0.0715760 secs]
53.930: [GC 2278684K->557165K(2304896K), 0.0739580 secs]
54.004: [Full GC 557165K->224862K(2333184K), 0.7286490 secs]
55.588: [GC 1962598K->245682K(2207488K), 0.0120640 secs]
56.412: [GC 1983920K->257637K(2295488K), 0.0189140 secs]
57.256: [GC 1936951K->271207K(2175552K), 0.0239560 secs]
58.155: [GC 1952219K->283165K(2299904K), 0.0283110 secs]
59.005: [GC 1951942K->294484K(2187136K), 0.0350820 secs]
59.865: [GC 1963925K->301736K(2303168K), 0.0398130 secs]
60.719: [GC 1974994K->303727K(2201536K), 0.0419550 secs]
61.549: [GC 1978257K->313266K(2304768K), 0.0444860 secs]
62.385: [GC 1998834K->323406K(2298240K), 0.0522360 secs]
