0.545: [GC 95424K->59869K(365760K), 0.0987240 secs]
0.732: [GC 155293K->119793K(461184K), 0.1152830 secs]
1.337: [GC 310565K->163884K(461184K), 0.0914560 secs]
1.990: [GC 353709K->171497K(652032K), 0.0170580 secs]
3.069: [GC 552117K->181717K(652032K), 0.0153800 secs]
4.295: [GC 561953K->189389K(1106944K), 0.0197840 secs]
6.702: [GC 951794K->199218K(1107200K), 0.0169860 secs]
9.037: [GC 962500K->206862K(1860288K), 0.0186100 secs]
13.998: [GC 1733646K->229609K(1863936K), 0.0281690 secs]
19.191: [GC 1756123K->244954K(2200512K), 0.0316060 secs]
19.222: [Full GC 244954K->175790K(2310912K), 0.4916380 secs]
25.782: [GC 2047310K->201493K(2315136K), 0.0186850 secs]
31.670: [GC 2074005K->221157K(2319552K), 0.0231600 secs]
37.861: [GC 2100199K->246668K(2321472K), 0.0259410 secs]
44.041: [GC 2126432K->270675K(2320000K), 0.0311800 secs]
50.516: [GC 2152659K->284695K(2319296K), 0.0381950 secs]
56.784: [GC 2165793K->306201K(2283584K), 0.0483770 secs]
