0.536: [GC 95424K->59874K(365760K), 0.1302190 secs]
0.752: [GC 155298K->119798K(461184K), 0.0745770 secs]
1.323: [GC 310453K->163083K(461184K), 0.1166980 secs]
1.979: [GC 353630K->168977K(652032K), 0.0541760 secs]
2.973: [GC 550673K->177784K(652032K), 0.0183910 secs]
4.017: [GC 558459K->185722K(1106496K), 0.0106150 secs]
5.987: [GC 948756K->194935K(1107264K), 0.0160500 secs]
7.912: [GC 958327K->206109K(1859008K), 0.0524990 secs]
12.119: [GC 1732078K->228632K(1863104K), 0.0252980 secs]
16.554: [GC 1755416K->248216K(2207040K), 0.0361850 secs]
16.590: [Full GC 248216K->175363K(2321344K), 0.5752380 secs]
22.216: [GC 2047675K->204182K(2322560K), 0.0233510 secs]
27.358: [GC 2077334K->229909K(2318912K), 0.0229540 secs]
32.629: [GC 2105493K->257492K(2321408K), 0.0273560 secs]
37.927: [GC 2132024K->283604K(2319360K), 0.0222110 secs]
43.224: [GC 2158927K->300205K(2324992K), 0.0255400 secs]
48.601: [GC 2176629K->321899K(2300288K), 0.0371640 secs]
53.921: [GC 2173931K->336336K(2299072K), 0.0228270 secs]
59.186: [GC 2188368K->356304K(2281152K), 0.0285150 secs]
