1.165: [GC 95424K->31612K(365760K), 0.0781150 secs]
1.404: [GC 127036K->64064K(461184K), 0.0644510 secs]
1.788: [GC 254912K->130763K(461184K), 0.0890440 secs]
2.175: [GC 321611K->193382K(652032K), 0.2633760 secs]
2.438: [Full GC 193382K->193357K(812096K), 0.5631330 secs]
3.751: [GC 575053K->224037K(812096K), 0.0353470 secs]
4.154: [GC 605733K->226946K(1080256K), 0.0566870 secs]
4.728: [GC 797442K->234498K(1087488K), 0.0315730 secs]
5.335: [GC 804994K->236981K(1271296K), 0.0176480 secs]
6.298: [GC 1031605K->246896K(1305728K), 0.0226600 secs]
7.302: [GC 1041520K->255643K(1415616K), 0.0272920 secs]
8.484: [GC 1192027K->258049K(1439360K), 0.0280180 secs]
9.581: [GC 1194433K->265478K(1552576K), 0.0317230 secs]
10.786: [GC 1331462K->273156K(1567552K), 0.0352400 secs]
11.952: [GC 1339140K->277734K(1694272K), 0.0388140 secs]
13.380: [GC 1468262K->287655K(1699136K), 0.0452170 secs]
15.079: [GC 1478183K->296890K(1827584K), 0.0497990 secs]
16.887: [GC 1609210K->303573K(1836096K), 0.0530520 secs]
18.651: [GC 1615893K->307943K(1921600K), 0.0542160 secs]
20.640: [GC 1696551K->313558K(1930496K), 0.0585950 secs]
22.100: [GC 1702166K->319494K(2017984K), 0.0587810 secs]
23.502: [GC 1786630K->323361K(2023616K), 0.0583080 secs]
24.763: [GC 1790497K->325555K(2121216K), 0.0558220 secs]
26.134: [GC 1885363K->329173K(2124672K), 0.0582250 secs]
27.671: [GC 1888981K->334211K(2234432K), 0.0586250 secs]
29.779: [GC 2001283K->338536K(2235776K), 0.0603910 secs]
31.688: [GC 2005608K->342323K(2294720K), 0.0604710 secs]
33.519: [GC 2067507K->344596K(2241280K), 0.0594840 secs]
35.405: [GC 2069780K->355113K(2293888K), 0.0623630 secs]
37.499: [GC 2080617K->357061K(2293824K), 0.0618980 secs]
39.833: [GC 2082565K->366295K(2295744K), 0.0658840 secs]
42.104: [GC 2094423K->371113K(2295680K), 0.0633380 secs]
44.337: [GC 2098974K->380723K(2295744K), 0.0655750 secs]
46.408: [GC 2109555K->385350K(2258176K), 0.0670140 secs]
48.506: [GC 2114182K->393875K(2292864K), 0.0711940 secs]
50.654: [GC 2117907K->399723K(2257984K), 0.0696160 secs]
52.902: [GC 2123755K->400424K(2292480K), 0.0693850 secs]
55.295: [GC 2121000K->404945K(2255616K), 0.0702610 secs]
57.802: [GC 2125521K->416983K(2284352K), 0.0779620 secs]
59.947: [GC 2128343K->419410K(2255936K), 0.0761050 secs]
61.712: [GC 2130770K->423285K(2281920K), 0.0774500 secs]
