0.527: [GC 95424K->59877K(365760K), 0.0936220 secs]
0.702: [GC 155301K->119821K(461184K), 0.1454130 secs]
1.193: [GC 310185K->170245K(461184K), 0.0886410 secs]
1.523: [GC 360834K->175514K(652032K), 0.0137960 secs]
2.009: [GC 555710K->178029K(652032K), 0.0590910 secs]
2.525: [GC 558470K->180359K(1110080K), 0.0234300 secs]
3.537: [GC 942291K->184318K(1110336K), 0.0480700 secs]
4.468: [GC 945671K->190999K(1868480K), 0.0166140 secs]
6.600: [GC 1717271K->207035K(1870272K), 0.0126840 secs]
8.504: [GC 1731950K->216389K(2194880K), 0.0484010 secs]
10.895: [GC 2077336K->227485K(2196352K), 0.0223610 secs]
10.918: [Full GC 227485K->180802K(2323328K), 0.5903900 secs]
13.768: [GC 2041028K->213883K(2330176K), 0.0154970 secs]
16.243: [GC 2090495K->227804K(2332672K), 0.0297530 secs]
18.557: [GC 2103255K->244956K(2329728K), 0.0288000 secs]
20.794: [GC 2118285K->256756K(2331200K), 0.0254760 secs]
23.104: [GC 2129829K->265379K(2300864K), 0.0280610 secs]
25.308: [GC 2096997K->275221K(2309376K), 0.0274920 secs]
27.587: [GC 2106773K->283998K(2272640K), 0.0287260 secs]
29.786: [GC 2066738K->293515K(2277632K), 0.0310650 secs]
32.033: [GC 2076399K->296622K(2252928K), 0.0953190 secs]
34.274: [GC 2026698K->304768K(2237376K), 0.0360020 secs]
36.430: [GC 2035660K->309583K(2230016K), 0.0368920 secs]
38.481: [GC 1993813K->315104K(2200128K), 0.0376800 secs]
40.524: [GC 1998686K->317115K(2212672K), 0.0476490 secs]
42.476: [GC 1961525K->319345K(2164800K), 0.0366980 secs]
44.427: [GC 1963700K->322279K(2201152K), 0.0373790 secs]
46.397: [GC 1938624K->321847K(2134592K), 0.0371700 secs]
48.332: [GC 1937837K->322753K(2204224K), 0.0364900 secs]
50.216: [GC 1932396K->330559K(2130624K), 0.0374580 secs]
52.177: [GC 1940166K->331857K(2203008K), 0.0375410 secs]
54.085: [GC 1938053K->334136K(2126208K), 0.0380120 secs]
56.015: [GC 1941094K->334562K(2204928K), 0.0366540 secs]
57.943: [GC 1944342K->341631K(2127552K), 0.0387200 secs]
59.867: [GC 1952040K->344679K(2205184K), 0.0372220 secs]
