0.532: [GC 95424K->59882K(365760K), 0.0947540 secs]
0.707: [GC 155306K->119806K(461184K), 0.0730610 secs]
1.060: [GC 310155K->168531K(461184K), 0.0706920 secs]
1.350: [GC 358404K->174795K(652032K), 0.0236790 secs]
1.806: [GC 556491K->177332K(652032K), 0.0185970 secs]
2.228: [GC 558654K->181110K(1109824K), 0.0187070 secs]
3.095: [GC 944209K->185288K(1109952K), 0.0214250 secs]
3.898: [GC 948408K->192013K(1867392K), 0.0404990 secs]
5.706: [GC 1716990K->203826K(1869568K), 0.0190960 secs]
7.327: [GC 1730309K->220589K(2197376K), 0.0240880 secs]
9.377: [GC 2082443K->233010K(2198656K), 0.0788230 secs]
9.456: [Full GC 233010K->181212K(2332928K), 0.5879100 secs]
12.007: [GC 2043160K->211064K(2338176K), 0.0294780 secs]
14.036: [GC 2085323K->224293K(2340288K), 0.0295930 secs]
16.056: [GC 2100149K->242792K(2339008K), 0.0538240 secs]
18.078: [GC 2116891K->254581K(2338112K), 0.0681160 secs]
20.174: [GC 2129348K->267850K(2310208K), 0.0512150 secs]
22.222: [GC 2101653K->272705K(2298176K), 0.0496340 secs]
24.248: [GC 2107159K->282876K(2304640K), 0.0426660 secs]
26.252: [GC 2092315K->292269K(2293440K), 0.0814820 secs]
28.308: [GC 2103085K->297670K(2284544K), 0.0652650 secs]
30.278: [GC 2070125K->306850K(2271424K), 0.1159830 secs]
32.285: [GC 2079862K->312779K(2262464K), 0.1144450 secs]
34.334: [GC 2044087K->317202K(2240064K), 0.0427570 secs]
36.265: [GC 2049195K->326975K(2241152K), 0.0484460 secs]
38.137: [GC 2017326K->327948K(2209472K), 0.0507200 secs]
40.056: [GC 2018120K->330959K(2227712K), 0.0864010 secs]
41.941: [GC 1987284K->331833K(2180032K), 0.0559050 secs]
43.836: [GC 1988505K->337721K(2216576K), 0.0456480 secs]
45.686: [GC 1970537K->341800K(2162816K), 0.0384100 secs]
47.487: [GC 1973045K->337261K(2217216K), 0.0363610 secs]
49.295: [GC 1957782K->334760K(2134976K), 0.0444820 secs]
51.087: [GC 1955514K->341369K(2216832K), 0.0411410 secs]
52.863: [GC 1964517K->351079K(2214400K), 0.0735620 secs]
54.691: [GC 1975399K->354237K(2220864K), 0.0685890 secs]
56.476: [GC 1984631K->354707K(2220416K), 0.0370790 secs]
58.346: [GC 1984932K->358820K(2222720K), 0.0413930 secs]
60.198: [GC 1993132K->362639K(2222080K), 0.0391110 secs]
