1.171: [GC 95424K->31592K(365760K), 0.0626910 secs]
1.394: [GC 127016K->65340K(461184K), 0.0754670 secs]
1.788: [GC 256188K->135439K(461184K), 0.1305300 secs]
2.218: [GC 326287K->198034K(652032K), 0.1109060 secs]
2.329: [Full GC 198034K->198000K(818304K), 0.4591690 secs]
3.492: [GC 579696K->239934K(818304K), 0.0274590 secs]
3.756: [GC 620814K->258784K(1064512K), 0.0150850 secs]
4.104: [GC 822116K->262204K(1083392K), 0.0178670 secs]
4.391: [GC 824238K->269203K(1282688K), 0.0199400 secs]
4.812: [GC 1058543K->270597K(1303168K), 0.0203180 secs]
5.225: [GC 1060271K->272971K(1438784K), 0.0208820 secs]
5.733: [GC 1221672K->280969K(1455936K), 0.0240920 secs]
6.214: [GC 1230127K->282433K(1610752K), 0.0240560 secs]
6.787: [GC 1398486K->289385K(1621760K), 0.0273930 secs]
7.330: [GC 1405585K->299614K(1804416K), 0.0319800 secs]
7.994: [GC 1596653K->305195K(1809536K), 0.0339920 secs]
8.700: [GC 1603146K->310288K(2014720K), 0.0355080 secs]
9.448: [GC 1807710K->319937K(2021376K), 0.0381490 secs]
10.207: [GC 1816154K->334043K(2168512K), 0.0452170 secs]
11.057: [GC 1968744K->327788K(2180672K), 0.0434080 secs]
11.872: [GC 1962465K->335678K(2313984K), 0.0455000 secs]
12.798: [GC 2097183K->343352K(2287296K), 0.0434440 secs]
13.699: [GC 2104870K->352756K(2302592K), 0.0449560 secs]
14.574: [GC 2091584K->353876K(2270976K), 0.0458200 secs]
15.474: [GC 2092994K->363932K(2293504K), 0.0450370 secs]
16.345: [GC 2084024K->377109K(2269568K), 0.0506300 secs]
17.189: [GC 2096565K->373246K(2284288K), 0.0471580 secs]
18.069: [GC 2071678K->376639K(2240704K), 0.0510020 secs]
18.981: [GC 2073162K->385474K(2278272K), 0.0520640 secs]
19.843: [GC 2070711K->388817K(2232256K), 0.0509220 secs]
20.728: [GC 2074900K->393763K(2278528K), 0.0505220 secs]
21.579: [GC 2073235K->402360K(2232576K), 0.0602880 secs]
22.497: [GC 2083402K->399271K(2278400K), 0.1135900 secs]
23.479: [GC 2076445K->406740K(2226816K), 0.0852060 secs]
24.409: [GC 2084582K->409885K(2277376K), 0.0532800 secs]
25.284: [GC 2088520K->413475K(2277056K), 0.0646240 secs]
26.189: [GC 2090813K->418593K(2276864K), 0.0531410 secs]
27.045: [GC 2099141K->421903K(2277056K), 0.0521460 secs]
27.906: [GC 2101652K->428385K(2280576K), 0.0557240 secs]
28.727: [GC 2115745K->430507K(2279680K), 0.0522290 secs]
29.589: [GC 2116298K->430553K(2277248K), 0.0514330 secs]
30.485: [GC 2124369K->426679K(2279744K), 0.0489030 secs]
31.357: [GC 2119369K->433385K(2285056K), 0.0542810 secs]
32.196: [GC 2141337K->434104K(2288000K), 0.0487920 secs]
33.039: [GC 2143328K->443534K(2291328K), 0.0501720 secs]
33.965: [GC 2165369K->455100K(2295104K), 0.0519050 secs]
34.827: [GC 2178044K->453513K(2298496K), 0.0496460 secs]
35.659: [GC 2185493K->463140K(2302208K), 0.0528700 secs]
36.585: [GC 2196587K->474891K(2303488K), 0.0538680 secs]
37.477: [GC 2210057K->468251K(2306304K), 0.0505630 secs]
38.388: [GC 2202894K->474585K(2304384K), 0.0540610 secs]
39.283: [GC 2210292K->476892K(2305920K), 0.0550650 secs]
40.168: [GC 2212804K->484008K(2307968K), 0.0543570 secs]
40.997: [GC 2223703K->490171K(2292224K), 0.0542680 secs]
41.889: [GC 2228949K->483314K(2310528K), 0.0513820 secs]
42.768: [GC 2223518K->495257K(2308288K), 0.0526260 secs]
43.650: [GC 2236155K->498338K(2309184K), 0.0503740 secs]
44.561: [GC 2238883K->503426K(2308736K), 0.0668080 secs]
45.447: [GC 2243981K->509015K(2309952K), 0.0511150 secs]
46.328: [GC 2251725K->506409K(2287040K), 0.0885420 secs]
47.271: [GC 2248942K->507278K(2310592K), 0.0568680 secs]
48.172: [GC 2252863K->511018K(2309632K), 0.0577340 secs]
49.089: [GC 2256358K->517630K(2312960K), 0.0520770 secs]
50.014: [GC 2267329K->517175K(2312000K), 0.0622030 secs]
50.974: [GC 2267689K->522473K(2315008K), 0.0529600 secs]
51.883: [GC 2276588K->527211K(2314944K), 0.0503430 secs]
52.784: [GC 2281798K->538513K(2315712K), 0.0518250 secs]
53.659: [GC 2293611K->533434K(2315968K), 0.0490330 secs]
53.708: [Full GC 533434K->214039K(2332672K), 0.7143270 secs]
55.291: [GC 1970903K->234024K(2304576K), 0.0154180 secs]
56.151: [GC 1963684K->246622K(2200000K), 0.0158670 secs]
56.954: [GC 1975575K->253229K(2300800K), 0.0184430 secs]
57.789: [GC 1954477K->274007K(2305920K), 0.0287990 secs]
58.646: [GC 1974106K->278782K(2300224K), 0.0282150 secs]
59.493: [GC 1979087K->284302K(2303424K), 0.0385700 secs]
60.361: [GC 1985857K->292720K(2298816K), 0.0345270 secs]
61.219: [GC 2003076K->296543K(2303616K), 0.0365860 secs]
62.053: [GC 2007386K->306319K(2311104K), 0.0378730 secs]
62.897: [GC 2037881K->309160K(2314304K), 0.0386970 secs]
