0.532: [GC 95424K->59885K(365760K), 0.0769750 secs]
0.692: [GC 155309K->119813K(461184K), 0.0927500 secs]
1.220: [GC 309933K->167215K(461184K), 0.0815630 secs]
2.202: [GC 358063K->175155K(652032K), 0.0289440 secs]
4.062: [GC 556851K->176681K(652032K), 0.0780850 secs]
5.668: [GC 556753K->176940K(1109376K), 0.0091250 secs]
9.253: [GC 938949K->179501K(1110080K), 0.0264600 secs]
12.559: [GC 940367K->180081K(1871936K), 0.0078290 secs]
20.589: [GC 1703869K->184301K(1871936K), 0.0060280 secs]
27.797: [GC 1708106K->186274K(2196032K), 0.0060910 secs]
36.955: [GC 2038870K->189159K(2196224K), 0.0129470 secs]
46.597: [GC 2040624K->193530K(2198144K), 0.0102180 secs]
56.043: [GC 2053447K->197658K(2198912K), 0.0082320 secs]
