0.534: [GC 95424K->60476K(365760K), 0.0830180 secs]
0.705: [GC 155900K->122393K(461184K), 0.0961830 secs]
1.246: [GC 313241K->166602K(461184K), 0.0437360 secs]
1.740: [GC 355888K->175289K(652032K), 0.0160580 secs]
2.565: [GC 556985K->176636K(652032K), 0.0160530 secs]
3.368: [GC 557930K->176976K(1111552K), 0.0157300 secs]
5.073: [GC 939613K->179675K(1111936K), 0.0121840 secs]
6.506: [GC 941206K->179589K(1873536K), 0.0095040 secs]
10.200: [GC 1705211K->184336K(1873792K), 0.0057600 secs]
13.386: [GC 1710352K->186823K(2194112K), 0.0070980 secs]
17.391: [GC 2037767K->188941K(2194688K), 0.0047910 secs]
21.530: [GC 2038909K->195924K(2195904K), 0.0064750 secs]
25.988: [GC 2055188K->200971K(2197632K), 0.0073550 secs]
30.350: [GC 2060060K->203403K(2201600K), 0.0072260 secs]
34.747: [GC 2073727K->208171K(2203008K), 0.0088680 secs]
38.938: [GC 2079659K->210777K(2046912K), 0.0081540 secs]
43.009: [GC 1993241K->213825K(1962560K), 0.0066330 secs]
46.941: [GC 1911745K->216166K(1879680K), 0.0094680 secs]
50.330: [GC 1833506K->222495K(1807616K), 0.0065540 secs]
53.740: [GC 1762689K->223255K(1731520K), 0.0107480 secs]
53.751: [Full GC 223255K->182631K(1868672K), 0.7127110 secs]
57.386: [GC 1650666K->189607K(1982016K), 0.0038510 secs]
60.828: [GC 1772267K->194593K(2122304K), 0.0085410 secs]
