1.161: [GC 95424K->31604K(365760K), 0.0572100 secs]
1.377: [GC 127028K->64096K(461184K), 0.0540280 secs]
1.745: [GC 254944K->134683K(461184K), 0.0975340 secs]
2.136: [GC 325531K->197254K(652032K), 0.1544030 secs]
2.291: [Full GC 197254K->197227K(822912K), 0.5593680 secs]
3.549: [GC 578923K->233117K(822912K), 0.0409910 secs]
3.891: [GC 613396K->238580K(1052480K), 0.0151730 secs]
4.174: [GC 780212K->240130K(1070208K), 0.0137130 secs]
4.452: [GC 781762K->248655K(1228800K), 0.0152130 secs]
4.721: [GC 975631K->250629K(1250624K), 0.0263890 secs]
4.991: [GC 977605K->257953K(1380608K), 0.0245500 secs]
5.255: [GC 1130017K->264011K(1387328K), 0.0224750 secs]
5.542: [GC 1136075K->265087K(1529536K), 0.0181010 secs]
5.829: [GC 1297727K->261266K(1541824K), 0.0178250 secs]
6.132: [GC 1293906K->265087K(1716224K), 0.0261140 secs]
6.528: [GC 1479231K->266808K(1717184K), 0.0188040 secs]
6.873: [GC 1480337K->280021K(1909696K), 0.0235880 secs]
7.260: [GC 1688085K->269620K(1913152K), 0.0208250 secs]
7.712: [GC 1677684K->271161K(2056064K), 0.0359780 secs]
8.122: [GC 1823353K->271102K(2055360K), 0.0294010 secs]
8.522: [GC 1823294K->274544K(2220416K), 0.0375830 secs]
9.012: [GC 1992560K->276075K(2218240K), 0.0265480 secs]
9.505: [GC 1993465K->276476K(2381632K), 0.0198000 secs]
10.113: [GC 2160803K->279465K(2381824K), 0.0251330 secs]
10.813: [GC 2163835K->282812K(2387456K), 0.0208920 secs]
11.563: [GC 2176316K->294423K(2388224K), 0.0166050 secs]
12.310: [GC 2187927K->301312K(2390272K), 0.0300080 secs]
13.119: [GC 2198784K->312041K(2384064K), 0.0214870 secs]
13.970: [GC 2209513K->317564K(2381120K), 0.0254720 secs]
14.814: [GC 2201735K->326805K(2384512K), 0.0237230 secs]
15.663: [GC 2209976K->335791K(2356096K), 0.0291310 secs]
16.566: [GC 2188497K->342836K(2360576K), 0.0272870 secs]
17.443: [GC 2195562K->347405K(2351488K), 0.0315860 secs]
18.282: [GC 2176781K->358523K(2351232K), 0.0272520 secs]
19.130: [GC 2187674K->360974K(2330368K), 0.0295900 secs]
20.014: [GC 2156174K->362013K(2320192K), 0.0713170 secs]
20.847: [GC 2157213K->365441K(2323840K), 0.0298540 secs]
21.633: [GC 2135779K->370648K(2300544K), 0.0286030 secs]
22.404: [GC 2141125K->379919K(2311168K), 0.0295090 secs]
23.193: [GC 2126674K->379250K(2281344K), 0.0296010 secs]
24.047: [GC 2127858K->387153K(2305664K), 0.0305840 secs]
24.903: [GC 2120122K->388899K(2265984K), 0.0315320 secs]
25.691: [GC 2120444K->396994K(2307456K), 0.0314710 secs]
26.499: [GC 2124368K->400800K(2258624K), 0.0308720 secs]
27.302: [GC 2129952K->404479K(2309952K), 0.0304530 secs]
28.162: [GC 2135559K->415979K(2307136K), 0.0306330 secs]
29.056: [GC 2147580K->411135K(2308288K), 0.0283630 secs]
29.963: [GC 2148287K->414827K(2308096K), 0.0283930 secs]
30.772: [GC 2150243K->419177K(2311808K), 0.0311000 secs]
31.685: [GC 2167017K->421147K(2311872K), 0.0286410 secs]
32.546: [GC 2168987K->424624K(2318464K), 0.0270440 secs]
33.398: [GC 2185920K->432335K(2318528K), 0.0264920 secs]
34.306: [GC 2193521K->434864K(2326592K), 0.0284550 secs]
35.156: [GC 2210866K->428257K(2326912K), 0.0305580 secs]
36.014: [GC 2203479K->434238K(2333760K), 0.0325630 secs]
36.882: [GC 2219867K->438870K(2334528K), 0.0269530 secs]
37.787: [GC 2225606K->440540K(2336896K), 0.0274200 secs]
38.662: [GC 2232818K->452407K(2337088K), 0.0289110 secs]
39.515: [GC 2244662K->452388K(2340736K), 0.0297380 secs]
40.452: [GC 2251549K->455262K(2340544K), 0.0334190 secs]
41.353: [GC 2255710K->456418K(2345408K), 0.0253230 secs]
42.212: [GC 2263266K->459588K(2344576K), 0.0269610 secs]
43.027: [GC 2266436K->473384K(2347456K), 0.0292380 secs]
43.862: [GC 2283515K->473810K(2346560K), 0.0286940 secs]
44.682: [GC 2284205K->484879K(2346816K), 0.0284370 secs]
45.517: [GC 2296986K->481540K(2348096K), 0.0287850 secs]
46.383: [GC 2293853K->489572K(2350592K), 0.0280900 secs]
47.242: [GC 2305682K->487000K(2334720K), 0.0290950 secs]
48.087: [GC 2303896K->496851K(2349632K), 0.0305320 secs]
48.953: [GC 2311502K->504565K(2347328K), 0.0318420 secs]
49.788: [GC 2320351K->509568K(2342080K), 0.0323110 secs]
50.669: [GC 2312356K->517519K(2341568K), 0.0392440 secs]
51.537: [GC 2319818K->525805K(2329792K), 0.0334330 secs]
52.349: [GC 2309370K->527179K(2326144K), 0.0340150 secs]
53.179: [GC 2312139K->521817K(2332864K), 0.0372750 secs]
54.041: [GC 2298865K->528587K(2315648K), 0.0480110 secs]
54.919: [GC 2307083K->533244K(2328640K), 0.0327630 secs]
54.952: [Full GC 533244K->222359K(2371968K), 0.6214180 secs]
56.384: [GC 1995560K->241065K(2261248K), 0.0077210 secs]
57.236: [GC 2014889K->248264K(2347904K), 0.0099590 secs]
58.072: [GC 1984346K->253268K(2236288K), 0.0110030 secs]
58.888: [GC 1989972K->258806K(2350080K), 0.0138020 secs]
59.732: [GC 1986874K->268839K(2243584K), 0.0153640 secs]
60.485: [GC 1995365K->273630K(2352768K), 0.0146090 secs]
61.336: [GC 2006097K->272763K(2349056K), 0.0148510 secs]
62.112: [GC 2005499K->274918K(2352320K), 0.0157170 secs]
62.898: [GC 2015453K->279622K(2349184K), 0.0270030 secs]
