0.530: [GC 95424K->59885K(365760K), 0.1065910 secs]
0.720: [GC 155309K->119821K(461184K), 0.0569940 secs]
1.198: [GC 310639K->166798K(461184K), 0.0350390 secs]
1.531: [GC 356842K->169265K(652032K), 0.0096030 secs]
2.301: [GC 549673K->176222K(652032K), 0.0115260 secs]
3.017: [GC 556057K->181163K(1108608K), 0.0091810 secs]
4.616: [GC 944107K->189401K(1108928K), 0.0122520 secs]
6.080: [GC 952121K->195604K(1864064K), 0.0119600 secs]
9.106: [GC 1722334K->212679K(1866880K), 0.0167690 secs]
12.091: [GC 1739015K->223611K(2198784K), 0.0184950 secs]
15.859: [GC 2092082K->240928K(2200640K), 0.0234950 secs]
15.882: [Full GC 240928K->178844K(2333824K), 0.5900540 secs]
20.008: [GC 2047696K->203757K(2343616K), 0.0463270 secs]
24.190: [GC 2087661K->216429K(2345024K), 0.0357650 secs]
28.096: [GC 2098730K->232910K(2344832K), 0.0227400 secs]
32.104: [GC 2118193K->246479K(2342400K), 0.0287480 secs]
36.163: [GC 2132078K->263733K(2318592K), 0.0333910 secs]
39.832: [GC 2114229K->274924K(2311488K), 0.0357060 secs]
43.695: [GC 2123797K->286550K(2308224K), 0.0346890 secs]
47.547: [GC 2108707K->296278K(2304832K), 0.0368610 secs]
51.247: [GC 2117795K->304858K(2283840K), 0.0405320 secs]
54.951: [GC 2083770K->311696K(2277120K), 0.0426240 secs]
58.759: [GC 2090732K->315570K(2263040K), 0.0439790 secs]
