0.535: [GC 95424K->59882K(365760K), 0.0932090 secs]
0.715: [GC 155306K->119834K(461184K), 0.1273620 secs]
1.200: [GC 310605K->166775K(461184K), 0.0762110 secs]
1.549: [GC 357020K->171367K(652032K), 0.0563710 secs]
2.162: [GC 551950K->175130K(652032K), 0.0141480 secs]
2.709: [GC 556545K->180222K(1108736K), 0.0155780 secs]
4.005: [GC 943292K->188181K(1109312K), 0.0525760 secs]
5.232: [GC 949745K->195826K(1863808K), 0.0315580 secs]
7.749: [GC 1720967K->210838K(1866816K), 0.0160050 secs]
10.040: [GC 1737622K->222371K(2198528K), 0.0175580 secs]
12.759: [GC 2090519K->235330K(2200576K), 0.0199180 secs]
12.779: [Full GC 235330K->178626K(2326208K), 0.5852030 secs]
15.943: [GC 2047493K->200725K(2336512K), 0.0075580 secs]
18.756: [GC 2084112K->212928K(2338240K), 0.0129450 secs]
21.388: [GC 2096191K->218359K(2339136K), 0.0126060 secs]
24.208: [GC 2108511K->237218K(2339520K), 0.0178350 secs]
27.044: [GC 2126662K->253639K(2322368K), 0.0219000 secs]
29.844: [GC 2121795K->263565K(2315136K), 0.0253930 secs]
32.810: [GC 2132044K->275097K(2311680K), 0.0219480 secs]
35.610: [GC 2118425K->289211K(2315392K), 0.0263720 secs]
38.302: [GC 2132180K->298829K(2275712K), 0.0286640 secs]
40.841: [GC 2093374K->309342K(2273216K), 0.0356880 secs]
43.604: [GC 2103980K->313189K(2270464K), 0.0317890 secs]
46.182: [GC 2073843K->316791K(2246848K), 0.0297280 secs]
48.886: [GC 2076789K->327964K(2251264K), 0.0321920 secs]
51.378: [GC 2053219K->333955K(2229056K), 0.0330850 secs]
53.893: [GC 2060155K->338942K(2232640K), 0.0342670 secs]
56.359: [GC 2026446K->343935K(2200640K), 0.0355020 secs]
58.839: [GC 2030046K->345987K(2217856K), 0.0359120 secs]
