1.165: [GC 95424K->31588K(365760K), 0.0503500 secs]
1.370: [GC 127012K->64040K(461184K), 0.0487620 secs]
1.716: [GC 254888K->131803K(461184K), 0.0910320 secs]
2.087: [GC 322651K->194374K(652032K), 0.1687360 secs]
2.256: [Full GC 194374K->194338K(818624K), 0.5617280 secs]
3.473: [GC 576034K->232709K(818624K), 0.0248490 secs]
3.730: [GC 613584K->242635K(1044352K), 0.0132470 secs]
4.028: [GC 782707K->253799K(1061760K), 0.0146060 secs]
4.291: [GC 793118K->253488K(1212992K), 0.0124480 secs]
4.667: [GC 974751K->259470K(1236288K), 0.0152510 secs]
5.028: [GC 979911K->270234K(1336768K), 0.0168350 secs]
5.472: [GC 1110807K->271701K(1349504K), 0.0177330 secs]
5.929: [GC 1112455K->276635K(1457408K), 0.0192300 secs]
6.416: [GC 1234246K->285941K(1465984K), 0.0216890 secs]
6.917: [GC 1244469K->295055K(1590080K), 0.0237870 secs]
7.489: [GC 1373187K->297159K(1596160K), 0.0240360 secs]
8.057: [GC 1375745K->303264K(1726848K), 0.0272100 secs]
8.731: [GC 1507616K->307102K(1733376K), 0.0256780 secs]
9.375: [GC 1511080K->312158K(1824960K), 0.0286670 secs]
10.034: [GC 1600104K->319703K(1831808K), 0.0291930 secs]
10.751: [GC 1607228K->318660K(1933632K), 0.0307580 secs]
11.475: [GC 1700710K->327301K(1936192K), 0.0283000 secs]
12.175: [GC 1709454K->331439K(2035968K), 0.0283140 secs]
12.991: [GC 1810354K->339289K(2038528K), 0.0389920 secs]
13.756: [GC 1818761K->348949K(2143552K), 0.0322630 secs]
14.586: [GC 1928882K->352624K(2148608K), 0.0319800 secs]
15.463: [GC 1933110K->361580K(2230400K), 0.0345280 secs]
16.334: [GC 2018663K->369667K(2235520K), 0.0325980 secs]
17.175: [GC 2026885K->374735K(2288000K), 0.0352130 secs]
18.057: [GC 2080719K->381469K(2252672K), 0.0349750 secs]
18.965: [GC 2086081K->387212K(2279296K), 0.0359180 secs]
19.847: [GC 2074571K->393689K(2239936K), 0.0367070 secs]
20.750: [GC 2080902K->394193K(2277184K), 0.0354060 secs]
21.629: [GC 2073220K->403830K(2233856K), 0.0368980 secs]
22.547: [GC 2083062K->415857K(2264576K), 0.0395750 secs]
23.485: [GC 2078161K->419706K(2228224K), 0.0404260 secs]
24.365: [GC 2081255K->417289K(2264192K), 0.0380990 secs]
25.245: [GC 2069129K->423894K(2216832K), 0.0381520 secs]
26.130: [GC 2074768K->431823K(2255936K), 0.0396620 secs]
26.996: [GC 2071628K->432827K(2209792K), 0.0400320 secs]
27.861: [GC 2073520K->441466K(2252288K), 0.0409050 secs]
28.748: [GC 2071859K->441118K(2254912K), 0.0418620 secs]
29.643: [GC 2073118K->447227K(2254528K), 0.0404130 secs]
30.547: [GC 2078170K->450467K(2200128K), 0.0400170 secs]
31.419: [GC 2082329K->456274K(2255936K), 0.0408360 secs]
32.316: [GC 2090274K->456036K(2200512K), 0.0384120 secs]
33.154: [GC 2089923K->458328K(2258048K), 0.0392780 secs]
34.007: [GC 2099218K->465473K(2254080K), 0.0389070 secs]
34.821: [GC 2106704K->464331K(2260928K), 0.0378690 secs]
35.674: [GC 2118219K->463354K(2259008K), 0.0379010 secs]
36.514: [GC 2116137K->477362K(2269632K), 0.0394680 secs]
37.340: [GC 2145130K->486376K(2267072K), 0.0393820 secs]
38.185: [GC 2153442K->485734K(2277184K), 0.0400040 secs]
39.077: [GC 2165858K->491245K(2276224K), 0.0398460 secs]
39.941: [GC 2171432K->495488K(2280576K), 0.0385040 secs]
40.830: [GC 2182429K->496565K(2279680K), 0.0394710 secs]
41.706: [GC 2182466K->496758K(2282944K), 0.0387810 secs]
42.576: [GC 2189020K->502055K(2281728K), 0.0389190 secs]
43.445: [GC 2195771K->508175K(2287808K), 0.0390440 secs]
44.318: [GC 2211855K->514603K(2286720K), 0.0391430 secs]
45.232: [GC 2216581K->520881K(2292800K), 0.0385840 secs]
46.087: [GC 2231496K->522858K(2291584K), 0.0402380 secs]
46.983: [GC 2234633K->523459K(2296192K), 0.0401450 secs]
47.915: [GC 2241731K->527871K(2295104K), 0.0891090 secs]
48.831: [GC 2246022K->538935K(2298048K), 0.0406110 secs]
49.716: [GC 2260253K->543161K(2298560K), 0.0433580 secs]
50.566: [GC 2265721K->541602K(2300800K), 0.0382060 secs]
51.445: [GC 2267385K->547362K(2301056K), 0.0389070 secs]
52.326: [GC 2272549K->552393K(2302400K), 0.0386630 secs]
52.365: [Full GC 552393K->215362K(2342592K), 0.7135960 secs]
53.923: [GC 1944808K->244594K(2221120K), 0.0132600 secs]
54.760: [GC 1974852K->259330K(2308352K), 0.0192650 secs]
55.560: [GC 1936501K->276598K(2201344K), 0.0184910 secs]
56.419: [GC 1954315K->282436K(2312512K), 0.0197150 secs]
57.303: [GC 1950518K->290509K(2205312K), 0.0219070 secs]
58.128: [GC 1957736K->296221K(2316288K), 0.0229890 secs]
58.943: [GC 1969381K->303910K(2223168K), 0.0250680 secs]
59.739: [GC 1976551K->310281K(2316224K), 0.0265240 secs]
60.529: [GC 1992073K->323890K(2310208K), 0.0285360 secs]
61.322: [GC 2004949K->327547K(2322304K), 0.0298360 secs]
62.135: [GC 2023395K->329548K(2320000K), 0.0305910 secs]
62.914: [GC 2026415K->331943K(2332800K), 0.0311200 secs]
