0.546: [GC 95424K->59885K(365760K), 0.1065800 secs]
0.740: [GC 155309K->119813K(461184K), 0.0661250 secs]
1.137: [GC 308805K->163704K(461184K), 0.0393070 secs]
1.456: [GC 353880K->168291K(652032K), 0.0143410 secs]
2.127: [GC 549987K->177722K(652032K), 0.0567820 secs]
2.751: [GC 559279K->184656K(1107008K), 0.0438940 secs]
3.936: [GC 946265K->200456K(1107520K), 0.0321140 secs]
4.997: [GC 962806K->212698K(1857216K), 0.0229970 secs]
7.209: [GC 1738487K->233115K(1861760K), 0.0266230 secs]
9.279: [GC 1759899K->248506K(2206720K), 0.0266560 secs]
9.306: [Full GC 248506K->176426K(2331136K), 0.4960240 secs]
12.303: [GC 2048832K->214728K(2331968K), 0.0191900 secs]
14.723: [GC 2087539K->226198K(2333568K), 0.0222290 secs]
17.239: [GC 2104421K->245176K(2326208K), 0.0215540 secs]
19.596: [GC 2123704K->263855K(2310080K), 0.0267690 secs]
21.988: [GC 2112205K->281428K(2304640K), 0.0319290 secs]
24.383: [GC 2130429K->297363K(2296960K), 0.0785440 secs]
26.847: [GC 2117230K->310823K(2304448K), 0.0312690 secs]
29.227: [GC 2129413K->316964K(2258624K), 0.0569770 secs]
31.563: [GC 2086253K->332226K(2250432K), 0.0374690 secs]
33.884: [GC 2100739K->339298K(2260736K), 0.0304770 secs]
36.161: [GC 2081445K->350514K(2241664K), 0.0330230 secs]
38.406: [GC 2092182K->359211K(2236992K), 0.0352580 secs]
40.575: [GC 2060755K->365922K(2216384K), 0.0369490 secs]
42.722: [GC 2067810K->369770K(2217600K), 0.0383130 secs]
44.799: [GC 2030020K->373470K(2183104K), 0.0388550 secs]
46.910: [GC 2033305K->375382K(2203904K), 0.0393630 secs]
48.977: [GC 2003489K->377742K(2155264K), 0.0397000 secs]
51.008: [GC 2005194K->380869K(2193984K), 0.0402840 secs]
53.059: [GC 1984733K->385453K(2139520K), 0.0409800 secs]
55.121: [GC 1990957K->384435K(2188800K), 0.0416310 secs]
57.208: [GC 1973423K->384227K(2118080K), 0.0411320 secs]
59.331: [GC 1972787K->386889K(2190848K), 0.0412340 secs]
