0.528: [GC 95424K->59890K(365760K), 0.0892250 secs]
0.698: [GC 155314K->119826K(461184K), 0.1326110 secs]
1.117: [GC 310674K->164876K(461184K), 0.0471890 secs]
1.369: [GC 355212K->168668K(652032K), 0.0590900 secs]
1.892: [GC 550364K->176602K(652032K), 0.0555650 secs]
2.375: [GC 556778K->185026K(1106496K), 0.0282410 secs]
3.323: [GC 948409K->201403K(1107584K), 0.0202500 secs]
4.162: [GC 964067K->212638K(1858176K), 0.0208430 secs]
6.022: [GC 1737592K->234831K(1862080K), 0.0320450 secs]
7.734: [GC 1760316K->253552K(2207168K), 0.0450770 secs]
7.779: [Full GC 253552K->178092K(2333888K), 0.6016360 secs]
10.430: [GC 2046141K->210576K(2283264K), 0.0174820 secs]
12.446: [GC 2079662K->229700K(2333696K), 0.0228540 secs]
14.502: [GC 2098600K->251045K(2324928K), 0.0372130 secs]
16.536: [GC 2121644K->265626K(2308544K), 0.0367950 secs]
18.568: [GC 2105882K->280803K(2297792K), 0.0432950 secs]
20.620: [GC 2119834K->297419K(2296000K), 0.0393820 secs]
22.601: [GC 2109483K->304504K(2294016K), 0.0416320 secs]
24.610: [GC 2115292K->319461K(2268352K), 0.0480000 secs]
26.600: [GC 2085093K->328002K(2270400K), 0.0505140 secs]
28.587: [GC 2091866K->337261K(2236736K), 0.0546390 secs]
30.494: [GC 2045806K->344575K(2230400K), 0.0572030 secs]
32.400: [GC 2052798K->349852K(2213632K), 0.0582110 secs]
34.251: [GC 2004100K->353819K(2185600K), 0.0592420 secs]
36.086: [GC 2007230K->355164K(2196416K), 0.0600760 secs]
37.872: [GC 1966977K->357625K(2147712K), 0.0605140 secs]
39.633: [GC 1970592K->359846K(2184768K), 0.0610910 secs]
41.352: [GC 1943345K->360435K(2121728K), 0.0618620 secs]
43.106: [GC 1943495K->364267K(2179072K), 0.0629240 secs]
44.842: [GC 1931594K->367677K(2106752K), 0.0637460 secs]
46.591: [GC 1934965K->368566K(2178688K), 0.0634050 secs]
48.344: [GC 1929355K->367399K(2097216K), 0.0624570 secs]
50.091: [GC 1926525K->370967K(2180288K), 0.0638050 secs]
51.821: [GC 1932054K->371676K(2097664K), 0.0628220 secs]
53.553: [GC 1932456K->372664K(2181184K), 0.0619180 secs]
55.267: [GC 1938322K->379720K(2177792K), 0.0643280 secs]
57.000: [GC 1945255K->379528K(2184640K), 0.0625950 secs]
58.746: [GC 1955089K->380297K(2182464K), 0.0631380 secs]
60.469: [GC 1954658K->385447K(2187648K), 0.0638850 secs]
