1.152: [GC 94789K->30485K(365760K), 0.0547090 secs]
1.372: [GC 125909K->63138K(461184K), 0.0490480 secs]
1.738: [GC 253986K->130857K(461184K), 0.1058070 secs]
2.141: [GC 321705K->193476K(652032K), 0.1633310 secs]
2.304: [Full GC 193476K->193438K(818368K), 0.5629680 secs]
3.520: [GC 575134K->227692K(818368K), 0.0280250 secs]
3.888: [GC 608465K->239344K(1040448K), 0.0151070 secs]
4.250: [GC 777272K->248364K(1060736K), 0.0168990 secs]
4.561: [GC 786095K->254855K(1222080K), 0.0228080 secs]
5.028: [GC 980847K->266871K(1239040K), 0.0262220 secs]
5.484: [GC 991885K->273179K(1360832K), 0.0282440 secs]
5.955: [GC 1128767K->282539K(1368448K), 0.0314400 secs]
6.406: [GC 1137678K->281689K(1516608K), 0.0306110 secs]
6.951: [GC 1282044K->292607K(1518976K), 0.0354360 secs]
7.516: [GC 1294143K->298843K(1681792K), 0.0382410 secs]
8.143: [GC 1455574K->310095K(1688448K), 0.0438130 secs]
8.764: [GC 1468255K->320736K(1871488K), 0.0479930 secs]
9.487: [GC 1651199K->328841K(1882816K), 0.0528550 secs]
10.234: [GC 1660391K->335581K(2026624K), 0.0569900 secs]
11.042: [GC 1798220K->346263K(2038528K), 0.0602070 secs]
11.874: [GC 1809876K->357102K(2199872K), 0.0642400 secs]
12.819: [GC 1967573K->361036K(2211328K), 0.0595420 secs]
13.723: [GC 1971294K->366171K(2254912K), 0.0601600 secs]
14.628: [GC 2010963K->366284K(2202560K), 0.0577080 secs]
15.515: [GC 2012448K->368803K(2253184K), 0.0576880 secs]
16.469: [GC 2002053K->374430K(2191296K), 0.0608460 secs]
17.390: [GC 2008133K->376791K(2252224K), 0.0596790 secs]
18.294: [GC 2003870K->380897K(2186368K), 0.0616400 secs]
19.173: [GC 2007895K->394282K(2246400K), 0.0651820 secs]
20.051: [GC 2015030K->401327K(2193536K), 0.0672250 secs]
20.972: [GC 2022226K->404311K(2241792K), 0.0663610 secs]
21.891: [GC 2014679K->408302K(2181056K), 0.0683020 secs]
22.803: [GC 2018378K->411213K(2243328K), 0.0685560 secs]
23.678: [GC 2018969K->412676K(2175808K), 0.0695350 secs]
24.611: [GC 2020059K->419614K(2242624K), 0.0686700 secs]
25.523: [GC 2029777K->422064K(2241024K), 0.0660450 secs]
26.418: [GC 2032096K->428324K(2244672K), 0.0691250 secs]
27.286: [GC 2044387K->435207K(2242816K), 0.0695780 secs]
28.171: [GC 2051740K->439666K(2248832K), 0.0690940 secs]
29.095: [GC 2061977K->450314K(2248448K), 0.0724360 secs]
30.000: [GC 2072154K->451983K(2248256K), 0.0719460 secs]
30.924: [GC 2071343K->444774K(2193344K), 0.0686720 secs]
31.815: [GC 2066022K->455674K(2246848K), 0.0700820 secs]
32.744: [GC 2076602K->457267K(2247104K), 0.0726920 secs]
33.666: [GC 2077746K->464404K(2251072K), 0.0737900 secs]
34.609: [GC 2090557K->461436K(2203008K), 0.0711830 secs]
35.514: [GC 2086678K->464392K(2253376K), 0.0690480 secs]
36.421: [GC 2095487K->462155K(2250304K), 0.0689410 secs]
37.342: [GC 2092345K->469132K(2254208K), 0.0694790 secs]
38.249: [GC 2109243K->470352K(2251072K), 0.0703450 secs]
39.164: [GC 2109226K->489027K(2257856K), 0.0715590 secs]
40.084: [GC 2138481K->478304K(2259840K), 0.0679600 secs]
41.013: [GC 2128623K->477930K(2265024K), 0.0672930 secs]
41.937: [GC 2140828K->479254K(2266112K), 0.0656130 secs]
42.870: [GC 2141506K->488681K(2270144K), 0.0667340 secs]
43.803: [GC 2160307K->488220K(2271808K), 0.0639450 secs]
44.729: [GC 2161401K->501069K(2274816K), 0.0703760 secs]
45.695: [GC 2180786K->503341K(2276864K), 0.0683650 secs]
46.646: [GC 2184691K->507723K(2278592K), 0.0691450 secs]
47.606: [GC 2197067K->510378K(2280064K), 0.0675860 secs]
48.574: [GC 2198319K->512821K(2284864K), 0.0698000 secs]
49.532: [GC 2209127K->524026K(2285568K), 0.0721040 secs]
50.500: [GC 2220050K->520079K(2287104K), 0.0693770 secs]
51.473: [GC 2220099K->526338K(2287680K), 0.0693010 secs]
52.401: [GC 2226130K->529751K(2289344K), 0.0714540 secs]
53.365: [GC 2232192K->532312K(2289088K), 0.0690920 secs]
54.370: [GC 2235152K->534816K(2290496K), 0.0703750 secs]
55.332: [GC 2240607K->549220K(2290880K), 0.0737500 secs]
56.330: [GC 2255267K->544223K(2292032K), 0.0704290 secs]
57.316: [GC 2249154K->546153K(2276416K), 0.0703930 secs]
58.291: [GC 2251817K->556556K(2288704K), 0.0716960 secs]
59.241: [GC 2259867K->558315K(2289984K), 0.0708630 secs]
60.208: [GC 2261469K->558661K(2289472K), 0.0724650 secs]
61.191: [GC 2264235K->563607K(2290880K), 0.0694190 secs]
62.170: [GC 2268658K->561469K(2292416K), 0.0691380 secs]
62.239: [Full GC 561469K->202964K(2304832K), 0.6818150 secs]
