0.526: [GC 95424K->59877K(365760K), 0.0896440 secs]
0.697: [GC 155301K->119809K(461184K), 0.0781610 secs]
1.127: [GC 310657K->165575K(461184K), 0.0878690 secs]
1.525: [GC 356152K->172375K(652032K), 0.0407770 secs]
2.151: [GC 552246K->174284K(652032K), 0.0292950 secs]
2.718: [GC 555254K->178816K(1108992K), 0.0178480 secs]
3.890: [GC 941503K->187492K(1109504K), 0.0302350 secs]
4.954: [GC 949364K->197042K(1862976K), 0.0276000 secs]
7.246: [GC 1722353K->215956K(1866496K), 0.0815160 secs]
9.397: [GC 1741761K->231341K(2200768K), 0.0212050 secs]
11.977: [GC 2099010K->255753K(2203200K), 0.0322330 secs]
12.010: [Full GC 255753K->177087K(2329792K), 0.5707510 secs]
14.859: [GC 2044892K->217321K(2329920K), 0.0156210 secs]
17.404: [GC 2094782K->242973K(2332416K), 0.0248790 secs]
19.889: [GC 2119322K->256709K(2317312K), 0.0251130 secs]
22.375: [GC 2112737K->268469K(2327232K), 0.0365660 secs]
24.827: [GC 2124553K->284854K(2321024K), 0.0224520 secs]
27.315: [GC 2136724K->298821K(2316672K), 0.0254410 secs]
29.739: [GC 2150460K->311435K(2294464K), 0.0445660 secs]
32.155: [GC 2123477K->324480K(2303424K), 0.0309740 secs]
34.448: [GC 2137606K->337174K(2249024K), 0.0339960 secs]
36.721: [GC 2089848K->351295K(2246656K), 0.0375600 secs]
38.847: [GC 2105919K->360224K(2247936K), 0.0338040 secs]
41.142: [GC 2077705K->369583K(2228096K), 0.0362860 secs]
43.280: [GC 2086273K->375575K(2225088K), 0.0373210 secs]
45.377: [GC 2048406K->380326K(2195072K), 0.0386050 secs]
47.560: [GC 2054307K->381165K(2210048K), 0.0387310 secs]
49.745: [GC 2017435K->387868K(2166784K), 0.0401180 secs]
51.992: [GC 2025936K->392944K(2193536K), 0.0414320 secs]
54.183: [GC 1997429K->397692K(2143808K), 0.0421900 secs]
56.269: [GC 2001484K->396985K(2183488K), 0.0421970 secs]
58.413: [GC 1976330K->397916K(2115136K), 0.0421710 secs]
60.378: [GC 1976954K->404515K(2179840K), 0.0433360 secs]
