0.528: [GC 95424K->59882K(365760K), 0.0777270 secs]
0.687: [GC 155306K->119826K(461184K), 0.1064920 secs]
1.080: [GC 308800K->166643K(461184K), 0.0551600 secs]
1.351: [GC 356611K->171962K(652032K), 0.0119390 secs]
1.818: [GC 551863K->176349K(652032K), 0.0112270 secs]
2.235: [GC 556589K->181303K(1108800K), 0.0099180 secs]
3.168: [GC 944511K->189117K(1109184K), 0.0154100 secs]
4.000: [GC 950565K->201519K(1861952K), 0.0191840 secs]
5.876: [GC 1728231K->224208K(1865984K), 0.0267320 secs]
7.573: [GC 1750240K->242314K(2205056K), 0.0305030 secs]
9.697: [GC 2106681K->265127K(2159424K), 0.0368820 secs]
9.734: [Full GC 265127K->178821K(2296640K), 0.5838130 secs]
12.332: [GC 2044769K->220104K(2343232K), 0.0225260 secs]
14.401: [GC 2089630K->242471K(2339456K), 0.0446080 secs]
16.507: [GC 2111824K->258953K(2326464K), 0.0345040 secs]
18.555: [GC 2111881K->269176K(2334976K), 0.0372810 secs]
20.616: [GC 2120329K->277604K(2289792K), 0.0401740 secs]
22.616: [GC 2081787K->285859K(2272832K), 0.0408910 secs]
24.600: [GC 2091437K->301578K(2298624K), 0.0370600 secs]
26.615: [GC 2092164K->313679K(2285824K), 0.0417340 secs]
28.591: [GC 2104527K->325756K(2272320K), 0.0460720 secs]
30.544: [GC 2073423K->335406K(2265664K), 0.0486250 secs]
32.538: [GC 2084009K->341192K(2246848K), 0.0516980 secs]
34.461: [GC 2040165K->347173K(2227520K), 0.0524640 secs]
36.350: [GC 2044725K->349209K(2227840K), 0.0527700 secs]
38.220: [GC 2004768K->358286K(2195776K), 0.0745290 secs]
40.099: [GC 2014185K->360042K(2209152K), 0.0618560 secs]
41.967: [GC 1975982K->362657K(2160832K), 0.0588960 secs]
43.787: [GC 1979194K->366599K(2196608K), 0.0597620 secs]
45.585: [GC 1954567K->370065K(2134272K), 0.0606140 secs]
47.382: [GC 1957292K->375183K(2191104K), 0.0612570 secs]
49.147: [GC 1946383K->372550K(2195136K), 0.0593420 secs]
50.899: [GC 1943024K->376856K(2194944K), 0.0587250 secs]
52.656: [GC 1946976K->380529K(2195072K), 0.0595350 secs]
54.432: [GC 1951064K->377641K(2189312K), 0.0582360 secs]
56.206: [GC 1948575K->384855K(2192192K), 0.0589630 secs]
57.981: [GC 1955018K->384223K(2191168K), 0.0581890 secs]
59.729: [GC 1961067K->385816K(2195200K), 0.0602590 secs]
