1.168: [GC 95424K->31580K(365760K), 0.0752570 secs]
1.405: [GC 127004K->64056K(461184K), 0.0415780 secs]
1.766: [GC 254904K->131767K(461184K), 0.0680190 secs]
2.133: [GC 322615K->194386K(652032K), 0.1386580 secs]
2.272: [Full GC 194386K->194353K(818880K), 0.4688250 secs]
3.398: [GC 574417K->235469K(818880K), 0.0276950 secs]
3.683: [GC 617165K->244217K(1044416K), 0.0117960 secs]
4.030: [GC 784569K->247493K(1061696K), 0.0134640 secs]
4.377: [GC 787587K->257406K(1210304K), 0.0129890 secs]
4.815: [GC 976146K->262000K(1235328K), 0.0165430 secs]
5.221: [GC 980017K->270387K(1337984K), 0.0193260 secs]
5.709: [GC 1109780K->279056K(1348992K), 0.0189620 secs]
6.166: [GC 1117706K->287651K(1476352K), 0.0524180 secs]
6.741: [GC 1254053K->297051K(1479744K), 0.0246070 secs]
7.278: [GC 1262526K->304911K(1637312K), 0.0272650 secs]
7.902: [GC 1421921K->315308K(1644864K), 0.0293420 secs]
8.538: [GC 1433777K->317598K(1814784K), 0.0372790 secs]
9.271: [GC 1595929K->321970K(1823360K), 0.0308350 secs]
10.012: [GC 1600754K->330750K(1944192K), 0.0333570 secs]
10.799: [GC 1721769K->338299K(1953856K), 0.0330290 secs]
11.544: [GC 1728555K->342807K(2081536K), 0.0379720 secs]
12.381: [GC 1850398K->349163K(2088192K), 0.0341100 secs]
13.219: [GC 1857771K->348021K(2221248K), 0.0334510 secs]
14.089: [GC 1982242K->360530K(2225216K), 0.0342260 secs]
15.046: [GC 1995164K->366257K(2270272K), 0.0400510 secs]
15.949: [GC 2038552K->377391K(2231552K), 0.0369850 secs]
16.853: [GC 2051070K->377317K(2263232K), 0.0390140 secs]
17.753: [GC 2030393K->387743K(2214976K), 0.0395420 secs]
18.657: [GC 2041402K->396453K(2252288K), 0.0384930 secs]
19.561: [GC 2031897K->396366K(2196416K), 0.0388490 secs]
20.447: [GC 2031274K->405117K(2250560K), 0.0384690 secs]
21.358: [GC 2030680K->406681K(2189696K), 0.0400860 secs]
22.258: [GC 2032143K->407825K(2253120K), 0.0395940 secs]
23.146: [GC 2034242K->411605K(2189504K), 0.0367760 secs]
24.037: [GC 2037366K->406385K(2256640K), 0.0405240 secs]
24.965: [GC 2038455K->416535K(2251584K), 0.0376220 secs]
25.848: [GC 2048287K->419317K(2254336K), 0.0403660 secs]
26.758: [GC 2056521K->424534K(2251584K), 0.0417210 secs]
27.685: [GC 2061008K->425723K(2259776K), 0.0377310 secs]
28.584: [GC 2076859K->428430K(2259136K), 0.0420160 secs]
29.455: [GC 2079490K->441095K(2266880K), 0.0387000 secs]
30.371: [GC 2104047K->439547K(2264256K), 0.0399860 secs]
31.260: [GC 2103855K->446509K(2274048K), 0.0408440 secs]
32.196: [GC 2125313K->453841K(2271680K), 0.0386570 secs]
33.155: [GC 2133682K->460022K(2283328K), 0.0391710 secs]
34.107: [GC 2154325K->461172K(2281856K), 0.0404390 secs]
35.094: [GC 2155587K->475337K(2285504K), 0.0404040 secs]
35.988: [GC 2174355K->482369K(2286784K), 0.0406820 secs]
36.900: [GC 2182620K->480563K(2290688K), 0.0392250 secs]
37.862: [GC 2183153K->487063K(2268800K), 0.0399490 secs]
38.776: [GC 2188478K->489469K(2290048K), 0.0395930 secs]
39.711: [GC 2190778K->498179K(2272704K), 0.0415390 secs]
40.647: [GC 2199744K->495142K(2289088K), 0.0425570 secs]
41.577: [GC 2192331K->504138K(2288000K), 0.0421020 secs]
42.524: [GC 2201863K->506172K(2288064K), 0.0398880 secs]
43.438: [GC 2202109K->506341K(2262208K), 0.0413180 secs]
44.399: [GC 2202376K->510656K(2287808K), 0.0404930 secs]
45.352: [GC 2208114K->516054K(2286464K), 0.0410670 secs]
46.288: [GC 2215100K->515895K(2287616K), 0.0394350 secs]
47.242: [GC 2218600K->521127K(2288576K), 0.0422720 secs]
48.212: [GC 2224935K->519965K(2292544K), 0.0394410 secs]
49.163: [GC 2230372K->530724K(2292416K), 0.0396150 secs]
50.081: [GC 2240615K->531953K(2295168K), 0.0383760 secs]
51.060: [GC 2248304K->539111K(2294656K), 0.0409720 secs]
51.996: [GC 2255380K->544026K(2299072K), 0.0414190 secs]
52.984: [GC 2265449K->553285K(2298176K), 0.0401120 secs]
53.941: [GC 2274420K->552058K(2301760K), 0.0407100 secs]
55.046: [GC 2275322K->555878K(2290560K), 0.0394710 secs]
55.981: [GC 2279312K->561456K(2300992K), 0.0417780 secs]
56.023: [Full GC 561456K->217648K(2342208K), 0.6343510 secs]
57.567: [GC 1941711K->243767K(2213312K), 0.0100360 secs]
58.504: [GC 1967744K->257935K(2302784K), 0.0135730 secs]
59.403: [GC 1924108K->271210K(2182912K), 0.0180040 secs]
60.364: [GC 1936108K->286296K(2307904K), 0.0214510 secs]
61.315: [GC 1940349K->295375K(2195968K), 0.0233380 secs]
62.178: [GC 1951055K->309062K(2311488K), 0.0248670 secs]
