0.544: [GC 95424K->59885K(365760K), 0.0932700 secs]
0.728: [GC 155309K->119821K(461184K), 0.0712010 secs]
1.124: [GC 310666K->164414K(461184K), 0.0721800 secs]
1.492: [GC 355064K->170719K(652032K), 0.0236830 secs]
2.101: [GC 550777K->175919K(652032K), 0.0189950 secs]
2.671: [GC 555672K->181176K(1108160K), 0.0230140 secs]
3.870: [GC 943978K->196409K(1108608K), 0.0246730 secs]
4.959: [GC 958160K->205349K(1858688K), 0.0265580 secs]
7.400: [GC 1730814K->230412K(1863168K), 0.0218360 secs]
9.481: [GC 1757196K->237898K(2202944K), 0.0331860 secs]
9.515: [Full GC 237898K->177928K(2330496K), 0.4978710 secs]
12.672: [GC 2045530K->217737K(2331904K), 0.0215260 secs]
15.297: [GC 2085160K->242278K(2331136K), 0.0436870 secs]
17.901: [GC 2112660K->258110K(2333888K), 0.0266560 secs]
20.500: [GC 2129770K->265356K(2299072K), 0.0279220 secs]
22.967: [GC 2098547K->276762K(2316480K), 0.0473400 secs]
25.489: [GC 2109391K->300819K(2301184K), 0.0304060 secs]
28.098: [GC 2118941K->313396K(2301248K), 0.0347730 secs]
30.583: [GC 2131895K->325077K(2269248K), 0.0365240 secs]
33.045: [GC 2095166K->331047K(2271040K), 0.0325270 secs]
35.491: [GC 2101637K->338136K(2247744K), 0.0339540 secs]
37.889: [GC 2057615K->344598K(2234496K), 0.0353970 secs]
40.370: [GC 2065167K->347609K(2226816K), 0.0365930 secs]
42.735: [GC 2021759K->356503K(2200832K), 0.0387300 secs]
45.163: [GC 2030319K->361924K(2204480K), 0.0392040 secs]
47.544: [GC 1991282K->366293K(2166208K), 0.0403460 secs]
49.895: [GC 1995141K->366458K(2190528K), 0.0411120 secs]
52.109: [GC 1961220K->371096K(2136448K), 0.0422790 secs]
54.311: [GC 1965592K->371834K(2183744K), 0.0421360 secs]
56.393: [GC 1946487K->376239K(2112320K), 0.0415410 secs]
58.543: [GC 1949393K->374626K(2185088K), 0.0399840 secs]
60.692: [GC 1943785K->375359K(2099968K), 0.0404760 secs]
