0.531: [GC 95424K->59882K(365760K), 0.1232040 secs]
0.736: [GC 155306K->119881K(461184K), 0.1510530 secs]
1.174: [GC 308829K->165946K(461184K), 0.0625350 secs]
1.456: [GC 355362K->170317K(652032K), 0.0116440 secs]
1.928: [GC 550447K->177132K(652032K), 0.0284660 secs]
2.387: [GC 557646K->184190K(1107456K), 0.0112980 secs]
3.317: [GC 946865K->198360K(1108224K), 0.0149750 secs]
4.165: [GC 961059K->206782K(1858944K), 0.0154490 secs]
6.065: [GC 1732905K->233756K(1863040K), 0.0233280 secs]
7.754: [GC 1759155K->247721K(2204800K), 0.0233660 secs]
9.915: [GC 2113218K->267810K(2154368K), 0.0308780 secs]
9.946: [Full GC 267810K->176894K(2287040K), 0.5726690 secs]
12.526: [GC 2042017K->206047K(2337280K), 0.0104520 secs]
14.588: [GC 2072212K->224317K(2336000K), 0.0160060 secs]
16.711: [GC 2089840K->240845K(2333696K), 0.0199150 secs]
18.761: [GC 2106910K->257931K(2335296K), 0.0254700 secs]
20.802: [GC 2124224K->270458K(2300224K), 0.0273430 secs]
22.833: [GC 2095680K->285965K(2299200K), 0.0310360 secs]
24.930: [GC 2111161K->306569K(2284416K), 0.0303010 secs]
26.961: [GC 2090839K->317435K(2290240K), 0.0317680 secs]
28.917: [GC 2102261K->326342K(2246336K), 0.0340560 secs]
30.826: [GC 2051491K->333667K(2248000K), 0.0358660 secs]
32.740: [GC 2058687K->340548K(2226176K), 0.0368900 secs]
34.588: [GC 2010335K->346125K(2203840K), 0.0392130 secs]
36.467: [GC 2014907K->349064K(2205056K), 0.0394050 secs]
38.284: [GC 1969272K->355725K(2165568K), 0.0408580 secs]
40.103: [GC 1977426K->356222K(2188544K), 0.0409600 secs]
41.828: [GC 1939784K->359456K(2130944K), 0.0410650 secs]
43.585: [GC 1941956K->360767K(2178240K), 0.0414220 secs]
45.309: [GC 1916724K->358955K(2100928K), 0.0406300 secs]
47.029: [GC 1916077K->365062K(2179008K), 0.0414850 secs]
48.730: [GC 1915713K->365760K(2180608K), 0.0421890 secs]
50.414: [GC 1916029K->369744K(2177216K), 0.0410350 secs]
52.127: [GC 1921016K->370996K(2178944K), 0.0410960 secs]
53.830: [GC 1923432K->372389K(2177088K), 0.0406720 secs]
55.541: [GC 1932662K->376152K(2179648K), 0.0400270 secs]
57.229: [GC 1935460K->377952K(2183936K), 0.0400520 secs]
58.973: [GC 1952776K->380247K(2187008K), 0.0399660 secs]
60.725: [GC 1955838K->382948K(2190848K), 0.0405930 secs]
