1.146: [GC 94828K->30501K(365760K), 0.0717960 secs]
1.375: [GC 125925K->63202K(461184K), 0.0979860 secs]
1.761: [GC 254050K->135313K(461184K), 0.1656320 secs]
2.199: [GC 326161K->197932K(652032K), 0.1472210 secs]
2.347: [Full GC 197932K->197884K(818560K), 0.5682340 secs]
3.496: [GC 578260K->235453K(818560K), 0.0294350 secs]
3.737: [GC 617001K->245548K(1079872K), 0.0224000 secs]
4.076: [GC 816070K->256044K(1094592K), 0.0369050 secs]
4.416: [GC 826668K->267468K(1295808K), 0.0199900 secs]
4.871: [GC 1077639K->268353K(1325824K), 0.0277050 secs]
5.305: [GC 1078202K->280324K(1474048K), 0.0226380 secs]
5.860: [GC 1259670K->296876K(1491072K), 0.0376750 secs]
6.382: [GC 1277932K->302364K(1679936K), 0.0349850 secs]
7.038: [GC 1466204K->308723K(1686784K), 0.0658600 secs]
7.703: [GC 1471196K->313073K(1893120K), 0.0301820 secs]
8.450: [GC 1678240K->324366K(1903808K), 0.0349620 secs]
9.246: [GC 1689410K->331781K(2117120K), 0.0352360 secs]
10.111: [GC 1899193K->342621K(2127808K), 0.0734150 secs]
10.998: [GC 1911189K->344402K(2285440K), 0.0916290 secs]
11.973: [GC 2057578K->351148K(2266624K), 0.0383470 secs]
12.951: [GC 2064410K->359038K(2269120K), 0.0590270 secs]
13.936: [GC 2035291K->366303K(2232768K), 0.0663490 secs]
14.934: [GC 2041081K->372168K(2257344K), 0.0396330 secs]
15.820: [GC 2020691K->384317K(2217280K), 0.0898450 secs]
16.774: [GC 2033667K->387071K(2243392K), 0.0474970 secs]
17.686: [GC 2007348K->392784K(2190336K), 0.0809760 secs]
18.595: [GC 2012136K->401768K(2235712K), 0.0547830 secs]
19.509: [GC 2004328K->406251K(2176448K), 0.0407650 secs]
20.403: [GC 2008811K->408683K(2233088K), 0.0406850 secs]
21.285: [GC 2000747K->416310K(2169984K), 0.0417260 secs]
22.217: [GC 2007756K->412882K(2234496K), 0.0406300 secs]
23.080: [GC 2000712K->413106K(2153600K), 0.0389230 secs]
23.969: [GC 2001675K->417940K(2232192K), 0.0401100 secs]
24.829: [GC 2009156K->418888K(2228416K), 0.0392760 secs]
25.688: [GC 2011720K->426807K(2236736K), 0.0388780 secs]
26.592: [GC 2032971K->427808K(2232704K), 0.0389430 secs]
27.454: [GC 2034290K->435983K(2245632K), 0.0400510 secs]
28.423: [GC 2060431K->445617K(2242816K), 0.0417300 secs]
29.303: [GC 2069157K->447468K(2257728K), 0.0406500 secs]
30.190: [GC 2087709K->446504K(2256448K), 0.0396650 secs]
31.054: [GC 2085579K->447924K(2257536K), 0.0400950 secs]
31.973: [GC 2095510K->452897K(2256768K), 0.0392450 secs]
32.843: [GC 2099605K->462723K(2266240K), 0.0415850 secs]
33.730: [GC 2122122K->468515K(2265088K), 0.0416830 secs]
34.646: [GC 2128734K->470326K(2272256K), 0.0418520 secs]
35.567: [GC 2139563K->468868K(2235200K), 0.0405310 secs]
36.454: [GC 2136587K->477075K(2272256K), 0.0416340 secs]
37.344: [GC 2148124K->477489K(2272064K), 0.0413820 secs]
38.272: [GC 2149787K->481317K(2275968K), 0.0411090 secs]
39.196: [GC 2161008K->481342K(2276224K), 0.0394940 secs]
40.093: [GC 2160740K->483593K(2279040K), 0.0407910 secs]
41.039: [GC 2170847K->485330K(2279168K), 0.0391970 secs]
41.948: [GC 2172348K->487580K(2284992K), 0.0380020 secs]
42.863: [GC 2183845K->491992K(2284736K), 0.0390610 secs]
43.858: [GC 2187774K->501429K(2287936K), 0.0405930 secs]
44.820: [GC 2204196K->499805K(2287744K), 0.0396330 secs]
45.749: [GC 2202006K->505546K(2290944K), 0.0392930 secs]
46.682: [GC 2214901K->505460K(2291136K), 0.0395560 secs]
47.610: [GC 2213734K->509043K(2294720K), 0.0394170 secs]
48.547: [GC 2222046K->513659K(2295104K), 0.0384700 secs]
49.430: [GC 2228145K->518628K(2294976K), 0.0456570 secs]
50.364: [GC 2235867K->520774K(2295872K), 0.0384370 secs]
51.275: [GC 2237646K->532486K(2299456K), 0.0415650 secs]
52.233: [GC 2253720K->539081K(2290624K), 0.0417270 secs]
53.162: [GC 2260595K->547701K(2293504K), 0.0422590 secs]
54.092: [GC 2262071K->550327K(2289408K), 0.0417250 secs]
54.973: [GC 2264499K->552799K(2291456K), 0.0419010 secs]
55.920: [GC 2260416K->551953K(2292864K), 0.0412940 secs]
56.862: [GC 2259195K->548027K(2289920K), 0.0400310 secs]
57.816: [GC 2256059K->558454K(2291392K), 0.0434390 secs]
58.811: [GC 2266425K->562926K(2293184K), 0.0416450 secs]
58.852: [Full GC 562926K->209856K(2316544K), 0.7079690 secs]
60.453: [GC 1919978K->234740K(2181184K), 0.0252090 secs]
61.330: [GC 1945781K->257224K(2280640K), 0.0175600 secs]
62.205: [GC 1912352K->268069K(2159040K), 0.0192160 secs]
63.093: [GC 1923105K->283413K(2285952K), 0.0224380 secs]
