0.529: [GC 95424K->59877K(365760K), 0.0823360 secs]
0.693: [GC 155301K->119805K(461184K), 0.0587760 secs]
0.869: [GC 310653K->174327K(461184K), 0.0657160 secs]
1.421: [GC 364281K->174415K(652032K), 0.0280290 secs]
2.936: [GC 555852K->182283K(652032K), 0.0289130 secs]
4.223: [GC 563518K->183562K(1111168K), 0.0173700 secs]
8.265: [GC 945123K->184080K(1111808K), 0.0100970 secs]
11.154: [GC 945075K->183977K(1873856K), 0.0171770 secs]
18.518: [GC 1708075K->188586K(1874240K), 0.0052020 secs]
24.630: [GC 1713228K->186886K(2193536K), 0.0045300 secs]
35.835: [GC 2034029K->191284K(2194048K), 0.0053820 secs]
45.112: [GC 2038277K->191815K(2195200K), 0.0075380 secs]
53.680: [GC 2045682K->192629K(2195840K), 0.0041880 secs]
