0.542: [GC 95424K->60492K(365760K), 0.0916870 secs]
0.721: [GC 155916K->122673K(461184K), 0.0779120 secs]
0.918: [GC 313521K->173869K(461184K), 0.0671830 secs]
1.386: [GC 364672K->174402K(652032K), 0.0117710 secs]
2.375: [GC 554996K->182442K(652032K), 0.0180940 secs]
3.160: [GC 564138K->186318K(1111872K), 0.0173460 secs]
4.638: [GC 947920K->184165K(1111872K), 0.0210890 secs]
6.149: [GC 945631K->183895K(1875072K), 0.0167140 secs]
9.529: [GC 1709534K->187071K(1875456K), 0.0090010 secs]
12.379: [GC 1712583K->189765K(2192320K), 0.0065190 secs]
16.927: [GC 2037381K->189800K(2193600K), 0.0086410 secs]
20.901: [GC 2036608K->191959K(2194496K), 0.0063050 secs]
25.035: [GC 2045939K->194580K(2196224K), 0.0052900 secs]
29.126: [GC 2049023K->195365K(2197952K), 0.0041220 secs]
32.817: [GC 2058193K->196536K(2199872K), 0.0057570 secs]
36.490: [GC 2060063K->199420K(2203328K), 0.0061740 secs]
40.861: [GC 2074955K->204251K(2054400K), 0.0081650 secs]
44.917: [GC 1991523K->206048K(1966720K), 0.0126920 secs]
48.687: [GC 1907249K->204915K(1883968K), 0.0067490 secs]
52.373: [GC 1827379K->209072K(1809600K), 0.0139300 secs]
56.057: [GC 1754928K->209894K(1733568K), 0.0106100 secs]
59.424: [GC 1682982K->209597K(1663360K), 0.0076180 secs]
