1.144: [GC 94828K->30505K(365760K), 0.1306450 secs]
1.431: [GC 125929K->63422K(461184K), 0.0632580 secs]
1.785: [GC 254270K->135549K(461184K), 0.1320840 secs]
2.194: [GC 326397K->198128K(652032K), 0.1468070 secs]
2.341: [Full GC 198128K->198099K(821184K), 0.5677340 secs]
3.376: [GC 579795K->245755K(821184K), 0.0252810 secs]
3.596: [GC 627451K->254372K(1068416K), 0.0144280 secs]
3.826: [GC 812964K->258122K(1084032K), 0.0230090 secs]
4.009: [GC 816714K->259598K(1280896K), 0.0116610 secs]
4.250: [GC 1040974K->262216K(1303296K), 0.0209350 secs]
4.564: [GC 1043592K->271931K(1442496K), 0.0204920 secs]
4.967: [GC 1215274K->276444K(1459712K), 0.0284850 secs]
5.324: [GC 1221468K->283461K(1635584K), 0.0321890 secs]
5.674: [GC 1412805K->285609K(1638848K), 0.0460340 secs]
6.057: [GC 1414953K->297232K(1853504K), 0.0254030 secs]
6.504: [GC 1646736K->300353K(1862208K), 0.0341250 secs]
6.914: [GC 1649857K->300094K(2090816K), 0.0218740 secs]
7.334: [GC 1885950K->302420K(2105280K), 0.0240210 secs]
7.774: [GC 1887004K->305324K(2272320K), 0.0240500 secs]
8.314: [GC 2057417K->307416K(2277824K), 0.0260070 secs]
8.789: [GC 2059736K->310380K(2355776K), 0.0290370 secs]
9.306: [GC 2135716K->319049K(2321344K), 0.0217550 secs]
9.818: [GC 2146249K->317694K(2355840K), 0.0197230 secs]
10.387: [GC 2146878K->318739K(2353856K), 0.0194000 secs]
10.949: [GC 2147604K->317261K(2354816K), 0.0203930 secs]
11.489: [GC 2152333K->322564K(2353920K), 0.0195890 secs]
11.991: [GC 2156628K->321313K(2362048K), 0.0196570 secs]
12.514: [GC 2167713K->323570K(2360000K), 0.0178210 secs]
13.003: [GC 2169970K->320808K(2366400K), 0.0166680 secs]
13.582: [GC 2174952K->328729K(2365952K), 0.0153690 secs]
14.115: [GC 2182873K->325278K(2369472K), 0.0147260 secs]
14.637: [GC 2184414K->325490K(2369216K), 0.0156560 secs]
15.194: [GC 2184626K->337068K(2368768K), 0.0158090 secs]
15.727: [GC 2199980K->333363K(2370624K), 0.0167270 secs]
16.343: [GC 2196030K->339375K(2370752K), 0.0142100 secs]
17.014: [GC 2207855K->344414K(2373440K), 0.0167150 secs]
17.718: [GC 2211440K->348411K(2372928K), 0.0161110 secs]
18.404: [GC 2222334K->348027K(2375744K), 0.0167430 secs]
19.104: [GC 2222037K->351159K(2377536K), 0.0230400 secs]
19.815: [GC 2233832K->353374K(2380416K), 0.0246300 secs]
20.493: [GC 2236310K->354413K(2381376K), 0.0268590 secs]
21.146: [GC 2245677K->356302K(2384192K), 0.0240830 secs]
21.783: [GC 2247566K->358141K(2387328K), 0.0245390 secs]
22.404: [GC 2255859K->361092K(2389248K), 0.0210520 secs]
23.022: [GC 2259332K->363396K(2391680K), 0.0190200 secs]
23.631: [GC 2263908K->369811K(2386368K), 0.0225740 secs]
24.234: [GC 2270995K->365507K(2391040K), 0.0183120 secs]
24.804: [GC 2263939K->371348K(2379200K), 0.0202100 secs]
25.369: [GC 2269780K->374945K(2390592K), 0.0230620 secs]
25.915: [GC 2272317K->375583K(2390144K), 0.0328320 secs]
26.525: [GC 2274463K->375456K(2390976K), 0.0195700 secs]
27.084: [GC 2276000K->378099K(2390400K), 0.0337480 secs]
27.665: [GC 2278643K->380023K(2392320K), 0.0196310 secs]
28.276: [GC 2282465K->385673K(2391680K), 0.0202820 secs]
28.865: [GC 2289097K->395013K(2389440K), 0.0199570 secs]
29.406: [GC 2296453K->389482K(2392192K), 0.0199950 secs]
29.978: [GC 2290922K->398424K(2387264K), 0.0197180 secs]
30.555: [GC 2295384K->394188K(2389952K), 0.0205310 secs]
31.111: [GC 2291148K->396826K(2389056K), 0.0200320 secs]
31.694: [GC 2294170K->399371K(2389696K), 0.0213930 secs]
32.294: [GC 2295791K->409629K(2386112K), 0.0206410 secs]
32.881: [GC 2302369K->416571K(2388544K), 0.0212230 secs]
33.481: [GC 2310715K->410929K(2381760K), 0.0209490 secs]
34.057: [GC 2298289K->419566K(2380096K), 0.0213150 secs]
34.664: [GC 2306926K->419153K(2380800K), 0.0234800 secs]
35.236: [GC 2300113K->429410K(2381568K), 0.0236240 secs]
35.806: [GC 2310370K->427870K(2370432K), 0.0227190 secs]
36.344: [GC 2296926K->434663K(2369792K), 0.0232170 secs]
36.898: [GC 2303719K->434244K(2370112K), 0.0259700 secs]
37.465: [GC 2294468K->439835K(2362560K), 0.0329940 secs]
38.039: [GC 2300059K->442379K(2364928K), 0.0221870 secs]
38.626: [GC 2292170K->444922K(2354432K), 0.0277720 secs]
39.196: [GC 2295930K->448642K(2362240K), 0.0344320 secs]
39.740: [GC 2292817K->454998K(2352128K), 0.0373120 secs]
40.306: [GC 2299478K->450957K(2362560K), 0.0306270 secs]
40.910: [GC 2291853K->451636K(2337280K), 0.0438830 secs]
41.526: [GC 2292341K->454597K(2360960K), 0.0289040 secs]
42.096: [GC 2297413K->450583K(2359040K), 0.0306830 secs]
42.720: [GC 2293399K->458682K(2365440K), 0.0226450 secs]
43.288: [GC 2307035K->461602K(2364416K), 0.0241210 secs]
43.924: [GC 2311458K->467650K(2367104K), 0.0243070 secs]
44.659: [GC 2319907K->472692K(2366336K), 0.0216600 secs]
45.360: [GC 2326772K->480995K(2368576K), 0.0294590 secs]
46.201: [GC 2338312K->491641K(2368320K), 0.0253050 secs]
46.914: [GC 2349524K->496550K(2365760K), 0.0392980 secs]
47.635: [GC 2349606K->496112K(2355136K), 0.0565740 secs]
48.454: [GC 2349168K->500752K(2365568K), 0.0338850 secs]
48.488: [Full GC 500752K->238461K(2415488K), 0.7474360 secs]
49.970: [GC 2088701K->254817K(2340160K), 0.0061900 secs]
50.711: [GC 2103421K->251341K(2396544K), 0.0117320 secs]
51.455: [GC 2073805K->257026K(2314624K), 0.0090620 secs]
52.178: [GC 2079490K->259317K(2397248K), 0.0102630 secs]
52.811: [GC 2072744K->265609K(2398400K), 0.0115030 secs]
53.485: [GC 2079625K->272923K(2392576K), 0.0124250 secs]
54.144: [GC 2088027K->275029K(2395520K), 0.0135240 secs]
54.764: [GC 2090133K->282372K(2393536K), 0.0239170 secs]
55.475: [GC 2106830K->285025K(2397696K), 0.0177960 secs]
56.114: [GC 2110433K->292560K(2406592K), 0.0240810 secs]
56.710: [GC 2135632K->301363K(2408192K), 0.0184100 secs]
57.264: [GC 2144435K->295936K(2415744K), 0.0243810 secs]
57.832: [GC 2147053K->296521K(2416192K), 0.0226000 secs]
58.386: [GC 2148041K->303800K(2415872K), 0.0246950 secs]
58.984: [GC 2156344K->302158K(2417216K), 0.0389940 secs]
59.557: [GC 2154702K->316018K(2408576K), 0.0242970 secs]
60.157: [GC 2159730K->310920K(2387712K), 0.0203840 secs]
60.774: [GC 2154632K->322800K(2402752K), 0.0224110 secs]
61.412: [GC 2154201K->318408K(2379968K), 0.0212060 secs]
62.000: [GC 2149901K->320234K(2405312K), 0.0213940 secs]
62.584: [GC 2148970K->320664K(2373056K), 0.0208840 secs]
63.157: [GC 2148332K->322922K(2406848K), 0.0208340 secs]
