0.544: [GC 95424K->59869K(365760K), 0.0715840 secs]
0.701: [GC 155293K->119797K(461184K), 0.0819460 secs]
1.251: [GC 310645K->166747K(461184K), 0.0526400 secs]
1.660: [GC 356806K->171743K(652032K), 0.0310640 secs]
2.506: [GC 552024K->175834K(652032K), 0.0156550 secs]
3.255: [GC 556439K->179422K(1109440K), 0.0170510 secs]
5.177: [GC 942003K->188572K(1109568K), 0.0146790 secs]
6.882: [GC 951801K->196758K(1863872K), 0.0147760 secs]
10.249: [GC 1722818K->209547K(1867072K), 0.0218850 secs]
13.671: [GC 1736331K->216590K(2200768K), 0.0604250 secs]
17.822: [GC 2084955K->228096K(2201792K), 0.0182000 secs]
17.840: [Full GC 228096K->179063K(2322176K), 0.4949390 secs]
22.556: [GC 2047779K->206228K(2326592K), 0.0120550 secs]
26.718: [GC 2083933K->220846K(2329408K), 0.0263930 secs]
31.224: [GC 2098690K->231050K(2328384K), 0.0109830 secs]
35.806: [GC 2117514K->242656K(2332160K), 0.0164110 secs]
40.196: [GC 2130046K->256560K(2328000K), 0.0191120 secs]
44.642: [GC 2137542K->271476K(2333440K), 0.0230360 secs]
48.912: [GC 2152552K->283819K(2288768K), 0.0268650 secs]
53.138: [GC 2120601K->302633K(2295232K), 0.0279530 secs]
57.625: [GC 2138024K->309191K(2284800K), 0.0260460 secs]
