0.544: [GC 95424K->59874K(365760K), 0.0786360 secs]
0.710: [GC 155298K->119818K(461184K), 0.0871900 secs]
1.174: [GC 310539K->167751K(461184K), 0.0479010 secs]
1.530: [GC 356730K->173089K(652032K), 0.0357990 secs]
2.252: [GC 554164K->177613K(652032K), 0.0175190 secs]
2.798: [GC 557510K->183841K(1108352K), 0.0115680 secs]
4.163: [GC 945988K->191157K(1108992K), 0.0133860 secs]
5.394: [GC 954105K->198974K(1863680K), 0.0146530 secs]
7.900: [GC 1725758K->214857K(1866688K), 0.0138070 secs]
10.190: [GC 1741454K->228543K(2200512K), 0.0173000 secs]
12.975: [GC 2098047K->234712K(2201792K), 0.0208470 secs]
12.996: [Full GC 234712K->177230K(2330368K), 0.4904880 secs]
16.191: [GC 2045626K->199795K(2338304K), 0.0094490 secs]
19.025: [GC 2078531K->212964K(2339712K), 0.0137910 secs]
22.040: [GC 2092119K->225671K(2339136K), 0.0164230 secs]
25.002: [GC 2108957K->240905K(2330240K), 0.0195610 secs]
27.826: [GC 2122842K->247620K(2324992K), 0.0212740 secs]
30.669: [GC 2108998K->256727K(2325120K), 0.0228100 secs]
33.572: [GC 2117798K->270753K(2296448K), 0.0270220 secs]
36.435: [GC 2089874K->281434K(2307072K), 0.0299520 secs]
39.197: [GC 2101157K->289483K(2258816K), 0.0317640 secs]
41.903: [GC 2052508K->291457K(2250624K), 0.0324600 secs]
44.589: [GC 2054053K->298682K(2257792K), 0.0312700 secs]
47.223: [GC 2028613K->300985K(2227136K), 0.0318630 secs]
49.837: [GC 2031384K->307147K(2243392K), 0.0328080 secs]
52.505: [GC 2006036K->308892K(2204608K), 0.0332800 secs]
55.137: [GC 2008050K->317192K(2229056K), 0.0355750 secs]
57.774: [GC 1987208K->317988K(2185024K), 0.0357260 secs]
60.379: [GC 1989207K->324861K(2216960K), 0.0708710 secs]
