1.158: [GC 94867K->30497K(365760K), 0.0585800 secs]
1.382: [GC 125921K->63398K(461184K), 0.0601330 secs]
1.748: [GC 254246K->134461K(461184K), 0.1338960 secs]
2.170: [GC 325309K->197064K(652032K), 0.1210280 secs]
2.291: [Full GC 197064K->197058K(822912K), 0.5586820 secs]
3.508: [GC 578754K->241010K(822912K), 0.0360740 secs]
3.730: [GC 622189K->246856K(1063808K), 0.0154080 secs]
4.041: [GC 793914K->258918K(1076672K), 0.0218070 secs]
4.300: [GC 807540K->266596K(1261696K), 0.0226100 secs]
4.676: [GC 1023413K->272921K(1277824K), 0.0251920 secs]
5.047: [GC 1029861K->270694K(1405184K), 0.0245200 secs]
5.490: [GC 1176425K->281693K(1419136K), 0.0302390 secs]
5.935: [GC 1188754K->284318K(1575552K), 0.0308390 secs]
6.471: [GC 1354765K->289381K(1582144K), 0.0324740 secs]
7.037: [GC 1359602K->297721K(1761600K), 0.0375010 secs]
7.634: [GC 1545624K->302721K(1765824K), 0.0406180 secs]
8.220: [GC 1551489K->313706K(1966208K), 0.0457460 secs]
8.952: [GC 1756883K->324215K(1974208K), 0.0504040 secs]
9.718: [GC 1768305K->328644K(2130816K), 0.0533340 secs]
10.535: [GC 1918783K->330812K(2140544K), 0.0558580 secs]
11.394: [GC 1920826K->334465K(2313472K), 0.0554630 secs]
12.294: [GC 2087527K->340624K(2317824K), 0.0536780 secs]
13.246: [GC 2094852K->347111K(2310400K), 0.0632090 secs]
14.187: [GC 2087764K->356986K(2281216K), 0.0601730 secs]
15.127: [GC 2099578K->365970K(2296000K), 0.0643680 secs]
16.046: [GC 2082895K->375232K(2270336K), 0.0680690 secs]
17.005: [GC 2091869K->379084K(2283968K), 0.0695650 secs]
17.931: [GC 2071350K->386464K(2249280K), 0.0703960 secs]
18.885: [GC 2078880K->391594K(2273408K), 0.0740900 secs]
19.785: [GC 2060169K->395591K(2228992K), 0.0729590 secs]
20.707: [GC 2065182K->406939K(2263744K), 0.0759460 secs]
21.639: [GC 2058327K->410708K(2218048K), 0.0799560 secs]
22.536: [GC 2062407K->419096K(2259008K), 0.0794120 secs]
23.423: [GC 2056483K->415678K(2262336K), 0.0773100 secs]
24.336: [GC 2052375K->425614K(2260224K), 0.0770290 secs]
25.233: [GC 2062478K->429159K(2204224K), 0.0795510 secs]
26.149: [GC 2065429K->434046K(2259648K), 0.0774940 secs]
27.057: [GC 2067027K->434369K(2260480K), 0.0800500 secs]
28.025: [GC 2067896K->434051K(2254208K), 0.0759470 secs]
28.923: [GC 2068387K->437148K(2257344K), 0.0776580 secs]
29.856: [GC 2071487K->442885K(2257280K), 0.0784640 secs]
30.783: [GC 2088519K->456642K(2260480K), 0.0794570 secs]
31.746: [GC 2102521K->456701K(2267776K), 0.0790960 secs]
32.717: [GC 2114723K->454859K(2270144K), 0.0761980 secs]
33.627: [GC 2113002K->469620K(2273088K), 0.0804660 secs]
34.516: [GC 2134990K->468386K(2272320K), 0.0787410 secs]
35.442: [GC 2133824K->479892K(2277824K), 0.0784750 secs]
36.360: [GC 2153139K->475406K(2276352K), 0.0748120 secs]
37.250: [GC 2150094K->481400K(2280832K), 0.0761000 secs]
38.140: [GC 2165658K->480057K(2279424K), 0.0728400 secs]
39.036: [GC 2164842K->487623K(2289472K), 0.0772710 secs]
39.962: [GC 2187134K->489053K(2288064K), 0.0754510 secs]
40.938: [GC 2187559K->505121K(2293248K), 0.0784250 secs]
41.868: [GC 2211446K->500542K(2294592K), 0.0771070 secs]
42.826: [GC 2207464K->508634K(2298432K), 0.0780770 secs]
43.717: [GC 2222500K->513126K(2298240K), 0.0772790 secs]
44.630: [GC 2228582K->510289K(2302400K), 0.0747470 secs]
45.559: [GC 2230910K->518177K(2301696K), 0.0764760 secs]
46.481: [GC 2238353K->524285K(2305088K), 0.0774370 secs]
47.458: [GC 2250129K->530753K(2303872K), 0.0750370 secs]
48.409: [GC 2256859K->537780K(2307648K), 0.0754880 secs]
49.347: [GC 2268259K->534375K(2307712K), 0.0716920 secs]
50.261: [GC 2266727K->536889K(2310080K), 0.0751940 secs]
51.153: [GC 2272935K->539648K(2310016K), 0.0734010 secs]
52.038: [GC 2274714K->544139K(2312512K), 0.0736630 secs]
52.959: [GC 2284099K->550670K(2312192K), 0.0721970 secs]
53.031: [Full GC 550670K->220309K(2333312K), 0.7135120 secs]
54.590: [GC 1959297K->240122K(2300736K), 0.0114230 secs]
55.427: [GC 1948922K->252318K(2187328K), 0.0208630 secs]
56.245: [GC 1960452K->270132K(2298560K), 0.0261440 secs]
57.081: [GC 1946565K->270420K(2174144K), 0.0300480 secs]
57.937: [GC 1946621K->282852K(2302400K), 0.0336910 secs]
58.818: [GC 1957355K->291342K(2192064K), 0.0371090 secs]
59.690: [GC 1965902K->294600K(2301696K), 0.0430050 secs]
60.590: [GC 1972442K->302767K(2296960K), 0.0464350 secs]
61.443: [GC 1981093K->313337K(2304256K), 0.0500710 secs]
62.312: [GC 2007958K->322360K(2300032K), 0.0531430 secs]
