0.530: [GC 95424K->59877K(365760K), 0.1073220 secs]
0.718: [GC 155301K->119817K(461184K), 0.0563600 secs]
1.238: [GC 310665K->166767K(461184K), 0.0488110 secs]
1.666: [GC 357615K->172018K(652032K), 0.0339920 secs]
2.557: [GC 553392K->176538K(652032K), 0.0114270 secs]
3.307: [GC 558034K->182656K(1108288K), 0.0111880 secs]
5.099: [GC 945581K->188183K(1108928K), 0.0208090 secs]
6.830: [GC 950344K->194105K(1865600K), 0.0424400 secs]
10.372: [GC 1719243K->208245K(1867840K), 0.0467150 secs]
13.614: [GC 1734112K->219390K(2198400K), 0.0213440 secs]
17.436: [GC 2084869K->232923K(2200000K), 0.0202660 secs]
17.456: [Full GC 232923K->178443K(2325568K), 0.5902080 secs]
22.032: [GC 2044085K->202048K(2333376K), 0.0166700 secs]
26.032: [GC 2080286K->211544K(2335104K), 0.0201420 secs]
30.243: [GC 2090197K->226348K(2337472K), 0.0164970 secs]
34.610: [GC 2111201K->233248K(2338624K), 0.0206650 secs]
38.691: [GC 2117540K->249469K(2323072K), 0.0213410 secs]
42.791: [GC 2114886K->260285K(2329024K), 0.0240640 secs]
47.241: [GC 2127144K->262773K(2293568K), 0.0224800 secs]
51.397: [GC 2089302K->275765K(2304192K), 0.0270570 secs]
55.575: [GC 2102240K->282326K(2269632K), 0.0280430 secs]
59.440: [GC 2058618K->286581K(2266240K), 0.0283470 secs]
