0.533: [GC 95424K->59882K(365760K), 0.0842960 secs]
0.698: [GC 155306K->119830K(461184K), 0.1199950 secs]
1.170: [GC 310595K->167879K(461184K), 0.0431190 secs]
1.503: [GC 357821K->174682K(652032K), 0.0586900 secs]
2.182: [GC 555046K->181366K(652032K), 0.0182030 secs]
2.770: [GC 561799K->187589K(1108480K), 0.0102080 secs]
3.961: [GC 949521K->196987K(1108672K), 0.0141120 secs]
5.064: [GC 960253K->203472K(1863616K), 0.0167940 secs]
7.422: [GC 1729349K->218738K(1866432K), 0.0134080 secs]
9.687: [GC 1744311K->233198K(2199488K), 0.0165570 secs]
12.304: [GC 2102164K->243827K(2201280K), 0.0197180 secs]
12.324: [Full GC 243827K->172771K(2324928K), 0.5718670 secs]
15.582: [GC 2041803K->198057K(2333632K), 0.0096090 secs]
18.437: [GC 2080229K->216869K(2335808K), 0.0150850 secs]
21.296: [GC 2100005K->228241K(2334976K), 0.0173200 secs]
24.103: [GC 2109948K->243744K(2332736K), 0.0212360 secs]
26.918: [GC 2126633K->255261K(2306112K), 0.0243480 secs]
29.709: [GC 2100396K->263108K(2296128K), 0.0266750 secs]
32.477: [GC 2109840K->277318K(2298624K), 0.0240300 secs]
35.457: [GC 2099270K->284483K(2292544K), 0.0254190 secs]
38.173: [GC 2105126K->292096K(2277760K), 0.0546940 secs]
40.887: [GC 2074050K->302530K(2272192K), 0.0317370 secs]
43.532: [GC 2084411K->308932K(2252800K), 0.0331130 secs]
46.061: [GC 2044705K->314323K(2237312K), 0.0343770 secs]
48.542: [GC 2050786K->320357K(2231680K), 0.0356030 secs]
51.022: [GC 2012829K->323280K(2202496K), 0.0366340 secs]
53.495: [GC 2014550K->325877K(2216960K), 0.0344340 secs]
55.947: [GC 1982745K->330028K(2174272K), 0.0355520 secs]
58.394: [GC 1987064K->334347K(2203264K), 0.0359680 secs]
60.702: [GC 1962807K->336188K(2146560K), 0.0373220 secs]
