1.157: [GC 95424K->31584K(365760K), 0.0745590 secs]
1.385: [GC 127008K->65304K(461184K), 0.0617890 secs]
1.742: [GC 256152K->135863K(461184K), 0.1684200 secs]
2.190: [GC 326711K->198474K(652032K), 0.1786310 secs]
2.369: [Full GC 198474K->198461K(818816K), 0.5656560 secs]
3.559: [GC 579212K->238599K(818816K), 0.0789600 secs]
3.816: [GC 620295K->247360K(1107392K), 0.0574370 secs]
4.130: [GC 831510K->253405K(1108224K), 0.0360720 secs]
4.428: [GC 838166K->258781K(1385408K), 0.0534470 secs]
4.865: [GC 1136093K->266853K(1394816K), 0.0341080 secs]
5.239: [GC 1143327K->274544K(1634368K), 0.0783130 secs]
5.797: [GC 1397232K->276803K(1632768K), 0.0361140 secs]
6.278: [GC 1398083K->281625K(1862080K), 0.0219710 secs]
6.908: [GC 1663513K->291207K(1892160K), 0.0228820 secs]
7.531: [GC 1674214K->300444K(2137408K), 0.0269870 secs]
8.309: [GC 1938489K->311424K(2157056K), 0.0295620 secs]
9.103: [GC 1950848K->318567K(2332992K), 0.0295830 secs]
9.974: [GC 2124096K->325347K(2330624K), 0.0320300 secs]
10.867: [GC 2132067K->329304K(2313728K), 0.0332430 secs]
11.768: [GC 2096571K->334879K(2301376K), 0.0321630 secs]
12.681: [GC 2102634K->344531K(2298880K), 0.0355800 secs]
13.606: [GC 2078931K->350945K(2273280K), 0.0393760 secs]
14.557: [GC 2084129K->362057K(2281920K), 0.0345110 secs]
15.463: [GC 2064585K->365586K(2251520K), 0.0355350 secs]
16.336: [GC 2067360K->366697K(2273024K), 0.0360160 secs]
17.229: [GC 2043506K->386976K(2241472K), 0.0367290 secs]
18.087: [GC 2064534K->381805K(2260608K), 0.0368220 secs]
18.988: [GC 2031232K->383673K(2202816K), 0.0354780 secs]
19.822: [GC 2034617K->385716K(2263040K), 0.0355430 secs]
20.692: [GC 2032534K->404873K(2212672K), 0.0400010 secs]
21.572: [GC 2052724K->409692K(2251520K), 0.0409880 secs]
22.488: [GC 2040888K->416230K(2198528K), 0.0407960 secs]
23.355: [GC 2047367K->412413K(2253312K), 0.0373850 secs]
24.188: [GC 2038516K->414882K(2182336K), 0.0394770 secs]
25.100: [GC 2040327K->424012K(2250560K), 0.0384790 secs]
25.964: [GC 2052684K->427781K(2249024K), 0.0416460 secs]
26.807: [GC 2056453K->428021K(2252928K), 0.0377210 secs]
27.660: [GC 2067126K->441421K(2253312K), 0.0410630 secs]
28.521: [GC 2080190K->443473K(2263360K), 0.0390860 secs]
29.379: [GC 2093455K->450849K(2264192K), 0.0392870 secs]
30.306: [GC 2102439K->447104K(2259648K), 0.0407750 secs]
31.194: [GC 2099616K->455551K(2262464K), 0.0414580 secs]
32.060: [GC 2106640K->459102K(2263872K), 0.0412810 secs]
32.909: [GC 2119242K->458926K(2266944K), 0.0399650 secs]
33.825: [GC 2118577K->462422K(2265408K), 0.0388240 secs]
34.718: [GC 2130154K->467904K(2268544K), 0.0414960 secs]
35.604: [GC 2136278K->480536K(2278464K), 0.0422450 secs]
36.491: [GC 2161691K->481342K(2278976K), 0.0410980 secs]
37.355: [GC 2161805K->482978K(2277184K), 0.0385060 secs]
38.222: [GC 2167074K->483850K(2278464K), 0.0406940 secs]
39.119: [GC 2166606K->483425K(2282176K), 0.0392520 secs]
39.957: [GC 2173989K->492222K(2281664K), 0.0391200 secs]
40.805: [GC 2183897K->499271K(2286272K), 0.0404730 secs]
41.672: [GC 2199324K->505111K(2286208K), 0.0396000 secs]
42.529: [GC 2205512K->507927K(2291776K), 0.0398180 secs]
43.421: [GC 2219066K->505702K(2291136K), 0.0371400 secs]
44.251: [GC 2216080K->515537K(2296640K), 0.0392540 secs]
45.190: [GC 2234923K->523983K(2297088K), 0.0402030 secs]
46.096: [GC 2242476K->522277K(2299712K), 0.0386720 secs]
46.985: [GC 2246796K->533928K(2298944K), 0.0380470 secs]
47.909: [GC 2258718K->531618K(2302912K), 0.0388240 secs]
48.814: [GC 2261957K->534051K(2302720K), 0.0366820 secs]
49.732: [GC 2262857K->534165K(2305536K), 0.0376920 secs]
50.622: [GC 2267040K->540660K(2304960K), 0.0386570 secs]
51.524: [GC 2273651K->548183K(2306688K), 0.0403720 secs]
51.565: [Full GC 548183K->217734K(2340736K), 0.7204420 secs]
53.105: [GC 1954706K->241422K(2216832K), 0.0197030 secs]
53.979: [GC 1979214K->256531K(2308288K), 0.0140950 secs]
54.787: [GC 1944633K->266047K(2193088K), 0.0151690 secs]
55.671: [GC 1954556K->270667K(2309440K), 0.0166220 secs]
56.517: [GC 1945201K->283398K(2197120K), 0.0196180 secs]
57.440: [GC 1959509K->290729K(2315072K), 0.0220440 secs]
58.280: [GC 1972267K->298059K(2217600K), 0.0233880 secs]
59.126: [GC 1978155K->307143K(2314560K), 0.0253480 secs]
59.992: [GC 1996148K->315988K(2307712K), 0.0270620 secs]
60.830: [GC 2006120K->322289K(2319936K), 0.0293600 secs]
61.708: [GC 2029576K->325790K(2317696K), 0.0292880 secs]
62.531: [GC 2031796K->335368K(2330944K), 0.0310320 secs]
