0.540: [GC 95424K->59885K(365760K), 0.0772490 secs]
0.706: [GC 155309K->119805K(461184K), 0.0810980 secs]
1.264: [GC 310653K->166786K(461184K), 0.0407430 secs]
1.712: [GC 355953K->171888K(652032K), 0.0145820 secs]
2.662: [GC 552182K->176244K(652032K), 0.0106220 secs]
3.535: [GC 556087K->180959K(1108928K), 0.0106050 secs]
5.599: [GC 943628K->185908K(1109248K), 0.0176070 secs]
7.588: [GC 948088K->195560K(1864576K), 0.0188240 secs]
11.404: [GC 1721550K->208559K(1867584K), 0.0168990 secs]
15.029: [GC 1734775K->219979K(2198144K), 0.0212980 secs]
19.909: [GC 2086949K->235960K(2200128K), 0.0271870 secs]
19.936: [Full GC 235960K->179313K(2322880K), 0.4917900 secs]
24.884: [GC 2046504K->202067K(2332416K), 0.0091020 secs]
29.548: [GC 2082910K->214507K(2333632K), 0.0409180 secs]
34.600: [GC 2094874K->228003K(2331072K), 0.0181030 secs]
39.033: [GC 2114748K->235263K(2334912K), 0.0151200 secs]
43.742: [GC 2122522K->250822K(2335680K), 0.0265410 secs]
48.378: [GC 2139335K->258901K(2331264K), 0.0282460 secs]
53.237: [GC 2147933K->277345K(2309952K), 0.0336630 secs]
57.806: [GC 2130201K->285023K(2301952K), 0.0313720 secs]
