0.539: [GC 95424K->59874K(365760K), 0.0810740 secs]
0.708: [GC 155298K->119794K(461184K), 0.0767580 secs]
1.172: [GC 310520K->168014K(461184K), 0.0620580 secs]
1.547: [GC 357722K->173180K(652032K), 0.0167050 secs]
2.208: [GC 554706K->178836K(652032K), 0.0156040 secs]
2.816: [GC 559373K->184193K(1108800K), 0.0162530 secs]
4.152: [GC 947585K->190859K(1109056K), 0.0355010 secs]
5.404: [GC 954117K->196936K(1865408K), 0.0131350 secs]
7.951: [GC 1722555K->209999K(1867840K), 0.0272220 secs]
10.305: [GC 1736014K->221578K(2198016K), 0.0361080 secs]
13.235: [GC 2087658K->234869K(2199936K), 0.0192870 secs]
13.254: [Full GC 234869K->177336K(2323648K), 0.4914990 secs]
16.452: [GC 2042611K->204557K(2330944K), 0.0111480 secs]
19.324: [GC 2084214K->218543K(2332864K), 0.0173260 secs]
22.252: [GC 2098013K->233271K(2334464K), 0.0418440 secs]
25.023: [GC 2117175K->243826K(2328576K), 0.0236460 secs]
27.778: [GC 2127446K->252005K(2315008K), 0.0314950 secs]
30.620: [GC 2106332K->258794K(2313984K), 0.0261320 secs]
33.408: [GC 2112035K->270950K(2291008K), 0.0336990 secs]
36.221: [GC 2082211K->276815K(2290816K), 0.0283100 secs]
39.045: [GC 2089772K->283837K(2268032K), 0.0349660 secs]
41.799: [GC 2050420K->291878K(2259904K), 0.0317740 secs]
44.481: [GC 2057136K->299766K(2242816K), 0.0459000 secs]
47.084: [GC 2017666K->303686K(2222848K), 0.0350700 secs]
49.609: [GC 2020986K->307574K(2223936K), 0.0330070 secs]
52.107: [GC 1982316K->310670K(2187456K), 0.0346190 secs]
54.715: [GC 1985851K->315713K(2208448K), 0.0358660 secs]
57.239: [GC 1955756K->320505K(2158016K), 0.0371480 secs]
59.725: [GC 1961349K->322168K(2203904K), 0.0362220 secs]
