1.156: [GC 94789K->30489K(365760K), 0.0943710 secs]
1.409: [GC 125913K->63414K(461184K), 0.1069270 secs]
1.808: [GC 254262K->135481K(461184K), 0.1183570 secs]
2.205: [GC 326329K->198108K(652032K), 0.1302150 secs]
2.335: [Full GC 198108K->198065K(820736K), 0.5790750 secs]
3.512: [GC 578053K->234715K(820736K), 0.0262130 secs]
3.718: [GC 615566K->244499K(1068032K), 0.0129020 secs]
3.979: [GC 803923K->247843K(1085824K), 0.0158950 secs]
4.272: [GC 805502K->254016K(1268480K), 0.0172960 secs]
4.658: [GC 1027456K->260877K(1293824K), 0.0519720 secs]
5.059: [GC 1034074K->265923K(1422976K), 0.0179370 secs]
5.495: [GC 1198169K->275847K(1444800K), 0.0242440 secs]
5.918: [GC 1209223K->283287K(1604672K), 0.0256860 secs]
6.441: [GC 1383011K->280946K(1613184K), 0.0262940 secs]
6.970: [GC 1380722K->283060K(1766592K), 0.0216020 secs]
7.570: [GC 1548346K->293245K(1781056K), 0.0221790 secs]
8.189: [GC 1557391K->305714K(1949568K), 0.0257990 secs]
8.907: [GC 1734088K->305677K(1957504K), 0.0257520 secs]
9.648: [GC 1734163K->309057K(2072640K), 0.0280890 secs]
10.441: [GC 1847757K->316127K(2078720K), 0.0293060 secs]
11.220: [GC 1854713K->321338K(2194048K), 0.0317570 secs]
12.041: [GC 1968378K->327016K(2198272K), 0.0260890 secs]
12.895: [GC 1974056K->335758K(2308416K), 0.0306610 secs]
13.796: [GC 2088974K->342012K(2313792K), 0.0287780 secs]
14.692: [GC 2095228K->348243K(2305664K), 0.0290760 secs]
15.607: [GC 2086707K->354388K(2276736K), 0.0310900 secs]
16.536: [GC 2093581K->365522K(2291648K), 0.0347880 secs]
17.462: [GC 2079588K->368186K(2259648K), 0.0328230 secs]
18.361: [GC 2082891K->373915K(2285056K), 0.0345140 secs]
19.258: [GC 2070555K->374796K(2239360K), 0.0349920 secs]
20.141: [GC 2071067K->387342K(2281344K), 0.0358190 secs]
21.015: [GC 2073294K->385310K(2284480K), 0.0328790 secs]
21.917: [GC 2070974K->386907K(2282240K), 0.0319410 secs]
22.824: [GC 2073064K->397920K(2283456K), 0.0344460 secs]
23.683: [GC 2085024K->404056K(2279296K), 0.0362810 secs]
24.555: [GC 2084109K->405520K(2232832K), 0.0372720 secs]
25.448: [GC 2086288K->410666K(2278848K), 0.0371610 secs]
26.343: [GC 2087519K->412316K(2279808K), 0.0361470 secs]
27.223: [GC 2089884K->417057K(2279488K), 0.0371710 secs]
28.094: [GC 2092881K->426108K(2238592K), 0.0369860 secs]
28.952: [GC 2102006K->431553K(2276992K), 0.0395900 secs]
29.811: [GC 2103587K->438709K(2237696K), 0.0394860 secs]
30.671: [GC 2110438K->447730K(2269248K), 0.0398430 secs]
31.565: [GC 2110543K->451322K(2232832K), 0.0410510 secs]
32.421: [GC 2114554K->447057K(2273536K), 0.0386330 secs]
33.293: [GC 2107401K->461000K(2270784K), 0.0397540 secs]
34.153: [GC 2121483K->464008K(2271488K), 0.0392290 secs]
35.031: [GC 2126223K->467646K(2271232K), 0.0382330 secs]
35.951: [GC 2130047K->460678K(2265408K), 0.0383130 secs]
36.776: [GC 2125340K->474690K(2268928K), 0.0398970 secs]
37.670: [GC 2139970K->472079K(2272256K), 0.0384170 secs]
38.566: [GC 2146038K->482958K(2275328K), 0.0401310 secs]
39.404: [GC 2157074K->489934K(2279744K), 0.0418260 secs]
40.286: [GC 2168521K->488741K(2243392K), 0.0401730 secs]
41.171: [GC 2165397K->486096K(2281792K), 0.0373500 secs]
42.090: [GC 2167783K->495045K(2278464K), 0.0396170 secs]
42.983: [GC 2176043K->496345K(2282048K), 0.0373160 secs]
43.801: [GC 2185561K->492540K(2279296K), 0.0362410 secs]
44.662: [GC 2180477K->505245K(2290112K), 0.0379940 secs]
45.524: [GC 2206785K->504656K(2288384K), 0.0362640 secs]
46.367: [GC 2205467K->511142K(2293760K), 0.0383990 secs]
47.241: [GC 2220454K->509627K(2292480K), 0.0367770 secs]
48.120: [GC 2217405K->521651K(2296064K), 0.0389380 secs]
49.004: [GC 2236592K->530661K(2296320K), 0.0367940 secs]
49.927: [GC 2247137K->525035K(2299712K), 0.0363630 secs]
50.828: [GC 2246799K->531830K(2301120K), 0.0366210 secs]
51.733: [GC 2253905K->531833K(2302080K), 0.0366860 secs]
52.652: [GC 2258432K->541029K(2302720K), 0.0359330 secs]
53.604: [GC 2268407K->540619K(2305152K), 0.0384000 secs]
54.510: [GC 2273181K->547296K(2305728K), 0.0381330 secs]
55.430: [GC 2279280K->554848K(2308736K), 0.0373320 secs]
55.468: [Full GC 554848K->216284K(2342976K), 0.7218810 secs]
57.057: [GC 1952056K->241124K(2219904K), 0.0104250 secs]
57.954: [GC 1977240K->253210K(2308224K), 0.0170910 secs]
58.771: [GC 1938330K->264011K(2191424K), 0.0193750 secs]
59.610: [GC 1949487K->273556K(2311232K), 0.0185040 secs]
60.459: [GC 1947599K->283175K(2198464K), 0.0674640 secs]
61.397: [GC 1956599K->290594K(2315392K), 0.0354990 secs]
62.287: [GC 1967985K->299019K(2219328K), 0.0240980 secs]
63.158: [GC 1978187K->304205K(2314880K), 0.0260630 secs]
