0.535: [GC 95424K->60480K(365760K), 0.0814180 secs]
0.709: [GC 155904K->122669K(461184K), 0.1192250 secs]
1.490: [GC 313517K->168163K(461184K), 0.0521050 secs]
2.362: [GC 358708K->169955K(652032K), 0.0272940 secs]
4.273: [GC 551620K->172535K(652032K), 0.0161520 secs]
6.301: [GC 554231K->174816K(1111744K), 0.0268810 secs]
9.806: [GC 938208K->176994K(1112320K), 0.0200330 secs]
13.751: [GC 938505K->181529K(1871168K), 0.0107470 secs]
22.857: [GC 1708313K->190964K(1872704K), 0.0187180 secs]
30.639: [GC 1716211K->201337K(2192960K), 0.0241020 secs]
39.957: [GC 2057465K->204230K(2194944K), 0.0127050 secs]
48.982: [GC 2058876K->218404K(2198976K), 0.0123720 secs]
48.995: [Full GC 218404K->178567K(2313984K), 0.7230480 secs]
59.314: [GC 2046855K->195172K(2317760K), 0.0101850 secs]
