0.533: [GC 95424K->60464K(365760K), 0.1026890 secs]
0.723: [GC 155888K->122669K(461184K), 0.0978740 secs]
1.285: [GC 313517K->166447K(461184K), 0.0811950 secs]
1.835: [GC 355643K->172099K(652032K), 0.0252530 secs]
2.831: [GC 552539K->175112K(652032K), 0.0170120 secs]
3.962: [GC 556246K->176706K(1111872K), 0.0162990 secs]
5.643: [GC 940098K->181124K(1112000K), 0.0239560 secs]
7.262: [GC 944516K->182927K(1871872K), 0.0145580 secs]
10.713: [GC 1709711K->192610K(1872960K), 0.0139590 secs]
13.635: [GC 1718215K->200182K(2193792K), 0.0132440 secs]
17.361: [GC 2055670K->206300K(2195072K), 0.0158910 secs]
21.025: [GC 2060857K->215629K(2201024K), 0.0202490 secs]
21.045: [Full GC 215629K->176601K(2328192K), 0.7151190 secs]
25.452: [GC 2043116K->188071K(2329920K), 0.0108580 secs]
29.369: [GC 2054301K->196093K(2329216K), 0.0238860 secs]
33.119: [GC 2070928K->201514K(2332608K), 0.0209410 secs]
37.093: [GC 2077403K->210405K(2340096K), 0.0190610 secs]
40.975: [GC 2100198K->214788K(2340608K), 0.0272990 secs]
44.745: [GC 2104425K->222813K(2343488K), 0.0256580 secs]
48.732: [GC 2115894K->229829K(2328000K), 0.0311510 secs]
52.730: [GC 2122701K->231889K(2333312K), 0.0301780 secs]
56.577: [GC 2107857K->236783K(2317824K), 0.0374020 secs]
60.542: [GC 2112595K->240955K(2321984K), 0.0502960 secs]
