1.155: [GC 94867K->30509K(365760K), 0.0582350 secs]
1.380: [GC 125933K->63182K(461184K), 0.0536140 secs]
1.730: [GC 254030K->133733K(461184K), 0.1229200 secs]
2.134: [GC 324581K->196324K(652032K), 0.1768810 secs]
2.311: [Full GC 196324K->196306K(820032K), 0.5547130 secs]
3.413: [GC 578002K->229064K(820032K), 0.0259380 secs]
3.631: [GC 610760K->237452K(1065024K), 0.0164370 secs]
3.907: [GC 791884K->240800K(1080128K), 0.0283950 secs]
4.117: [GC 795232K->241755K(1293504K), 0.0230530 secs]
4.401: [GC 1025307K->243877K(1304064K), 0.0384970 secs]
4.651: [GC 1027271K->246277K(1485824K), 0.0324520 secs]
4.948: [GC 1221957K->246205K(1489536K), 0.0592970 secs]
5.268: [GC 1221885K->250253K(1704640K), 0.0279320 secs]
5.622: [GC 1464845K->254578K(1721216K), 0.0231270 secs]
6.062: [GC 1469170K->257709K(1939392K), 0.0250880 secs]
6.685: [GC 1722574K->265182K(1965120K), 0.0295820 secs]
7.313: [GC 1729595K->276565K(2205440K), 0.0311350 secs]
7.978: [GC 1994773K->281489K(2222656K), 0.0360030 secs]
8.639: [GC 1998443K->291979K(2355520K), 0.0343590 secs]
9.382: [GC 2137995K->291839K(2347136K), 0.0383850 secs]
10.143: [GC 2136840K->299277K(2350208K), 0.0419150 secs]
10.908: [GC 2125991K->311068K(2332800K), 0.0376180 secs]
11.689: [GC 2137884K->312161K(2339840K), 0.0425910 secs]
12.479: [GC 2119185K->321005K(2321408K), 0.0428420 secs]
13.171: [GC 2128110K->330951K(2321600K), 0.0482420 secs]
13.792: [GC 2109767K->332778K(2303680K), 0.0466480 secs]
14.524: [GC 2111594K->338449K(2308928K), 0.0502660 secs]
15.252: [GC 2089617K->345573K(2285952K), 0.0539320 secs]
15.955: [GC 2096741K->355470K(2292800K), 0.0541810 secs]
16.648: [GC 2075261K->353593K(2257344K), 0.0549290 secs]
17.275: [GC 2074425K->359325K(2289472K), 0.0561940 secs]
17.951: [GC 2063594K->364742K(2244992K), 0.0583090 secs]
18.611: [GC 2070086K->362829K(2289984K), 0.0539350 secs]
19.310: [GC 2062285K->378298K(2245568K), 0.0573350 secs]
20.006: [GC 2077665K->372335K(2288064K), 0.0548470 secs]
20.718: [GC 2064483K->373515K(2222080K), 0.0559840 secs]
21.365: [GC 2067275K->379555K(2285824K), 0.0539800 secs]
22.024: [GC 2077091K->377769K(2282048K), 0.0508460 secs]
22.665: [GC 2075305K->386965K(2290752K), 0.0509880 secs]
23.303: [GC 2099157K->394663K(2286400K), 0.0497850 secs]
24.001: [GC 2106855K->395016K(2302016K), 0.0487020 secs]
24.667: [GC 2127264K->399965K(2298112K), 0.0485070 secs]
25.377: [GC 2132253K->403678K(2310272K), 0.0503640 secs]
26.112: [GC 2152286K->412458K(2306752K), 0.0496240 secs]
26.865: [GC 2161066K->415579K(2319040K), 0.0511750 secs]
27.664: [GC 2178907K->428776K(2316544K), 0.0538480 secs]
28.444: [GC 2192104K->426754K(2324992K), 0.0528510 secs]
29.218: [GC 2198131K->437378K(2325504K), 0.0536170 secs]
30.032: [GC 2209185K->444604K(2322496K), 0.0548090 secs]
30.803: [GC 2212796K->443292K(2324416K), 0.0558980 secs]
31.593: [GC 2211484K->448420K(2323904K), 0.0555440 secs]
32.422: [GC 2216781K->462657K(2313600K), 0.0592210 secs]
33.259: [GC 2231489K->463371K(2318144K), 0.0568840 secs]
34.044: [GC 2222603K->469035K(2303040K), 0.0588390 secs]
34.678: [GC 2228267K->468820K(2318400K), 0.0565120 secs]
35.502: [GC 2224852K->476522K(2301376K), 0.0562610 secs]
36.362: [GC 2232554K->478981K(2314944K), 0.0575470 secs]
37.192: [GC 2229101K->478504K(2291776K), 0.0574390 secs]
38.014: [GC 2228637K->486127K(2316288K), 0.0583030 secs]
38.913: [GC 2238767K->491306K(2315776K), 0.0583920 secs]
39.762: [GC 2243946K->494469K(2317248K), 0.0586720 secs]
40.400: [GC 2248197K->497562K(2296896K), 0.0573390 secs]
41.033: [GC 2251290K->498993K(2318464K), 0.0554810 secs]
41.595: [GC 2254769K->501074K(2291712K), 0.0554260 secs]
42.231: [GC 2255633K->505211K(2317440K), 0.0549020 secs]
42.810: [GC 2263675K->509415K(2316288K), 0.0544260 secs]
43.412: [GC 2267879K->510780K(2320448K), 0.0528420 secs]
44.024: [GC 2274684K->513181K(2320384K), 0.0518480 secs]
44.631: [GC 2277085K->520019K(2323904K), 0.0517420 secs]
44.683: [Full GC 520019K->217120K(2341440K), 0.7205350 secs]
46.076: [GC 1982695K->233095K(2223424K), 0.0087670 secs]
46.809: [GC 2000519K->241886K(2310592K), 0.0154290 secs]
47.538: [GC 1964382K->252672K(2198080K), 0.0174660 secs]
48.269: [GC 1974102K->257478K(2313280K), 0.0626960 secs]
49.048: [GC 1970022K->266823K(2202624K), 0.0195950 secs]
49.857: [GC 1979519K->277869K(2317952K), 0.0590500 secs]
50.686: [GC 1995570K->286881K(2228352K), 0.0391130 secs]
51.444: [GC 2005409K->287402K(2315968K), 0.0372850 secs]
52.212: [GC 2014762K->298917K(2310080K), 0.0395260 secs]
53.006: [GC 2026277K->301397K(2325952K), 0.0418850 secs]
53.924: [GC 2048689K->311361K(2322432K), 0.0465610 secs]
54.858: [GC 2059265K->315962K(2336448K), 0.0489560 secs]
55.795: [GC 2077498K->325000K(2309440K), 0.0533440 secs]
56.722: [GC 2086536K->330131K(2324864K), 0.0564690 secs]
57.617: [GC 2072757K->336162K(2303232K), 0.0593710 secs]
58.517: [GC 2078353K->344217K(2310784K), 0.0608730 secs]
59.388: [GC 2062613K->346820K(2283584K), 0.0623930 secs]
60.214: [GC 2065548K->352985K(2302400K), 0.0626250 secs]
61.048: [GC 2052057K->351565K(2263808K), 0.0615440 secs]
61.885: [GC 2050637K->356934K(2302080K), 0.0637450 secs]
62.762: [GC 2048326K->366486K(2259968K), 0.0620100 secs]
