0.529: [GC 95424K->59873K(365760K), 0.1045300 secs]
0.717: [GC 155297K->118989K(461184K), 0.1089000 secs]
1.156: [GC 309812K->164761K(461184K), 0.0383770 secs]
1.482: [GC 355339K->171324K(652032K), 0.0147430 secs]
2.052: [GC 551197K->173582K(652032K), 0.0101680 secs]
2.626: [GC 554692K->178196K(1108224K), 0.0091170 secs]
3.807: [GC 941509K->189862K(1108672K), 0.0126090 secs]
4.869: [GC 952497K->203049K(1858880K), 0.0137140 secs]
6.969: [GC 1727962K->221498K(1863680K), 0.0169860 secs]
8.933: [GC 1747770K->235419K(2202624K), 0.0226710 secs]
11.458: [GC 2105049K->254658K(2205248K), 0.0259190 secs]
11.484: [Full GC 254658K->177690K(2339712K), 0.5789600 secs]
14.426: [GC 2047225K->212944K(2338112K), 0.0200400 secs]
16.874: [GC 2090232K->237643K(2342080K), 0.0208640 secs]
19.186: [GC 2114599K->252234K(2328896K), 0.0233850 secs]
21.564: [GC 2112166K->263345K(2335232K), 0.0252620 secs]
23.959: [GC 2122218K->274909K(2292224K), 0.0289820 secs]
26.224: [GC 2088676K->289113K(2282624K), 0.0325120 secs]
28.431: [GC 2101359K->299919K(2296512K), 0.0266420 secs]
30.608: [GC 2091541K->315275K(2287808K), 0.0301490 secs]
32.988: [GC 2108144K->323839K(2269184K), 0.0329180 secs]
35.193: [GC 2071770K->335175K(2262912K), 0.0351700 secs]
37.319: [GC 2082760K->341708K(2241664K), 0.0367640 secs]
39.556: [GC 2036491K->348017K(2223232K), 0.0382890 secs]
41.649: [GC 2042131K->354234K(2218368K), 0.0403010 secs]
43.684: [GC 1999722K->358655K(2185280K), 0.0401340 secs]
45.781: [GC 2005631K->360608K(2201664K), 0.0421470 secs]
47.873: [GC 1967985K->366321K(2153472K), 0.0423810 secs]
49.919: [GC 1973230K->368760K(2187264K), 0.0435600 secs]
51.911: [GC 1943774K->366805K(2120256K), 0.0419630 secs]
53.902: [GC 1940620K->368494K(2186496K), 0.0424530 secs]
55.875: [GC 1931717K->369375K(2188608K), 0.0417470 secs]
57.776: [GC 1932414K->372162K(2185408K), 0.0417420 secs]
59.717: [GC 1936578K->377041K(2187392K), 0.0422570 secs]
