0.536: [GC 95424K->59890K(365760K), 0.0756860 secs]
0.698: [GC 155314K->119818K(461184K), 0.0705520 secs]
1.066: [GC 310661K->165748K(461184K), 0.0582340 secs]
1.359: [GC 355171K->171625K(652032K), 0.0440800 secs]
1.889: [GC 553198K->177952K(652032K), 0.0129910 secs]
2.383: [GC 559583K->187364K(1106432K), 0.0298420 secs]
3.392: [GC 949631K->199735K(1107648K), 0.0443050 secs]
4.320: [GC 962917K->214230K(1858304K), 0.0600000 secs]
6.316: [GC 1739922K->229860K(1862464K), 0.0333230 secs]
8.092: [GC 1755033K->248033K(2206144K), 0.0253850 secs]
8.117: [Full GC 248033K->178554K(2331648K), 0.5065990 secs]
10.834: [GC 2051452K->210900K(2333120K), 0.0229960 secs]
13.035: [GC 2084045K->230522K(2334848K), 0.0283730 secs]
15.222: [GC 2106523K->246833K(2325760K), 0.0310490 secs]
17.424: [GC 2122738K->262652K(2312256K), 0.0715740 secs]
19.599: [GC 2111067K->274193K(2299520K), 0.0308180 secs]
21.745: [GC 2122446K->285861K(2306176K), 0.0495050 secs]
23.878: [GC 2115449K->299401K(2305536K), 0.0342760 secs]
25.984: [GC 2129039K->311612K(2274688K), 0.0311610 secs]
28.059: [GC 2096188K->311925K(2272896K), 0.0359790 secs]
30.147: [GC 2096268K->325144K(2254464K), 0.0349680 secs]
32.169: [GC 2062799K->328698K(2243968K), 0.0462510 secs]
34.213: [GC 2066532K->337925K(2231296K), 0.0374990 secs]
36.209: [GC 2028188K->345919K(2213824K), 0.0402920 secs]
38.253: [GC 2036517K->348347K(2209664K), 0.0402460 secs]
40.178: [GC 1992012K->353674K(2175104K), 0.0408060 secs]
42.103: [GC 1998676K->356422K(2193024K), 0.0416090 secs]
43.987: [GC 1963834K->360564K(2144640K), 0.0588080 secs]
45.893: [GC 1967729K->357179K(2187008K), 0.0448900 secs]
47.780: [GC 1941050K->360999K(2117888K), 0.0532740 secs]
49.644: [GC 1944656K->363605K(2185152K), 0.0603600 secs]
51.490: [GC 1938931K->364682K(2186368K), 0.0840170 secs]
53.352: [GC 1940990K->365057K(2182912K), 0.0410120 secs]
55.199: [GC 1940538K->367927K(2184768K), 0.0759320 secs]
57.045: [GC 1943571K->371451K(2184832K), 0.0928100 secs]
58.946: [GC 1952516K->371323K(2186624K), 0.0880010 secs]
60.813: [GC 1952226K->374329K(2186496K), 0.0407830 secs]
