1.152: [GC 94790K->30493K(365760K), 0.0509560 secs]
1.362: [GC 125917K->63146K(461184K), 0.0594180 secs]
1.718: [GC 253994K->133753K(461184K), 0.1141710 secs]
2.116: [GC 324601K->196340K(652032K), 0.1438050 secs]
2.260: [Full GC 196340K->196303K(822016K), 0.5666530 secs]
3.449: [GC 577999K->235503K(822016K), 0.0260230 secs]
3.694: [GC 615744K->245719K(1056384K), 0.0160980 secs]
4.028: [GC 790878K->252879K(1072064K), 0.0198430 secs]
4.332: [GC 798272K->268194K(1241088K), 0.0226470 secs]
4.761: [GC 1010882K->266703K(1261376K), 0.0232440 secs]
5.166: [GC 1008728K->277907K(1386176K), 0.0265760 secs]
5.666: [GC 1159434K->278914K(1395392K), 0.0292810 secs]
6.175: [GC 1160687K->289659K(1541440K), 0.0309950 secs]
6.728: [GC 1317659K->299026K(1545408K), 0.0354110 secs]
7.297: [GC 1328604K->299051K(1712384K), 0.0380820 secs]
7.965: [GC 1489565K->306413K(1717120K), 0.0402100 secs]
8.641: [GC 1496332K->315108K(1897664K), 0.0422350 secs]
9.450: [GC 1680036K->329456K(1905792K), 0.0486980 secs]
10.190: [GC 1692921K->327553K(2042880K), 0.0489690 secs]
10.997: [GC 1817407K->335828K(2051456K), 0.0516050 secs]
11.787: [GC 1825226K->340935K(2200768K), 0.0556530 secs]
12.680: [GC 1969872K->360376K(2206976K), 0.0524210 secs]
13.569: [GC 1988913K->352362K(2288832K), 0.0523300 secs]
14.514: [GC 2052072K->357982K(2245760K), 0.0538760 secs]
15.408: [GC 2057093K->364732K(2280192K), 0.0580980 secs]
16.324: [GC 2047432K->378776K(2244160K), 0.0600120 secs]
17.231: [GC 2061758K->379280K(2270464K), 0.0590260 secs]
18.134: [GC 2041797K->376386K(2274112K), 0.0558630 secs]
19.014: [GC 2038625K->386117K(2271296K), 0.0611460 secs]
19.893: [GC 2045979K->399028K(2225856K), 0.0619020 secs]
20.825: [GC 2059302K->404784K(2261568K), 0.0638960 secs]
21.720: [GC 2049823K->408006K(2209728K), 0.0637740 secs]
22.604: [GC 2052288K->408431K(2263680K), 0.0643170 secs]
23.509: [GC 2050724K->419707K(2212544K), 0.0622290 secs]
24.433: [GC 2060780K->421049K(2260736K), 0.0663410 secs]
25.344: [GC 2058197K->416788K(2196288K), 0.0611150 secs]
26.231: [GC 2054036K->422385K(2260416K), 0.0610160 secs]
27.128: [GC 2060971K->425178K(2257856K), 0.0626640 secs]
28.029: [GC 2063887K->440200K(2260416K), 0.0642400 secs]
28.937: [GC 2085272K->440186K(2260864K), 0.0649750 secs]
29.821: [GC 2085982K->443889K(2266496K), 0.0646650 secs]
30.729: [GC 2101586K->444879K(2267904K), 0.0653110 secs]
31.654: [GC 2101213K->452106K(2272384K), 0.0642950 secs]
32.576: [GC 2118321K->457563K(2271936K), 0.0668210 secs]
33.698: [GC 2124989K->465188K(2279296K), 0.0686140 secs]
34.636: [GC 2141348K->462763K(2238784K), 0.0661150 secs]
35.550: [GC 2138879K->474101K(2278144K), 0.0685550 secs]
36.482: [GC 2151879K->490375K(2278656K), 0.0701230 secs]
37.383: [GC 2167045K->481286K(2281792K), 0.0665970 secs]
38.332: [GC 2157073K->484923K(2245760K), 0.0670510 secs]
39.236: [GC 2161575K->482000K(2281664K), 0.0669780 secs]
40.218: [GC 2162704K->495077K(2278080K), 0.0678280 secs]
41.144: [GC 2174750K->488484K(2283968K), 0.0654080 secs]
42.126: [GC 2176842K->488470K(2283712K), 0.0653880 secs]
43.110: [GC 2176281K->498551K(2288768K), 0.0684830 secs]
44.071: [GC 2195831K->503405K(2287488K), 0.0671100 secs]
44.999: [GC 2200577K->509091K(2292608K), 0.0680290 secs]
45.917: [GC 2212586K->516230K(2291264K), 0.0663510 secs]
46.839: [GC 2219665K->524046K(2295104K), 0.0709110 secs]
47.775: [GC 2232093K->526437K(2295680K), 0.0681770 secs]
48.717: [GC 2233748K->530944K(2297600K), 0.0691060 secs]
49.670: [GC 2241076K->532155K(2278464K), 0.0706630 secs]
50.567: [GC 2241250K->544428K(2294400K), 0.0692690 secs]
51.507: [GC 2253804K->545738K(2296128K), 0.0723310 secs]
52.427: [GC 2253913K->551999K(2294336K), 0.0723470 secs]
53.372: [GC 2258692K->553456K(2295744K), 0.0690540 secs]
54.322: [GC 2258817K->552398K(2291904K), 0.0680810 secs]
55.272: [GC 2258729K->557871K(2294016K), 0.0684540 secs]
56.183: [GC 2264638K->568038K(2295808K), 0.0702040 secs]
57.110: [GC 2276070K->567915K(2297280K), 0.0687100 secs]
57.179: [Full GC 567915K->218882K(2320640K), 0.7304240 secs]
58.761: [GC 1927091K->252745K(2285696K), 0.0179840 secs]
59.608: [GC 1926576K->266046K(2170368K), 0.0222770 secs]
60.458: [GC 1940813K->277679K(2282368K), 0.0286500 secs]
61.298: [GC 1919896K->287725K(2160448K), 0.0352100 secs]
62.175: [GC 1931486K->300057K(2288960K), 0.0393410 secs]
63.047: [GC 1942493K->313044K(2186112K), 0.0436570 secs]
